nohup: ignoring input
  0%|          | 0/108 [00:00<?, ?it/s]  1%|          | 1/108 [00:03<06:44,  3.78s/it]  2%|▏         | 2/108 [00:04<03:28,  1.97s/it]  3%|▎         | 3/108 [00:05<02:25,  1.39s/it]  4%|▎         | 4/108 [00:05<01:56,  1.12s/it]  5%|▍         | 5/108 [00:06<01:39,  1.03it/s]  6%|▌         | 6/108 [00:07<01:29,  1.14it/s]  6%|▋         | 7/108 [00:07<01:22,  1.22it/s]  7%|▋         | 8/108 [00:08<01:18,  1.28it/s]  8%|▊         | 9/108 [00:09<01:14,  1.32it/s]  9%|▉         | 10/108 [00:10<01:12,  1.35it/s] 10%|█         | 11/108 [00:10<01:10,  1.37it/s] 11%|█         | 12/108 [00:11<01:09,  1.39it/s] 12%|█▏        | 13/108 [00:12<01:07,  1.40it/s] 13%|█▎        | 14/108 [00:12<01:06,  1.41it/s] 14%|█▍        | 15/108 [00:13<01:05,  1.41it/s] 15%|█▍        | 16/108 [00:14<01:05,  1.41it/s] 16%|█▌        | 17/108 [00:15<01:04,  1.42it/s] 17%|█▋        | 18/108 [00:15<01:03,  1.42it/s] 18%|█▊        | 19/108 [00:16<01:02,  1.42it/s] 19%|█▊        | 20/108 [00:17<01:01,  1.42it/s] 19%|█▉        | 21/108 [00:17<01:01,  1.42it/s] 20%|██        | 22/108 [00:18<01:00,  1.42it/s] 21%|██▏       | 23/108 [00:19<00:59,  1.42it/s] 22%|██▏       | 24/108 [00:19<00:59,  1.42it/s] 23%|██▎       | 25/108 [00:20<00:59,  1.41it/s] 24%|██▍       | 26/108 [00:21<00:58,  1.41it/s] 25%|██▌       | 27/108 [00:22<00:57,  1.41it/s] 26%|██▌       | 28/108 [00:22<00:56,  1.41it/s] 27%|██▋       | 29/108 [00:23<00:55,  1.42it/s] 28%|██▊       | 30/108 [00:24<00:55,  1.42it/s] 29%|██▊       | 31/108 [00:24<00:54,  1.42it/s] 30%|██▉       | 32/108 [00:25<00:53,  1.42it/s] 31%|███       | 33/108 [00:26<00:52,  1.42it/s] 31%|███▏      | 34/108 [00:27<00:52,  1.42it/s] 32%|███▏      | 35/108 [00:27<00:51,  1.42it/s] 33%|███▎      | 36/108 [00:28<00:50,  1.42it/s] 34%|███▍      | 37/108 [00:29<00:50,  1.42it/s] 35%|███▌      | 38/108 [00:29<00:49,  1.42it/s] 36%|███▌      | 39/108 [00:30<00:48,  1.42it/s] 37%|███▋      | 40/108 [00:31<00:48,  1.42it/s] 38%|███▊      | 41/108 [00:31<00:47,  1.41it/s] 39%|███▉      | 42/108 [00:32<00:46,  1.41it/s] 40%|███▉      | 43/108 [00:33<00:45,  1.41it/s] 41%|████      | 44/108 [00:34<00:45,  1.41it/s] 42%|████▏     | 45/108 [00:34<00:44,  1.41it/s] 43%|████▎     | 46/108 [00:35<00:43,  1.41it/s] 44%|████▎     | 47/108 [00:36<00:43,  1.41it/s] 44%|████▍     | 48/108 [00:36<00:42,  1.41it/s] 45%|████▌     | 49/108 [00:37<00:41,  1.41it/s] 46%|████▋     | 50/108 [00:38<00:41,  1.41it/s] 47%|████▋     | 51/108 [00:39<00:40,  1.41it/s] 48%|████▊     | 52/108 [00:39<00:39,  1.41it/s] 49%|████▉     | 53/108 [00:40<00:39,  1.41it/s] 50%|█████     | 54/108 [00:41<00:38,  1.41it/s] 51%|█████     | 55/108 [00:41<00:37,  1.41it/s] 52%|█████▏    | 56/108 [00:42<00:36,  1.41it/s] 53%|█████▎    | 57/108 [00:43<00:36,  1.41it/s] 54%|█████▎    | 58/108 [00:44<00:35,  1.41it/s] 55%|█████▍    | 59/108 [00:44<00:34,  1.41it/s] 56%|█████▌    | 60/108 [00:45<00:34,  1.41it/s] 56%|█████▋    | 61/108 [00:46<00:33,  1.41it/s] 57%|█████▋    | 62/108 [00:46<00:32,  1.41it/s] 58%|█████▊    | 63/108 [00:47<00:31,  1.41it/s] 59%|█████▉    | 64/108 [00:48<00:31,  1.41it/s] 60%|██████    | 65/108 [00:48<00:30,  1.41it/s] 61%|██████    | 66/108 [00:49<00:29,  1.41it/s] 62%|██████▏   | 67/108 [00:50<00:29,  1.41it/s] 63%|██████▎   | 68/108 [00:51<00:28,  1.41it/s] 64%|██████▍   | 69/108 [00:51<00:27,  1.41it/s] 65%|██████▍   | 70/108 [00:52<00:26,  1.41it/s] 66%|██████▌   | 71/108 [00:53<00:26,  1.41it/s] 67%|██████▋   | 72/108 [00:53<00:25,  1.41it/s] 68%|██████▊   | 73/108 [00:54<00:24,  1.41it/s] 69%|██████▊   | 74/108 [00:55<00:24,  1.41it/s] 69%|██████▉   | 75/108 [00:56<00:23,  1.41it/s] 70%|███████   | 76/108 [00:56<00:22,  1.41it/s] 71%|███████▏  | 77/108 [00:57<00:21,  1.41it/s] 72%|███████▏  | 78/108 [00:58<00:21,  1.41it/s] 73%|███████▎  | 79/108 [00:58<00:20,  1.41it/s] 74%|███████▍  | 80/108 [00:59<00:19,  1.41it/s] 75%|███████▌  | 81/108 [01:00<00:19,  1.41it/s] 76%|███████▌  | 82/108 [01:01<00:18,  1.40it/s] 77%|███████▋  | 83/108 [01:01<00:17,  1.41it/s] 78%|███████▊  | 84/108 [01:02<00:17,  1.41it/s] 79%|███████▊  | 85/108 [01:03<00:16,  1.41it/s] 80%|███████▉  | 86/108 [01:03<00:15,  1.41it/s] 81%|████████  | 87/108 [01:04<00:14,  1.41it/s] 81%|████████▏ | 88/108 [01:05<00:14,  1.41it/s] 82%|████████▏ | 89/108 [01:06<00:13,  1.41it/s] 83%|████████▎ | 90/108 [01:06<00:12,  1.41it/s] 84%|████████▍ | 91/108 [01:07<00:12,  1.41it/s] 85%|████████▌ | 92/108 [01:08<00:11,  1.41it/s] 86%|████████▌ | 93/108 [01:08<00:10,  1.41it/s] 87%|████████▋ | 94/108 [01:09<00:09,  1.41it/s] 88%|████████▊ | 95/108 [01:10<00:09,  1.41it/s] 89%|████████▉ | 96/108 [01:10<00:08,  1.41it/s] 90%|████████▉ | 97/108 [01:11<00:07,  1.41it/s] 91%|█████████ | 98/108 [01:12<00:07,  1.41it/s] 92%|█████████▏| 99/108 [01:13<00:06,  1.41it/s] 93%|█████████▎| 100/108 [01:13<00:05,  1.41it/s] 94%|█████████▎| 101/108 [01:14<00:04,  1.41it/s] 94%|█████████▍| 102/108 [01:15<00:04,  1.41it/s] 95%|█████████▌| 103/108 [01:15<00:03,  1.41it/s] 96%|█████████▋| 104/108 [01:16<00:02,  1.41it/s] 97%|█████████▋| 105/108 [01:17<00:02,  1.41it/s] 98%|█████████▊| 106/108 [01:18<00:01,  1.41it/s] 99%|█████████▉| 107/108 [01:18<00:00,  1.41it/s]100%|██████████| 108/108 [01:19<00:00,  1.67it/s]100%|██████████| 108/108 [01:19<00:00,  1.36it/s]
Epoch 1/200, Train Loss: 4.8557, Valid Loss: 3.7769, save best model!
  0%|          | 0/108 [00:00<?, ?it/s]  1%|          | 1/108 [00:02<05:01,  2.81s/it]  2%|▏         | 2/108 [00:03<02:46,  1.57s/it]  3%|▎         | 3/108 [00:04<02:03,  1.18s/it]  4%|▎         | 4/108 [00:04<01:43,  1.01it/s]  5%|▍         | 5/108 [00:05<01:31,  1.12it/s]  6%|▌         | 6/108 [00:06<01:25,  1.20it/s]  6%|▋         | 7/108 [00:07<01:19,  1.26it/s]  7%|▋         | 8/108 [00:07<01:16,  1.31it/s]  8%|▊         | 9/108 [00:08<01:13,  1.34it/s]  9%|▉         | 10/108 [00:09<01:11,  1.37it/s] 10%|█         | 11/108 [00:09<01:10,  1.38it/s] 11%|█         | 12/108 [00:10<01:08,  1.39it/s] 12%|█▏        | 13/108 [00:11<01:07,  1.40it/s] 13%|█▎        | 14/108 [00:12<01:06,  1.41it/s] 14%|█▍        | 15/108 [00:12<01:05,  1.41it/s] 15%|█▍        | 16/108 [00:13<01:05,  1.41it/s] 16%|█▌        | 17/108 [00:14<01:04,  1.42it/s] 17%|█▋        | 18/108 [00:14<01:03,  1.42it/s] 18%|█▊        | 19/108 [00:15<01:02,  1.42it/s] 19%|█▊        | 20/108 [00:16<01:02,  1.42it/s] 19%|█▉        | 21/108 [00:16<01:01,  1.42it/s] 20%|██        | 22/108 [00:17<01:00,  1.42it/s] 21%|██▏       | 23/108 [00:18<00:59,  1.42it/s] 22%|██▏       | 24/108 [00:19<00:59,  1.42it/s] 23%|██▎       | 25/108 [00:19<00:58,  1.42it/s] 24%|██▍       | 26/108 [00:20<00:57,  1.42it/s] 25%|██▌       | 27/108 [00:21<00:57,  1.42it/s] 26%|██▌       | 28/108 [00:21<00:56,  1.42it/s] 27%|██▋       | 29/108 [00:22<00:55,  1.41it/s] 28%|██▊       | 30/108 [00:23<00:55,  1.41it/s] 29%|██▊       | 31/108 [00:23<00:54,  1.41it/s] 30%|██▉       | 32/108 [00:24<00:53,  1.42it/s] 31%|███       | 33/108 [00:25<00:52,  1.42it/s] 31%|███▏      | 34/108 [00:26<00:52,  1.42it/s] 32%|███▏      | 35/108 [00:26<00:51,  1.42it/s] 33%|███▎      | 36/108 [00:27<00:50,  1.42it/s] 34%|███▍      | 37/108 [00:28<00:50,  1.42it/s] 35%|███▌      | 38/108 [00:28<00:49,  1.42it/s] 36%|███▌      | 39/108 [00:29<00:48,  1.42it/s] 37%|███▋      | 40/108 [00:30<00:47,  1.42it/s] 38%|███▊      | 41/108 [00:31<00:47,  1.42it/s] 39%|███▉      | 42/108 [00:31<00:46,  1.42it/s] 40%|███▉      | 43/108 [00:32<00:45,  1.42it/s] 41%|████      | 44/108 [00:33<00:44,  1.42it/s] 42%|████▏     | 45/108 [00:33<00:44,  1.42it/s] 43%|████▎     | 46/108 [00:34<00:43,  1.42it/s] 44%|████▎     | 47/108 [00:35<00:42,  1.42it/s] 44%|████▍     | 48/108 [00:35<00:42,  1.42it/s] 45%|████▌     | 49/108 [00:36<00:41,  1.42it/s] 46%|████▋     | 50/108 [00:37<00:40,  1.42it/s] 47%|████▋     | 51/108 [00:38<00:40,  1.42it/s] 48%|████▊     | 52/108 [00:38<00:39,  1.42it/s] 49%|████▉     | 53/108 [00:39<00:38,  1.42it/s] 50%|█████     | 54/108 [00:40<00:38,  1.42it/s] 51%|█████     | 55/108 [00:40<00:37,  1.42it/s] 52%|█████▏    | 56/108 [00:41<00:36,  1.42it/s] 53%|█████▎    | 57/108 [00:42<00:35,  1.42it/s] 54%|█████▎    | 58/108 [00:43<00:35,  1.42it/s] 55%|█████▍    | 59/108 [00:43<00:34,  1.42it/s] 56%|█████▌    | 60/108 [00:44<00:33,  1.41it/s] 56%|█████▋    | 61/108 [00:45<00:33,  1.42it/s] 57%|█████▋    | 62/108 [00:45<00:32,  1.42it/s] 58%|█████▊    | 63/108 [00:46<00:31,  1.42it/s] 59%|█████▉    | 64/108 [00:47<00:31,  1.42it/s] 60%|██████    | 65/108 [00:47<00:30,  1.42it/s] 61%|██████    | 66/108 [00:48<00:29,  1.42it/s] 62%|██████▏   | 67/108 [00:49<00:28,  1.42it/s] 63%|██████▎   | 68/108 [00:50<00:28,  1.42it/s] 64%|██████▍   | 69/108 [00:50<00:27,  1.42it/s] 65%|██████▍   | 70/108 [00:51<00:26,  1.42it/s] 66%|██████▌   | 71/108 [00:52<00:26,  1.42it/s] 67%|██████▋   | 72/108 [00:52<00:25,  1.42it/s] 68%|██████▊   | 73/108 [00:53<00:24,  1.42it/s] 69%|██████▊   | 74/108 [00:54<00:24,  1.42it/s] 69%|██████▉   | 75/108 [00:54<00:23,  1.42it/s] 70%|███████   | 76/108 [00:55<00:22,  1.42it/s] 71%|███████▏  | 77/108 [00:56<00:21,  1.42it/s] 72%|███████▏  | 78/108 [00:57<00:21,  1.42it/s] 73%|███████▎  | 79/108 [00:57<00:20,  1.42it/s] 74%|███████▍  | 80/108 [00:58<00:19,  1.42it/s] 75%|███████▌  | 81/108 [00:59<00:19,  1.42it/s] 76%|███████▌  | 82/108 [00:59<00:18,  1.42it/s] 77%|███████▋  | 83/108 [01:00<00:17,  1.42it/s] 78%|███████▊  | 84/108 [01:01<00:16,  1.42it/s] 79%|███████▊  | 85/108 [01:02<00:16,  1.42it/s] 80%|███████▉  | 86/108 [01:02<00:15,  1.42it/s] 81%|████████  | 87/108 [01:03<00:14,  1.42it/s] 81%|████████▏ | 88/108 [01:04<00:14,  1.42it/s] 82%|████████▏ | 89/108 [01:04<00:13,  1.42it/s] 83%|████████▎ | 90/108 [01:05<00:12,  1.42it/s] 84%|████████▍ | 91/108 [01:06<00:11,  1.42it/s] 85%|████████▌ | 92/108 [01:06<00:11,  1.42it/s] 86%|████████▌ | 93/108 [01:07<00:10,  1.42it/s] 87%|████████▋ | 94/108 [01:08<00:09,  1.42it/s] 88%|████████▊ | 95/108 [01:09<00:09,  1.42it/s] 89%|████████▉ | 96/108 [01:09<00:08,  1.42it/s] 90%|████████▉ | 97/108 [01:10<00:07,  1.42it/s] 91%|█████████ | 98/108 [01:11<00:07,  1.42it/s] 92%|█████████▏| 99/108 [01:11<00:06,  1.42it/s] 93%|█████████▎| 100/108 [01:12<00:05,  1.42it/s] 94%|█████████▎| 101/108 [01:13<00:04,  1.42it/s] 94%|█████████▍| 102/108 [01:14<00:04,  1.42it/s] 95%|█████████▌| 103/108 [01:14<00:03,  1.42it/s] 96%|█████████▋| 104/108 [01:15<00:02,  1.42it/s] 97%|█████████▋| 105/108 [01:16<00:02,  1.42it/s] 98%|█████████▊| 106/108 [01:16<00:01,  1.42it/s] 99%|█████████▉| 107/108 [01:17<00:00,  1.42it/s]100%|██████████| 108/108 [01:17<00:00,  1.68it/s]100%|██████████| 108/108 [01:17<00:00,  1.39it/s]
Epoch 2/200, Train Loss: 3.5562, Valid Loss: 3.6007, save best model!
  0%|          | 0/108 [00:00<?, ?it/s]  1%|          | 1/108 [00:03<05:37,  3.15s/it]  2%|▏         | 2/108 [00:03<03:01,  1.71s/it]  3%|▎         | 3/108 [00:04<02:11,  1.25s/it]  4%|▎         | 4/108 [00:05<01:47,  1.04s/it]  5%|▍         | 5/108 [00:05<01:34,  1.09it/s]  6%|▌         | 6/108 [00:06<01:26,  1.18it/s]  6%|▋         | 7/108 [00:07<01:20,  1.25it/s]  7%|▋         | 8/108 [00:08<01:16,  1.30it/s]  8%|▊         | 9/108 [00:08<01:14,  1.34it/s]  9%|▉         | 10/108 [00:09<01:11,  1.36it/s] 10%|█         | 11/108 [00:10<01:10,  1.38it/s] 11%|█         | 12/108 [00:10<01:08,  1.39it/s] 12%|█▏        | 13/108 [00:11<01:07,  1.40it/s] 13%|█▎        | 14/108 [00:12<01:06,  1.41it/s] 14%|█▍        | 15/108 [00:13<01:05,  1.41it/s] 15%|█▍        | 16/108 [00:13<01:04,  1.42it/s] 16%|█▌        | 17/108 [00:14<01:04,  1.42it/s] 17%|█▋        | 18/108 [00:15<01:03,  1.42it/s] 18%|█▊        | 19/108 [00:15<01:02,  1.42it/s] 19%|█▊        | 20/108 [00:16<01:01,  1.42it/s] 19%|█▉        | 21/108 [00:17<01:01,  1.42it/s] 20%|██        | 22/108 [00:17<01:00,  1.42it/s] 21%|██▏       | 23/108 [00:18<00:59,  1.42it/s] 22%|██▏       | 24/108 [00:19<00:59,  1.42it/s] 23%|██▎       | 25/108 [00:20<00:58,  1.41it/s] 24%|██▍       | 26/108 [00:20<00:58,  1.41it/s] 25%|██▌       | 27/108 [00:21<00:57,  1.41it/s] 26%|██▌       | 28/108 [00:22<00:56,  1.42it/s] 27%|██▋       | 29/108 [00:22<00:55,  1.41it/s] 28%|██▊       | 30/108 [00:23<00:55,  1.41it/s] 29%|██▊       | 31/108 [00:24<00:54,  1.42it/s] 30%|██▉       | 32/108 [00:24<00:53,  1.42it/s] 31%|███       | 33/108 [00:25<00:52,  1.42it/s] 31%|███▏      | 34/108 [00:26<00:52,  1.42it/s] 32%|███▏      | 35/108 [00:27<00:51,  1.42it/s] 33%|███▎      | 36/108 [00:27<00:50,  1.42it/s] 34%|███▍      | 37/108 [00:28<00:49,  1.42it/s] 35%|███▌      | 38/108 [00:29<00:49,  1.42it/s] 36%|███▌      | 39/108 [00:29<00:48,  1.42it/s] 37%|███▋      | 40/108 [00:30<00:47,  1.42it/s] 38%|███▊      | 41/108 [00:31<00:47,  1.42it/s] 39%|███▉      | 42/108 [00:32<00:46,  1.42it/s] 40%|███▉      | 43/108 [00:32<00:45,  1.42it/s] 41%|████      | 44/108 [00:33<00:44,  1.42it/s] 42%|████▏     | 45/108 [00:34<00:44,  1.42it/s] 43%|████▎     | 46/108 [00:34<00:43,  1.42it/s] 44%|████▎     | 47/108 [00:35<00:42,  1.42it/s] 44%|████▍     | 48/108 [00:36<00:42,  1.42it/s] 45%|████▌     | 49/108 [00:36<00:41,  1.42it/s] 46%|████▋     | 50/108 [00:37<00:40,  1.42it/s] 47%|████▋     | 51/108 [00:38<00:40,  1.42it/s] 48%|████▊     | 52/108 [00:39<00:39,  1.42it/s] 49%|████▉     | 53/108 [00:39<00:38,  1.42it/s] 50%|█████     | 54/108 [00:40<00:38,  1.42it/s] 51%|█████     | 55/108 [00:41<00:37,  1.42it/s] 52%|█████▏    | 56/108 [00:41<00:36,  1.42it/s] 53%|█████▎    | 57/108 [00:42<00:35,  1.42it/s] 54%|█████▎    | 58/108 [00:43<00:35,  1.42it/s] 55%|█████▍    | 59/108 [00:43<00:34,  1.42it/s] 56%|█████▌    | 60/108 [00:44<00:33,  1.42it/s] 56%|█████▋    | 61/108 [00:45<00:33,  1.42it/s] 57%|█████▋    | 62/108 [00:46<00:32,  1.42it/s] 58%|█████▊    | 63/108 [00:46<00:31,  1.42it/s] 59%|█████▉    | 64/108 [00:47<00:31,  1.42it/s] 60%|██████    | 65/108 [00:48<00:30,  1.42it/s] 61%|██████    | 66/108 [00:48<00:29,  1.42it/s] 62%|██████▏   | 67/108 [00:49<00:28,  1.42it/s] 63%|██████▎   | 68/108 [00:50<00:28,  1.42it/s] 64%|██████▍   | 69/108 [00:51<00:27,  1.42it/s] 65%|██████▍   | 70/108 [00:51<00:26,  1.42it/s] 66%|██████▌   | 71/108 [00:52<00:26,  1.42it/s] 67%|██████▋   | 72/108 [00:53<00:25,  1.42it/s] 68%|██████▊   | 73/108 [00:53<00:24,  1.42it/s] 69%|██████▊   | 74/108 [00:54<00:23,  1.42it/s] 69%|██████▉   | 75/108 [00:55<00:23,  1.42it/s] 70%|███████   | 76/108 [00:55<00:22,  1.42it/s] 71%|███████▏  | 77/108 [00:56<00:21,  1.42it/s] 72%|███████▏  | 78/108 [00:57<00:21,  1.42it/s] 73%|███████▎  | 79/108 [00:58<00:20,  1.42it/s] 74%|███████▍  | 80/108 [00:58<00:19,  1.42it/s] 75%|███████▌  | 81/108 [00:59<00:19,  1.42it/s] 76%|███████▌  | 82/108 [01:00<00:18,  1.42it/s] 77%|███████▋  | 83/108 [01:00<00:17,  1.42it/s] 78%|███████▊  | 84/108 [01:01<00:16,  1.42it/s] 79%|███████▊  | 85/108 [01:02<00:16,  1.42it/s] 80%|███████▉  | 86/108 [01:03<00:15,  1.42it/s] 81%|████████  | 87/108 [01:03<00:14,  1.42it/s] 81%|████████▏ | 88/108 [01:04<00:14,  1.42it/s] 82%|████████▏ | 89/108 [01:05<00:13,  1.42it/s] 83%|████████▎ | 90/108 [01:05<00:12,  1.42it/s] 84%|████████▍ | 91/108 [01:06<00:11,  1.42it/s] 85%|████████▌ | 92/108 [01:07<00:11,  1.42it/s] 86%|████████▌ | 93/108 [01:07<00:10,  1.42it/s] 87%|████████▋ | 94/108 [01:08<00:09,  1.42it/s] 88%|████████▊ | 95/108 [01:09<00:09,  1.42it/s] 89%|████████▉ | 96/108 [01:10<00:08,  1.42it/s] 90%|████████▉ | 97/108 [01:10<00:07,  1.42it/s] 91%|█████████ | 98/108 [01:11<00:07,  1.42it/s] 92%|█████████▏| 99/108 [01:12<00:06,  1.42it/s] 93%|█████████▎| 100/108 [01:12<00:05,  1.42it/s] 94%|█████████▎| 101/108 [01:13<00:04,  1.42it/s] 94%|█████████▍| 102/108 [01:14<00:04,  1.42it/s] 95%|█████████▌| 103/108 [01:15<00:03,  1.42it/s] 96%|█████████▋| 104/108 [01:15<00:02,  1.42it/s] 97%|█████████▋| 105/108 [01:16<00:02,  1.42it/s] 98%|█████████▊| 106/108 [01:17<00:01,  1.42it/s] 99%|█████████▉| 107/108 [01:17<00:00,  1.42it/s]100%|██████████| 108/108 [01:18<00:00,  1.68it/s]100%|██████████| 108/108 [01:18<00:00,  1.38it/s]
Epoch 3/200, Train Loss: 3.0971, Valid Loss: 3.0124, save best model!
  0%|          | 0/108 [00:00<?, ?it/s]  1%|          | 1/108 [00:02<05:14,  2.94s/it]  2%|▏         | 2/108 [00:03<02:52,  1.63s/it]  3%|▎         | 3/108 [00:04<02:07,  1.21s/it]  4%|▎         | 4/108 [00:05<01:45,  1.01s/it]  5%|▍         | 5/108 [00:05<01:32,  1.11it/s]  6%|▌         | 6/108 [00:06<01:25,  1.19it/s]  6%|▋         | 7/108 [00:07<01:20,  1.26it/s]  7%|▋         | 8/108 [00:07<01:16,  1.31it/s]  8%|▊         | 9/108 [00:08<01:13,  1.34it/s]  9%|▉         | 10/108 [00:09<01:11,  1.37it/s] 10%|█         | 11/108 [00:10<01:10,  1.38it/s] 11%|█         | 12/108 [00:10<01:08,  1.40it/s] 12%|█▏        | 13/108 [00:11<01:07,  1.40it/s] 13%|█▎        | 14/108 [00:12<01:06,  1.41it/s] 14%|█▍        | 15/108 [00:12<01:05,  1.41it/s] 15%|█▍        | 16/108 [00:13<01:04,  1.42it/s] 16%|█▌        | 17/108 [00:14<01:04,  1.42it/s] 17%|█▋        | 18/108 [00:14<01:03,  1.42it/s] 18%|█▊        | 19/108 [00:15<01:02,  1.42it/s] 19%|█▊        | 20/108 [00:16<01:01,  1.42it/s] 19%|█▉        | 21/108 [00:17<01:01,  1.42it/s] 20%|██        | 22/108 [00:17<01:00,  1.42it/s] 21%|██▏       | 23/108 [00:18<00:59,  1.42it/s] 22%|██▏       | 24/108 [00:19<00:59,  1.42it/s] 23%|██▎       | 25/108 [00:19<00:58,  1.42it/s] 24%|██▍       | 26/108 [00:20<00:57,  1.42it/s] 25%|██▌       | 27/108 [00:21<00:57,  1.42it/s] 26%|██▌       | 28/108 [00:21<00:56,  1.42it/s] 27%|██▋       | 29/108 [00:22<00:56,  1.41it/s] 28%|██▊       | 30/108 [00:23<00:55,  1.41it/s] 29%|██▊       | 31/108 [00:24<00:54,  1.42it/s] 30%|██▉       | 32/108 [00:24<00:53,  1.42it/s] 31%|███       | 33/108 [00:25<00:52,  1.42it/s] 31%|███▏      | 34/108 [00:26<00:52,  1.42it/s] 32%|███▏      | 35/108 [00:26<00:51,  1.42it/s] 33%|███▎      | 36/108 [00:27<00:50,  1.42it/s] 34%|███▍      | 37/108 [00:28<00:49,  1.42it/s] 35%|███▌      | 38/108 [00:29<00:49,  1.42it/s] 36%|███▌      | 39/108 [00:29<00:48,  1.42it/s] 37%|███▋      | 40/108 [00:30<00:47,  1.42it/s] 38%|███▊      | 41/108 [00:31<00:47,  1.42it/s] 39%|███▉      | 42/108 [00:31<00:46,  1.42it/s] 40%|███▉      | 43/108 [00:32<00:45,  1.42it/s] 41%|████      | 44/108 [00:33<00:45,  1.42it/s] 42%|████▏     | 45/108 [00:33<00:44,  1.42it/s] 43%|████▎     | 46/108 [00:34<00:43,  1.42it/s] 44%|████▎     | 47/108 [00:35<00:42,  1.42it/s] 44%|████▍     | 48/108 [00:36<00:42,  1.42it/s] 45%|████▌     | 49/108 [00:36<00:41,  1.42it/s] 46%|████▋     | 50/108 [00:37<00:40,  1.42it/s] 47%|████▋     | 51/108 [00:38<00:40,  1.42it/s] 48%|████▊     | 52/108 [00:38<00:39,  1.42it/s] 49%|████▉     | 53/108 [00:39<00:38,  1.42it/s] 50%|█████     | 54/108 [00:40<00:38,  1.42it/s] 51%|█████     | 55/108 [00:40<00:37,  1.42it/s] 52%|█████▏    | 56/108 [00:41<00:36,  1.42it/s] 53%|█████▎    | 57/108 [00:42<00:35,  1.42it/s] 54%|█████▎    | 58/108 [00:43<00:35,  1.42it/s] 55%|█████▍    | 59/108 [00:43<00:34,  1.42it/s] 56%|█████▌    | 60/108 [00:44<00:33,  1.42it/s] 56%|█████▋    | 61/108 [00:45<00:33,  1.42it/s] 57%|█████▋    | 62/108 [00:45<00:32,  1.42it/s] 58%|█████▊    | 63/108 [00:46<00:31,  1.42it/s] 59%|█████▉    | 64/108 [00:47<00:30,  1.42it/s] 60%|██████    | 65/108 [00:48<00:30,  1.42it/s] 61%|██████    | 66/108 [00:48<00:29,  1.42it/s] 62%|██████▏   | 67/108 [00:49<00:28,  1.42it/s] 63%|██████▎   | 68/108 [00:50<00:28,  1.42it/s] 64%|██████▍   | 69/108 [00:50<00:27,  1.42it/s] 65%|██████▍   | 70/108 [00:51<00:26,  1.42it/s] 66%|██████▌   | 71/108 [00:52<00:26,  1.42it/s] 67%|██████▋   | 72/108 [00:52<00:25,  1.42it/s] 68%|██████▊   | 73/108 [00:53<00:24,  1.42it/s] 69%|██████▊   | 74/108 [00:54<00:23,  1.42it/s] 69%|██████▉   | 75/108 [00:55<00:23,  1.42it/s] 70%|███████   | 76/108 [00:55<00:22,  1.41it/s] 71%|███████▏  | 77/108 [00:56<00:21,  1.42it/s] 72%|███████▏  | 78/108 [00:57<00:21,  1.42it/s] 73%|███████▎  | 79/108 [00:57<00:20,  1.42it/s] 74%|███████▍  | 80/108 [00:58<00:19,  1.42it/s] 75%|███████▌  | 81/108 [00:59<00:19,  1.42it/s] 76%|███████▌  | 82/108 [01:00<00:18,  1.42it/s] 77%|███████▋  | 83/108 [01:00<00:17,  1.42it/s] 78%|███████▊  | 84/108 [01:01<00:16,  1.42it/s] 79%|███████▊  | 85/108 [01:02<00:16,  1.42it/s] 80%|███████▉  | 86/108 [01:02<00:15,  1.42it/s] 81%|████████  | 87/108 [01:03<00:14,  1.42it/s] 81%|████████▏ | 88/108 [01:04<00:14,  1.42it/s] 82%|████████▏ | 89/108 [01:04<00:13,  1.42it/s] 83%|████████▎ | 90/108 [01:05<00:12,  1.42it/s] 84%|████████▍ | 91/108 [01:06<00:11,  1.42it/s] 85%|████████▌ | 92/108 [01:07<00:11,  1.42it/s] 86%|████████▌ | 93/108 [01:07<00:10,  1.42it/s] 87%|████████▋ | 94/108 [01:08<00:09,  1.42it/s] 88%|████████▊ | 95/108 [01:09<00:09,  1.42it/s] 89%|████████▉ | 96/108 [01:09<00:08,  1.42it/s] 90%|████████▉ | 97/108 [01:10<00:07,  1.42it/s] 91%|█████████ | 98/108 [01:11<00:07,  1.42it/s] 92%|█████████▏| 99/108 [01:11<00:06,  1.42it/s] 93%|█████████▎| 100/108 [01:12<00:05,  1.42it/s] 94%|█████████▎| 101/108 [01:13<00:04,  1.42it/s] 94%|█████████▍| 102/108 [01:14<00:04,  1.42it/s] 95%|█████████▌| 103/108 [01:14<00:03,  1.42it/s] 96%|█████████▋| 104/108 [01:15<00:02,  1.42it/s] 97%|█████████▋| 105/108 [01:16<00:02,  1.42it/s] 98%|█████████▊| 106/108 [01:16<00:01,  1.42it/s] 99%|█████████▉| 107/108 [01:17<00:00,  1.42it/s]100%|██████████| 108/108 [01:17<00:00,  1.68it/s]100%|██████████| 108/108 [01:18<00:00,  1.38it/s]
Epoch 4/200, Train Loss: 2.8348, Valid Loss: 2.7084, save best model!
  0%|          | 0/108 [00:00<?, ?it/s]  1%|          | 1/108 [00:02<04:58,  2.79s/it]  2%|▏         | 2/108 [00:03<02:46,  1.57s/it]  3%|▎         | 3/108 [00:04<02:03,  1.18s/it]  4%|▎         | 4/108 [00:04<01:43,  1.01it/s]  5%|▍         | 5/108 [00:05<01:31,  1.12it/s]  6%|▌         | 6/108 [00:06<01:24,  1.21it/s]  6%|▋         | 7/108 [00:07<01:19,  1.27it/s]  7%|▋         | 8/108 [00:07<01:16,  1.32it/s]  8%|▊         | 9/108 [00:08<01:13,  1.35it/s]  9%|▉         | 10/108 [00:09<01:11,  1.37it/s] 10%|█         | 11/108 [00:09<01:10,  1.38it/s] 11%|█         | 12/108 [00:10<01:08,  1.40it/s] 12%|█▏        | 13/108 [00:11<01:07,  1.40it/s] 13%|█▎        | 14/108 [00:11<01:06,  1.41it/s] 14%|█▍        | 15/108 [00:12<01:05,  1.41it/s] 15%|█▍        | 16/108 [00:13<01:04,  1.42it/s] 16%|█▌        | 17/108 [00:14<01:04,  1.42it/s] 17%|█▋        | 18/108 [00:14<01:03,  1.42it/s] 18%|█▊        | 19/108 [00:15<01:02,  1.42it/s] 19%|█▊        | 20/108 [00:16<01:01,  1.42it/s] 19%|█▉        | 21/108 [00:16<01:01,  1.42it/s] 20%|██        | 22/108 [00:17<01:00,  1.42it/s] 21%|██▏       | 23/108 [00:18<00:59,  1.42it/s] 22%|██▏       | 24/108 [00:18<00:59,  1.42it/s] 23%|██▎       | 25/108 [00:19<00:58,  1.42it/s] 24%|██▍       | 26/108 [00:20<00:57,  1.42it/s] 25%|██▌       | 27/108 [00:21<00:57,  1.42it/s] 26%|██▌       | 28/108 [00:21<00:56,  1.42it/s] 27%|██▋       | 29/108 [00:22<00:55,  1.42it/s] 28%|██▊       | 30/108 [00:23<00:55,  1.42it/s] 29%|██▊       | 31/108 [00:23<00:54,  1.42it/s] 30%|██▉       | 32/108 [00:24<00:53,  1.42it/s] 31%|███       | 33/108 [00:25<00:52,  1.42it/s] 31%|███▏      | 34/108 [00:26<00:52,  1.41it/s] 32%|███▏      | 35/108 [00:26<00:51,  1.42it/s] 33%|███▎      | 36/108 [00:27<00:50,  1.42it/s] 34%|███▍      | 37/108 [00:28<00:49,  1.42it/s] 35%|███▌      | 38/108 [00:28<00:49,  1.42it/s] 36%|███▌      | 39/108 [00:29<00:48,  1.42it/s] 37%|███▋      | 40/108 [00:30<00:47,  1.42it/s] 38%|███▊      | 41/108 [00:30<00:47,  1.42it/s] 39%|███▉      | 42/108 [00:31<00:46,  1.42it/s] 40%|███▉      | 43/108 [00:32<00:45,  1.42it/s] 41%|████      | 44/108 [00:33<00:44,  1.42it/s] 42%|████▏     | 45/108 [00:33<00:44,  1.42it/s] 43%|████▎     | 46/108 [00:34<00:43,  1.42it/s] 44%|████▎     | 47/108 [00:35<00:42,  1.42it/s] 44%|████▍     | 48/108 [00:35<00:42,  1.42it/s] 45%|████▌     | 49/108 [00:36<00:41,  1.42it/s] 46%|████▋     | 50/108 [00:37<00:40,  1.42it/s] 47%|████▋     | 51/108 [00:38<00:40,  1.42it/s] 48%|████▊     | 52/108 [00:38<00:39,  1.42it/s] 49%|████▉     | 53/108 [00:39<00:38,  1.42it/s] 50%|█████     | 54/108 [00:40<00:38,  1.42it/s] 51%|█████     | 55/108 [00:40<00:37,  1.42it/s] 52%|█████▏    | 56/108 [00:41<00:36,  1.42it/s] 53%|█████▎    | 57/108 [00:42<00:35,  1.42it/s] 54%|█████▎    | 58/108 [00:42<00:35,  1.42it/s] 55%|█████▍    | 59/108 [00:43<00:34,  1.42it/s] 56%|█████▌    | 60/108 [00:44<00:33,  1.42it/s] 56%|█████▋    | 61/108 [00:45<00:33,  1.42it/s] 57%|█████▋    | 62/108 [00:45<00:32,  1.42it/s] 58%|█████▊    | 63/108 [00:46<00:31,  1.42it/s] 59%|█████▉    | 64/108 [00:47<00:31,  1.42it/s] 60%|██████    | 65/108 [00:47<00:30,  1.42it/s] 61%|██████    | 66/108 [00:48<00:29,  1.42it/s] 62%|██████▏   | 67/108 [00:49<00:28,  1.42it/s] 63%|██████▎   | 68/108 [00:50<00:28,  1.42it/s] 64%|██████▍   | 69/108 [00:50<00:27,  1.42it/s] 65%|██████▍   | 70/108 [00:51<00:26,  1.42it/s] 66%|██████▌   | 71/108 [00:52<00:26,  1.42it/s] 67%|██████▋   | 72/108 [00:52<00:25,  1.42it/s] 68%|██████▊   | 73/108 [00:53<00:24,  1.42it/s] 69%|██████▊   | 74/108 [00:54<00:23,  1.42it/s] 69%|██████▉   | 75/108 [00:54<00:23,  1.42it/s] 70%|███████   | 76/108 [00:55<00:22,  1.42it/s] 71%|███████▏  | 77/108 [00:56<00:21,  1.42it/s] 72%|███████▏  | 78/108 [00:57<00:21,  1.42it/s] 73%|███████▎  | 79/108 [00:57<00:20,  1.42it/s] 74%|███████▍  | 80/108 [00:58<00:19,  1.42it/s] 75%|███████▌  | 81/108 [00:59<00:19,  1.42it/s] 76%|███████▌  | 82/108 [00:59<00:18,  1.42it/s] 77%|███████▋  | 83/108 [01:00<00:17,  1.42it/s] 78%|███████▊  | 84/108 [01:01<00:16,  1.42it/s] 79%|███████▊  | 85/108 [01:01<00:16,  1.42it/s] 80%|███████▉  | 86/108 [01:02<00:15,  1.42it/s] 81%|████████  | 87/108 [01:03<00:14,  1.42it/s] 81%|████████▏ | 88/108 [01:04<00:14,  1.42it/s] 82%|████████▏ | 89/108 [01:04<00:13,  1.42it/s] 83%|████████▎ | 90/108 [01:05<00:12,  1.42it/s] 84%|████████▍ | 91/108 [01:06<00:11,  1.42it/s] 85%|████████▌ | 92/108 [01:06<00:11,  1.42it/s] 86%|████████▌ | 93/108 [01:07<00:10,  1.42it/s] 87%|████████▋ | 94/108 [01:08<00:09,  1.42it/s] 88%|████████▊ | 95/108 [01:09<00:09,  1.42it/s] 89%|████████▉ | 96/108 [01:09<00:08,  1.42it/s] 90%|████████▉ | 97/108 [01:10<00:07,  1.42it/s] 91%|█████████ | 98/108 [01:11<00:07,  1.42it/s] 92%|█████████▏| 99/108 [01:11<00:06,  1.42it/s] 93%|█████████▎| 100/108 [01:12<00:05,  1.42it/s] 94%|█████████▎| 101/108 [01:13<00:04,  1.42it/s] 94%|█████████▍| 102/108 [01:13<00:04,  1.42it/s] 95%|█████████▌| 103/108 [01:14<00:03,  1.42it/s] 96%|█████████▋| 104/108 [01:15<00:02,  1.42it/s] 97%|█████████▋| 105/108 [01:16<00:02,  1.42it/s] 98%|█████████▊| 106/108 [01:16<00:01,  1.42it/s] 99%|█████████▉| 107/108 [01:17<00:00,  1.42it/s]100%|██████████| 108/108 [01:17<00:00,  1.68it/s]100%|██████████| 108/108 [01:17<00:00,  1.39it/s]
Epoch 5/200, Train Loss: 2.6896, Valid Loss: 2.6095, save best model!
  0%|          | 0/108 [00:00<?, ?it/s]  1%|          | 1/108 [00:02<04:53,  2.74s/it]  2%|▏         | 2/108 [00:03<02:45,  1.56s/it]  3%|▎         | 3/108 [00:04<02:02,  1.17s/it]  4%|▎         | 4/108 [00:04<01:43,  1.00it/s]  5%|▍         | 5/108 [00:05<01:31,  1.12it/s]  6%|▌         | 6/108 [00:06<01:24,  1.21it/s]  6%|▋         | 7/108 [00:07<01:19,  1.27it/s]  7%|▋         | 8/108 [00:07<01:15,  1.32it/s]  8%|▊         | 9/108 [00:08<01:13,  1.35it/s]  9%|▉         | 10/108 [00:09<01:11,  1.37it/s] 10%|█         | 11/108 [00:09<01:09,  1.39it/s] 11%|█         | 12/108 [00:10<01:08,  1.40it/s] 12%|█▏        | 13/108 [00:11<01:07,  1.41it/s] 13%|█▎        | 14/108 [00:11<01:06,  1.41it/s] 14%|█▍        | 15/108 [00:12<01:05,  1.41it/s] 15%|█▍        | 16/108 [00:13<01:05,  1.41it/s] 16%|█▌        | 17/108 [00:14<01:04,  1.42it/s] 17%|█▋        | 18/108 [00:14<01:03,  1.42it/s] 18%|█▊        | 19/108 [00:15<01:02,  1.42it/s] 19%|█▊        | 20/108 [00:16<01:01,  1.42it/s] 19%|█▉        | 21/108 [00:16<01:01,  1.42it/s] 20%|██        | 22/108 [00:17<01:00,  1.42it/s] 21%|██▏       | 23/108 [00:18<00:59,  1.42it/s] 22%|██▏       | 24/108 [00:18<00:59,  1.42it/s] 23%|██▎       | 25/108 [00:19<00:58,  1.42it/s] 24%|██▍       | 26/108 [00:20<00:57,  1.42it/s] 25%|██▌       | 27/108 [00:21<00:57,  1.42it/s] 26%|██▌       | 28/108 [00:21<00:56,  1.41it/s] 27%|██▋       | 29/108 [00:22<00:56,  1.41it/s] 28%|██▊       | 30/108 [00:23<00:55,  1.41it/s] 29%|██▊       | 31/108 [00:23<00:54,  1.41it/s] 30%|██▉       | 32/108 [00:24<00:53,  1.42it/s] 31%|███       | 33/108 [00:25<00:52,  1.42it/s] 31%|███▏      | 34/108 [00:26<00:52,  1.42it/s] 32%|███▏      | 35/108 [00:26<00:51,  1.42it/s] 33%|███▎      | 36/108 [00:27<00:50,  1.42it/s] 34%|███▍      | 37/108 [00:28<00:49,  1.42it/s] 35%|███▌      | 38/108 [00:28<00:49,  1.42it/s] 36%|███▌      | 39/108 [00:29<00:48,  1.42it/s] 37%|███▋      | 40/108 [00:30<00:47,  1.42it/s] 38%|███▊      | 41/108 [00:30<00:47,  1.42it/s] 39%|███▉      | 42/108 [00:31<00:46,  1.42it/s] 40%|███▉      | 43/108 [00:32<00:45,  1.42it/s] 41%|████      | 44/108 [00:33<00:44,  1.42it/s] 42%|████▏     | 45/108 [00:33<00:44,  1.42it/s] 43%|████▎     | 46/108 [00:34<00:43,  1.42it/s] 44%|████▎     | 47/108 [00:35<00:42,  1.42it/s] 44%|████▍     | 48/108 [00:35<00:42,  1.42it/s] 45%|████▌     | 49/108 [00:36<00:41,  1.42it/s] 46%|████▋     | 50/108 [00:37<00:40,  1.42it/s] 47%|████▋     | 51/108 [00:38<00:40,  1.42it/s] 48%|████▊     | 52/108 [00:38<00:39,  1.42it/s] 49%|████▉     | 53/108 [00:39<00:38,  1.42it/s] 50%|█████     | 54/108 [00:40<00:38,  1.42it/s] 51%|█████     | 55/108 [00:40<00:37,  1.42it/s] 52%|█████▏    | 56/108 [00:41<00:36,  1.42it/s] 53%|█████▎    | 57/108 [00:42<00:35,  1.42it/s] 54%|█████▎    | 58/108 [00:42<00:35,  1.42it/s] 55%|█████▍    | 59/108 [00:43<00:34,  1.42it/s] 56%|█████▌    | 60/108 [00:44<00:33,  1.42it/s] 56%|█████▋    | 61/108 [00:45<00:33,  1.42it/s] 57%|█████▋    | 62/108 [00:45<00:32,  1.42it/s] 58%|█████▊    | 63/108 [00:46<00:31,  1.42it/s] 59%|█████▉    | 64/108 [00:47<00:31,  1.42it/s] 60%|██████    | 65/108 [00:47<00:30,  1.42it/s] 61%|██████    | 66/108 [00:48<00:29,  1.42it/s] 62%|██████▏   | 67/108 [00:49<00:28,  1.42it/s] 63%|██████▎   | 68/108 [00:49<00:28,  1.42it/s] 64%|██████▍   | 69/108 [00:50<00:27,  1.42it/s] 65%|██████▍   | 70/108 [00:51<00:26,  1.42it/s] 66%|██████▌   | 71/108 [00:52<00:26,  1.42it/s] 67%|██████▋   | 72/108 [00:52<00:25,  1.42it/s] 68%|██████▊   | 73/108 [00:53<00:24,  1.42it/s] 69%|██████▊   | 74/108 [00:54<00:24,  1.42it/s] 69%|██████▉   | 75/108 [00:54<00:23,  1.42it/s] 70%|███████   | 76/108 [00:55<00:22,  1.42it/s] 71%|███████▏  | 77/108 [00:56<00:21,  1.42it/s] 72%|███████▏  | 78/108 [00:57<00:21,  1.42it/s] 73%|███████▎  | 79/108 [00:57<00:20,  1.42it/s] 74%|███████▍  | 80/108 [00:58<00:19,  1.42it/s] 75%|███████▌  | 81/108 [00:59<00:19,  1.42it/s] 76%|███████▌  | 82/108 [00:59<00:18,  1.42it/s] 77%|███████▋  | 83/108 [01:00<00:17,  1.42it/s] 78%|███████▊  | 84/108 [01:01<00:16,  1.42it/s] 79%|███████▊  | 85/108 [01:01<00:16,  1.42it/s] 80%|███████▉  | 86/108 [01:02<00:15,  1.42it/s] 81%|████████  | 87/108 [01:03<00:14,  1.42it/s] 81%|████████▏ | 88/108 [01:04<00:14,  1.42it/s] 82%|████████▏ | 89/108 [01:04<00:13,  1.42it/s] 83%|████████▎ | 90/108 [01:05<00:12,  1.42it/s] 84%|████████▍ | 91/108 [01:06<00:11,  1.42it/s] 85%|████████▌ | 92/108 [01:06<00:11,  1.42it/s] 86%|████████▌ | 93/108 [01:07<00:10,  1.42it/s] 87%|████████▋ | 94/108 [01:08<00:09,  1.42it/s] 88%|████████▊ | 95/108 [01:09<00:09,  1.42it/s] 89%|████████▉ | 96/108 [01:09<00:08,  1.42it/s] 90%|████████▉ | 97/108 [01:10<00:07,  1.42it/s] 91%|█████████ | 98/108 [01:11<00:07,  1.42it/s] 92%|█████████▏| 99/108 [01:11<00:06,  1.42it/s] 93%|█████████▎| 100/108 [01:12<00:05,  1.42it/s] 94%|█████████▎| 101/108 [01:13<00:04,  1.42it/s] 94%|█████████▍| 102/108 [01:13<00:04,  1.42it/s] 95%|█████████▌| 103/108 [01:14<00:03,  1.42it/s] 96%|█████████▋| 104/108 [01:15<00:02,  1.42it/s] 97%|█████████▋| 105/108 [01:16<00:02,  1.42it/s] 98%|█████████▊| 106/108 [01:16<00:01,  1.42it/s] 99%|█████████▉| 107/108 [01:17<00:00,  1.42it/s]100%|██████████| 108/108 [01:17<00:00,  1.68it/s]100%|██████████| 108/108 [01:17<00:00,  1.39it/s]
Epoch 6/200, Train Loss: 2.6129, Valid Loss: 2.6097
  0%|          | 0/108 [00:00<?, ?it/s]  1%|          | 1/108 [00:03<05:33,  3.12s/it]  2%|▏         | 2/108 [00:03<03:00,  1.70s/it]  3%|▎         | 3/108 [00:04<02:10,  1.25s/it]  4%|▎         | 4/108 [00:05<01:47,  1.03s/it]  5%|▍         | 5/108 [00:05<01:34,  1.09it/s]  6%|▌         | 6/108 [00:06<01:26,  1.18it/s]  6%|▋         | 7/108 [00:07<01:20,  1.25it/s]  7%|▋         | 8/108 [00:08<01:16,  1.30it/s]  8%|▊         | 9/108 [00:08<01:14,  1.34it/s]  9%|▉         | 10/108 [00:09<01:11,  1.36it/s] 10%|█         | 11/108 [00:10<01:10,  1.38it/s] 11%|█         | 12/108 [00:10<01:09,  1.39it/s] 12%|█▏        | 13/108 [00:11<01:07,  1.40it/s] 13%|█▎        | 14/108 [00:12<01:06,  1.41it/s] 14%|█▍        | 15/108 [00:12<01:05,  1.41it/s] 15%|█▍        | 16/108 [00:13<01:05,  1.42it/s] 16%|█▌        | 17/108 [00:14<01:04,  1.42it/s] 17%|█▋        | 18/108 [00:15<01:03,  1.42it/s] 18%|█▊        | 19/108 [00:15<01:02,  1.42it/s] 19%|█▊        | 20/108 [00:16<01:01,  1.42it/s] 19%|█▉        | 21/108 [00:17<01:01,  1.42it/s] 20%|██        | 22/108 [00:17<01:00,  1.42it/s] 21%|██▏       | 23/108 [00:18<00:59,  1.42it/s] 22%|██▏       | 24/108 [00:19<00:59,  1.42it/s] 23%|██▎       | 25/108 [00:20<00:58,  1.41it/s] 24%|██▍       | 26/108 [00:20<00:57,  1.42it/s] 25%|██▌       | 27/108 [00:21<00:57,  1.42it/s] 26%|██▌       | 28/108 [00:22<00:56,  1.42it/s] 27%|██▋       | 29/108 [00:22<00:55,  1.42it/s] 28%|██▊       | 30/108 [00:23<00:55,  1.41it/s] 29%|██▊       | 31/108 [00:24<00:54,  1.42it/s] 30%|██▉       | 32/108 [00:24<00:53,  1.42it/s] 31%|███       | 33/108 [00:25<00:52,  1.42it/s] 31%|███▏      | 34/108 [00:26<00:52,  1.42it/s] 32%|███▏      | 35/108 [00:27<00:51,  1.42it/s] 33%|███▎      | 36/108 [00:27<00:50,  1.42it/s] 34%|███▍      | 37/108 [00:28<00:50,  1.42it/s] 35%|███▌      | 38/108 [00:29<00:49,  1.42it/s] 36%|███▌      | 39/108 [00:29<00:48,  1.42it/s] 37%|███▋      | 40/108 [00:30<00:47,  1.42it/s] 38%|███▊      | 41/108 [00:31<00:47,  1.42it/s] 39%|███▉      | 42/108 [00:31<00:46,  1.42it/s] 40%|███▉      | 43/108 [00:32<00:45,  1.42it/s] 41%|████      | 44/108 [00:33<00:45,  1.42it/s] 42%|████▏     | 45/108 [00:34<00:44,  1.42it/s] 43%|████▎     | 46/108 [00:34<00:43,  1.42it/s] 44%|████▎     | 47/108 [00:35<00:42,  1.42it/s] 44%|████▍     | 48/108 [00:36<00:42,  1.42it/s] 45%|████▌     | 49/108 [00:36<00:41,  1.42it/s] 46%|████▋     | 50/108 [00:37<00:40,  1.42it/s] 47%|████▋     | 51/108 [00:38<00:40,  1.42it/s] 48%|████▊     | 52/108 [00:39<00:39,  1.42it/s] 49%|████▉     | 53/108 [00:39<00:38,  1.42it/s] 50%|█████     | 54/108 [00:40<00:38,  1.42it/s] 51%|█████     | 55/108 [00:41<00:37,  1.42it/s] 52%|█████▏    | 56/108 [00:41<00:36,  1.42it/s] 53%|█████▎    | 57/108 [00:42<00:35,  1.42it/s] 54%|█████▎    | 58/108 [00:43<00:35,  1.42it/s] 55%|█████▍    | 59/108 [00:43<00:34,  1.42it/s] 56%|█████▌    | 60/108 [00:44<00:33,  1.42it/s] 56%|█████▋    | 61/108 [00:45<00:33,  1.42it/s] 57%|█████▋    | 62/108 [00:46<00:32,  1.42it/s] 58%|█████▊    | 63/108 [00:46<00:31,  1.42it/s] 59%|█████▉    | 64/108 [00:47<00:30,  1.42it/s] 60%|██████    | 65/108 [00:48<00:30,  1.42it/s] 61%|██████    | 66/108 [00:48<00:29,  1.42it/s] 62%|██████▏   | 67/108 [00:49<00:28,  1.42it/s] 63%|██████▎   | 68/108 [00:50<00:28,  1.42it/s] 64%|██████▍   | 69/108 [00:51<00:27,  1.42it/s] 65%|██████▍   | 70/108 [00:51<00:26,  1.42it/s] 66%|██████▌   | 71/108 [00:52<00:26,  1.42it/s] 67%|██████▋   | 72/108 [00:53<00:25,  1.42it/s] 68%|██████▊   | 73/108 [00:53<00:24,  1.42it/s] 69%|██████▊   | 74/108 [00:54<00:23,  1.42it/s] 69%|██████▉   | 75/108 [00:55<00:23,  1.42it/s] 70%|███████   | 76/108 [00:55<00:22,  1.42it/s] 71%|███████▏  | 77/108 [00:56<00:21,  1.42it/s] 72%|███████▏  | 78/108 [00:57<00:21,  1.42it/s] 73%|███████▎  | 79/108 [00:58<00:20,  1.42it/s] 74%|███████▍  | 80/108 [00:58<00:19,  1.42it/s] 75%|███████▌  | 81/108 [00:59<00:19,  1.42it/s] 76%|███████▌  | 82/108 [01:00<00:18,  1.42it/s] 77%|███████▋  | 83/108 [01:00<00:17,  1.42it/s] 78%|███████▊  | 84/108 [01:01<00:16,  1.42it/s] 79%|███████▊  | 85/108 [01:02<00:16,  1.42it/s] 80%|███████▉  | 86/108 [01:02<00:15,  1.42it/s] 81%|████████  | 87/108 [01:03<00:14,  1.42it/s] 81%|████████▏ | 88/108 [01:04<00:14,  1.42it/s] 82%|████████▏ | 89/108 [01:05<00:13,  1.42it/s] 83%|████████▎ | 90/108 [01:05<00:12,  1.42it/s] 84%|████████▍ | 91/108 [01:06<00:11,  1.42it/s] 85%|████████▌ | 92/108 [01:07<00:11,  1.42it/s] 86%|████████▌ | 93/108 [01:07<00:10,  1.42it/s] 87%|████████▋ | 94/108 [01:08<00:09,  1.42it/s] 88%|████████▊ | 95/108 [01:09<00:09,  1.42it/s] 89%|████████▉ | 96/108 [01:10<00:08,  1.42it/s] 90%|████████▉ | 97/108 [01:10<00:07,  1.42it/s] 91%|█████████ | 98/108 [01:11<00:07,  1.42it/s] 92%|█████████▏| 99/108 [01:12<00:06,  1.42it/s] 93%|█████████▎| 100/108 [01:12<00:05,  1.42it/s] 94%|█████████▎| 101/108 [01:13<00:04,  1.42it/s] 94%|█████████▍| 102/108 [01:14<00:04,  1.42it/s] 95%|█████████▌| 103/108 [01:14<00:03,  1.42it/s] 96%|█████████▋| 104/108 [01:15<00:02,  1.42it/s] 97%|█████████▋| 105/108 [01:16<00:02,  1.42it/s] 98%|█████████▊| 106/108 [01:17<00:01,  1.42it/s] 99%|█████████▉| 107/108 [01:17<00:00,  1.42it/s]100%|██████████| 108/108 [01:18<00:00,  1.68it/s]100%|██████████| 108/108 [01:18<00:00,  1.38it/s]
Epoch 7/200, Train Loss: 2.5776, Valid Loss: 2.5631, save best model!
  0%|          | 0/108 [00:00<?, ?it/s]  1%|          | 1/108 [00:03<06:30,  3.65s/it]  2%|▏         | 2/108 [00:04<03:23,  1.92s/it]  3%|▎         | 3/108 [00:05<02:23,  1.36s/it]  4%|▎         | 4/108 [00:05<01:54,  1.10s/it]  5%|▍         | 5/108 [00:06<01:38,  1.04it/s]  6%|▌         | 6/108 [00:07<01:28,  1.15it/s]  6%|▋         | 7/108 [00:07<01:22,  1.23it/s]  7%|▋         | 8/108 [00:08<01:17,  1.28it/s]  8%|▊         | 9/108 [00:09<01:14,  1.32it/s]  9%|▉         | 10/108 [00:09<01:12,  1.35it/s] 10%|█         | 11/108 [00:10<01:10,  1.37it/s] 11%|█         | 12/108 [00:11<01:09,  1.39it/s] 12%|█▏        | 13/108 [00:12<01:07,  1.40it/s] 13%|█▎        | 14/108 [00:12<01:06,  1.41it/s] 14%|█▍        | 15/108 [00:13<01:05,  1.41it/s] 15%|█▍        | 16/108 [00:14<01:05,  1.41it/s] 16%|█▌        | 17/108 [00:14<01:04,  1.42it/s] 17%|█▋        | 18/108 [00:15<01:03,  1.42it/s] 18%|█▊        | 19/108 [00:16<01:02,  1.42it/s] 19%|█▊        | 20/108 [00:16<01:01,  1.42it/s] 19%|█▉        | 21/108 [00:17<01:01,  1.42it/s] 20%|██        | 22/108 [00:18<01:00,  1.42it/s] 21%|██▏       | 23/108 [00:19<00:59,  1.42it/s] 22%|██▏       | 24/108 [00:19<00:59,  1.42it/s] 23%|██▎       | 25/108 [00:20<00:59,  1.41it/s] 24%|██▍       | 26/108 [00:21<00:58,  1.41it/s] 25%|██▌       | 27/108 [00:21<00:57,  1.41it/s] 26%|██▌       | 28/108 [00:22<00:56,  1.42it/s] 27%|██▋       | 29/108 [00:23<00:55,  1.42it/s] 28%|██▊       | 30/108 [00:24<00:54,  1.42it/s] 29%|██▊       | 31/108 [00:24<00:54,  1.42it/s] 30%|██▉       | 32/108 [00:25<00:53,  1.42it/s] 31%|███       | 33/108 [00:26<00:52,  1.42it/s] 31%|███▏      | 34/108 [00:26<00:52,  1.42it/s] 32%|███▏      | 35/108 [00:27<00:51,  1.42it/s] 33%|███▎      | 36/108 [00:28<00:50,  1.42it/s] 34%|███▍      | 37/108 [00:28<00:49,  1.42it/s] 35%|███▌      | 38/108 [00:29<00:49,  1.42it/s] 36%|███▌      | 39/108 [00:30<00:48,  1.42it/s] 37%|███▋      | 40/108 [00:31<00:47,  1.42it/s] 38%|███▊      | 41/108 [00:31<00:47,  1.42it/s] 39%|███▉      | 42/108 [00:32<00:46,  1.42it/s] 40%|███▉      | 43/108 [00:33<00:45,  1.42it/s] 41%|████      | 44/108 [00:33<00:44,  1.42it/s] 42%|████▏     | 45/108 [00:34<00:44,  1.42it/s] 43%|████▎     | 46/108 [00:35<00:43,  1.42it/s] 44%|████▎     | 47/108 [00:36<00:42,  1.42it/s] 44%|████▍     | 48/108 [00:36<00:42,  1.42it/s] 45%|████▌     | 49/108 [00:37<00:41,  1.42it/s] 46%|████▋     | 50/108 [00:38<00:40,  1.42it/s] 47%|████▋     | 51/108 [00:38<00:40,  1.42it/s] 48%|████▊     | 52/108 [00:39<00:39,  1.42it/s] 49%|████▉     | 53/108 [00:40<00:38,  1.42it/s] 50%|█████     | 54/108 [00:40<00:38,  1.42it/s] 51%|█████     | 55/108 [00:41<00:37,  1.42it/s] 52%|█████▏    | 56/108 [00:42<00:36,  1.42it/s] 53%|█████▎    | 57/108 [00:43<00:35,  1.42it/s] 54%|█████▎    | 58/108 [00:43<00:35,  1.42it/s] 55%|█████▍    | 59/108 [00:44<00:34,  1.42it/s] 56%|█████▌    | 60/108 [00:45<00:33,  1.42it/s] 56%|█████▋    | 61/108 [00:45<00:33,  1.42it/s] 57%|█████▋    | 62/108 [00:46<00:32,  1.42it/s] 58%|█████▊    | 63/108 [00:47<00:31,  1.42it/s] 59%|█████▉    | 64/108 [00:47<00:30,  1.42it/s] 60%|██████    | 65/108 [00:48<00:30,  1.42it/s] 61%|██████    | 66/108 [00:49<00:29,  1.42it/s] 62%|██████▏   | 67/108 [00:50<00:28,  1.42it/s] 63%|██████▎   | 68/108 [00:50<00:28,  1.42it/s] 64%|██████▍   | 69/108 [00:51<00:27,  1.42it/s] 65%|██████▍   | 70/108 [00:52<00:26,  1.42it/s] 66%|██████▌   | 71/108 [00:52<00:26,  1.42it/s] 67%|██████▋   | 72/108 [00:53<00:25,  1.42it/s] 68%|██████▊   | 73/108 [00:54<00:24,  1.42it/s] 69%|██████▊   | 74/108 [00:55<00:23,  1.42it/s] 69%|██████▉   | 75/108 [00:55<00:23,  1.42it/s] 70%|███████   | 76/108 [00:56<00:22,  1.42it/s] 71%|███████▏  | 77/108 [00:57<00:21,  1.42it/s] 72%|███████▏  | 78/108 [00:57<00:21,  1.42it/s] 73%|███████▎  | 79/108 [00:58<00:20,  1.42it/s] 74%|███████▍  | 80/108 [00:59<00:19,  1.42it/s] 75%|███████▌  | 81/108 [00:59<00:18,  1.42it/s] 76%|███████▌  | 82/108 [01:00<00:18,  1.42it/s] 77%|███████▋  | 83/108 [01:01<00:17,  1.42it/s] 78%|███████▊  | 84/108 [01:02<00:16,  1.42it/s] 79%|███████▊  | 85/108 [01:02<00:16,  1.42it/s] 80%|███████▉  | 86/108 [01:03<00:15,  1.42it/s] 81%|████████  | 87/108 [01:04<00:14,  1.42it/s] 81%|████████▏ | 88/108 [01:04<00:14,  1.42it/s] 82%|████████▏ | 89/108 [01:05<00:13,  1.42it/s] 83%|████████▎ | 90/108 [01:06<00:12,  1.42it/s] 84%|████████▍ | 91/108 [01:06<00:11,  1.42it/s] 85%|████████▌ | 92/108 [01:07<00:11,  1.42it/s] 86%|████████▌ | 93/108 [01:08<00:10,  1.42it/s] 87%|████████▋ | 94/108 [01:09<00:09,  1.42it/s] 88%|████████▊ | 95/108 [01:09<00:09,  1.42it/s] 89%|████████▉ | 96/108 [01:10<00:08,  1.42it/s] 90%|████████▉ | 97/108 [01:11<00:07,  1.42it/s] 91%|█████████ | 98/108 [01:11<00:07,  1.42it/s] 92%|█████████▏| 99/108 [01:12<00:06,  1.42it/s] 93%|█████████▎| 100/108 [01:13<00:05,  1.42it/s] 94%|█████████▎| 101/108 [01:14<00:04,  1.42it/s] 94%|█████████▍| 102/108 [01:14<00:04,  1.42it/s] 95%|█████████▌| 103/108 [01:15<00:03,  1.42it/s] 96%|█████████▋| 104/108 [01:16<00:02,  1.42it/s] 97%|█████████▋| 105/108 [01:16<00:02,  1.42it/s] 98%|█████████▊| 106/108 [01:17<00:01,  1.42it/s] 99%|█████████▉| 107/108 [01:18<00:00,  1.42it/s]100%|██████████| 108/108 [01:18<00:00,  1.68it/s]100%|██████████| 108/108 [01:18<00:00,  1.37it/s]
Epoch 8/200, Train Loss: 2.5679, Valid Loss: 2.5386, save best model!
  0%|          | 0/108 [00:00<?, ?it/s]  1%|          | 1/108 [00:02<05:13,  2.93s/it]  2%|▏         | 2/108 [00:03<02:51,  1.62s/it]  3%|▎         | 3/108 [00:04<02:06,  1.20s/it]  4%|▎         | 4/108 [00:05<01:45,  1.01s/it]  5%|▍         | 5/108 [00:05<01:32,  1.11it/s]  6%|▌         | 6/108 [00:06<01:24,  1.20it/s]  6%|▋         | 7/108 [00:07<01:19,  1.27it/s]  7%|▋         | 8/108 [00:07<01:16,  1.31it/s]  8%|▊         | 9/108 [00:08<01:13,  1.35it/s]  9%|▉         | 10/108 [00:09<01:11,  1.37it/s] 10%|█         | 11/108 [00:09<01:10,  1.39it/s] 11%|█         | 12/108 [00:10<01:08,  1.40it/s] 12%|█▏        | 13/108 [00:11<01:07,  1.40it/s] 13%|█▎        | 14/108 [00:12<01:06,  1.41it/s] 14%|█▍        | 15/108 [00:12<01:05,  1.41it/s] 15%|█▍        | 16/108 [00:13<01:04,  1.42it/s] 16%|█▌        | 17/108 [00:14<01:04,  1.42it/s] 17%|█▋        | 18/108 [00:14<01:03,  1.42it/s] 18%|█▊        | 19/108 [00:15<01:02,  1.42it/s] 19%|█▊        | 20/108 [00:16<01:01,  1.42it/s] 19%|█▉        | 21/108 [00:17<01:01,  1.42it/s] 20%|██        | 22/108 [00:17<01:00,  1.42it/s] 21%|██▏       | 23/108 [00:18<00:59,  1.42it/s] 22%|██▏       | 24/108 [00:19<00:59,  1.42it/s] 23%|██▎       | 25/108 [00:19<00:58,  1.42it/s] 24%|██▍       | 26/108 [00:20<00:57,  1.42it/s] 25%|██▌       | 27/108 [00:21<00:57,  1.42it/s] 26%|██▌       | 28/108 [00:21<00:56,  1.41it/s] 27%|██▋       | 29/108 [00:22<00:55,  1.42it/s] 28%|██▊       | 30/108 [00:23<00:54,  1.42it/s] 29%|██▊       | 31/108 [00:24<00:54,  1.42it/s] 30%|██▉       | 32/108 [00:24<00:53,  1.42it/s] 31%|███       | 33/108 [00:25<00:52,  1.42it/s] 31%|███▏      | 34/108 [00:26<00:52,  1.42it/s] 32%|███▏      | 35/108 [00:26<00:51,  1.42it/s] 33%|███▎      | 36/108 [00:27<00:50,  1.42it/s] 34%|███▍      | 37/108 [00:28<00:49,  1.42it/s] 35%|███▌      | 38/108 [00:28<00:49,  1.42it/s] 36%|███▌      | 39/108 [00:29<00:48,  1.42it/s] 37%|███▋      | 40/108 [00:30<00:47,  1.42it/s] 38%|███▊      | 41/108 [00:31<00:47,  1.42it/s] 39%|███▉      | 42/108 [00:31<00:46,  1.42it/s] 40%|███▉      | 43/108 [00:32<00:45,  1.42it/s] 41%|████      | 44/108 [00:33<00:44,  1.42it/s] 42%|████▏     | 45/108 [00:33<00:44,  1.42it/s] 43%|████▎     | 46/108 [00:34<00:43,  1.42it/s] 44%|████▎     | 47/108 [00:35<00:42,  1.42it/s] 44%|████▍     | 48/108 [00:35<00:42,  1.42it/s] 45%|████▌     | 49/108 [00:36<00:41,  1.42it/s] 46%|████▋     | 50/108 [00:37<00:40,  1.42it/s] 47%|████▋     | 51/108 [00:38<00:40,  1.42it/s] 48%|████▊     | 52/108 [00:38<00:39,  1.42it/s] 49%|████▉     | 53/108 [00:39<00:38,  1.42it/s] 50%|█████     | 54/108 [00:40<00:38,  1.42it/s] 51%|█████     | 55/108 [00:40<00:37,  1.42it/s] 52%|█████▏    | 56/108 [00:41<00:36,  1.42it/s] 53%|█████▎    | 57/108 [00:42<00:35,  1.42it/s] 54%|█████▎    | 58/108 [00:43<00:35,  1.42it/s] 55%|█████▍    | 59/108 [00:43<00:34,  1.42it/s] 56%|█████▌    | 60/108 [00:44<00:33,  1.42it/s] 56%|█████▋    | 61/108 [00:45<00:33,  1.42it/s] 57%|█████▋    | 62/108 [00:45<00:32,  1.42it/s] 58%|█████▊    | 63/108 [00:46<00:31,  1.42it/s] 59%|█████▉    | 64/108 [00:47<00:30,  1.42it/s] 60%|██████    | 65/108 [00:47<00:30,  1.42it/s] 61%|██████    | 66/108 [00:48<00:29,  1.42it/s] 62%|██████▏   | 67/108 [00:49<00:28,  1.42it/s] 63%|██████▎   | 68/108 [00:50<00:28,  1.42it/s] 64%|██████▍   | 69/108 [00:50<00:27,  1.42it/s] 65%|██████▍   | 70/108 [00:51<00:26,  1.42it/s] 66%|██████▌   | 71/108 [00:52<00:26,  1.42it/s] 67%|██████▋   | 72/108 [00:52<00:25,  1.42it/s] 68%|██████▊   | 73/108 [00:53<00:24,  1.42it/s] 69%|██████▊   | 74/108 [00:54<00:23,  1.42it/s] 69%|██████▉   | 75/108 [00:55<00:23,  1.42it/s] 70%|███████   | 76/108 [00:55<00:22,  1.42it/s] 71%|███████▏  | 77/108 [00:56<00:21,  1.42it/s] 72%|███████▏  | 78/108 [00:57<00:21,  1.42it/s] 73%|███████▎  | 79/108 [00:57<00:20,  1.42it/s] 74%|███████▍  | 80/108 [00:58<00:19,  1.42it/s] 75%|███████▌  | 81/108 [00:59<00:19,  1.42it/s] 76%|███████▌  | 82/108 [00:59<00:18,  1.42it/s] 77%|███████▋  | 83/108 [01:00<00:17,  1.42it/s] 78%|███████▊  | 84/108 [01:01<00:16,  1.42it/s] 79%|███████▊  | 85/108 [01:02<00:16,  1.42it/s] 80%|███████▉  | 86/108 [01:02<00:15,  1.42it/s] 81%|████████  | 87/108 [01:03<00:14,  1.42it/s] 81%|████████▏ | 88/108 [01:04<00:14,  1.42it/s] 82%|████████▏ | 89/108 [01:04<00:13,  1.42it/s] 83%|████████▎ | 90/108 [01:05<00:12,  1.42it/s] 84%|████████▍ | 91/108 [01:06<00:11,  1.42it/s] 85%|████████▌ | 92/108 [01:07<00:11,  1.42it/s] 86%|████████▌ | 93/108 [01:07<00:10,  1.42it/s] 87%|████████▋ | 94/108 [01:08<00:09,  1.42it/s] 88%|████████▊ | 95/108 [01:09<00:09,  1.42it/s] 89%|████████▉ | 96/108 [01:09<00:08,  1.42it/s] 90%|████████▉ | 97/108 [01:10<00:07,  1.42it/s] 91%|█████████ | 98/108 [01:11<00:07,  1.42it/s] 92%|█████████▏| 99/108 [01:11<00:06,  1.42it/s] 93%|█████████▎| 100/108 [01:12<00:05,  1.42it/s] 94%|█████████▎| 101/108 [01:13<00:04,  1.42it/s] 94%|█████████▍| 102/108 [01:14<00:04,  1.42it/s] 95%|█████████▌| 103/108 [01:14<00:03,  1.42it/s] 96%|█████████▋| 104/108 [01:15<00:02,  1.42it/s] 97%|█████████▋| 105/108 [01:16<00:02,  1.42it/s] 98%|█████████▊| 106/108 [01:16<00:01,  1.42it/s] 99%|█████████▉| 107/108 [01:17<00:00,  1.42it/s]100%|██████████| 108/108 [01:17<00:00,  1.68it/s]100%|██████████| 108/108 [01:17<00:00,  1.38it/s]
Epoch 9/200, Train Loss: 2.5503, Valid Loss: 2.5111, save best model!
  0%|          | 0/108 [00:00<?, ?it/s]  1%|          | 1/108 [00:02<05:09,  2.89s/it]  2%|▏         | 2/108 [00:03<02:54,  1.64s/it]  3%|▎         | 3/108 [00:04<02:07,  1.21s/it]  4%|▎         | 4/108 [00:05<01:45,  1.01s/it]  5%|▍         | 5/108 [00:05<01:32,  1.11it/s]  6%|▌         | 6/108 [00:06<01:24,  1.20it/s]  6%|▋         | 7/108 [00:07<01:19,  1.27it/s]  7%|▋         | 8/108 [00:07<01:16,  1.31it/s]  8%|▊         | 9/108 [00:08<01:13,  1.34it/s]  9%|▉         | 10/108 [00:09<01:11,  1.36it/s] 10%|█         | 11/108 [00:09<01:10,  1.38it/s] 11%|█         | 12/108 [00:10<01:08,  1.39it/s] 12%|█▏        | 13/108 [00:11<01:07,  1.40it/s] 13%|█▎        | 14/108 [00:12<01:06,  1.41it/s] 14%|█▍        | 15/108 [00:12<01:05,  1.41it/s] 15%|█▍        | 16/108 [00:13<01:04,  1.42it/s] 16%|█▌        | 17/108 [00:14<01:04,  1.42it/s] 17%|█▋        | 18/108 [00:14<01:03,  1.42it/s] 18%|█▊        | 19/108 [00:15<01:02,  1.42it/s] 19%|█▊        | 20/108 [00:16<01:01,  1.42it/s] 19%|█▉        | 21/108 [00:17<01:01,  1.42it/s] 20%|██        | 22/108 [00:17<01:00,  1.42it/s] 21%|██▏       | 23/108 [00:18<00:59,  1.42it/s] 22%|██▏       | 24/108 [00:19<00:59,  1.42it/s] 23%|██▎       | 25/108 [00:19<00:58,  1.42it/s] 24%|██▍       | 26/108 [00:20<00:58,  1.40it/s] 25%|██▌       | 27/108 [00:21<00:57,  1.41it/s] 26%|██▌       | 28/108 [00:21<00:56,  1.41it/s] 27%|██▋       | 29/108 [00:22<00:55,  1.42it/s] 28%|██▊       | 30/108 [00:23<00:54,  1.42it/s] 29%|██▊       | 31/108 [00:24<00:54,  1.42it/s] 30%|██▉       | 32/108 [00:24<00:53,  1.42it/s] 31%|███       | 33/108 [00:25<00:52,  1.42it/s] 31%|███▏      | 34/108 [00:26<00:52,  1.42it/s] 32%|███▏      | 35/108 [00:26<00:51,  1.42it/s] 33%|███▎      | 36/108 [00:27<00:50,  1.42it/s] 34%|███▍      | 37/108 [00:28<00:49,  1.42it/s] 35%|███▌      | 38/108 [00:29<00:49,  1.42it/s] 36%|███▌      | 39/108 [00:29<00:48,  1.42it/s] 37%|███▋      | 40/108 [00:30<00:47,  1.42it/s] 38%|███▊      | 41/108 [00:31<00:47,  1.42it/s] 39%|███▉      | 42/108 [00:31<00:46,  1.42it/s] 40%|███▉      | 43/108 [00:32<00:45,  1.42it/s] 41%|████      | 44/108 [00:33<00:44,  1.42it/s] 42%|████▏     | 45/108 [00:33<00:44,  1.42it/s] 43%|████▎     | 46/108 [00:34<00:43,  1.42it/s] 44%|████▎     | 47/108 [00:35<00:42,  1.42it/s] 44%|████▍     | 48/108 [00:36<00:42,  1.42it/s] 45%|████▌     | 49/108 [00:36<00:41,  1.42it/s] 46%|████▋     | 50/108 [00:37<00:40,  1.42it/s] 47%|████▋     | 51/108 [00:38<00:40,  1.42it/s] 48%|████▊     | 52/108 [00:38<00:39,  1.42it/s] 49%|████▉     | 53/108 [00:39<00:38,  1.42it/s] 50%|█████     | 54/108 [00:40<00:38,  1.42it/s] 51%|█████     | 55/108 [00:40<00:37,  1.42it/s] 52%|█████▏    | 56/108 [00:41<00:36,  1.42it/s] 53%|█████▎    | 57/108 [00:42<00:35,  1.42it/s] 54%|█████▎    | 58/108 [00:43<00:35,  1.42it/s] 55%|█████▍    | 59/108 [00:43<00:34,  1.42it/s] 56%|█████▌    | 60/108 [00:44<00:33,  1.42it/s] 56%|█████▋    | 61/108 [00:45<00:33,  1.42it/s] 57%|█████▋    | 62/108 [00:45<00:32,  1.42it/s] 58%|█████▊    | 63/108 [00:46<00:31,  1.42it/s] 59%|█████▉    | 64/108 [00:47<00:31,  1.42it/s] 60%|██████    | 65/108 [00:48<00:30,  1.42it/s] 61%|██████    | 66/108 [00:48<00:29,  1.42it/s] 62%|██████▏   | 67/108 [00:49<00:28,  1.42it/s] 63%|██████▎   | 68/108 [00:50<00:28,  1.42it/s] 64%|██████▍   | 69/108 [00:50<00:27,  1.42it/s] 65%|██████▍   | 70/108 [00:51<00:26,  1.41it/s] 66%|██████▌   | 71/108 [00:52<00:26,  1.41it/s] 67%|██████▋   | 72/108 [00:52<00:25,  1.42it/s] 68%|██████▊   | 73/108 [00:53<00:24,  1.42it/s] 69%|██████▊   | 74/108 [00:54<00:24,  1.42it/s] 69%|██████▉   | 75/108 [00:55<00:23,  1.42it/s] 70%|███████   | 76/108 [00:55<00:22,  1.41it/s] 71%|███████▏  | 77/108 [00:56<00:21,  1.42it/s] 72%|███████▏  | 78/108 [00:57<00:21,  1.42it/s] 73%|███████▎  | 79/108 [00:57<00:20,  1.42it/s] 74%|███████▍  | 80/108 [00:58<00:19,  1.42it/s] 75%|███████▌  | 81/108 [00:59<00:19,  1.42it/s] 76%|███████▌  | 82/108 [01:00<00:18,  1.42it/s] 77%|███████▋  | 83/108 [01:00<00:17,  1.42it/s] 78%|███████▊  | 84/108 [01:01<00:16,  1.42it/s] 79%|███████▊  | 85/108 [01:02<00:16,  1.42it/s] 80%|███████▉  | 86/108 [01:02<00:15,  1.42it/s] 81%|████████  | 87/108 [01:03<00:14,  1.42it/s] 81%|████████▏ | 88/108 [01:04<00:14,  1.42it/s] 82%|████████▏ | 89/108 [01:04<00:13,  1.42it/s] 83%|████████▎ | 90/108 [01:05<00:12,  1.42it/s] 84%|████████▍ | 91/108 [01:06<00:11,  1.42it/s] 85%|████████▌ | 92/108 [01:07<00:11,  1.42it/s] 86%|████████▌ | 93/108 [01:07<00:10,  1.42it/s] 87%|████████▋ | 94/108 [01:08<00:09,  1.42it/s] 88%|████████▊ | 95/108 [01:09<00:09,  1.42it/s] 89%|████████▉ | 96/108 [01:09<00:08,  1.42it/s] 90%|████████▉ | 97/108 [01:10<00:07,  1.42it/s] 91%|█████████ | 98/108 [01:11<00:07,  1.42it/s] 92%|█████████▏| 99/108 [01:11<00:06,  1.42it/s] 93%|█████████▎| 100/108 [01:12<00:05,  1.42it/s] 94%|█████████▎| 101/108 [01:13<00:04,  1.42it/s] 94%|█████████▍| 102/108 [01:14<00:04,  1.42it/s] 95%|█████████▌| 103/108 [01:14<00:03,  1.42it/s] 96%|█████████▋| 104/108 [01:15<00:02,  1.42it/s] 97%|█████████▋| 105/108 [01:16<00:02,  1.42it/s] 98%|█████████▊| 106/108 [01:16<00:01,  1.42it/s] 99%|█████████▉| 107/108 [01:17<00:00,  1.42it/s]100%|██████████| 108/108 [01:17<00:00,  1.68it/s]100%|██████████| 108/108 [01:18<00:00,  1.38it/s]
Epoch 10/200, Train Loss: 2.5486, Valid Loss: 2.4954, save best model!
  0%|          | 0/108 [00:00<?, ?it/s]  1%|          | 1/108 [00:02<04:54,  2.75s/it]  2%|▏         | 2/108 [00:03<02:46,  1.57s/it]  3%|▎         | 3/108 [00:04<02:03,  1.17s/it]  4%|▎         | 4/108 [00:04<01:43,  1.01it/s]  5%|▍         | 5/108 [00:05<01:31,  1.12it/s]  6%|▌         | 6/108 [00:06<01:24,  1.21it/s]  6%|▋         | 7/108 [00:07<01:19,  1.27it/s]  7%|▋         | 8/108 [00:07<01:15,  1.32it/s]  8%|▊         | 9/108 [00:08<01:13,  1.35it/s]  9%|▉         | 10/108 [00:09<01:11,  1.37it/s] 10%|█         | 11/108 [00:09<01:10,  1.38it/s] 11%|█         | 12/108 [00:10<01:08,  1.40it/s] 12%|█▏        | 13/108 [00:11<01:07,  1.40it/s] 13%|█▎        | 14/108 [00:11<01:06,  1.41it/s] 14%|█▍        | 15/108 [00:12<01:05,  1.41it/s] 15%|█▍        | 16/108 [00:13<01:05,  1.42it/s] 16%|█▌        | 17/108 [00:14<01:04,  1.42it/s] 17%|█▋        | 18/108 [00:14<01:03,  1.42it/s] 18%|█▊        | 19/108 [00:15<01:02,  1.42it/s] 19%|█▊        | 20/108 [00:16<01:01,  1.42it/s] 19%|█▉        | 21/108 [00:16<01:01,  1.42it/s] 20%|██        | 22/108 [00:17<01:00,  1.42it/s] 21%|██▏       | 23/108 [00:18<00:59,  1.42it/s] 22%|██▏       | 24/108 [00:18<00:59,  1.42it/s] 23%|██▎       | 25/108 [00:19<00:58,  1.42it/s] 24%|██▍       | 26/108 [00:20<00:58,  1.41it/s] 25%|██▌       | 27/108 [00:21<00:57,  1.42it/s] 26%|██▌       | 28/108 [00:21<00:56,  1.41it/s] 27%|██▋       | 29/108 [00:22<00:55,  1.41it/s] 28%|██▊       | 30/108 [00:23<00:55,  1.42it/s] 29%|██▊       | 31/108 [00:23<00:54,  1.42it/s] 30%|██▉       | 32/108 [00:24<00:53,  1.42it/s] 31%|███       | 33/108 [00:25<00:52,  1.42it/s] 31%|███▏      | 34/108 [00:26<00:52,  1.42it/s] 32%|███▏      | 35/108 [00:26<00:51,  1.42it/s] 33%|███▎      | 36/108 [00:27<00:50,  1.42it/s] 34%|███▍      | 37/108 [00:28<00:49,  1.42it/s] 35%|███▌      | 38/108 [00:28<00:49,  1.42it/s] 36%|███▌      | 39/108 [00:29<00:48,  1.42it/s] 37%|███▋      | 40/108 [00:30<00:47,  1.42it/s] 38%|███▊      | 41/108 [00:30<00:47,  1.42it/s] 39%|███▉      | 42/108 [00:31<00:46,  1.42it/s] 40%|███▉      | 43/108 [00:32<00:45,  1.42it/s] 41%|████      | 44/108 [00:33<00:45,  1.42it/s] 42%|████▏     | 45/108 [00:33<00:44,  1.42it/s] 43%|████▎     | 46/108 [00:34<00:43,  1.42it/s] 44%|████▎     | 47/108 [00:35<00:42,  1.42it/s] 44%|████▍     | 48/108 [00:35<00:42,  1.42it/s] 45%|████▌     | 49/108 [00:36<00:41,  1.42it/s] 46%|████▋     | 50/108 [00:37<00:40,  1.42it/s] 47%|████▋     | 51/108 [00:37<00:40,  1.42it/s] 48%|████▊     | 52/108 [00:38<00:39,  1.42it/s] 49%|████▉     | 53/108 [00:39<00:38,  1.42it/s] 50%|█████     | 54/108 [00:40<00:38,  1.42it/s] 51%|█████     | 55/108 [00:40<00:37,  1.42it/s] 52%|█████▏    | 56/108 [00:41<00:36,  1.42it/s] 53%|█████▎    | 57/108 [00:42<00:35,  1.42it/s] 54%|█████▎    | 58/108 [00:42<00:35,  1.42it/s] 55%|█████▍    | 59/108 [00:43<00:34,  1.42it/s] 56%|█████▌    | 60/108 [00:44<00:33,  1.42it/s] 56%|█████▋    | 61/108 [00:45<00:33,  1.42it/s] 57%|█████▋    | 62/108 [00:45<00:32,  1.42it/s] 58%|█████▊    | 63/108 [00:46<00:31,  1.42it/s] 59%|█████▉    | 64/108 [00:47<00:31,  1.42it/s] 60%|██████    | 65/108 [00:47<00:30,  1.42it/s] 61%|██████    | 66/108 [00:48<00:29,  1.42it/s] 62%|██████▏   | 67/108 [00:49<00:28,  1.42it/s] 63%|██████▎   | 68/108 [00:49<00:28,  1.42it/s] 64%|██████▍   | 69/108 [00:50<00:27,  1.42it/s] 65%|██████▍   | 70/108 [00:51<00:26,  1.42it/s] 66%|██████▌   | 71/108 [00:52<00:26,  1.42it/s] 67%|██████▋   | 72/108 [00:52<00:25,  1.42it/s] 68%|██████▊   | 73/108 [00:53<00:24,  1.42it/s] 69%|██████▊   | 74/108 [00:54<00:23,  1.42it/s] 69%|██████▉   | 75/108 [00:54<00:23,  1.42it/s] 70%|███████   | 76/108 [00:55<00:22,  1.42it/s] 71%|███████▏  | 77/108 [00:56<00:21,  1.42it/s] 72%|███████▏  | 78/108 [00:57<00:21,  1.42it/s] 73%|███████▎  | 79/108 [00:57<00:20,  1.42it/s] 74%|███████▍  | 80/108 [00:58<00:19,  1.42it/s] 75%|███████▌  | 81/108 [00:59<00:19,  1.42it/s] 76%|███████▌  | 82/108 [00:59<00:18,  1.42it/s] 77%|███████▋  | 83/108 [01:00<00:17,  1.42it/s] 78%|███████▊  | 84/108 [01:01<00:16,  1.42it/s] 79%|███████▊  | 85/108 [01:01<00:16,  1.42it/s] 80%|███████▉  | 86/108 [01:02<00:15,  1.42it/s] 81%|████████  | 87/108 [01:03<00:14,  1.42it/s] 81%|████████▏ | 88/108 [01:04<00:14,  1.42it/s] 82%|████████▏ | 89/108 [01:04<00:13,  1.42it/s] 83%|████████▎ | 90/108 [01:05<00:12,  1.42it/s] 84%|████████▍ | 91/108 [01:06<00:11,  1.42it/s] 85%|████████▌ | 92/108 [01:06<00:11,  1.42it/s] 86%|████████▌ | 93/108 [01:07<00:10,  1.42it/s] 87%|████████▋ | 94/108 [01:08<00:09,  1.42it/s] 88%|████████▊ | 95/108 [01:09<00:09,  1.42it/s] 89%|████████▉ | 96/108 [01:09<00:08,  1.42it/s] 90%|████████▉ | 97/108 [01:10<00:07,  1.42it/s] 91%|█████████ | 98/108 [01:11<00:07,  1.42it/s] 92%|█████████▏| 99/108 [01:11<00:06,  1.42it/s] 93%|█████████▎| 100/108 [01:12<00:05,  1.42it/s] 94%|█████████▎| 101/108 [01:13<00:04,  1.42it/s] 94%|█████████▍| 102/108 [01:13<00:04,  1.42it/s] 95%|█████████▌| 103/108 [01:14<00:03,  1.42it/s] 96%|█████████▋| 104/108 [01:15<00:02,  1.42it/s] 97%|█████████▋| 105/108 [01:16<00:02,  1.42it/s] 98%|█████████▊| 106/108 [01:16<00:01,  1.42it/s] 99%|█████████▉| 107/108 [01:17<00:00,  1.42it/s]100%|██████████| 108/108 [01:17<00:00,  1.68it/s]100%|██████████| 108/108 [01:17<00:00,  1.39it/s]
Epoch 11/200, Train Loss: 2.5515, Valid Loss: 2.5170
  0%|          | 0/108 [00:00<?, ?it/s]  1%|          | 1/108 [00:02<04:58,  2.79s/it]  2%|▏         | 2/108 [00:03<02:47,  1.58s/it]  3%|▎         | 3/108 [00:04<02:03,  1.18s/it]  4%|▎         | 4/108 [00:04<01:43,  1.01it/s]  5%|▍         | 5/108 [00:05<01:31,  1.12it/s]  6%|▌         | 6/108 [00:06<01:24,  1.21it/s]  6%|▋         | 7/108 [00:07<01:19,  1.27it/s]  7%|▋         | 8/108 [00:07<01:16,  1.31it/s]  8%|▊         | 9/108 [00:08<01:13,  1.35it/s]  9%|▉         | 10/108 [00:09<01:11,  1.37it/s] 10%|█         | 11/108 [00:09<01:10,  1.38it/s] 11%|█         | 12/108 [00:10<01:08,  1.40it/s] 12%|█▏        | 13/108 [00:11<01:07,  1.41it/s] 13%|█▎        | 14/108 [00:11<01:06,  1.41it/s] 14%|█▍        | 15/108 [00:12<01:05,  1.41it/s] 15%|█▍        | 16/108 [00:13<01:04,  1.42it/s] 16%|█▌        | 17/108 [00:14<01:04,  1.42it/s] 17%|█▋        | 18/108 [00:14<01:03,  1.42it/s] 18%|█▊        | 19/108 [00:15<01:02,  1.42it/s] 19%|█▊        | 20/108 [00:16<01:01,  1.42it/s] 19%|█▉        | 21/108 [00:16<01:01,  1.42it/s] 20%|██        | 22/108 [00:17<01:00,  1.42it/s] 21%|██▏       | 23/108 [00:18<00:59,  1.42it/s] 22%|██▏       | 24/108 [00:18<00:58,  1.42it/s] 23%|██▎       | 25/108 [00:19<00:58,  1.42it/s] 24%|██▍       | 26/108 [00:20<00:57,  1.42it/s] 25%|██▌       | 27/108 [00:21<00:57,  1.42it/s] 26%|██▌       | 28/108 [00:21<00:56,  1.42it/s] 27%|██▋       | 29/108 [00:22<00:55,  1.42it/s] 28%|██▊       | 30/108 [00:23<00:54,  1.42it/s] 29%|██▊       | 31/108 [00:23<00:54,  1.42it/s] 30%|██▉       | 32/108 [00:24<00:53,  1.42it/s] 31%|███       | 33/108 [00:25<00:52,  1.42it/s] 31%|███▏      | 34/108 [00:26<00:52,  1.42it/s] 32%|███▏      | 35/108 [00:26<00:51,  1.42it/s] 33%|███▎      | 36/108 [00:27<00:50,  1.42it/s] 34%|███▍      | 37/108 [00:28<00:49,  1.42it/s] 35%|███▌      | 38/108 [00:28<00:49,  1.42it/s] 36%|███▌      | 39/108 [00:29<00:48,  1.42it/s] 37%|███▋      | 40/108 [00:30<00:47,  1.42it/s] 38%|███▊      | 41/108 [00:30<00:47,  1.42it/s] 39%|███▉      | 42/108 [00:31<00:46,  1.42it/s] 40%|███▉      | 43/108 [00:32<00:45,  1.42it/s] 41%|████      | 44/108 [00:33<00:45,  1.42it/s] 42%|████▏     | 45/108 [00:33<00:44,  1.42it/s] 43%|████▎     | 46/108 [00:34<00:43,  1.42it/s] 44%|████▎     | 47/108 [00:35<00:42,  1.42it/s] 44%|████▍     | 48/108 [00:35<00:42,  1.42it/s] 45%|████▌     | 49/108 [00:36<00:41,  1.42it/s] 46%|████▋     | 50/108 [00:37<00:40,  1.42it/s] 47%|████▋     | 51/108 [00:38<00:40,  1.42it/s] 48%|████▊     | 52/108 [00:38<00:39,  1.42it/s] 49%|████▉     | 53/108 [00:39<00:38,  1.42it/s] 50%|█████     | 54/108 [00:40<00:38,  1.42it/s] 51%|█████     | 55/108 [00:40<00:37,  1.42it/s] 52%|█████▏    | 56/108 [00:41<00:36,  1.42it/s] 53%|█████▎    | 57/108 [00:42<00:35,  1.42it/s] 54%|█████▎    | 58/108 [00:42<00:35,  1.42it/s] 55%|█████▍    | 59/108 [00:43<00:34,  1.42it/s] 56%|█████▌    | 60/108 [00:44<00:33,  1.42it/s] 56%|█████▋    | 61/108 [00:45<00:33,  1.42it/s] 57%|█████▋    | 62/108 [00:45<00:32,  1.42it/s] 58%|█████▊    | 63/108 [00:46<00:31,  1.42it/s] 59%|█████▉    | 64/108 [00:47<00:30,  1.42it/s] 60%|██████    | 65/108 [00:47<00:30,  1.42it/s] 61%|██████    | 66/108 [00:48<00:29,  1.42it/s] 62%|██████▏   | 67/108 [00:49<00:28,  1.42it/s] 63%|██████▎   | 68/108 [00:49<00:28,  1.42it/s] 64%|██████▍   | 69/108 [00:50<00:27,  1.42it/s] 65%|██████▍   | 70/108 [00:51<00:26,  1.42it/s] 66%|██████▌   | 71/108 [00:52<00:26,  1.42it/s] 67%|██████▋   | 72/108 [00:52<00:25,  1.42it/s] 68%|██████▊   | 73/108 [00:53<00:24,  1.42it/s] 69%|██████▊   | 74/108 [00:54<00:23,  1.42it/s] 69%|██████▉   | 75/108 [00:54<00:23,  1.42it/s] 70%|███████   | 76/108 [00:55<00:22,  1.42it/s] 71%|███████▏  | 77/108 [00:56<00:21,  1.42it/s] 72%|███████▏  | 78/108 [00:57<00:21,  1.42it/s] 73%|███████▎  | 79/108 [00:57<00:20,  1.42it/s] 74%|███████▍  | 80/108 [00:58<00:19,  1.42it/s] 75%|███████▌  | 81/108 [00:59<00:19,  1.42it/s] 76%|███████▌  | 82/108 [00:59<00:18,  1.42it/s] 77%|███████▋  | 83/108 [01:00<00:17,  1.42it/s] 78%|███████▊  | 84/108 [01:01<00:16,  1.42it/s] 79%|███████▊  | 85/108 [01:01<00:16,  1.42it/s] 80%|███████▉  | 86/108 [01:02<00:15,  1.42it/s] 81%|████████  | 87/108 [01:03<00:14,  1.42it/s] 81%|████████▏ | 88/108 [01:04<00:14,  1.42it/s] 82%|████████▏ | 89/108 [01:04<00:13,  1.42it/s] 83%|████████▎ | 90/108 [01:05<00:12,  1.42it/s] 84%|████████▍ | 91/108 [01:06<00:11,  1.42it/s] 85%|████████▌ | 92/108 [01:06<00:11,  1.42it/s] 86%|████████▌ | 93/108 [01:07<00:10,  1.42it/s] 87%|████████▋ | 94/108 [01:08<00:09,  1.42it/s] 88%|████████▊ | 95/108 [01:09<00:09,  1.42it/s] 89%|████████▉ | 96/108 [01:09<00:08,  1.42it/s] 90%|████████▉ | 97/108 [01:10<00:07,  1.42it/s] 91%|█████████ | 98/108 [01:11<00:07,  1.42it/s] 92%|█████████▏| 99/108 [01:11<00:06,  1.42it/s] 93%|█████████▎| 100/108 [01:12<00:05,  1.42it/s] 94%|█████████▎| 101/108 [01:13<00:04,  1.42it/s] 94%|█████████▍| 102/108 [01:13<00:04,  1.42it/s] 95%|█████████▌| 103/108 [01:14<00:03,  1.42it/s] 96%|█████████▋| 104/108 [01:15<00:02,  1.42it/s] 97%|█████████▋| 105/108 [01:16<00:02,  1.42it/s] 98%|█████████▊| 106/108 [01:16<00:01,  1.42it/s] 99%|█████████▉| 107/108 [01:17<00:00,  1.42it/s]100%|██████████| 108/108 [01:17<00:00,  1.68it/s]100%|██████████| 108/108 [01:17<00:00,  1.39it/s]
Epoch 12/200, Train Loss: 2.5291, Valid Loss: 2.5014
  0%|          | 0/108 [00:00<?, ?it/s]  1%|          | 1/108 [00:03<05:28,  3.07s/it]  2%|▏         | 2/108 [00:03<02:57,  1.68s/it]  3%|▎         | 3/108 [00:04<02:09,  1.23s/it]  4%|▎         | 4/108 [00:05<01:46,  1.02s/it]  5%|▍         | 5/108 [00:05<01:33,  1.10it/s]  6%|▌         | 6/108 [00:06<01:25,  1.19it/s]  6%|▋         | 7/108 [00:07<01:20,  1.25it/s]  7%|▋         | 8/108 [00:08<01:16,  1.30it/s]  8%|▊         | 9/108 [00:08<01:13,  1.34it/s]  9%|▉         | 10/108 [00:09<01:11,  1.36it/s] 10%|█         | 11/108 [00:10<01:10,  1.38it/s] 11%|█         | 12/108 [00:10<01:08,  1.39it/s] 12%|█▏        | 13/108 [00:11<01:07,  1.40it/s] 13%|█▎        | 14/108 [00:12<01:06,  1.41it/s] 14%|█▍        | 15/108 [00:12<01:05,  1.41it/s] 15%|█▍        | 16/108 [00:13<01:04,  1.42it/s] 16%|█▌        | 17/108 [00:14<01:04,  1.42it/s] 17%|█▋        | 18/108 [00:15<01:03,  1.42it/s] 18%|█▊        | 19/108 [00:15<01:02,  1.42it/s] 19%|█▊        | 20/108 [00:16<01:01,  1.42it/s] 19%|█▉        | 21/108 [00:17<01:01,  1.42it/s] 20%|██        | 22/108 [00:17<01:00,  1.42it/s] 21%|██▏       | 23/108 [00:18<00:59,  1.42it/s] 22%|██▏       | 24/108 [00:19<00:59,  1.42it/s] 23%|██▎       | 25/108 [00:19<00:58,  1.42it/s] 24%|██▍       | 26/108 [00:20<00:57,  1.42it/s] 25%|██▌       | 27/108 [00:21<00:56,  1.42it/s] 26%|██▌       | 28/108 [00:22<00:56,  1.42it/s] 27%|██▋       | 29/108 [00:22<00:55,  1.42it/s] 28%|██▊       | 30/108 [00:23<00:55,  1.42it/s] 29%|██▊       | 31/108 [00:24<00:54,  1.42it/s] 30%|██▉       | 32/108 [00:24<00:53,  1.42it/s] 31%|███       | 33/108 [00:25<00:52,  1.42it/s] 31%|███▏      | 34/108 [00:26<00:52,  1.42it/s] 32%|███▏      | 35/108 [00:27<00:51,  1.42it/s] 33%|███▎      | 36/108 [00:27<00:50,  1.42it/s] 34%|███▍      | 37/108 [00:28<00:49,  1.42it/s] 35%|███▌      | 38/108 [00:29<00:49,  1.42it/s] 36%|███▌      | 39/108 [00:29<00:48,  1.42it/s] 37%|███▋      | 40/108 [00:30<00:47,  1.42it/s] 38%|███▊      | 41/108 [00:31<00:47,  1.42it/s] 39%|███▉      | 42/108 [00:31<00:46,  1.42it/s] 40%|███▉      | 43/108 [00:32<00:45,  1.42it/s] 41%|████      | 44/108 [00:33<00:45,  1.42it/s] 42%|████▏     | 45/108 [00:34<00:44,  1.42it/s] 43%|████▎     | 46/108 [00:34<00:43,  1.42it/s] 44%|████▎     | 47/108 [00:35<00:42,  1.42it/s] 44%|████▍     | 48/108 [00:36<00:42,  1.42it/s] 45%|████▌     | 49/108 [00:36<00:41,  1.42it/s] 46%|████▋     | 50/108 [00:37<00:40,  1.42it/s] 47%|████▋     | 51/108 [00:38<00:40,  1.42it/s] 48%|████▊     | 52/108 [00:38<00:39,  1.42it/s] 49%|████▉     | 53/108 [00:39<00:38,  1.42it/s] 50%|█████     | 54/108 [00:40<00:38,  1.42it/s] 51%|█████     | 55/108 [00:41<00:37,  1.42it/s] 52%|█████▏    | 56/108 [00:41<00:36,  1.42it/s] 53%|█████▎    | 57/108 [00:42<00:35,  1.42it/s] 54%|█████▎    | 58/108 [00:43<00:35,  1.42it/s] 55%|█████▍    | 59/108 [00:43<00:34,  1.42it/s] 56%|█████▌    | 60/108 [00:44<00:33,  1.42it/s] 56%|█████▋    | 61/108 [00:45<00:33,  1.42it/s] 57%|█████▋    | 62/108 [00:46<00:32,  1.42it/s] 58%|█████▊    | 63/108 [00:46<00:31,  1.42it/s] 59%|█████▉    | 64/108 [00:47<00:30,  1.42it/s] 60%|██████    | 65/108 [00:48<00:30,  1.42it/s] 61%|██████    | 66/108 [00:48<00:29,  1.42it/s] 62%|██████▏   | 67/108 [00:49<00:28,  1.42it/s] 63%|██████▎   | 68/108 [00:50<00:28,  1.42it/s] 64%|██████▍   | 69/108 [00:50<00:27,  1.42it/s] 65%|██████▍   | 70/108 [00:51<00:26,  1.42it/s] 66%|██████▌   | 71/108 [00:52<00:26,  1.42it/s] 67%|██████▋   | 72/108 [00:53<00:25,  1.42it/s] 68%|██████▊   | 73/108 [00:53<00:24,  1.42it/s] 69%|██████▊   | 74/108 [00:54<00:23,  1.42it/s] 69%|██████▉   | 75/108 [00:55<00:23,  1.42it/s] 70%|███████   | 76/108 [00:55<00:22,  1.42it/s] 71%|███████▏  | 77/108 [00:56<00:21,  1.42it/s] 72%|███████▏  | 78/108 [00:57<00:21,  1.42it/s] 73%|███████▎  | 79/108 [00:57<00:20,  1.42it/s] 74%|███████▍  | 80/108 [00:58<00:19,  1.42it/s] 75%|███████▌  | 81/108 [00:59<00:19,  1.42it/s] 76%|███████▌  | 82/108 [01:00<00:18,  1.42it/s] 77%|███████▋  | 83/108 [01:00<00:17,  1.42it/s] 78%|███████▊  | 84/108 [01:01<00:16,  1.42it/s] 79%|███████▊  | 85/108 [01:02<00:16,  1.42it/s] 80%|███████▉  | 86/108 [01:02<00:15,  1.42it/s] 81%|████████  | 87/108 [01:03<00:14,  1.42it/s] 81%|████████▏ | 88/108 [01:04<00:14,  1.42it/s] 82%|████████▏ | 89/108 [01:05<00:13,  1.42it/s] 83%|████████▎ | 90/108 [01:05<00:12,  1.42it/s] 84%|████████▍ | 91/108 [01:06<00:11,  1.42it/s] 85%|████████▌ | 92/108 [01:07<00:11,  1.42it/s] 86%|████████▌ | 93/108 [01:07<00:10,  1.42it/s] 87%|████████▋ | 94/108 [01:08<00:09,  1.42it/s] 88%|████████▊ | 95/108 [01:09<00:09,  1.42it/s] 89%|████████▉ | 96/108 [01:09<00:08,  1.42it/s] 90%|████████▉ | 97/108 [01:10<00:07,  1.42it/s] 91%|█████████ | 98/108 [01:11<00:07,  1.42it/s] 92%|█████████▏| 99/108 [01:12<00:06,  1.42it/s] 93%|█████████▎| 100/108 [01:12<00:05,  1.42it/s] 94%|█████████▎| 101/108 [01:13<00:04,  1.42it/s] 94%|█████████▍| 102/108 [01:14<00:04,  1.42it/s] 95%|█████████▌| 103/108 [01:14<00:03,  1.42it/s] 96%|█████████▋| 104/108 [01:15<00:02,  1.42it/s] 97%|█████████▋| 105/108 [01:16<00:02,  1.42it/s] 98%|█████████▊| 106/108 [01:17<00:01,  1.42it/s] 99%|█████████▉| 107/108 [01:17<00:00,  1.42it/s]100%|██████████| 108/108 [01:18<00:00,  1.68it/s]100%|██████████| 108/108 [01:18<00:00,  1.38it/s]
Epoch 13/200, Train Loss: 2.5230, Valid Loss: 2.4866, save best model!
  0%|          | 0/108 [00:00<?, ?it/s]  1%|          | 1/108 [00:02<05:10,  2.90s/it]  2%|▏         | 2/108 [00:03<02:53,  1.64s/it]  3%|▎         | 3/108 [00:04<02:08,  1.22s/it]  4%|▎         | 4/108 [00:05<01:45,  1.02s/it]  5%|▍         | 5/108 [00:05<01:33,  1.11it/s]  6%|▌         | 6/108 [00:06<01:25,  1.20it/s]  6%|▋         | 7/108 [00:07<01:20,  1.26it/s]  7%|▋         | 8/108 [00:07<01:16,  1.31it/s]  8%|▊         | 9/108 [00:08<01:13,  1.34it/s]  9%|▉         | 10/108 [00:09<01:11,  1.37it/s] 10%|█         | 11/108 [00:10<01:10,  1.38it/s] 11%|█         | 12/108 [00:10<01:08,  1.40it/s] 12%|█▏        | 13/108 [00:11<01:07,  1.40it/s] 13%|█▎        | 14/108 [00:12<01:06,  1.41it/s] 14%|█▍        | 15/108 [00:12<01:05,  1.41it/s] 15%|█▍        | 16/108 [00:13<01:04,  1.42it/s] 16%|█▌        | 17/108 [00:14<01:04,  1.42it/s] 17%|█▋        | 18/108 [00:14<01:03,  1.42it/s] 18%|█▊        | 19/108 [00:15<01:02,  1.42it/s] 19%|█▊        | 20/108 [00:16<01:01,  1.42it/s] 19%|█▉        | 21/108 [00:17<01:01,  1.42it/s] 20%|██        | 22/108 [00:17<01:00,  1.42it/s] 21%|██▏       | 23/108 [00:18<00:59,  1.42it/s] 22%|██▏       | 24/108 [00:19<00:59,  1.42it/s] 23%|██▎       | 25/108 [00:19<00:58,  1.42it/s] 24%|██▍       | 26/108 [00:20<00:58,  1.40it/s] 25%|██▌       | 27/108 [00:21<00:57,  1.41it/s] 26%|██▌       | 28/108 [00:21<00:56,  1.41it/s] 27%|██▋       | 29/108 [00:22<00:55,  1.42it/s] 28%|██▊       | 30/108 [00:23<00:54,  1.42it/s] 29%|██▊       | 31/108 [00:24<00:54,  1.42it/s] 30%|██▉       | 32/108 [00:24<00:53,  1.42it/s] 31%|███       | 33/108 [00:25<00:52,  1.42it/s] 31%|███▏      | 34/108 [00:26<00:52,  1.42it/s] 32%|███▏      | 35/108 [00:26<00:51,  1.42it/s] 33%|███▎      | 36/108 [00:27<00:50,  1.42it/s] 34%|███▍      | 37/108 [00:28<00:49,  1.42it/s] 35%|███▌      | 38/108 [00:29<00:49,  1.42it/s] 36%|███▌      | 39/108 [00:29<00:48,  1.42it/s] 37%|███▋      | 40/108 [00:30<00:47,  1.42it/s] 38%|███▊      | 41/108 [00:31<00:47,  1.42it/s] 39%|███▉      | 42/108 [00:31<00:46,  1.42it/s] 40%|███▉      | 43/108 [00:32<00:45,  1.42it/s] 41%|████      | 44/108 [00:33<00:44,  1.42it/s] 42%|████▏     | 45/108 [00:33<00:44,  1.42it/s] 43%|████▎     | 46/108 [00:34<00:43,  1.42it/s] 44%|████▎     | 47/108 [00:35<00:42,  1.42it/s] 44%|████▍     | 48/108 [00:36<00:42,  1.42it/s] 45%|████▌     | 49/108 [00:36<00:41,  1.42it/s] 46%|████▋     | 50/108 [00:37<00:40,  1.42it/s] 47%|████▋     | 51/108 [00:38<00:40,  1.42it/s] 48%|████▊     | 52/108 [00:38<00:39,  1.42it/s] 49%|████▉     | 53/108 [00:39<00:38,  1.42it/s] 50%|█████     | 54/108 [00:40<00:38,  1.42it/s] 51%|█████     | 55/108 [00:40<00:37,  1.42it/s] 52%|█████▏    | 56/108 [00:41<00:36,  1.42it/s] 53%|█████▎    | 57/108 [00:42<00:35,  1.42it/s] 54%|█████▎    | 58/108 [00:43<00:35,  1.42it/s] 55%|█████▍    | 59/108 [00:43<00:34,  1.42it/s] 56%|█████▌    | 60/108 [00:44<00:33,  1.42it/s] 56%|█████▋    | 61/108 [00:45<00:33,  1.42it/s] 57%|█████▋    | 62/108 [00:45<00:32,  1.42it/s] 58%|█████▊    | 63/108 [00:46<00:31,  1.42it/s] 59%|█████▉    | 64/108 [00:47<00:30,  1.42it/s] 60%|██████    | 65/108 [00:48<00:30,  1.42it/s] 61%|██████    | 66/108 [00:48<00:29,  1.42it/s] 62%|██████▏   | 67/108 [00:49<00:28,  1.42it/s] 63%|██████▎   | 68/108 [00:50<00:28,  1.42it/s] 64%|██████▍   | 69/108 [00:50<00:27,  1.42it/s] 65%|██████▍   | 70/108 [00:51<00:26,  1.42it/s] 66%|██████▌   | 71/108 [00:52<00:26,  1.42it/s] 67%|██████▋   | 72/108 [00:52<00:25,  1.42it/s] 68%|██████▊   | 73/108 [00:53<00:24,  1.42it/s] 69%|██████▊   | 74/108 [00:54<00:23,  1.42it/s] 69%|██████▉   | 75/108 [00:55<00:23,  1.42it/s] 70%|███████   | 76/108 [00:55<00:22,  1.42it/s] 71%|███████▏  | 77/108 [00:56<00:21,  1.42it/s] 72%|███████▏  | 78/108 [00:57<00:21,  1.42it/s] 73%|███████▎  | 79/108 [00:57<00:20,  1.42it/s] 74%|███████▍  | 80/108 [00:58<00:19,  1.42it/s] 75%|███████▌  | 81/108 [00:59<00:19,  1.42it/s] 76%|███████▌  | 82/108 [01:00<00:18,  1.42it/s] 77%|███████▋  | 83/108 [01:00<00:17,  1.42it/s] 78%|███████▊  | 84/108 [01:01<00:16,  1.42it/s] 79%|███████▊  | 85/108 [01:02<00:16,  1.42it/s] 80%|███████▉  | 86/108 [01:02<00:15,  1.42it/s] 81%|████████  | 87/108 [01:03<00:14,  1.42it/s] 81%|████████▏ | 88/108 [01:04<00:14,  1.42it/s] 82%|████████▏ | 89/108 [01:04<00:13,  1.42it/s] 83%|████████▎ | 90/108 [01:05<00:12,  1.42it/s] 84%|████████▍ | 91/108 [01:06<00:11,  1.42it/s] 85%|████████▌ | 92/108 [01:07<00:11,  1.42it/s] 86%|████████▌ | 93/108 [01:07<00:10,  1.42it/s] 87%|████████▋ | 94/108 [01:08<00:09,  1.42it/s] 88%|████████▊ | 95/108 [01:09<00:09,  1.42it/s] 89%|████████▉ | 96/108 [01:09<00:08,  1.42it/s] 90%|████████▉ | 97/108 [01:10<00:07,  1.42it/s] 91%|█████████ | 98/108 [01:11<00:07,  1.42it/s] 92%|█████████▏| 99/108 [01:11<00:06,  1.42it/s] 93%|█████████▎| 100/108 [01:12<00:05,  1.42it/s] 94%|█████████▎| 101/108 [01:13<00:04,  1.42it/s] 94%|█████████▍| 102/108 [01:14<00:04,  1.42it/s] 95%|█████████▌| 103/108 [01:14<00:03,  1.42it/s] 96%|█████████▋| 104/108 [01:15<00:02,  1.42it/s] 97%|█████████▋| 105/108 [01:16<00:02,  1.42it/s] 98%|█████████▊| 106/108 [01:16<00:01,  1.42it/s] 99%|█████████▉| 107/108 [01:17<00:00,  1.42it/s]100%|██████████| 108/108 [01:17<00:00,  1.68it/s]100%|██████████| 108/108 [01:18<00:00,  1.38it/s]
Epoch 14/200, Train Loss: 2.5261, Valid Loss: 2.4837, save best model!
  0%|          | 0/108 [00:00<?, ?it/s]  1%|          | 1/108 [00:02<04:53,  2.74s/it]  2%|▏         | 2/108 [00:03<02:45,  1.56s/it]  3%|▎         | 3/108 [00:04<02:03,  1.18s/it]  4%|▎         | 4/108 [00:04<01:43,  1.01it/s]  5%|▍         | 5/108 [00:05<01:31,  1.13it/s]  6%|▌         | 6/108 [00:06<01:24,  1.21it/s]  6%|▋         | 7/108 [00:07<01:19,  1.27it/s]  7%|▋         | 8/108 [00:07<01:15,  1.32it/s]  8%|▊         | 9/108 [00:08<01:13,  1.34it/s]  9%|▉         | 10/108 [00:09<01:11,  1.36it/s] 10%|█         | 11/108 [00:09<01:10,  1.38it/s] 11%|█         | 12/108 [00:10<01:08,  1.39it/s] 12%|█▏        | 13/108 [00:11<01:07,  1.40it/s] 13%|█▎        | 14/108 [00:11<01:06,  1.41it/s] 14%|█▍        | 15/108 [00:12<01:05,  1.41it/s] 15%|█▍        | 16/108 [00:13<01:04,  1.42it/s] 16%|█▌        | 17/108 [00:14<01:04,  1.42it/s] 17%|█▋        | 18/108 [00:14<01:03,  1.42it/s] 18%|█▊        | 19/108 [00:15<01:02,  1.42it/s] 19%|█▊        | 20/108 [00:16<01:01,  1.42it/s] 19%|█▉        | 21/108 [00:16<01:01,  1.42it/s] 20%|██        | 22/108 [00:17<01:00,  1.42it/s] 21%|██▏       | 23/108 [00:18<00:59,  1.42it/s] 22%|██▏       | 24/108 [00:18<00:59,  1.42it/s] 23%|██▎       | 25/108 [00:19<00:58,  1.42it/s] 24%|██▍       | 26/108 [00:20<00:57,  1.42it/s] 25%|██▌       | 27/108 [00:21<00:57,  1.41it/s] 26%|██▌       | 28/108 [00:21<00:56,  1.41it/s] 27%|██▋       | 29/108 [00:22<00:55,  1.42it/s] 28%|██▊       | 30/108 [00:23<00:55,  1.42it/s] 29%|██▊       | 31/108 [00:23<00:54,  1.42it/s] 30%|██▉       | 32/108 [00:24<00:53,  1.42it/s] 31%|███       | 33/108 [00:25<00:52,  1.42it/s] 31%|███▏      | 34/108 [00:26<00:52,  1.42it/s] 32%|███▏      | 35/108 [00:26<00:51,  1.42it/s] 33%|███▎      | 36/108 [00:27<00:50,  1.42it/s] 34%|███▍      | 37/108 [00:28<00:50,  1.42it/s] 35%|███▌      | 38/108 [00:28<00:49,  1.42it/s] 36%|███▌      | 39/108 [00:29<00:48,  1.42it/s] 37%|███▋      | 40/108 [00:30<00:47,  1.42it/s] 38%|███▊      | 41/108 [00:30<00:47,  1.42it/s] 39%|███▉      | 42/108 [00:31<00:46,  1.42it/s] 40%|███▉      | 43/108 [00:32<00:45,  1.42it/s] 41%|████      | 44/108 [00:33<00:45,  1.42it/s] 42%|████▏     | 45/108 [00:33<00:44,  1.42it/s] 43%|████▎     | 46/108 [00:34<00:43,  1.42it/s] 44%|████▎     | 47/108 [00:35<00:42,  1.42it/s] 44%|████▍     | 48/108 [00:35<00:42,  1.42it/s] 45%|████▌     | 49/108 [00:36<00:41,  1.42it/s] 46%|████▋     | 50/108 [00:37<00:40,  1.42it/s] 47%|████▋     | 51/108 [00:38<00:40,  1.42it/s] 48%|████▊     | 52/108 [00:38<00:39,  1.42it/s] 49%|████▉     | 53/108 [00:39<00:38,  1.42it/s] 50%|█████     | 54/108 [00:40<00:38,  1.42it/s] 51%|█████     | 55/108 [00:40<00:37,  1.42it/s] 52%|█████▏    | 56/108 [00:41<00:36,  1.42it/s] 53%|█████▎    | 57/108 [00:42<00:35,  1.42it/s] 54%|█████▎    | 58/108 [00:42<00:35,  1.42it/s] 55%|█████▍    | 59/108 [00:43<00:34,  1.42it/s] 56%|█████▌    | 60/108 [00:44<00:33,  1.42it/s] 56%|█████▋    | 61/108 [00:45<00:33,  1.42it/s] 57%|█████▋    | 62/108 [00:45<00:32,  1.42it/s] 58%|█████▊    | 63/108 [00:46<00:31,  1.42it/s] 59%|█████▉    | 64/108 [00:47<00:30,  1.42it/s] 60%|██████    | 65/108 [00:47<00:30,  1.42it/s] 61%|██████    | 66/108 [00:48<00:29,  1.42it/s] 62%|██████▏   | 67/108 [00:49<00:28,  1.42it/s] 63%|██████▎   | 68/108 [00:49<00:28,  1.42it/s] 64%|██████▍   | 69/108 [00:50<00:27,  1.42it/s] 65%|██████▍   | 70/108 [00:51<00:26,  1.42it/s] 66%|██████▌   | 71/108 [00:52<00:26,  1.42it/s] 67%|██████▋   | 72/108 [00:52<00:25,  1.42it/s] 68%|██████▊   | 73/108 [00:53<00:24,  1.42it/s] 69%|██████▊   | 74/108 [00:54<00:23,  1.42it/s] 69%|██████▉   | 75/108 [00:54<00:23,  1.42it/s] 70%|███████   | 76/108 [00:55<00:22,  1.42it/s] 71%|███████▏  | 77/108 [00:56<00:21,  1.42it/s] 72%|███████▏  | 78/108 [00:57<00:21,  1.42it/s] 73%|███████▎  | 79/108 [00:57<00:20,  1.42it/s] 74%|███████▍  | 80/108 [00:58<00:19,  1.42it/s] 75%|███████▌  | 81/108 [00:59<00:19,  1.42it/s] 76%|███████▌  | 82/108 [00:59<00:18,  1.42it/s] 77%|███████▋  | 83/108 [01:00<00:17,  1.42it/s] 78%|███████▊  | 84/108 [01:01<00:16,  1.42it/s] 79%|███████▊  | 85/108 [01:01<00:16,  1.42it/s] 80%|███████▉  | 86/108 [01:02<00:15,  1.42it/s] 81%|████████  | 87/108 [01:03<00:14,  1.42it/s] 81%|████████▏ | 88/108 [01:04<00:14,  1.42it/s] 82%|████████▏ | 89/108 [01:04<00:13,  1.42it/s] 83%|████████▎ | 90/108 [01:05<00:12,  1.42it/s] 84%|████████▍ | 91/108 [01:06<00:11,  1.42it/s] 85%|████████▌ | 92/108 [01:06<00:11,  1.42it/s] 86%|████████▌ | 93/108 [01:07<00:10,  1.42it/s] 87%|████████▋ | 94/108 [01:08<00:09,  1.42it/s] 88%|████████▊ | 95/108 [01:09<00:09,  1.42it/s] 89%|████████▉ | 96/108 [01:09<00:08,  1.42it/s] 90%|████████▉ | 97/108 [01:10<00:07,  1.42it/s] 91%|█████████ | 98/108 [01:11<00:07,  1.42it/s] 92%|█████████▏| 99/108 [01:11<00:06,  1.42it/s] 93%|█████████▎| 100/108 [01:12<00:05,  1.42it/s] 94%|█████████▎| 101/108 [01:13<00:04,  1.42it/s] 94%|█████████▍| 102/108 [01:13<00:04,  1.42it/s] 95%|█████████▌| 103/108 [01:14<00:03,  1.42it/s] 96%|█████████▋| 104/108 [01:15<00:02,  1.42it/s] 97%|█████████▋| 105/108 [01:16<00:02,  1.42it/s] 98%|█████████▊| 106/108 [01:16<00:01,  1.42it/s] 99%|█████████▉| 107/108 [01:17<00:00,  1.42it/s]100%|██████████| 108/108 [01:17<00:00,  1.68it/s]100%|██████████| 108/108 [01:17<00:00,  1.39it/s]
Epoch 15/200, Train Loss: 2.5244, Valid Loss: 2.4930
  0%|          | 0/108 [00:00<?, ?it/s]  1%|          | 1/108 [00:03<06:09,  3.46s/it]  2%|▏         | 2/108 [00:04<03:16,  1.85s/it]  3%|▎         | 3/108 [00:04<02:19,  1.33s/it]  4%|▎         | 4/108 [00:05<01:52,  1.08s/it]  5%|▍         | 5/108 [00:06<01:37,  1.06it/s]  6%|▌         | 6/108 [00:06<01:27,  1.16it/s]  6%|▋         | 7/108 [00:07<01:21,  1.23it/s]  7%|▋         | 8/108 [00:08<01:17,  1.29it/s]  8%|▊         | 9/108 [00:09<01:14,  1.33it/s]  9%|▉         | 10/108 [00:09<01:12,  1.35it/s] 10%|█         | 11/108 [00:10<01:10,  1.38it/s] 11%|█         | 12/108 [00:11<01:09,  1.39it/s] 12%|█▏        | 13/108 [00:11<01:07,  1.40it/s] 13%|█▎        | 14/108 [00:12<01:06,  1.41it/s] 14%|█▍        | 15/108 [00:13<01:05,  1.41it/s] 15%|█▍        | 16/108 [00:14<01:05,  1.42it/s] 16%|█▌        | 17/108 [00:14<01:04,  1.42it/s] 17%|█▋        | 18/108 [00:15<01:03,  1.42it/s] 18%|█▊        | 19/108 [00:16<01:02,  1.42it/s] 19%|█▊        | 20/108 [00:16<01:01,  1.42it/s] 19%|█▉        | 21/108 [00:17<01:01,  1.42it/s] 20%|██        | 22/108 [00:18<01:00,  1.42it/s] 21%|██▏       | 23/108 [00:18<00:59,  1.42it/s] 22%|██▏       | 24/108 [00:19<00:59,  1.42it/s] 23%|██▎       | 25/108 [00:20<00:59,  1.40it/s] 24%|██▍       | 26/108 [00:21<00:58,  1.40it/s] 25%|██▌       | 27/108 [00:21<00:57,  1.41it/s] 26%|██▌       | 28/108 [00:22<00:56,  1.41it/s] 27%|██▋       | 29/108 [00:23<00:55,  1.42it/s] 28%|██▊       | 30/108 [00:23<00:54,  1.42it/s] 29%|██▊       | 31/108 [00:24<00:54,  1.42it/s] 30%|██▉       | 32/108 [00:25<00:53,  1.42it/s] 31%|███       | 33/108 [00:26<00:52,  1.42it/s] 31%|███▏      | 34/108 [00:26<00:52,  1.42it/s] 32%|███▏      | 35/108 [00:27<00:51,  1.42it/s] 33%|███▎      | 36/108 [00:28<00:50,  1.42it/s] 34%|███▍      | 37/108 [00:28<00:49,  1.42it/s] 35%|███▌      | 38/108 [00:29<00:49,  1.42it/s] 36%|███▌      | 39/108 [00:30<00:48,  1.42it/s] 37%|███▋      | 40/108 [00:30<00:47,  1.42it/s] 38%|███▊      | 41/108 [00:31<00:47,  1.42it/s] 39%|███▉      | 42/108 [00:32<00:46,  1.42it/s] 40%|███▉      | 43/108 [00:33<00:45,  1.42it/s] 41%|████      | 44/108 [00:33<00:45,  1.42it/s] 42%|████▏     | 45/108 [00:34<00:44,  1.42it/s] 43%|████▎     | 46/108 [00:35<00:43,  1.42it/s] 44%|████▎     | 47/108 [00:35<00:42,  1.42it/s] 44%|████▍     | 48/108 [00:36<00:42,  1.42it/s] 45%|████▌     | 49/108 [00:37<00:41,  1.42it/s] 46%|████▋     | 50/108 [00:37<00:40,  1.42it/s] 47%|████▋     | 51/108 [00:38<00:40,  1.42it/s] 48%|████▊     | 52/108 [00:39<00:39,  1.42it/s] 49%|████▉     | 53/108 [00:40<00:38,  1.42it/s] 50%|█████     | 54/108 [00:40<00:38,  1.42it/s] 51%|█████     | 55/108 [00:41<00:37,  1.42it/s] 52%|█████▏    | 56/108 [00:42<00:36,  1.42it/s] 53%|█████▎    | 57/108 [00:42<00:36,  1.41it/s] 54%|█████▎    | 58/108 [00:43<00:35,  1.42it/s] 55%|█████▍    | 59/108 [00:44<00:34,  1.42it/s] 56%|█████▌    | 60/108 [00:45<00:33,  1.41it/s] 56%|█████▋    | 61/108 [00:45<00:33,  1.41it/s] 57%|█████▋    | 62/108 [00:46<00:32,  1.42it/s] 58%|█████▊    | 63/108 [00:47<00:31,  1.42it/s] 59%|█████▉    | 64/108 [00:47<00:31,  1.42it/s] 60%|██████    | 65/108 [00:48<00:30,  1.42it/s] 61%|██████    | 66/108 [00:49<00:29,  1.42it/s] 62%|██████▏   | 67/108 [00:49<00:28,  1.42it/s] 63%|██████▎   | 68/108 [00:50<00:28,  1.42it/s] 64%|██████▍   | 69/108 [00:51<00:27,  1.42it/s] 65%|██████▍   | 70/108 [00:52<00:26,  1.42it/s] 66%|██████▌   | 71/108 [00:52<00:26,  1.42it/s] 67%|██████▋   | 72/108 [00:53<00:25,  1.42it/s] 68%|██████▊   | 73/108 [00:54<00:24,  1.42it/s] 69%|██████▊   | 74/108 [00:54<00:23,  1.42it/s] 69%|██████▉   | 75/108 [00:55<00:23,  1.42it/s] 70%|███████   | 76/108 [00:56<00:22,  1.42it/s] 71%|███████▏  | 77/108 [00:57<00:21,  1.42it/s] 72%|███████▏  | 78/108 [00:57<00:21,  1.41it/s] 73%|███████▎  | 79/108 [00:58<00:20,  1.41it/s] 74%|███████▍  | 80/108 [00:59<00:19,  1.42it/s] 75%|███████▌  | 81/108 [00:59<00:19,  1.41it/s] 76%|███████▌  | 82/108 [01:00<00:18,  1.41it/s] 77%|███████▋  | 83/108 [01:01<00:17,  1.41it/s] 78%|███████▊  | 84/108 [01:01<00:16,  1.41it/s] 79%|███████▊  | 85/108 [01:02<00:16,  1.42it/s] 80%|███████▉  | 86/108 [01:03<00:15,  1.42it/s] 81%|████████  | 87/108 [01:04<00:14,  1.42it/s] 81%|████████▏ | 88/108 [01:04<00:14,  1.42it/s] 82%|████████▏ | 89/108 [01:05<00:13,  1.42it/s] 83%|████████▎ | 90/108 [01:06<00:12,  1.42it/s] 84%|████████▍ | 91/108 [01:06<00:11,  1.42it/s] 85%|████████▌ | 92/108 [01:07<00:11,  1.42it/s] 86%|████████▌ | 93/108 [01:08<00:10,  1.42it/s] 87%|████████▋ | 94/108 [01:09<00:09,  1.42it/s] 88%|████████▊ | 95/108 [01:09<00:09,  1.42it/s] 89%|████████▉ | 96/108 [01:10<00:08,  1.42it/s] 90%|████████▉ | 97/108 [01:11<00:07,  1.42it/s] 91%|█████████ | 98/108 [01:11<00:07,  1.42it/s] 92%|█████████▏| 99/108 [01:12<00:06,  1.42it/s] 93%|█████████▎| 100/108 [01:13<00:05,  1.42it/s] 94%|█████████▎| 101/108 [01:13<00:04,  1.42it/s] 94%|█████████▍| 102/108 [01:14<00:04,  1.42it/s] 95%|█████████▌| 103/108 [01:15<00:03,  1.42it/s] 96%|█████████▋| 104/108 [01:16<00:02,  1.42it/s] 97%|█████████▋| 105/108 [01:16<00:02,  1.42it/s] 98%|█████████▊| 106/108 [01:17<00:01,  1.42it/s] 99%|█████████▉| 107/108 [01:18<00:00,  1.42it/s]100%|██████████| 108/108 [01:18<00:00,  1.68it/s]100%|██████████| 108/108 [01:18<00:00,  1.37it/s]
Epoch 16/200, Train Loss: 2.5095, Valid Loss: 2.4822, save best model!
  0%|          | 0/108 [00:00<?, ?it/s]  1%|          | 1/108 [00:03<05:45,  3.23s/it]  2%|▏         | 2/108 [00:03<03:09,  1.78s/it]  3%|▎         | 3/108 [00:04<02:15,  1.29s/it]  4%|▎         | 4/108 [00:05<01:49,  1.06s/it]  5%|▍         | 5/108 [00:06<01:35,  1.08it/s]  6%|▌         | 6/108 [00:06<01:26,  1.17it/s]  6%|▋         | 7/108 [00:07<01:21,  1.24it/s]  7%|▋         | 8/108 [00:08<01:17,  1.30it/s]  8%|▊         | 9/108 [00:08<01:14,  1.33it/s]  9%|▉         | 10/108 [00:09<01:12,  1.36it/s] 10%|█         | 11/108 [00:10<01:10,  1.38it/s] 11%|█         | 12/108 [00:11<01:08,  1.39it/s] 12%|█▏        | 13/108 [00:11<01:07,  1.40it/s] 13%|█▎        | 14/108 [00:12<01:06,  1.41it/s] 14%|█▍        | 15/108 [00:13<01:05,  1.41it/s] 15%|█▍        | 16/108 [00:13<01:04,  1.42it/s] 16%|█▌        | 17/108 [00:14<01:04,  1.42it/s] 17%|█▋        | 18/108 [00:15<01:03,  1.42it/s] 18%|█▊        | 19/108 [00:15<01:02,  1.42it/s] 19%|█▊        | 20/108 [00:16<01:01,  1.42it/s] 19%|█▉        | 21/108 [00:17<01:01,  1.42it/s] 20%|██        | 22/108 [00:18<01:00,  1.42it/s] 21%|██▏       | 23/108 [00:18<00:59,  1.42it/s] 22%|██▏       | 24/108 [00:19<00:59,  1.42it/s] 23%|██▎       | 25/108 [00:20<00:58,  1.42it/s] 24%|██▍       | 26/108 [00:20<00:58,  1.41it/s] 25%|██▌       | 27/108 [00:21<00:57,  1.41it/s] 26%|██▌       | 28/108 [00:22<00:56,  1.41it/s] 27%|██▋       | 29/108 [00:23<00:55,  1.42it/s] 28%|██▊       | 30/108 [00:23<00:54,  1.42it/s] 29%|██▊       | 31/108 [00:24<00:54,  1.42it/s] 30%|██▉       | 32/108 [00:25<00:53,  1.42it/s] 31%|███       | 33/108 [00:25<00:52,  1.42it/s] 31%|███▏      | 34/108 [00:26<00:52,  1.42it/s] 32%|███▏      | 35/108 [00:27<00:51,  1.42it/s] 33%|███▎      | 36/108 [00:27<00:50,  1.42it/s] 34%|███▍      | 37/108 [00:28<00:49,  1.42it/s] 35%|███▌      | 38/108 [00:29<00:49,  1.42it/s] 36%|███▌      | 39/108 [00:30<00:48,  1.42it/s] 37%|███▋      | 40/108 [00:30<00:47,  1.42it/s] 38%|███▊      | 41/108 [00:31<00:47,  1.42it/s] 39%|███▉      | 42/108 [00:32<00:46,  1.42it/s] 40%|███▉      | 43/108 [00:32<00:45,  1.42it/s] 41%|████      | 44/108 [00:33<00:45,  1.42it/s] 42%|████▏     | 45/108 [00:34<00:44,  1.42it/s] 43%|████▎     | 46/108 [00:34<00:43,  1.42it/s] 44%|████▎     | 47/108 [00:35<00:42,  1.42it/s] 44%|████▍     | 48/108 [00:36<00:42,  1.42it/s] 45%|████▌     | 49/108 [00:37<00:41,  1.42it/s] 46%|████▋     | 50/108 [00:37<00:40,  1.42it/s] 47%|████▋     | 51/108 [00:38<00:40,  1.42it/s] 48%|████▊     | 52/108 [00:39<00:39,  1.42it/s] 49%|████▉     | 53/108 [00:39<00:38,  1.42it/s] 50%|█████     | 54/108 [00:40<00:38,  1.42it/s] 51%|█████     | 55/108 [00:41<00:37,  1.42it/s] 52%|█████▏    | 56/108 [00:42<00:36,  1.42it/s] 53%|█████▎    | 57/108 [00:42<00:36,  1.42it/s] 54%|█████▎    | 58/108 [00:43<00:35,  1.42it/s] 55%|█████▍    | 59/108 [00:44<00:34,  1.42it/s] 56%|█████▌    | 60/108 [00:44<00:33,  1.41it/s] 56%|█████▋    | 61/108 [00:45<00:33,  1.42it/s] 57%|█████▋    | 62/108 [00:46<00:32,  1.42it/s] 58%|█████▊    | 63/108 [00:46<00:31,  1.42it/s] 59%|█████▉    | 64/108 [00:47<00:31,  1.42it/s] 60%|██████    | 65/108 [00:48<00:30,  1.42it/s] 61%|██████    | 66/108 [00:49<00:29,  1.42it/s] 62%|██████▏   | 67/108 [00:49<00:28,  1.42it/s] 63%|██████▎   | 68/108 [00:50<00:28,  1.42it/s] 64%|██████▍   | 69/108 [00:51<00:27,  1.42it/s] 65%|██████▍   | 70/108 [00:51<00:26,  1.42it/s] 66%|██████▌   | 71/108 [00:52<00:26,  1.42it/s] 67%|██████▋   | 72/108 [00:53<00:25,  1.42it/s] 68%|██████▊   | 73/108 [00:54<00:24,  1.42it/s] 69%|██████▊   | 74/108 [00:54<00:24,  1.42it/s] 69%|██████▉   | 75/108 [00:55<00:23,  1.41it/s] 70%|███████   | 76/108 [00:56<00:22,  1.42it/s] 71%|███████▏  | 77/108 [00:56<00:21,  1.42it/s] 72%|███████▏  | 78/108 [00:57<00:21,  1.42it/s] 73%|███████▎  | 79/108 [00:58<00:20,  1.41it/s] 74%|███████▍  | 80/108 [00:58<00:19,  1.41it/s] 75%|███████▌  | 81/108 [00:59<00:19,  1.42it/s] 76%|███████▌  | 82/108 [01:00<00:18,  1.41it/s] 77%|███████▋  | 83/108 [01:01<00:17,  1.42it/s] 78%|███████▊  | 84/108 [01:01<00:16,  1.41it/s] 79%|███████▊  | 85/108 [01:02<00:16,  1.42it/s] 80%|███████▉  | 86/108 [01:03<00:15,  1.42it/s] 81%|████████  | 87/108 [01:03<00:14,  1.42it/s] 81%|████████▏ | 88/108 [01:04<00:14,  1.42it/s] 82%|████████▏ | 89/108 [01:05<00:13,  1.42it/s] 83%|████████▎ | 90/108 [01:06<00:12,  1.42it/s] 84%|████████▍ | 91/108 [01:06<00:11,  1.42it/s] 85%|████████▌ | 92/108 [01:07<00:11,  1.42it/s] 86%|████████▌ | 93/108 [01:08<00:10,  1.42it/s] 87%|████████▋ | 94/108 [01:08<00:09,  1.42it/s] 88%|████████▊ | 95/108 [01:09<00:09,  1.42it/s] 89%|████████▉ | 96/108 [01:10<00:08,  1.42it/s] 90%|████████▉ | 97/108 [01:10<00:07,  1.42it/s] 91%|█████████ | 98/108 [01:11<00:07,  1.42it/s] 92%|█████████▏| 99/108 [01:12<00:06,  1.42it/s] 93%|█████████▎| 100/108 [01:13<00:05,  1.42it/s] 94%|█████████▎| 101/108 [01:13<00:04,  1.42it/s] 94%|█████████▍| 102/108 [01:14<00:04,  1.42it/s] 95%|█████████▌| 103/108 [01:15<00:03,  1.42it/s] 96%|█████████▋| 104/108 [01:15<00:02,  1.42it/s] 97%|█████████▋| 105/108 [01:16<00:02,  1.42it/s] 98%|█████████▊| 106/108 [01:17<00:01,  1.42it/s] 99%|█████████▉| 107/108 [01:17<00:00,  1.42it/s]100%|██████████| 108/108 [01:18<00:00,  1.68it/s]100%|██████████| 108/108 [01:18<00:00,  1.38it/s]
Epoch 17/200, Train Loss: 2.5071, Valid Loss: 2.4836
  0%|          | 0/108 [00:00<?, ?it/s]  1%|          | 1/108 [00:02<05:10,  2.90s/it]  2%|▏         | 2/108 [00:03<02:52,  1.63s/it]  3%|▎         | 3/108 [00:04<02:06,  1.21s/it]  4%|▎         | 4/108 [00:05<01:44,  1.01s/it]  5%|▍         | 5/108 [00:05<01:33,  1.11it/s]  6%|▌         | 6/108 [00:06<01:25,  1.20it/s]  6%|▋         | 7/108 [00:07<01:20,  1.26it/s]  7%|▋         | 8/108 [00:07<01:16,  1.31it/s]  8%|▊         | 9/108 [00:08<01:13,  1.34it/s]  9%|▉         | 10/108 [00:09<01:11,  1.36it/s] 10%|█         | 11/108 [00:09<01:10,  1.38it/s] 11%|█         | 12/108 [00:10<01:08,  1.39it/s] 12%|█▏        | 13/108 [00:11<01:07,  1.40it/s] 13%|█▎        | 14/108 [00:12<01:06,  1.41it/s] 14%|█▍        | 15/108 [00:12<01:05,  1.41it/s] 15%|█▍        | 16/108 [00:13<01:05,  1.41it/s] 16%|█▌        | 17/108 [00:14<01:04,  1.42it/s] 17%|█▋        | 18/108 [00:14<01:03,  1.42it/s] 18%|█▊        | 19/108 [00:15<01:02,  1.42it/s] 19%|█▊        | 20/108 [00:16<01:01,  1.42it/s] 19%|█▉        | 21/108 [00:17<01:01,  1.42it/s] 20%|██        | 22/108 [00:17<01:00,  1.42it/s] 21%|██▏       | 23/108 [00:18<00:59,  1.42it/s] 22%|██▏       | 24/108 [00:19<00:59,  1.42it/s] 23%|██▎       | 25/108 [00:19<00:58,  1.42it/s] 24%|██▍       | 26/108 [00:20<00:57,  1.42it/s] 25%|██▌       | 27/108 [00:21<00:57,  1.42it/s] 26%|██▌       | 28/108 [00:21<00:56,  1.42it/s] 27%|██▋       | 29/108 [00:22<00:56,  1.41it/s] 28%|██▊       | 30/108 [00:23<00:55,  1.41it/s] 29%|██▊       | 31/108 [00:24<00:54,  1.41it/s] 30%|██▉       | 32/108 [00:24<00:53,  1.42it/s] 31%|███       | 33/108 [00:25<00:52,  1.42it/s] 31%|███▏      | 34/108 [00:26<00:52,  1.42it/s] 32%|███▏      | 35/108 [00:26<00:51,  1.42it/s] 33%|███▎      | 36/108 [00:27<00:50,  1.42it/s] 34%|███▍      | 37/108 [00:28<00:49,  1.42it/s] 35%|███▌      | 38/108 [00:29<00:49,  1.42it/s] 36%|███▌      | 39/108 [00:29<00:48,  1.42it/s] 37%|███▋      | 40/108 [00:30<00:47,  1.42it/s] 38%|███▊      | 41/108 [00:31<00:47,  1.42it/s] 39%|███▉      | 42/108 [00:31<00:46,  1.42it/s] 40%|███▉      | 43/108 [00:32<00:45,  1.42it/s] 41%|████      | 44/108 [00:33<00:45,  1.42it/s] 42%|████▏     | 45/108 [00:33<00:44,  1.42it/s] 43%|████▎     | 46/108 [00:34<00:43,  1.42it/s] 44%|████▎     | 47/108 [00:35<00:42,  1.42it/s] 44%|████▍     | 48/108 [00:36<00:42,  1.42it/s] 45%|████▌     | 49/108 [00:36<00:41,  1.42it/s] 46%|████▋     | 50/108 [00:37<00:40,  1.42it/s] 47%|████▋     | 51/108 [00:38<00:40,  1.42it/s] 48%|████▊     | 52/108 [00:38<00:39,  1.42it/s] 49%|████▉     | 53/108 [00:39<00:38,  1.42it/s] 50%|█████     | 54/108 [00:40<00:38,  1.42it/s] 51%|█████     | 55/108 [00:40<00:37,  1.42it/s] 52%|█████▏    | 56/108 [00:41<00:36,  1.42it/s] 53%|█████▎    | 57/108 [00:42<00:35,  1.42it/s] 54%|█████▎    | 58/108 [00:43<00:35,  1.42it/s] 55%|█████▍    | 59/108 [00:43<00:34,  1.42it/s] 56%|█████▌    | 60/108 [00:44<00:33,  1.42it/s] 56%|█████▋    | 61/108 [00:45<00:33,  1.42it/s] 57%|█████▋    | 62/108 [00:45<00:32,  1.42it/s] 58%|█████▊    | 63/108 [00:46<00:31,  1.42it/s] 59%|█████▉    | 64/108 [00:47<00:31,  1.42it/s] 60%|██████    | 65/108 [00:48<00:30,  1.42it/s] 61%|██████    | 66/108 [00:48<00:29,  1.42it/s] 62%|██████▏   | 67/108 [00:49<00:28,  1.42it/s] 63%|██████▎   | 68/108 [00:50<00:28,  1.42it/s] 64%|██████▍   | 69/108 [00:50<00:27,  1.42it/s] 65%|██████▍   | 70/108 [00:51<00:26,  1.42it/s] 66%|██████▌   | 71/108 [00:52<00:26,  1.42it/s] 67%|██████▋   | 72/108 [00:52<00:25,  1.42it/s] 68%|██████▊   | 73/108 [00:53<00:24,  1.42it/s] 69%|██████▊   | 74/108 [00:54<00:24,  1.42it/s] 69%|██████▉   | 75/108 [00:55<00:23,  1.41it/s] 70%|███████   | 76/108 [00:55<00:22,  1.41it/s] 71%|███████▏  | 77/108 [00:56<00:21,  1.42it/s] 72%|███████▏  | 78/108 [00:57<00:21,  1.42it/s] 73%|███████▎  | 79/108 [00:57<00:20,  1.42it/s] 74%|███████▍  | 80/108 [00:58<00:19,  1.42it/s] 75%|███████▌  | 81/108 [00:59<00:19,  1.42it/s] 76%|███████▌  | 82/108 [01:00<00:18,  1.42it/s] 77%|███████▋  | 83/108 [01:00<00:17,  1.42it/s] 78%|███████▊  | 84/108 [01:01<00:16,  1.42it/s] 79%|███████▊  | 85/108 [01:02<00:16,  1.42it/s] 80%|███████▉  | 86/108 [01:02<00:15,  1.42it/s] 81%|████████  | 87/108 [01:03<00:14,  1.42it/s] 81%|████████▏ | 88/108 [01:04<00:14,  1.42it/s] 82%|████████▏ | 89/108 [01:04<00:13,  1.42it/s] 83%|████████▎ | 90/108 [01:05<00:12,  1.42it/s] 84%|████████▍ | 91/108 [01:06<00:11,  1.42it/s] 85%|████████▌ | 92/108 [01:07<00:11,  1.42it/s] 86%|████████▌ | 93/108 [01:07<00:10,  1.42it/s] 87%|████████▋ | 94/108 [01:08<00:09,  1.42it/s] 88%|████████▊ | 95/108 [01:09<00:09,  1.42it/s] 89%|████████▉ | 96/108 [01:09<00:08,  1.42it/s] 90%|████████▉ | 97/108 [01:10<00:07,  1.42it/s] 91%|█████████ | 98/108 [01:11<00:07,  1.42it/s] 92%|█████████▏| 99/108 [01:12<00:06,  1.42it/s] 93%|█████████▎| 100/108 [01:12<00:05,  1.42it/s] 94%|█████████▎| 101/108 [01:13<00:04,  1.42it/s] 94%|█████████▍| 102/108 [01:14<00:04,  1.42it/s] 95%|█████████▌| 103/108 [01:14<00:03,  1.42it/s] 96%|█████████▋| 104/108 [01:15<00:02,  1.42it/s] 97%|█████████▋| 105/108 [01:16<00:02,  1.42it/s] 98%|█████████▊| 106/108 [01:16<00:01,  1.42it/s] 99%|█████████▉| 107/108 [01:17<00:00,  1.42it/s]100%|██████████| 108/108 [01:17<00:00,  1.68it/s]100%|██████████| 108/108 [01:18<00:00,  1.38it/s]
Epoch 18/200, Train Loss: 2.5194, Valid Loss: 2.4979
  0%|          | 0/108 [00:00<?, ?it/s]  1%|          | 1/108 [00:02<05:00,  2.80s/it]  2%|▏         | 2/108 [00:03<02:47,  1.58s/it]  3%|▎         | 3/108 [00:04<02:04,  1.19s/it]  4%|▎         | 4/108 [00:04<01:43,  1.01it/s]  5%|▍         | 5/108 [00:05<01:31,  1.12it/s]  6%|▌         | 6/108 [00:06<01:24,  1.21it/s]  6%|▋         | 7/108 [00:07<01:19,  1.27it/s]  7%|▋         | 8/108 [00:07<01:16,  1.31it/s]  8%|▊         | 9/108 [00:08<01:13,  1.34it/s]  9%|▉         | 10/108 [00:09<01:11,  1.37it/s] 10%|█         | 11/108 [00:09<01:10,  1.38it/s] 11%|█         | 12/108 [00:10<01:08,  1.39it/s] 12%|█▏        | 13/108 [00:11<01:07,  1.40it/s] 13%|█▎        | 14/108 [00:11<01:06,  1.41it/s] 14%|█▍        | 15/108 [00:12<01:05,  1.41it/s] 15%|█▍        | 16/108 [00:13<01:04,  1.42it/s] 16%|█▌        | 17/108 [00:14<01:04,  1.42it/s] 17%|█▋        | 18/108 [00:14<01:03,  1.42it/s] 18%|█▊        | 19/108 [00:15<01:02,  1.42it/s] 19%|█▊        | 20/108 [00:16<01:01,  1.42it/s] 19%|█▉        | 21/108 [00:16<01:01,  1.42it/s] 20%|██        | 22/108 [00:17<01:00,  1.42it/s] 21%|██▏       | 23/108 [00:18<00:59,  1.42it/s] 22%|██▏       | 24/108 [00:19<00:59,  1.42it/s] 23%|██▎       | 25/108 [00:19<00:58,  1.42it/s] 24%|██▍       | 26/108 [00:20<00:57,  1.41it/s] 25%|██▌       | 27/108 [00:21<00:57,  1.41it/s] 26%|██▌       | 28/108 [00:21<00:56,  1.41it/s] 27%|██▋       | 29/108 [00:22<00:55,  1.41it/s] 28%|██▊       | 30/108 [00:23<00:55,  1.42it/s] 29%|██▊       | 31/108 [00:23<00:54,  1.42it/s] 30%|██▉       | 32/108 [00:24<00:53,  1.42it/s] 31%|███       | 33/108 [00:25<00:53,  1.41it/s] 31%|███▏      | 34/108 [00:26<00:52,  1.42it/s] 32%|███▏      | 35/108 [00:26<00:51,  1.41it/s] 33%|███▎      | 36/108 [00:27<00:50,  1.41it/s] 34%|███▍      | 37/108 [00:28<00:50,  1.42it/s] 35%|███▌      | 38/108 [00:28<00:49,  1.42it/s] 36%|███▌      | 39/108 [00:29<00:48,  1.42it/s] 37%|███▋      | 40/108 [00:30<00:47,  1.42it/s] 38%|███▊      | 41/108 [00:31<00:47,  1.42it/s] 39%|███▉      | 42/108 [00:31<00:46,  1.42it/s] 40%|███▉      | 43/108 [00:32<00:45,  1.42it/s] 41%|████      | 44/108 [00:33<00:45,  1.42it/s] 42%|████▏     | 45/108 [00:33<00:44,  1.42it/s] 43%|████▎     | 46/108 [00:34<00:43,  1.42it/s] 44%|████▎     | 47/108 [00:35<00:42,  1.42it/s] 44%|████▍     | 48/108 [00:35<00:42,  1.42it/s] 45%|████▌     | 49/108 [00:36<00:41,  1.42it/s] 46%|████▋     | 50/108 [00:37<00:40,  1.42it/s] 47%|████▋     | 51/108 [00:38<00:40,  1.42it/s] 48%|████▊     | 52/108 [00:38<00:39,  1.42it/s] 49%|████▉     | 53/108 [00:39<00:38,  1.42it/s] 50%|█████     | 54/108 [00:40<00:38,  1.42it/s] 51%|█████     | 55/108 [00:40<00:37,  1.42it/s] 52%|█████▏    | 56/108 [00:41<00:36,  1.42it/s] 53%|█████▎    | 57/108 [00:42<00:35,  1.42it/s] 54%|█████▎    | 58/108 [00:43<00:35,  1.42it/s] 55%|█████▍    | 59/108 [00:43<00:34,  1.42it/s] 56%|█████▌    | 60/108 [00:44<00:34,  1.41it/s] 56%|█████▋    | 61/108 [00:45<00:33,  1.41it/s] 57%|█████▋    | 62/108 [00:45<00:32,  1.41it/s] 58%|█████▊    | 63/108 [00:46<00:31,  1.42it/s] 59%|█████▉    | 64/108 [00:47<00:31,  1.41it/s] 60%|██████    | 65/108 [00:47<00:30,  1.41it/s] 61%|██████    | 66/108 [00:48<00:29,  1.41it/s] 62%|██████▏   | 67/108 [00:49<00:28,  1.42it/s] 63%|██████▎   | 68/108 [00:50<00:28,  1.42it/s] 64%|██████▍   | 69/108 [00:50<00:27,  1.42it/s] 65%|██████▍   | 70/108 [00:51<00:26,  1.42it/s] 66%|██████▌   | 71/108 [00:52<00:26,  1.42it/s] 67%|██████▋   | 72/108 [00:52<00:25,  1.42it/s] 68%|██████▊   | 73/108 [00:53<00:24,  1.42it/s] 69%|██████▊   | 74/108 [00:54<00:23,  1.42it/s] 69%|██████▉   | 75/108 [00:55<00:23,  1.42it/s] 70%|███████   | 76/108 [00:55<00:22,  1.42it/s] 71%|███████▏  | 77/108 [00:56<00:21,  1.42it/s] 72%|███████▏  | 78/108 [00:57<00:21,  1.42it/s] 73%|███████▎  | 79/108 [00:57<00:20,  1.42it/s] 74%|███████▍  | 80/108 [00:58<00:19,  1.41it/s] 75%|███████▌  | 81/108 [00:59<00:19,  1.42it/s] 76%|███████▌  | 82/108 [00:59<00:18,  1.42it/s] 77%|███████▋  | 83/108 [01:00<00:17,  1.42it/s] 78%|███████▊  | 84/108 [01:01<00:16,  1.42it/s] 79%|███████▊  | 85/108 [01:02<00:16,  1.42it/s] 80%|███████▉  | 86/108 [01:02<00:15,  1.42it/s] 81%|████████  | 87/108 [01:03<00:14,  1.42it/s] 81%|████████▏ | 88/108 [01:04<00:14,  1.42it/s] 82%|████████▏ | 89/108 [01:04<00:13,  1.42it/s] 83%|████████▎ | 90/108 [01:05<00:12,  1.42it/s] 84%|████████▍ | 91/108 [01:06<00:11,  1.42it/s] 85%|████████▌ | 92/108 [01:07<00:11,  1.42it/s] 86%|████████▌ | 93/108 [01:07<00:10,  1.42it/s] 87%|████████▋ | 94/108 [01:08<00:09,  1.42it/s] 88%|████████▊ | 95/108 [01:09<00:09,  1.42it/s] 89%|████████▉ | 96/108 [01:09<00:08,  1.42it/s] 90%|████████▉ | 97/108 [01:10<00:07,  1.42it/s] 91%|█████████ | 98/108 [01:11<00:07,  1.42it/s] 92%|█████████▏| 99/108 [01:11<00:06,  1.42it/s] 93%|█████████▎| 100/108 [01:12<00:05,  1.42it/s] 94%|█████████▎| 101/108 [01:13<00:04,  1.42it/s] 94%|█████████▍| 102/108 [01:14<00:04,  1.42it/s] 95%|█████████▌| 103/108 [01:14<00:03,  1.42it/s] 96%|█████████▋| 104/108 [01:15<00:02,  1.42it/s] 97%|█████████▋| 105/108 [01:16<00:02,  1.42it/s] 98%|█████████▊| 106/108 [01:16<00:01,  1.42it/s] 99%|█████████▉| 107/108 [01:17<00:00,  1.42it/s]100%|██████████| 108/108 [01:17<00:00,  1.68it/s]100%|██████████| 108/108 [01:17<00:00,  1.38it/s]
Epoch 19/200, Train Loss: 2.5077, Valid Loss: 2.5052
  0%|          | 0/108 [00:00<?, ?it/s]  1%|          | 1/108 [00:02<05:04,  2.85s/it]  2%|▏         | 2/108 [00:03<02:48,  1.59s/it]  3%|▎         | 3/108 [00:04<02:05,  1.20s/it]  4%|▎         | 4/108 [00:05<01:44,  1.01s/it]  5%|▍         | 5/108 [00:05<01:32,  1.11it/s]  6%|▌         | 6/108 [00:06<01:24,  1.20it/s]  6%|▋         | 7/108 [00:07<01:19,  1.27it/s]  7%|▋         | 8/108 [00:07<01:16,  1.31it/s]  8%|▊         | 9/108 [00:08<01:13,  1.34it/s]  9%|▉         | 10/108 [00:09<01:11,  1.36it/s] 10%|█         | 11/108 [00:09<01:10,  1.38it/s] 11%|█         | 12/108 [00:10<01:08,  1.39it/s] 12%|█▏        | 13/108 [00:11<01:07,  1.40it/s] 13%|█▎        | 14/108 [00:12<01:06,  1.41it/s] 14%|█▍        | 15/108 [00:12<01:05,  1.41it/s] 15%|█▍        | 16/108 [00:13<01:05,  1.41it/s] 16%|█▌        | 17/108 [00:14<01:04,  1.42it/s] 17%|█▋        | 18/108 [00:14<01:03,  1.42it/s] 18%|█▊        | 19/108 [00:15<01:02,  1.42it/s] 19%|█▊        | 20/108 [00:16<01:01,  1.42it/s] 19%|█▉        | 21/108 [00:16<01:01,  1.42it/s] 20%|██        | 22/108 [00:17<01:00,  1.42it/s] 21%|██▏       | 23/108 [00:18<00:59,  1.42it/s] 22%|██▏       | 24/108 [00:19<00:59,  1.42it/s] 23%|██▎       | 25/108 [00:19<00:58,  1.42it/s] 24%|██▍       | 26/108 [00:20<00:57,  1.42it/s] 25%|██▌       | 27/108 [00:21<00:57,  1.42it/s] 26%|██▌       | 28/108 [00:21<00:56,  1.41it/s] 27%|██▋       | 29/108 [00:22<00:55,  1.41it/s] 28%|██▊       | 30/108 [00:23<00:55,  1.42it/s] 29%|██▊       | 31/108 [00:24<00:54,  1.41it/s] 30%|██▉       | 32/108 [00:24<00:53,  1.42it/s] 31%|███       | 33/108 [00:25<00:52,  1.42it/s] 31%|███▏      | 34/108 [00:26<00:52,  1.42it/s] 32%|███▏      | 35/108 [00:26<00:51,  1.42it/s] 33%|███▎      | 36/108 [00:27<00:50,  1.42it/s] 34%|███▍      | 37/108 [00:28<00:49,  1.42it/s] 35%|███▌      | 38/108 [00:28<00:49,  1.42it/s] 36%|███▌      | 39/108 [00:29<00:48,  1.42it/s] 37%|███▋      | 40/108 [00:30<00:47,  1.42it/s] 38%|███▊      | 41/108 [00:31<00:47,  1.42it/s] 39%|███▉      | 42/108 [00:31<00:46,  1.42it/s] 40%|███▉      | 43/108 [00:32<00:45,  1.42it/s] 41%|████      | 44/108 [00:33<00:45,  1.42it/s] 42%|████▏     | 45/108 [00:33<00:44,  1.42it/s] 43%|████▎     | 46/108 [00:34<00:43,  1.42it/s] 44%|████▎     | 47/108 [00:35<00:42,  1.42it/s] 44%|████▍     | 48/108 [00:35<00:42,  1.42it/s] 45%|████▌     | 49/108 [00:36<00:41,  1.42it/s] 46%|████▋     | 50/108 [00:37<00:40,  1.42it/s] 47%|████▋     | 51/108 [00:38<00:40,  1.42it/s] 48%|████▊     | 52/108 [00:38<00:39,  1.42it/s] 49%|████▉     | 53/108 [00:39<00:38,  1.42it/s] 50%|█████     | 54/108 [00:40<00:38,  1.42it/s] 51%|█████     | 55/108 [00:40<00:37,  1.42it/s] 52%|█████▏    | 56/108 [00:41<00:36,  1.42it/s] 53%|█████▎    | 57/108 [00:42<00:36,  1.42it/s] 54%|█████▎    | 58/108 [00:43<00:35,  1.42it/s] 55%|█████▍    | 59/108 [00:43<00:34,  1.42it/s] 56%|█████▌    | 60/108 [00:44<00:33,  1.42it/s] 56%|█████▋    | 61/108 [00:45<00:33,  1.42it/s] 57%|█████▋    | 62/108 [00:45<00:32,  1.42it/s] 58%|█████▊    | 63/108 [00:46<00:31,  1.42it/s] 59%|█████▉    | 64/108 [00:47<00:30,  1.42it/s] 60%|██████    | 65/108 [00:47<00:30,  1.42it/s] 61%|██████    | 66/108 [00:48<00:29,  1.42it/s] 62%|██████▏   | 67/108 [00:49<00:28,  1.42it/s] 63%|██████▎   | 68/108 [00:50<00:28,  1.42it/s] 64%|██████▍   | 69/108 [00:50<00:27,  1.42it/s] 65%|██████▍   | 70/108 [00:51<00:26,  1.42it/s] 66%|██████▌   | 71/108 [00:52<00:26,  1.42it/s] 67%|██████▋   | 72/108 [00:52<00:25,  1.42it/s] 68%|██████▊   | 73/108 [00:53<00:24,  1.42it/s] 69%|██████▊   | 74/108 [00:54<00:24,  1.42it/s] 69%|██████▉   | 75/108 [00:55<00:23,  1.42it/s] 70%|███████   | 76/108 [00:55<00:22,  1.42it/s] 71%|███████▏  | 77/108 [00:56<00:21,  1.42it/s] 72%|███████▏  | 78/108 [00:57<00:21,  1.41it/s] 73%|███████▎  | 79/108 [00:57<00:20,  1.41it/s] 74%|███████▍  | 80/108 [00:58<00:19,  1.42it/s] 75%|███████▌  | 81/108 [00:59<00:19,  1.42it/s] 76%|███████▌  | 82/108 [00:59<00:18,  1.42it/s] 77%|███████▋  | 83/108 [01:00<00:17,  1.42it/s] 78%|███████▊  | 84/108 [01:01<00:16,  1.42it/s] 79%|███████▊  | 85/108 [01:02<00:16,  1.42it/s] 80%|███████▉  | 86/108 [01:02<00:15,  1.42it/s] 81%|████████  | 87/108 [01:03<00:14,  1.42it/s] 81%|████████▏ | 88/108 [01:04<00:14,  1.42it/s] 82%|████████▏ | 89/108 [01:04<00:13,  1.42it/s] 83%|████████▎ | 90/108 [01:05<00:12,  1.42it/s] 84%|████████▍ | 91/108 [01:06<00:11,  1.42it/s] 85%|████████▌ | 92/108 [01:07<00:11,  1.42it/s] 86%|████████▌ | 93/108 [01:07<00:10,  1.42it/s] 87%|████████▋ | 94/108 [01:08<00:09,  1.42it/s] 88%|████████▊ | 95/108 [01:09<00:09,  1.42it/s] 89%|████████▉ | 96/108 [01:09<00:08,  1.42it/s] 90%|████████▉ | 97/108 [01:10<00:07,  1.42it/s] 91%|█████████ | 98/108 [01:11<00:07,  1.42it/s] 92%|█████████▏| 99/108 [01:11<00:06,  1.42it/s] 93%|█████████▎| 100/108 [01:12<00:05,  1.42it/s] 94%|█████████▎| 101/108 [01:13<00:04,  1.42it/s] 94%|█████████▍| 102/108 [01:14<00:04,  1.42it/s] 95%|█████████▌| 103/108 [01:14<00:03,  1.42it/s] 96%|█████████▋| 104/108 [01:15<00:02,  1.42it/s] 97%|█████████▋| 105/108 [01:16<00:02,  1.42it/s] 98%|█████████▊| 106/108 [01:16<00:01,  1.42it/s] 99%|█████████▉| 107/108 [01:17<00:00,  1.42it/s]100%|██████████| 108/108 [01:17<00:00,  1.68it/s]100%|██████████| 108/108 [01:18<00:00,  1.38it/s]
Epoch 20/200, Train Loss: 2.5144, Valid Loss: 2.4771, save best model!
  0%|          | 0/108 [00:00<?, ?it/s]  1%|          | 1/108 [00:02<04:54,  2.75s/it]  2%|▏         | 2/108 [00:03<02:45,  1.56s/it]  3%|▎         | 3/108 [00:04<02:04,  1.19s/it]  4%|▎         | 4/108 [00:04<01:43,  1.00it/s]  5%|▍         | 5/108 [00:05<01:31,  1.12it/s]  6%|▌         | 6/108 [00:06<01:24,  1.21it/s]  6%|▋         | 7/108 [00:07<01:19,  1.27it/s]  7%|▋         | 8/108 [00:07<01:16,  1.31it/s]  8%|▊         | 9/108 [00:08<01:13,  1.35it/s]  9%|▉         | 10/108 [00:09<01:11,  1.37it/s] 10%|█         | 11/108 [00:09<01:10,  1.38it/s] 11%|█         | 12/108 [00:10<01:08,  1.40it/s] 12%|█▏        | 13/108 [00:11<01:07,  1.40it/s] 13%|█▎        | 14/108 [00:11<01:06,  1.41it/s] 14%|█▍        | 15/108 [00:12<01:05,  1.41it/s] 15%|█▍        | 16/108 [00:13<01:05,  1.41it/s] 16%|█▌        | 17/108 [00:14<01:04,  1.42it/s] 17%|█▋        | 18/108 [00:14<01:03,  1.42it/s] 18%|█▊        | 19/108 [00:15<01:02,  1.42it/s] 19%|█▊        | 20/108 [00:16<01:01,  1.42it/s] 19%|█▉        | 21/108 [00:16<01:01,  1.42it/s] 20%|██        | 22/108 [00:17<01:00,  1.42it/s] 21%|██▏       | 23/108 [00:18<00:59,  1.42it/s] 22%|██▏       | 24/108 [00:18<00:59,  1.42it/s] 23%|██▎       | 25/108 [00:19<00:58,  1.42it/s] 24%|██▍       | 26/108 [00:20<00:57,  1.42it/s] 25%|██▌       | 27/108 [00:21<00:57,  1.41it/s] 26%|██▌       | 28/108 [00:21<00:56,  1.41it/s] 27%|██▋       | 29/108 [00:22<00:55,  1.41it/s] 28%|██▊       | 30/108 [00:23<00:55,  1.42it/s] 29%|██▊       | 31/108 [00:23<00:54,  1.42it/s] 30%|██▉       | 32/108 [00:24<00:53,  1.42it/s] 31%|███       | 33/108 [00:25<00:52,  1.42it/s] 31%|███▏      | 34/108 [00:26<00:52,  1.42it/s] 32%|███▏      | 35/108 [00:26<00:51,  1.42it/s] 33%|███▎      | 36/108 [00:27<00:50,  1.42it/s] 34%|███▍      | 37/108 [00:28<00:50,  1.42it/s] 35%|███▌      | 38/108 [00:28<00:49,  1.42it/s] 36%|███▌      | 39/108 [00:29<00:48,  1.42it/s] 37%|███▋      | 40/108 [00:30<00:47,  1.42it/s] 38%|███▊      | 41/108 [00:30<00:47,  1.42it/s] 39%|███▉      | 42/108 [00:31<00:46,  1.42it/s] 40%|███▉      | 43/108 [00:32<00:45,  1.42it/s] 41%|████      | 44/108 [00:33<00:45,  1.42it/s] 42%|████▏     | 45/108 [00:33<00:44,  1.42it/s] 43%|████▎     | 46/108 [00:34<00:43,  1.42it/s] 44%|████▎     | 47/108 [00:35<00:42,  1.42it/s] 44%|████▍     | 48/108 [00:35<00:42,  1.42it/s] 45%|████▌     | 49/108 [00:36<00:41,  1.42it/s] 46%|████▋     | 50/108 [00:37<00:40,  1.42it/s] 47%|████▋     | 51/108 [00:38<00:40,  1.42it/s] 48%|████▊     | 52/108 [00:38<00:39,  1.42it/s] 49%|████▉     | 53/108 [00:39<00:38,  1.42it/s] 50%|█████     | 54/108 [00:40<00:38,  1.42it/s] 51%|█████     | 55/108 [00:40<00:37,  1.42it/s] 52%|█████▏    | 56/108 [00:41<00:36,  1.42it/s] 53%|█████▎    | 57/108 [00:42<00:35,  1.42it/s] 54%|█████▎    | 58/108 [00:42<00:35,  1.42it/s] 55%|█████▍    | 59/108 [00:43<00:34,  1.42it/s] 56%|█████▌    | 60/108 [00:44<00:34,  1.41it/s] 56%|█████▋    | 61/108 [00:45<00:33,  1.41it/s] 57%|█████▋    | 62/108 [00:45<00:32,  1.42it/s] 58%|█████▊    | 63/108 [00:46<00:31,  1.42it/s] 59%|█████▉    | 64/108 [00:47<00:31,  1.42it/s] 60%|██████    | 65/108 [00:47<00:30,  1.42it/s] 61%|██████    | 66/108 [00:48<00:29,  1.42it/s] 62%|██████▏   | 67/108 [00:49<00:28,  1.42it/s] 63%|██████▎   | 68/108 [00:50<00:28,  1.42it/s] 64%|██████▍   | 69/108 [00:50<00:27,  1.42it/s] 65%|██████▍   | 70/108 [00:51<00:26,  1.42it/s] 66%|██████▌   | 71/108 [00:52<00:26,  1.42it/s] 67%|██████▋   | 72/108 [00:52<00:25,  1.42it/s] 68%|██████▊   | 73/108 [00:53<00:24,  1.42it/s] 69%|██████▊   | 74/108 [00:54<00:24,  1.41it/s] 69%|██████▉   | 75/108 [00:54<00:23,  1.42it/s] 70%|███████   | 76/108 [00:55<00:22,  1.42it/s] 71%|███████▏  | 77/108 [00:56<00:21,  1.41it/s] 72%|███████▏  | 78/108 [00:57<00:21,  1.41it/s] 73%|███████▎  | 79/108 [00:57<00:20,  1.42it/s] 74%|███████▍  | 80/108 [00:58<00:19,  1.42it/s] 75%|███████▌  | 81/108 [00:59<00:19,  1.42it/s] 76%|███████▌  | 82/108 [00:59<00:18,  1.42it/s] 77%|███████▋  | 83/108 [01:00<00:17,  1.42it/s] 78%|███████▊  | 84/108 [01:01<00:16,  1.42it/s] 79%|███████▊  | 85/108 [01:02<00:16,  1.42it/s] 80%|███████▉  | 86/108 [01:02<00:15,  1.42it/s] 81%|████████  | 87/108 [01:03<00:14,  1.42it/s] 81%|████████▏ | 88/108 [01:04<00:14,  1.42it/s] 82%|████████▏ | 89/108 [01:04<00:13,  1.42it/s] 83%|████████▎ | 90/108 [01:05<00:12,  1.42it/s] 84%|████████▍ | 91/108 [01:06<00:11,  1.42it/s] 85%|████████▌ | 92/108 [01:06<00:11,  1.42it/s] 86%|████████▌ | 93/108 [01:07<00:10,  1.42it/s] 87%|████████▋ | 94/108 [01:08<00:09,  1.42it/s] 88%|████████▊ | 95/108 [01:09<00:09,  1.42it/s] 89%|████████▉ | 96/108 [01:09<00:08,  1.42it/s] 90%|████████▉ | 97/108 [01:10<00:07,  1.42it/s] 91%|█████████ | 98/108 [01:11<00:07,  1.42it/s] 92%|█████████▏| 99/108 [01:11<00:06,  1.42it/s] 93%|█████████▎| 100/108 [01:12<00:05,  1.42it/s] 94%|█████████▎| 101/108 [01:13<00:04,  1.42it/s] 94%|█████████▍| 102/108 [01:13<00:04,  1.42it/s] 95%|█████████▌| 103/108 [01:14<00:03,  1.42it/s] 96%|█████████▋| 104/108 [01:15<00:02,  1.42it/s] 97%|█████████▋| 105/108 [01:16<00:02,  1.42it/s] 98%|█████████▊| 106/108 [01:16<00:01,  1.42it/s] 99%|█████████▉| 107/108 [01:17<00:00,  1.42it/s]100%|██████████| 108/108 [01:17<00:00,  1.68it/s]100%|██████████| 108/108 [01:17<00:00,  1.39it/s]
Epoch 21/200, Train Loss: 2.5073, Valid Loss: 2.4873
  0%|          | 0/108 [00:00<?, ?it/s]  1%|          | 1/108 [00:02<05:19,  2.98s/it]  2%|▏         | 2/108 [00:03<02:56,  1.67s/it]  3%|▎         | 3/108 [00:04<02:08,  1.23s/it]  4%|▎         | 4/108 [00:05<01:46,  1.02s/it]  5%|▍         | 5/108 [00:05<01:33,  1.11it/s]  6%|▌         | 6/108 [00:06<01:25,  1.19it/s]  6%|▋         | 7/108 [00:07<01:20,  1.26it/s]  7%|▋         | 8/108 [00:07<01:16,  1.31it/s]  8%|▊         | 9/108 [00:08<01:13,  1.34it/s]  9%|▉         | 10/108 [00:09<01:11,  1.36it/s] 10%|█         | 11/108 [00:10<01:10,  1.38it/s] 11%|█         | 12/108 [00:10<01:08,  1.39it/s] 12%|█▏        | 13/108 [00:11<01:07,  1.40it/s] 13%|█▎        | 14/108 [00:12<01:06,  1.41it/s] 14%|█▍        | 15/108 [00:12<01:05,  1.41it/s] 15%|█▍        | 16/108 [00:13<01:04,  1.42it/s] 16%|█▌        | 17/108 [00:14<01:04,  1.42it/s] 17%|█▋        | 18/108 [00:14<01:03,  1.42it/s] 18%|█▊        | 19/108 [00:15<01:02,  1.42it/s] 19%|█▊        | 20/108 [00:16<01:02,  1.42it/s] 19%|█▉        | 21/108 [00:17<01:01,  1.42it/s] 20%|██        | 22/108 [00:17<01:00,  1.42it/s] 21%|██▏       | 23/108 [00:18<00:59,  1.42it/s] 22%|██▏       | 24/108 [00:19<00:59,  1.42it/s] 23%|██▎       | 25/108 [00:19<00:58,  1.42it/s] 24%|██▍       | 26/108 [00:20<00:58,  1.41it/s] 25%|██▌       | 27/108 [00:21<00:57,  1.41it/s] 26%|██▌       | 28/108 [00:22<00:56,  1.42it/s] 27%|██▋       | 29/108 [00:22<00:55,  1.42it/s] 28%|██▊       | 30/108 [00:23<00:54,  1.42it/s] 29%|██▊       | 31/108 [00:24<00:54,  1.41it/s] 30%|██▉       | 32/108 [00:24<00:53,  1.42it/s] 31%|███       | 33/108 [00:25<00:52,  1.42it/s] 31%|███▏      | 34/108 [00:26<00:52,  1.42it/s] 32%|███▏      | 35/108 [00:26<00:51,  1.42it/s] 33%|███▎      | 36/108 [00:27<00:50,  1.42it/s] 34%|███▍      | 37/108 [00:28<00:50,  1.42it/s] 35%|███▌      | 38/108 [00:29<00:49,  1.42it/s] 36%|███▌      | 39/108 [00:29<00:48,  1.42it/s] 37%|███▋      | 40/108 [00:30<00:47,  1.42it/s] 38%|███▊      | 41/108 [00:31<00:47,  1.42it/s] 39%|███▉      | 42/108 [00:31<00:46,  1.42it/s] 40%|███▉      | 43/108 [00:32<00:45,  1.42it/s] 41%|████      | 44/108 [00:33<00:45,  1.42it/s] 42%|████▏     | 45/108 [00:34<00:44,  1.42it/s] 43%|████▎     | 46/108 [00:34<00:43,  1.42it/s] 44%|████▎     | 47/108 [00:35<00:42,  1.42it/s] 44%|████▍     | 48/108 [00:36<00:42,  1.42it/s] 45%|████▌     | 49/108 [00:36<00:41,  1.42it/s] 46%|████▋     | 50/108 [00:37<00:40,  1.42it/s] 47%|████▋     | 51/108 [00:38<00:40,  1.42it/s] 48%|████▊     | 52/108 [00:38<00:39,  1.42it/s] 49%|████▉     | 53/108 [00:39<00:38,  1.42it/s] 50%|█████     | 54/108 [00:40<00:38,  1.42it/s] 51%|█████     | 55/108 [00:41<00:37,  1.42it/s] 52%|█████▏    | 56/108 [00:41<00:36,  1.42it/s] 53%|█████▎    | 57/108 [00:42<00:35,  1.42it/s] 54%|█████▎    | 58/108 [00:43<00:35,  1.42it/s] 55%|█████▍    | 59/108 [00:43<00:34,  1.42it/s] 56%|█████▌    | 60/108 [00:44<00:33,  1.42it/s] 56%|█████▋    | 61/108 [00:45<00:33,  1.42it/s] 57%|█████▋    | 62/108 [00:45<00:32,  1.42it/s] 58%|█████▊    | 63/108 [00:46<00:31,  1.42it/s] 59%|█████▉    | 64/108 [00:47<00:30,  1.42it/s] 60%|██████    | 65/108 [00:48<00:30,  1.42it/s] 61%|██████    | 66/108 [00:48<00:29,  1.42it/s] 62%|██████▏   | 67/108 [00:49<00:28,  1.42it/s] 63%|██████▎   | 68/108 [00:50<00:28,  1.42it/s] 64%|██████▍   | 69/108 [00:50<00:27,  1.42it/s] 65%|██████▍   | 70/108 [00:51<00:26,  1.42it/s] 66%|██████▌   | 71/108 [00:52<00:26,  1.42it/s] 67%|██████▋   | 72/108 [00:53<00:25,  1.42it/s] 68%|██████▊   | 73/108 [00:53<00:24,  1.42it/s] 69%|██████▊   | 74/108 [00:54<00:24,  1.42it/s] 69%|██████▉   | 75/108 [00:55<00:23,  1.42it/s] 70%|███████   | 76/108 [00:55<00:22,  1.42it/s] 71%|███████▏  | 77/108 [00:56<00:21,  1.42it/s] 72%|███████▏  | 78/108 [00:57<00:21,  1.42it/s] 73%|███████▎  | 79/108 [00:57<00:20,  1.42it/s] 74%|███████▍  | 80/108 [00:58<00:19,  1.42it/s] 75%|███████▌  | 81/108 [00:59<00:19,  1.42it/s] 76%|███████▌  | 82/108 [01:00<00:18,  1.42it/s] 77%|███████▋  | 83/108 [01:00<00:17,  1.42it/s] 78%|███████▊  | 84/108 [01:01<00:16,  1.42it/s] 79%|███████▊  | 85/108 [01:02<00:16,  1.42it/s] 80%|███████▉  | 86/108 [01:02<00:15,  1.42it/s] 81%|████████  | 87/108 [01:03<00:14,  1.42it/s] 81%|████████▏ | 88/108 [01:04<00:14,  1.42it/s] 82%|████████▏ | 89/108 [01:05<00:13,  1.42it/s] 83%|████████▎ | 90/108 [01:05<00:12,  1.42it/s] 84%|████████▍ | 91/108 [01:06<00:11,  1.42it/s] 85%|████████▌ | 92/108 [01:07<00:11,  1.42it/s] 86%|████████▌ | 93/108 [01:07<00:10,  1.42it/s] 87%|████████▋ | 94/108 [01:08<00:09,  1.42it/s] 88%|████████▊ | 95/108 [01:09<00:09,  1.42it/s] 89%|████████▉ | 96/108 [01:09<00:08,  1.42it/s] 90%|████████▉ | 97/108 [01:10<00:07,  1.42it/s] 91%|█████████ | 98/108 [01:11<00:07,  1.42it/s] 92%|█████████▏| 99/108 [01:12<00:06,  1.42it/s] 93%|█████████▎| 100/108 [01:12<00:05,  1.42it/s] 94%|█████████▎| 101/108 [01:13<00:04,  1.42it/s] 94%|█████████▍| 102/108 [01:14<00:04,  1.42it/s] 95%|█████████▌| 103/108 [01:14<00:03,  1.42it/s] 96%|█████████▋| 104/108 [01:15<00:02,  1.42it/s] 97%|█████████▋| 105/108 [01:16<00:02,  1.42it/s] 98%|█████████▊| 106/108 [01:16<00:01,  1.42it/s] 99%|█████████▉| 107/108 [01:17<00:00,  1.42it/s]100%|██████████| 108/108 [01:18<00:00,  1.68it/s]100%|██████████| 108/108 [01:18<00:00,  1.38it/s]
Epoch 22/200, Train Loss: 2.5051, Valid Loss: 2.4754, save best model!
  0%|          | 0/108 [00:00<?, ?it/s]  1%|          | 1/108 [00:02<04:50,  2.72s/it]  2%|▏         | 2/108 [00:03<02:42,  1.53s/it]  3%|▎         | 3/108 [00:04<02:02,  1.17s/it]  4%|▎         | 4/108 [00:04<01:42,  1.01it/s]  5%|▍         | 5/108 [00:05<01:31,  1.13it/s]  6%|▌         | 6/108 [00:06<01:23,  1.22it/s]  6%|▋         | 7/108 [00:06<01:19,  1.27it/s]  7%|▋         | 8/108 [00:07<01:16,  1.31it/s]  8%|▊         | 9/108 [00:08<01:13,  1.34it/s]  9%|▉         | 10/108 [00:09<01:11,  1.36it/s] 10%|█         | 11/108 [00:09<01:10,  1.38it/s] 11%|█         | 12/108 [00:10<01:08,  1.40it/s] 12%|█▏        | 13/108 [00:11<01:07,  1.40it/s] 13%|█▎        | 14/108 [00:11<01:06,  1.41it/s] 14%|█▍        | 15/108 [00:12<01:05,  1.41it/s] 15%|█▍        | 16/108 [00:13<01:04,  1.42it/s] 16%|█▌        | 17/108 [00:14<01:04,  1.42it/s] 17%|█▋        | 18/108 [00:14<01:03,  1.42it/s] 18%|█▊        | 19/108 [00:15<01:02,  1.42it/s] 19%|█▊        | 20/108 [00:16<01:01,  1.42it/s] 19%|█▉        | 21/108 [00:16<01:01,  1.42it/s] 20%|██        | 22/108 [00:17<01:00,  1.42it/s] 21%|██▏       | 23/108 [00:18<00:59,  1.42it/s] 22%|██▏       | 24/108 [00:18<00:59,  1.42it/s] 23%|██▎       | 25/108 [00:19<00:58,  1.42it/s] 24%|██▍       | 26/108 [00:20<00:57,  1.42it/s] 25%|██▌       | 27/108 [00:21<00:57,  1.41it/s] 26%|██▌       | 28/108 [00:21<00:56,  1.42it/s] 27%|██▋       | 29/108 [00:22<00:55,  1.42it/s] 28%|██▊       | 30/108 [00:23<00:55,  1.42it/s] 29%|██▊       | 31/108 [00:23<00:54,  1.41it/s] 30%|██▉       | 32/108 [00:24<00:53,  1.41it/s] 31%|███       | 33/108 [00:25<00:52,  1.42it/s] 31%|███▏      | 34/108 [00:26<00:52,  1.42it/s] 32%|███▏      | 35/108 [00:26<00:51,  1.42it/s] 33%|███▎      | 36/108 [00:27<00:50,  1.42it/s] 34%|███▍      | 37/108 [00:28<00:50,  1.42it/s] 35%|███▌      | 38/108 [00:28<00:49,  1.42it/s] 36%|███▌      | 39/108 [00:29<00:48,  1.42it/s] 37%|███▋      | 40/108 [00:30<00:47,  1.42it/s] 38%|███▊      | 41/108 [00:30<00:47,  1.42it/s] 39%|███▉      | 42/108 [00:31<00:46,  1.42it/s] 40%|███▉      | 43/108 [00:32<00:45,  1.42it/s] 41%|████      | 44/108 [00:33<00:45,  1.42it/s] 42%|████▏     | 45/108 [00:33<00:44,  1.42it/s] 43%|████▎     | 46/108 [00:34<00:43,  1.42it/s] 44%|████▎     | 47/108 [00:35<00:42,  1.42it/s] 44%|████▍     | 48/108 [00:35<00:42,  1.42it/s] 45%|████▌     | 49/108 [00:36<00:41,  1.42it/s] 46%|████▋     | 50/108 [00:37<00:40,  1.42it/s] 47%|████▋     | 51/108 [00:37<00:40,  1.42it/s] 48%|████▊     | 52/108 [00:38<00:39,  1.42it/s] 49%|████▉     | 53/108 [00:39<00:38,  1.42it/s] 50%|█████     | 54/108 [00:40<00:38,  1.42it/s] 51%|█████     | 55/108 [00:40<00:37,  1.42it/s] 52%|█████▏    | 56/108 [00:41<00:36,  1.42it/s] 53%|█████▎    | 57/108 [00:42<00:35,  1.42it/s] 54%|█████▎    | 58/108 [00:42<00:35,  1.42it/s] 55%|█████▍    | 59/108 [00:43<00:34,  1.42it/s] 56%|█████▌    | 60/108 [00:44<00:34,  1.41it/s] 56%|█████▋    | 61/108 [00:45<00:33,  1.41it/s] 57%|█████▋    | 62/108 [00:45<00:32,  1.41it/s] 58%|█████▊    | 63/108 [00:46<00:31,  1.42it/s] 59%|█████▉    | 64/108 [00:47<00:31,  1.42it/s] 60%|██████    | 65/108 [00:47<00:30,  1.42it/s] 61%|██████    | 66/108 [00:48<00:29,  1.42it/s] 62%|██████▏   | 67/108 [00:49<00:28,  1.42it/s] 63%|██████▎   | 68/108 [00:49<00:28,  1.42it/s] 64%|██████▍   | 69/108 [00:50<00:27,  1.42it/s] 65%|██████▍   | 70/108 [00:51<00:26,  1.42it/s] 66%|██████▌   | 71/108 [00:52<00:26,  1.42it/s] 67%|██████▋   | 72/108 [00:52<00:25,  1.42it/s] 68%|██████▊   | 73/108 [00:53<00:24,  1.42it/s] 69%|██████▊   | 74/108 [00:54<00:23,  1.42it/s] 69%|██████▉   | 75/108 [00:54<00:23,  1.42it/s] 70%|███████   | 76/108 [00:55<00:22,  1.41it/s] 71%|███████▏  | 77/108 [00:56<00:21,  1.41it/s] 72%|███████▏  | 78/108 [00:57<00:21,  1.42it/s] 73%|███████▎  | 79/108 [00:57<00:20,  1.42it/s] 74%|███████▍  | 80/108 [00:58<00:19,  1.42it/s] 75%|███████▌  | 81/108 [00:59<00:19,  1.42it/s] 76%|███████▌  | 82/108 [00:59<00:18,  1.42it/s] 77%|███████▋  | 83/108 [01:00<00:17,  1.42it/s] 78%|███████▊  | 84/108 [01:01<00:16,  1.42it/s] 79%|███████▊  | 85/108 [01:01<00:16,  1.42it/s] 80%|███████▉  | 86/108 [01:02<00:15,  1.42it/s] 81%|████████  | 87/108 [01:03<00:14,  1.42it/s] 81%|████████▏ | 88/108 [01:04<00:14,  1.42it/s] 82%|████████▏ | 89/108 [01:04<00:13,  1.42it/s] 83%|████████▎ | 90/108 [01:05<00:12,  1.42it/s] 84%|████████▍ | 91/108 [01:06<00:11,  1.42it/s] 85%|████████▌ | 92/108 [01:06<00:11,  1.42it/s] 86%|████████▌ | 93/108 [01:07<00:10,  1.42it/s] 87%|████████▋ | 94/108 [01:08<00:09,  1.42it/s] 88%|████████▊ | 95/108 [01:09<00:09,  1.42it/s] 89%|████████▉ | 96/108 [01:09<00:08,  1.42it/s] 90%|████████▉ | 97/108 [01:10<00:07,  1.42it/s] 91%|█████████ | 98/108 [01:11<00:07,  1.42it/s] 92%|█████████▏| 99/108 [01:11<00:06,  1.42it/s] 93%|█████████▎| 100/108 [01:12<00:05,  1.42it/s] 94%|█████████▎| 101/108 [01:13<00:04,  1.42it/s] 94%|█████████▍| 102/108 [01:13<00:04,  1.42it/s] 95%|█████████▌| 103/108 [01:14<00:03,  1.42it/s] 96%|█████████▋| 104/108 [01:15<00:02,  1.42it/s] 97%|█████████▋| 105/108 [01:16<00:02,  1.42it/s] 98%|█████████▊| 106/108 [01:16<00:01,  1.42it/s] 99%|█████████▉| 107/108 [01:17<00:00,  1.42it/s]100%|██████████| 108/108 [01:17<00:00,  1.68it/s]100%|██████████| 108/108 [01:17<00:00,  1.39it/s]
Epoch 23/200, Train Loss: 2.5066, Valid Loss: 2.4865
  0%|          | 0/108 [00:00<?, ?it/s]  1%|          | 1/108 [00:03<05:36,  3.14s/it]  2%|▏         | 2/108 [00:03<03:00,  1.71s/it]  3%|▎         | 3/108 [00:04<02:13,  1.27s/it]  4%|▎         | 4/108 [00:05<01:48,  1.05s/it]  5%|▍         | 5/108 [00:06<01:35,  1.08it/s]  6%|▌         | 6/108 [00:06<01:26,  1.18it/s]  6%|▋         | 7/108 [00:07<01:20,  1.25it/s]  7%|▋         | 8/108 [00:08<01:16,  1.30it/s]  8%|▊         | 9/108 [00:08<01:14,  1.34it/s]  9%|▉         | 10/108 [00:09<01:11,  1.36it/s] 10%|█         | 11/108 [00:10<01:10,  1.38it/s] 11%|█         | 12/108 [00:10<01:09,  1.39it/s] 12%|█▏        | 13/108 [00:11<01:07,  1.40it/s] 13%|█▎        | 14/108 [00:12<01:06,  1.41it/s] 14%|█▍        | 15/108 [00:13<01:05,  1.41it/s] 15%|█▍        | 16/108 [00:13<01:04,  1.42it/s] 16%|█▌        | 17/108 [00:14<01:04,  1.42it/s] 17%|█▋        | 18/108 [00:15<01:03,  1.42it/s] 18%|█▊        | 19/108 [00:15<01:02,  1.42it/s] 19%|█▊        | 20/108 [00:16<01:01,  1.42it/s] 19%|█▉        | 21/108 [00:17<01:01,  1.42it/s] 20%|██        | 22/108 [00:17<01:00,  1.42it/s] 21%|██▏       | 23/108 [00:18<00:59,  1.42it/s] 22%|██▏       | 24/108 [00:19<00:59,  1.42it/s] 23%|██▎       | 25/108 [00:20<00:58,  1.41it/s] 24%|██▍       | 26/108 [00:20<00:57,  1.42it/s] 25%|██▌       | 27/108 [00:21<00:57,  1.41it/s] 26%|██▌       | 28/108 [00:22<00:56,  1.41it/s] 27%|██▋       | 29/108 [00:22<00:55,  1.42it/s] 28%|██▊       | 30/108 [00:23<00:55,  1.42it/s] 29%|██▊       | 31/108 [00:24<00:54,  1.42it/s] 30%|██▉       | 32/108 [00:25<00:53,  1.42it/s] 31%|███       | 33/108 [00:25<00:52,  1.42it/s] 31%|███▏      | 34/108 [00:26<00:52,  1.42it/s] 32%|███▏      | 35/108 [00:27<00:51,  1.42it/s] 33%|███▎      | 36/108 [00:27<00:50,  1.42it/s] 34%|███▍      | 37/108 [00:28<00:50,  1.42it/s] 35%|███▌      | 38/108 [00:29<00:49,  1.42it/s] 36%|███▌      | 39/108 [00:29<00:48,  1.42it/s] 37%|███▋      | 40/108 [00:30<00:47,  1.42it/s] 38%|███▊      | 41/108 [00:31<00:47,  1.42it/s] 39%|███▉      | 42/108 [00:32<00:46,  1.42it/s] 40%|███▉      | 43/108 [00:32<00:45,  1.42it/s] 41%|████      | 44/108 [00:33<00:44,  1.42it/s] 42%|████▏     | 45/108 [00:34<00:44,  1.42it/s] 43%|████▎     | 46/108 [00:34<00:43,  1.42it/s] 44%|████▎     | 47/108 [00:35<00:42,  1.42it/s] 44%|████▍     | 48/108 [00:36<00:42,  1.42it/s] 45%|████▌     | 49/108 [00:36<00:41,  1.42it/s] 46%|████▋     | 50/108 [00:37<00:40,  1.42it/s] 47%|████▋     | 51/108 [00:38<00:40,  1.42it/s] 48%|████▊     | 52/108 [00:39<00:39,  1.42it/s] 49%|████▉     | 53/108 [00:39<00:38,  1.42it/s] 50%|█████     | 54/108 [00:40<00:38,  1.42it/s] 51%|█████     | 55/108 [00:41<00:37,  1.42it/s] 52%|█████▏    | 56/108 [00:41<00:36,  1.42it/s] 53%|█████▎    | 57/108 [00:42<00:35,  1.42it/s] 54%|█████▎    | 58/108 [00:43<00:35,  1.42it/s] 55%|█████▍    | 59/108 [00:44<00:34,  1.42it/s] 56%|█████▌    | 60/108 [00:44<00:33,  1.42it/s] 56%|█████▋    | 61/108 [00:45<00:33,  1.42it/s] 57%|█████▋    | 62/108 [00:46<00:32,  1.42it/s] 58%|█████▊    | 63/108 [00:46<00:31,  1.42it/s] 59%|█████▉    | 64/108 [00:47<00:31,  1.42it/s] 60%|██████    | 65/108 [00:48<00:30,  1.42it/s] 61%|██████    | 66/108 [00:48<00:29,  1.42it/s] 62%|██████▏   | 67/108 [00:49<00:28,  1.42it/s] 63%|██████▎   | 68/108 [00:50<00:28,  1.42it/s] 64%|██████▍   | 69/108 [00:51<00:27,  1.42it/s] 65%|██████▍   | 70/108 [00:51<00:26,  1.42it/s] 66%|██████▌   | 71/108 [00:52<00:26,  1.42it/s] 67%|██████▋   | 72/108 [00:53<00:25,  1.42it/s] 68%|██████▊   | 73/108 [00:53<00:24,  1.42it/s] 69%|██████▊   | 74/108 [00:54<00:23,  1.42it/s] 69%|██████▉   | 75/108 [00:55<00:23,  1.42it/s] 70%|███████   | 76/108 [00:56<00:22,  1.42it/s] 71%|███████▏  | 77/108 [00:56<00:21,  1.42it/s] 72%|███████▏  | 78/108 [00:57<00:21,  1.42it/s] 73%|███████▎  | 79/108 [00:58<00:20,  1.42it/s] 74%|███████▍  | 80/108 [00:58<00:19,  1.42it/s] 75%|███████▌  | 81/108 [00:59<00:19,  1.42it/s] 76%|███████▌  | 82/108 [01:00<00:18,  1.42it/s] 77%|███████▋  | 83/108 [01:00<00:17,  1.42it/s] 78%|███████▊  | 84/108 [01:01<00:16,  1.42it/s] 79%|███████▊  | 85/108 [01:02<00:16,  1.42it/s] 80%|███████▉  | 86/108 [01:03<00:15,  1.42it/s] 81%|████████  | 87/108 [01:03<00:14,  1.42it/s] 81%|████████▏ | 88/108 [01:04<00:14,  1.42it/s] 82%|████████▏ | 89/108 [01:05<00:13,  1.42it/s] 83%|████████▎ | 90/108 [01:05<00:12,  1.42it/s] 84%|████████▍ | 91/108 [01:06<00:11,  1.42it/s] 85%|████████▌ | 92/108 [01:07<00:11,  1.42it/s] 86%|████████▌ | 93/108 [01:08<00:10,  1.42it/s] 87%|████████▋ | 94/108 [01:08<00:09,  1.42it/s] 88%|████████▊ | 95/108 [01:09<00:09,  1.42it/s] 89%|████████▉ | 96/108 [01:10<00:08,  1.42it/s] 90%|████████▉ | 97/108 [01:10<00:07,  1.42it/s] 91%|█████████ | 98/108 [01:11<00:07,  1.42it/s] 92%|█████████▏| 99/108 [01:12<00:06,  1.42it/s] 93%|█████████▎| 100/108 [01:12<00:05,  1.42it/s] 94%|█████████▎| 101/108 [01:13<00:04,  1.42it/s] 94%|█████████▍| 102/108 [01:14<00:04,  1.42it/s] 95%|█████████▌| 103/108 [01:15<00:03,  1.42it/s] 96%|█████████▋| 104/108 [01:15<00:02,  1.42it/s] 97%|█████████▋| 105/108 [01:16<00:02,  1.42it/s] 98%|█████████▊| 106/108 [01:17<00:01,  1.42it/s] 99%|█████████▉| 107/108 [01:17<00:00,  1.42it/s]100%|██████████| 108/108 [01:18<00:00,  1.68it/s]100%|██████████| 108/108 [01:18<00:00,  1.38it/s]
Epoch 24/200, Train Loss: 2.5036, Valid Loss: 2.4752, save best model!
  0%|          | 0/108 [00:00<?, ?it/s]  1%|          | 1/108 [00:02<05:20,  3.00s/it]  2%|▏         | 2/108 [00:03<02:56,  1.66s/it]  3%|▎         | 3/108 [00:04<02:08,  1.23s/it]  4%|▎         | 4/108 [00:05<01:46,  1.02s/it]  5%|▍         | 5/108 [00:05<01:33,  1.10it/s]  6%|▌         | 6/108 [00:06<01:25,  1.20it/s]  6%|▋         | 7/108 [00:07<01:20,  1.26it/s]  7%|▋         | 8/108 [00:07<01:16,  1.31it/s]  8%|▊         | 9/108 [00:08<01:13,  1.34it/s]  9%|▉         | 10/108 [00:09<01:11,  1.37it/s] 10%|█         | 11/108 [00:10<01:10,  1.38it/s] 11%|█         | 12/108 [00:10<01:08,  1.40it/s] 12%|█▏        | 13/108 [00:11<01:07,  1.40it/s] 13%|█▎        | 14/108 [00:12<01:06,  1.41it/s] 14%|█▍        | 15/108 [00:12<01:05,  1.41it/s] 15%|█▍        | 16/108 [00:13<01:05,  1.41it/s] 16%|█▌        | 17/108 [00:14<01:04,  1.42it/s] 17%|█▋        | 18/108 [00:14<01:03,  1.42it/s] 18%|█▊        | 19/108 [00:15<01:02,  1.42it/s] 19%|█▊        | 20/108 [00:16<01:01,  1.42it/s] 19%|█▉        | 21/108 [00:17<01:01,  1.42it/s] 20%|██        | 22/108 [00:17<01:00,  1.42it/s] 21%|██▏       | 23/108 [00:18<00:59,  1.42it/s] 22%|██▏       | 24/108 [00:19<00:59,  1.42it/s] 23%|██▎       | 25/108 [00:19<00:58,  1.42it/s] 24%|██▍       | 26/108 [00:20<00:58,  1.41it/s] 25%|██▌       | 27/108 [00:21<00:57,  1.41it/s] 26%|██▌       | 28/108 [00:22<00:56,  1.42it/s] 27%|██▋       | 29/108 [00:22<00:55,  1.42it/s] 28%|██▊       | 30/108 [00:23<00:54,  1.42it/s] 29%|██▊       | 31/108 [00:24<00:54,  1.42it/s] 30%|██▉       | 32/108 [00:24<00:53,  1.42it/s] 31%|███       | 33/108 [00:25<00:52,  1.42it/s] 31%|███▏      | 34/108 [00:26<00:52,  1.42it/s] 32%|███▏      | 35/108 [00:26<00:51,  1.42it/s] 33%|███▎      | 36/108 [00:27<00:50,  1.42it/s] 34%|███▍      | 37/108 [00:28<00:49,  1.42it/s] 35%|███▌      | 38/108 [00:29<00:49,  1.42it/s] 36%|███▌      | 39/108 [00:29<00:48,  1.42it/s] 37%|███▋      | 40/108 [00:30<00:47,  1.42it/s] 38%|███▊      | 41/108 [00:31<00:47,  1.42it/s] 39%|███▉      | 42/108 [00:31<00:46,  1.42it/s] 40%|███▉      | 43/108 [00:32<00:45,  1.42it/s] 41%|████      | 44/108 [00:33<00:45,  1.42it/s] 42%|████▏     | 45/108 [00:33<00:44,  1.42it/s] 43%|████▎     | 46/108 [00:34<00:43,  1.42it/s] 44%|████▎     | 47/108 [00:35<00:42,  1.42it/s] 44%|████▍     | 48/108 [00:36<00:42,  1.42it/s] 45%|████▌     | 49/108 [00:36<00:41,  1.42it/s] 46%|████▋     | 50/108 [00:37<00:40,  1.42it/s] 47%|████▋     | 51/108 [00:38<00:40,  1.42it/s] 48%|████▊     | 52/108 [00:38<00:39,  1.42it/s] 49%|████▉     | 53/108 [00:39<00:38,  1.42it/s] 50%|█████     | 54/108 [00:40<00:38,  1.42it/s] 51%|█████     | 55/108 [00:41<00:37,  1.42it/s] 52%|█████▏    | 56/108 [00:41<00:36,  1.42it/s] 53%|█████▎    | 57/108 [00:42<00:36,  1.42it/s] 54%|█████▎    | 58/108 [00:43<00:35,  1.42it/s] 55%|█████▍    | 59/108 [00:43<00:34,  1.42it/s] 56%|█████▌    | 60/108 [00:44<00:33,  1.42it/s] 56%|█████▋    | 61/108 [00:45<00:33,  1.42it/s] 57%|█████▋    | 62/108 [00:45<00:32,  1.42it/s] 58%|█████▊    | 63/108 [00:46<00:31,  1.42it/s] 59%|█████▉    | 64/108 [00:47<00:31,  1.42it/s] 60%|██████    | 65/108 [00:48<00:30,  1.42it/s] 61%|██████    | 66/108 [00:48<00:29,  1.42it/s] 62%|██████▏   | 67/108 [00:49<00:28,  1.42it/s] 63%|██████▎   | 68/108 [00:50<00:28,  1.42it/s] 64%|██████▍   | 69/108 [00:50<00:27,  1.42it/s] 65%|██████▍   | 70/108 [00:51<00:26,  1.42it/s] 66%|██████▌   | 71/108 [00:52<00:26,  1.42it/s] 67%|██████▋   | 72/108 [00:53<00:25,  1.42it/s] 68%|██████▊   | 73/108 [00:53<00:24,  1.42it/s] 69%|██████▊   | 74/108 [00:54<00:24,  1.42it/s] 69%|██████▉   | 75/108 [00:55<00:23,  1.42it/s] 70%|███████   | 76/108 [00:55<00:22,  1.42it/s] 71%|███████▏  | 77/108 [00:56<00:21,  1.42it/s] 72%|███████▏  | 78/108 [00:57<00:21,  1.42it/s] 73%|███████▎  | 79/108 [00:57<00:20,  1.42it/s] 74%|███████▍  | 80/108 [00:58<00:19,  1.42it/s] 75%|███████▌  | 81/108 [00:59<00:19,  1.42it/s] 76%|███████▌  | 82/108 [01:00<00:18,  1.42it/s] 77%|███████▋  | 83/108 [01:00<00:17,  1.42it/s] 78%|███████▊  | 84/108 [01:01<00:16,  1.42it/s] 79%|███████▊  | 85/108 [01:02<00:16,  1.42it/s] 80%|███████▉  | 86/108 [01:02<00:15,  1.42it/s] 81%|████████  | 87/108 [01:03<00:14,  1.42it/s] 81%|████████▏ | 88/108 [01:04<00:14,  1.42it/s] 82%|████████▏ | 89/108 [01:05<00:13,  1.42it/s] 83%|████████▎ | 90/108 [01:05<00:12,  1.42it/s] 84%|████████▍ | 91/108 [01:06<00:11,  1.42it/s] 85%|████████▌ | 92/108 [01:07<00:11,  1.42it/s] 86%|████████▌ | 93/108 [01:07<00:10,  1.42it/s] 87%|████████▋ | 94/108 [01:08<00:09,  1.42it/s] 88%|████████▊ | 95/108 [01:09<00:09,  1.42it/s] 89%|████████▉ | 96/108 [01:09<00:08,  1.42it/s] 90%|████████▉ | 97/108 [01:10<00:07,  1.42it/s] 91%|█████████ | 98/108 [01:11<00:07,  1.42it/s] 92%|█████████▏| 99/108 [01:12<00:06,  1.42it/s] 93%|█████████▎| 100/108 [01:12<00:05,  1.42it/s] 94%|█████████▎| 101/108 [01:13<00:04,  1.42it/s] 94%|█████████▍| 102/108 [01:14<00:04,  1.42it/s] 95%|█████████▌| 103/108 [01:14<00:03,  1.42it/s] 96%|█████████▋| 104/108 [01:15<00:02,  1.42it/s] 97%|█████████▋| 105/108 [01:16<00:02,  1.42it/s] 98%|█████████▊| 106/108 [01:16<00:01,  1.42it/s] 99%|█████████▉| 107/108 [01:17<00:00,  1.42it/s]100%|██████████| 108/108 [01:18<00:00,  1.68it/s]100%|██████████| 108/108 [01:18<00:00,  1.38it/s]
Epoch 25/200, Train Loss: 2.5039, Valid Loss: 2.5328
  0%|          | 0/108 [00:00<?, ?it/s]  1%|          | 1/108 [00:03<05:36,  3.14s/it]  2%|▏         | 2/108 [00:03<03:01,  1.71s/it]  3%|▎         | 3/108 [00:04<02:11,  1.25s/it]  4%|▎         | 4/108 [00:05<01:47,  1.03s/it]  5%|▍         | 5/108 [00:05<01:34,  1.09it/s]  6%|▌         | 6/108 [00:06<01:25,  1.19it/s]  6%|▋         | 7/108 [00:07<01:20,  1.25it/s]  7%|▋         | 8/108 [00:08<01:16,  1.30it/s]  8%|▊         | 9/108 [00:08<01:14,  1.34it/s]  9%|▉         | 10/108 [00:09<01:11,  1.36it/s] 10%|█         | 11/108 [00:10<01:10,  1.38it/s] 11%|█         | 12/108 [00:10<01:08,  1.39it/s] 12%|█▏        | 13/108 [00:11<01:07,  1.40it/s] 13%|█▎        | 14/108 [00:12<01:06,  1.41it/s] 14%|█▍        | 15/108 [00:12<01:05,  1.41it/s] 15%|█▍        | 16/108 [00:13<01:04,  1.42it/s] 16%|█▌        | 17/108 [00:14<01:04,  1.42it/s] 17%|█▋        | 18/108 [00:15<01:03,  1.42it/s] 18%|█▊        | 19/108 [00:15<01:02,  1.42it/s] 19%|█▊        | 20/108 [00:16<01:01,  1.42it/s] 19%|█▉        | 21/108 [00:17<01:01,  1.42it/s] 20%|██        | 22/108 [00:17<01:00,  1.42it/s] 21%|██▏       | 23/108 [00:18<00:59,  1.42it/s] 22%|██▏       | 24/108 [00:19<00:59,  1.42it/s] 23%|██▎       | 25/108 [00:20<00:58,  1.41it/s] 24%|██▍       | 26/108 [00:20<00:57,  1.41it/s] 25%|██▌       | 27/108 [00:21<00:57,  1.42it/s] 26%|██▌       | 28/108 [00:22<00:56,  1.42it/s] 27%|██▋       | 29/108 [00:22<00:55,  1.42it/s] 28%|██▊       | 30/108 [00:23<00:55,  1.42it/s] 29%|██▊       | 31/108 [00:24<00:54,  1.41it/s] 30%|██▉       | 32/108 [00:24<00:53,  1.42it/s] 31%|███       | 33/108 [00:25<00:52,  1.42it/s] 31%|███▏      | 34/108 [00:26<00:52,  1.42it/s] 32%|███▏      | 35/108 [00:27<00:51,  1.42it/s] 33%|███▎      | 36/108 [00:27<00:50,  1.42it/s] 34%|███▍      | 37/108 [00:28<00:49,  1.42it/s] 35%|███▌      | 38/108 [00:29<00:49,  1.42it/s] 36%|███▌      | 39/108 [00:29<00:48,  1.42it/s] 37%|███▋      | 40/108 [00:30<00:47,  1.42it/s] 38%|███▊      | 41/108 [00:31<00:47,  1.42it/s] 39%|███▉      | 42/108 [00:32<00:46,  1.42it/s] 40%|███▉      | 43/108 [00:32<00:45,  1.42it/s] 41%|████      | 44/108 [00:33<00:45,  1.42it/s] 42%|████▏     | 45/108 [00:34<00:44,  1.42it/s] 43%|████▎     | 46/108 [00:34<00:43,  1.42it/s] 44%|████▎     | 47/108 [00:35<00:42,  1.42it/s] 44%|████▍     | 48/108 [00:36<00:42,  1.42it/s] 45%|████▌     | 49/108 [00:36<00:41,  1.42it/s] 46%|████▋     | 50/108 [00:37<00:40,  1.42it/s] 47%|████▋     | 51/108 [00:38<00:40,  1.42it/s] 48%|████▊     | 52/108 [00:39<00:39,  1.42it/s] 49%|████▉     | 53/108 [00:39<00:38,  1.41it/s] 50%|█████     | 54/108 [00:40<00:38,  1.41it/s] 51%|█████     | 55/108 [00:41<00:37,  1.41it/s] 52%|█████▏    | 56/108 [00:41<00:36,  1.41it/s] 53%|█████▎    | 57/108 [00:42<00:36,  1.41it/s] 54%|█████▎    | 58/108 [00:43<00:35,  1.41it/s] 55%|█████▍    | 59/108 [00:44<00:34,  1.41it/s] 56%|█████▌    | 60/108 [00:44<00:33,  1.41it/s] 56%|█████▋    | 61/108 [00:45<00:33,  1.42it/s] 57%|█████▋    | 62/108 [00:46<00:32,  1.42it/s] 58%|█████▊    | 63/108 [00:46<00:31,  1.42it/s] 59%|█████▉    | 64/108 [00:47<00:31,  1.42it/s] 60%|██████    | 65/108 [00:48<00:30,  1.42it/s] 61%|██████    | 66/108 [00:48<00:29,  1.42it/s] 62%|██████▏   | 67/108 [00:49<00:28,  1.42it/s] 63%|██████▎   | 68/108 [00:50<00:28,  1.42it/s] 64%|██████▍   | 69/108 [00:51<00:27,  1.42it/s] 65%|██████▍   | 70/108 [00:51<00:26,  1.42it/s] 66%|██████▌   | 71/108 [00:52<00:26,  1.42it/s] 67%|██████▋   | 72/108 [00:53<00:25,  1.42it/s] 68%|██████▊   | 73/108 [00:53<00:24,  1.42it/s] 69%|██████▊   | 74/108 [00:54<00:23,  1.42it/s] 69%|██████▉   | 75/108 [00:55<00:23,  1.42it/s] 70%|███████   | 76/108 [00:56<00:22,  1.42it/s] 71%|███████▏  | 77/108 [00:56<00:21,  1.42it/s] 72%|███████▏  | 78/108 [00:57<00:21,  1.42it/s] 73%|███████▎  | 79/108 [00:58<00:20,  1.42it/s] 74%|███████▍  | 80/108 [00:58<00:19,  1.42it/s] 75%|███████▌  | 81/108 [00:59<00:19,  1.42it/s] 76%|███████▌  | 82/108 [01:00<00:18,  1.42it/s] 77%|███████▋  | 83/108 [01:00<00:17,  1.42it/s] 78%|███████▊  | 84/108 [01:01<00:16,  1.42it/s] 79%|███████▊  | 85/108 [01:02<00:16,  1.42it/s] 80%|███████▉  | 86/108 [01:03<00:15,  1.42it/s] 81%|████████  | 87/108 [01:03<00:14,  1.42it/s] 81%|████████▏ | 88/108 [01:04<00:14,  1.42it/s] 82%|████████▏ | 89/108 [01:05<00:13,  1.42it/s] 83%|████████▎ | 90/108 [01:05<00:12,  1.42it/s] 84%|████████▍ | 91/108 [01:06<00:11,  1.42it/s] 85%|████████▌ | 92/108 [01:07<00:11,  1.42it/s] 86%|████████▌ | 93/108 [01:07<00:10,  1.42it/s] 87%|████████▋ | 94/108 [01:08<00:09,  1.42it/s] 88%|████████▊ | 95/108 [01:09<00:09,  1.42it/s] 89%|████████▉ | 96/108 [01:10<00:08,  1.42it/s] 90%|████████▉ | 97/108 [01:10<00:07,  1.42it/s] 91%|█████████ | 98/108 [01:11<00:07,  1.42it/s] 92%|█████████▏| 99/108 [01:12<00:06,  1.42it/s] 93%|█████████▎| 100/108 [01:12<00:05,  1.42it/s] 94%|█████████▎| 101/108 [01:13<00:04,  1.42it/s] 94%|█████████▍| 102/108 [01:14<00:04,  1.42it/s] 95%|█████████▌| 103/108 [01:15<00:03,  1.42it/s] 96%|█████████▋| 104/108 [01:15<00:02,  1.42it/s] 97%|█████████▋| 105/108 [01:16<00:02,  1.42it/s] 98%|█████████▊| 106/108 [01:17<00:01,  1.42it/s] 99%|█████████▉| 107/108 [01:17<00:00,  1.42it/s]100%|██████████| 108/108 [01:18<00:00,  1.68it/s]100%|██████████| 108/108 [01:18<00:00,  1.38it/s]
Epoch 26/200, Train Loss: 2.4980, Valid Loss: 2.4771
  0%|          | 0/108 [00:00<?, ?it/s]  1%|          | 1/108 [00:02<05:18,  2.97s/it]  2%|▏         | 2/108 [00:03<02:56,  1.66s/it]  3%|▎         | 3/108 [00:04<02:08,  1.23s/it]  4%|▎         | 4/108 [00:05<01:46,  1.02s/it]  5%|▍         | 5/108 [00:05<01:33,  1.10it/s]  6%|▌         | 6/108 [00:06<01:25,  1.19it/s]  6%|▋         | 7/108 [00:07<01:20,  1.26it/s]  7%|▋         | 8/108 [00:07<01:16,  1.31it/s]  8%|▊         | 9/108 [00:08<01:13,  1.34it/s]  9%|▉         | 10/108 [00:09<01:11,  1.37it/s] 10%|█         | 11/108 [00:10<01:10,  1.38it/s] 11%|█         | 12/108 [00:10<01:08,  1.39it/s] 12%|█▏        | 13/108 [00:11<01:07,  1.40it/s] 13%|█▎        | 14/108 [00:12<01:06,  1.41it/s] 14%|█▍        | 15/108 [00:12<01:05,  1.41it/s] 15%|█▍        | 16/108 [00:13<01:04,  1.42it/s] 16%|█▌        | 17/108 [00:14<01:04,  1.42it/s] 17%|█▋        | 18/108 [00:14<01:03,  1.42it/s] 18%|█▊        | 19/108 [00:15<01:02,  1.42it/s] 19%|█▊        | 20/108 [00:16<01:01,  1.42it/s] 19%|█▉        | 21/108 [00:17<01:01,  1.42it/s] 20%|██        | 22/108 [00:17<01:00,  1.42it/s] 21%|██▏       | 23/108 [00:18<00:59,  1.42it/s] 22%|██▏       | 24/108 [00:19<00:59,  1.42it/s] 23%|██▎       | 25/108 [00:19<00:58,  1.42it/s] 24%|██▍       | 26/108 [00:20<00:58,  1.41it/s] 25%|██▌       | 27/108 [00:21<00:57,  1.41it/s] 26%|██▌       | 28/108 [00:22<00:56,  1.42it/s] 27%|██▋       | 29/108 [00:22<00:55,  1.42it/s] 28%|██▊       | 30/108 [00:23<00:55,  1.42it/s] 29%|██▊       | 31/108 [00:24<00:54,  1.42it/s] 30%|██▉       | 32/108 [00:24<00:53,  1.42it/s] 31%|███       | 33/108 [00:25<00:52,  1.42it/s] 31%|███▏      | 34/108 [00:26<00:52,  1.42it/s] 32%|███▏      | 35/108 [00:26<00:51,  1.42it/s] 33%|███▎      | 36/108 [00:27<00:50,  1.42it/s] 34%|███▍      | 37/108 [00:28<00:49,  1.42it/s] 35%|███▌      | 38/108 [00:29<00:49,  1.42it/s] 36%|███▌      | 39/108 [00:29<00:48,  1.42it/s] 37%|███▋      | 40/108 [00:30<00:47,  1.42it/s] 38%|███▊      | 41/108 [00:31<00:47,  1.42it/s] 39%|███▉      | 42/108 [00:31<00:46,  1.42it/s] 40%|███▉      | 43/108 [00:32<00:45,  1.42it/s] 41%|████      | 44/108 [00:33<00:45,  1.42it/s] 42%|████▏     | 45/108 [00:33<00:44,  1.42it/s] 43%|████▎     | 46/108 [00:34<00:43,  1.42it/s] 44%|████▎     | 47/108 [00:35<00:42,  1.42it/s] 44%|████▍     | 48/108 [00:36<00:42,  1.42it/s] 45%|████▌     | 49/108 [00:36<00:41,  1.42it/s] 46%|████▋     | 50/108 [00:37<00:40,  1.42it/s] 47%|████▋     | 51/108 [00:38<00:40,  1.42it/s] 48%|████▊     | 52/108 [00:38<00:39,  1.42it/s] 49%|████▉     | 53/108 [00:39<00:38,  1.42it/s] 50%|█████     | 54/108 [00:40<00:38,  1.41it/s] 51%|█████     | 55/108 [00:41<00:37,  1.41it/s] 52%|█████▏    | 56/108 [00:41<00:36,  1.41it/s] 53%|█████▎    | 57/108 [00:42<00:36,  1.41it/s] 54%|█████▎    | 58/108 [00:43<00:35,  1.41it/s] 55%|█████▍    | 59/108 [00:43<00:34,  1.42it/s] 56%|█████▌    | 60/108 [00:44<00:33,  1.41it/s] 56%|█████▋    | 61/108 [00:45<00:33,  1.42it/s] 57%|█████▋    | 62/108 [00:46<00:32,  1.42it/s] 58%|█████▊    | 63/108 [00:46<00:31,  1.42it/s] 59%|█████▉    | 64/108 [00:47<00:31,  1.42it/s] 60%|██████    | 65/108 [00:48<00:30,  1.42it/s] 61%|██████    | 66/108 [00:48<00:29,  1.42it/s] 62%|██████▏   | 67/108 [00:49<00:28,  1.42it/s] 63%|██████▎   | 68/108 [00:50<00:28,  1.42it/s] 64%|██████▍   | 69/108 [00:50<00:27,  1.42it/s] 65%|██████▍   | 70/108 [00:51<00:26,  1.42it/s] 66%|██████▌   | 71/108 [00:52<00:26,  1.42it/s] 67%|██████▋   | 72/108 [00:53<00:25,  1.42it/s] 68%|██████▊   | 73/108 [00:53<00:24,  1.42it/s] 69%|██████▊   | 74/108 [00:54<00:23,  1.42it/s] 69%|██████▉   | 75/108 [00:55<00:23,  1.42it/s] 70%|███████   | 76/108 [00:55<00:22,  1.41it/s] 71%|███████▏  | 77/108 [00:56<00:21,  1.41it/s] 72%|███████▏  | 78/108 [00:57<00:21,  1.41it/s] 73%|███████▎  | 79/108 [00:57<00:20,  1.41it/s] 74%|███████▍  | 80/108 [00:58<00:19,  1.41it/s] 75%|███████▌  | 81/108 [00:59<00:19,  1.41it/s] 76%|███████▌  | 82/108 [01:00<00:18,  1.42it/s] 77%|███████▋  | 83/108 [01:00<00:17,  1.42it/s] 78%|███████▊  | 84/108 [01:01<00:16,  1.42it/s] 79%|███████▊  | 85/108 [01:02<00:16,  1.42it/s] 80%|███████▉  | 86/108 [01:02<00:15,  1.42it/s] 81%|████████  | 87/108 [01:03<00:14,  1.42it/s] 81%|████████▏ | 88/108 [01:04<00:14,  1.42it/s] 82%|████████▏ | 89/108 [01:05<00:13,  1.42it/s] 83%|████████▎ | 90/108 [01:05<00:12,  1.42it/s] 84%|████████▍ | 91/108 [01:06<00:11,  1.42it/s] 85%|████████▌ | 92/108 [01:07<00:11,  1.42it/s] 86%|████████▌ | 93/108 [01:07<00:10,  1.42it/s] 87%|████████▋ | 94/108 [01:08<00:09,  1.42it/s] 88%|████████▊ | 95/108 [01:09<00:09,  1.42it/s] 89%|████████▉ | 96/108 [01:09<00:08,  1.42it/s] 90%|████████▉ | 97/108 [01:10<00:07,  1.42it/s] 91%|█████████ | 98/108 [01:11<00:07,  1.42it/s] 92%|█████████▏| 99/108 [01:12<00:06,  1.42it/s] 93%|█████████▎| 100/108 [01:12<00:05,  1.42it/s] 94%|█████████▎| 101/108 [01:13<00:04,  1.42it/s] 94%|█████████▍| 102/108 [01:14<00:04,  1.42it/s] 95%|█████████▌| 103/108 [01:14<00:03,  1.42it/s] 96%|█████████▋| 104/108 [01:15<00:02,  1.42it/s] 97%|█████████▋| 105/108 [01:16<00:02,  1.42it/s] 98%|█████████▊| 106/108 [01:17<00:01,  1.42it/s] 99%|█████████▉| 107/108 [01:17<00:00,  1.42it/s]100%|██████████| 108/108 [01:18<00:00,  1.68it/s]100%|██████████| 108/108 [01:18<00:00,  1.38it/s]
Epoch 27/200, Train Loss: 2.5086, Valid Loss: 2.4762
  0%|          | 0/108 [00:00<?, ?it/s]  1%|          | 1/108 [00:02<05:06,  2.87s/it]  2%|▏         | 2/108 [00:03<02:52,  1.63s/it]  3%|▎         | 3/108 [00:04<02:06,  1.21s/it]  4%|▎         | 4/108 [00:05<01:44,  1.01s/it]  5%|▍         | 5/108 [00:05<01:32,  1.11it/s]  6%|▌         | 6/108 [00:06<01:24,  1.20it/s]  6%|▋         | 7/108 [00:07<01:19,  1.27it/s]  7%|▋         | 8/108 [00:07<01:16,  1.31it/s]  8%|▊         | 9/108 [00:08<01:13,  1.34it/s]  9%|▉         | 10/108 [00:09<01:11,  1.37it/s] 10%|█         | 11/108 [00:09<01:10,  1.38it/s] 11%|█         | 12/108 [00:10<01:08,  1.40it/s] 12%|█▏        | 13/108 [00:11<01:07,  1.40it/s] 13%|█▎        | 14/108 [00:12<01:06,  1.41it/s] 14%|█▍        | 15/108 [00:12<01:05,  1.41it/s] 15%|█▍        | 16/108 [00:13<01:04,  1.42it/s] 16%|█▌        | 17/108 [00:14<01:04,  1.42it/s] 17%|█▋        | 18/108 [00:14<01:03,  1.42it/s] 18%|█▊        | 19/108 [00:15<01:02,  1.42it/s] 19%|█▊        | 20/108 [00:16<01:01,  1.42it/s] 19%|█▉        | 21/108 [00:16<01:01,  1.42it/s] 20%|██        | 22/108 [00:17<01:00,  1.42it/s] 21%|██▏       | 23/108 [00:18<00:59,  1.42it/s] 22%|██▏       | 24/108 [00:19<00:59,  1.42it/s] 23%|██▎       | 25/108 [00:19<00:58,  1.42it/s] 24%|██▍       | 26/108 [00:20<00:58,  1.41it/s] 25%|██▌       | 27/108 [00:21<00:57,  1.41it/s] 26%|██▌       | 28/108 [00:21<00:56,  1.41it/s] 27%|██▋       | 29/108 [00:22<00:55,  1.42it/s] 28%|██▊       | 30/108 [00:23<00:54,  1.42it/s] 29%|██▊       | 31/108 [00:24<00:54,  1.42it/s] 30%|██▉       | 32/108 [00:24<00:53,  1.42it/s] 31%|███       | 33/108 [00:25<00:52,  1.42it/s] 31%|███▏      | 34/108 [00:26<00:52,  1.42it/s] 32%|███▏      | 35/108 [00:26<00:51,  1.42it/s] 33%|███▎      | 36/108 [00:27<00:50,  1.42it/s] 34%|███▍      | 37/108 [00:28<00:49,  1.42it/s] 35%|███▌      | 38/108 [00:28<00:49,  1.42it/s] 36%|███▌      | 39/108 [00:29<00:48,  1.42it/s] 37%|███▋      | 40/108 [00:30<00:47,  1.42it/s] 38%|███▊      | 41/108 [00:31<00:47,  1.42it/s] 39%|███▉      | 42/108 [00:31<00:46,  1.42it/s] 40%|███▉      | 43/108 [00:32<00:45,  1.42it/s] 41%|████      | 44/108 [00:33<00:44,  1.42it/s] 42%|████▏     | 45/108 [00:33<00:44,  1.42it/s] 43%|████▎     | 46/108 [00:34<00:43,  1.42it/s] 44%|████▎     | 47/108 [00:35<00:42,  1.42it/s] 44%|████▍     | 48/108 [00:36<00:42,  1.42it/s] 45%|████▌     | 49/108 [00:36<00:41,  1.42it/s] 46%|████▋     | 50/108 [00:37<00:40,  1.42it/s] 47%|████▋     | 51/108 [00:38<00:40,  1.42it/s] 48%|████▊     | 52/108 [00:38<00:39,  1.42it/s] 49%|████▉     | 53/108 [00:39<00:38,  1.42it/s] 50%|█████     | 54/108 [00:40<00:38,  1.42it/s] 51%|█████     | 55/108 [00:40<00:37,  1.42it/s] 52%|█████▏    | 56/108 [00:41<00:36,  1.42it/s] 53%|█████▎    | 57/108 [00:42<00:35,  1.42it/s] 54%|█████▎    | 58/108 [00:43<00:35,  1.42it/s] 55%|█████▍    | 59/108 [00:43<00:34,  1.42it/s] 56%|█████▌    | 60/108 [00:44<00:33,  1.42it/s] 56%|█████▋    | 61/108 [00:45<00:33,  1.42it/s] 57%|█████▋    | 62/108 [00:45<00:32,  1.42it/s] 58%|█████▊    | 63/108 [00:46<00:31,  1.42it/s] 59%|█████▉    | 64/108 [00:47<00:31,  1.42it/s] 60%|██████    | 65/108 [00:47<00:30,  1.42it/s] 61%|██████    | 66/108 [00:48<00:29,  1.42it/s] 62%|██████▏   | 67/108 [00:49<00:28,  1.42it/s] 63%|██████▎   | 68/108 [00:50<00:28,  1.42it/s] 64%|██████▍   | 69/108 [00:50<00:27,  1.42it/s] 65%|██████▍   | 70/108 [00:51<00:26,  1.42it/s] 66%|██████▌   | 71/108 [00:52<00:26,  1.42it/s] 67%|██████▋   | 72/108 [00:52<00:25,  1.42it/s] 68%|██████▊   | 73/108 [00:53<00:24,  1.42it/s] 69%|██████▊   | 74/108 [00:54<00:23,  1.42it/s] 69%|██████▉   | 75/108 [00:55<00:23,  1.42it/s] 70%|███████   | 76/108 [00:55<00:22,  1.42it/s] 71%|███████▏  | 77/108 [00:56<00:21,  1.42it/s] 72%|███████▏  | 78/108 [00:57<00:21,  1.42it/s] 73%|███████▎  | 79/108 [00:57<00:20,  1.42it/s] 74%|███████▍  | 80/108 [00:58<00:19,  1.42it/s] 75%|███████▌  | 81/108 [00:59<00:19,  1.42it/s] 76%|███████▌  | 82/108 [00:59<00:18,  1.42it/s] 77%|███████▋  | 83/108 [01:00<00:17,  1.42it/s] 78%|███████▊  | 84/108 [01:01<00:16,  1.42it/s] 79%|███████▊  | 85/108 [01:02<00:16,  1.42it/s] 80%|███████▉  | 86/108 [01:02<00:15,  1.42it/s] 81%|████████  | 87/108 [01:03<00:14,  1.42it/s] 81%|████████▏ | 88/108 [01:04<00:14,  1.42it/s] 82%|████████▏ | 89/108 [01:04<00:13,  1.42it/s] 83%|████████▎ | 90/108 [01:05<00:12,  1.42it/s] 84%|████████▍ | 91/108 [01:06<00:11,  1.42it/s] 85%|████████▌ | 92/108 [01:07<00:11,  1.42it/s] 86%|████████▌ | 93/108 [01:07<00:10,  1.42it/s] 87%|████████▋ | 94/108 [01:08<00:09,  1.42it/s] 88%|████████▊ | 95/108 [01:09<00:09,  1.42it/s] 89%|████████▉ | 96/108 [01:09<00:08,  1.42it/s] 90%|████████▉ | 97/108 [01:10<00:07,  1.42it/s] 91%|█████████ | 98/108 [01:11<00:07,  1.42it/s] 92%|█████████▏| 99/108 [01:11<00:06,  1.42it/s] 93%|█████████▎| 100/108 [01:12<00:05,  1.42it/s] 94%|█████████▎| 101/108 [01:13<00:04,  1.42it/s] 94%|█████████▍| 102/108 [01:14<00:04,  1.42it/s] 95%|█████████▌| 103/108 [01:14<00:03,  1.42it/s] 96%|█████████▋| 104/108 [01:15<00:02,  1.42it/s] 97%|█████████▋| 105/108 [01:16<00:02,  1.42it/s] 98%|█████████▊| 106/108 [01:16<00:01,  1.42it/s] 99%|█████████▉| 107/108 [01:17<00:00,  1.42it/s]100%|██████████| 108/108 [01:17<00:00,  1.68it/s]100%|██████████| 108/108 [01:18<00:00,  1.38it/s]
Epoch 28/200, Train Loss: 2.4982, Valid Loss: 2.4678, save best model!
  0%|          | 0/108 [00:00<?, ?it/s]  1%|          | 1/108 [00:03<06:14,  3.50s/it]  2%|▏         | 2/108 [00:04<03:16,  1.85s/it]  3%|▎         | 3/108 [00:04<02:20,  1.33s/it]  4%|▎         | 4/108 [00:05<01:52,  1.08s/it]  5%|▍         | 5/108 [00:06<01:37,  1.05it/s]  6%|▌         | 6/108 [00:07<01:28,  1.16it/s]  6%|▋         | 7/108 [00:07<01:22,  1.23it/s]  7%|▋         | 8/108 [00:08<01:17,  1.28it/s]  8%|▊         | 9/108 [00:09<01:14,  1.32it/s]  9%|▉         | 10/108 [00:09<01:12,  1.35it/s] 10%|█         | 11/108 [00:10<01:10,  1.37it/s] 11%|█         | 12/108 [00:11<01:09,  1.39it/s] 12%|█▏        | 13/108 [00:11<01:07,  1.40it/s] 13%|█▎        | 14/108 [00:12<01:06,  1.41it/s] 14%|█▍        | 15/108 [00:13<01:05,  1.41it/s] 15%|█▍        | 16/108 [00:14<01:05,  1.41it/s] 16%|█▌        | 17/108 [00:14<01:04,  1.42it/s] 17%|█▋        | 18/108 [00:15<01:03,  1.42it/s] 18%|█▊        | 19/108 [00:16<01:02,  1.42it/s] 19%|█▊        | 20/108 [00:16<01:01,  1.42it/s] 19%|█▉        | 21/108 [00:17<01:01,  1.42it/s] 20%|██        | 22/108 [00:18<01:00,  1.42it/s] 21%|██▏       | 23/108 [00:18<00:59,  1.42it/s] 22%|██▏       | 24/108 [00:19<00:59,  1.42it/s] 23%|██▎       | 25/108 [00:20<00:58,  1.41it/s] 24%|██▍       | 26/108 [00:21<00:57,  1.42it/s] 25%|██▌       | 27/108 [00:21<00:57,  1.42it/s] 26%|██▌       | 28/108 [00:22<00:56,  1.42it/s] 27%|██▋       | 29/108 [00:23<00:55,  1.41it/s] 28%|██▊       | 30/108 [00:23<00:55,  1.42it/s] 29%|██▊       | 31/108 [00:24<00:54,  1.42it/s] 30%|██▉       | 32/108 [00:25<00:53,  1.42it/s] 31%|███       | 33/108 [00:26<00:52,  1.42it/s] 31%|███▏      | 34/108 [00:26<00:52,  1.42it/s] 32%|███▏      | 35/108 [00:27<00:51,  1.42it/s] 33%|███▎      | 36/108 [00:28<00:50,  1.42it/s] 34%|███▍      | 37/108 [00:28<00:49,  1.42it/s] 35%|███▌      | 38/108 [00:29<00:49,  1.42it/s] 36%|███▌      | 39/108 [00:30<00:48,  1.42it/s] 37%|███▋      | 40/108 [00:30<00:47,  1.42it/s] 38%|███▊      | 41/108 [00:31<00:47,  1.42it/s] 39%|███▉      | 42/108 [00:32<00:46,  1.42it/s] 40%|███▉      | 43/108 [00:33<00:45,  1.42it/s] 41%|████      | 44/108 [00:33<00:45,  1.42it/s] 42%|████▏     | 45/108 [00:34<00:44,  1.42it/s] 43%|████▎     | 46/108 [00:35<00:43,  1.42it/s] 44%|████▎     | 47/108 [00:35<00:42,  1.42it/s] 44%|████▍     | 48/108 [00:36<00:42,  1.42it/s] 45%|████▌     | 49/108 [00:37<00:41,  1.42it/s] 46%|████▋     | 50/108 [00:38<00:40,  1.42it/s] 47%|████▋     | 51/108 [00:38<00:40,  1.42it/s] 48%|████▊     | 52/108 [00:39<00:39,  1.42it/s] 49%|████▉     | 53/108 [00:40<00:38,  1.41it/s] 50%|█████     | 54/108 [00:40<00:38,  1.41it/s] 51%|█████     | 55/108 [00:41<00:37,  1.41it/s] 52%|█████▏    | 56/108 [00:42<00:36,  1.41it/s] 53%|█████▎    | 57/108 [00:42<00:36,  1.41it/s] 54%|█████▎    | 58/108 [00:43<00:35,  1.41it/s] 55%|█████▍    | 59/108 [00:44<00:34,  1.42it/s] 56%|█████▌    | 60/108 [00:45<00:33,  1.41it/s] 56%|█████▋    | 61/108 [00:45<00:33,  1.41it/s] 57%|█████▋    | 62/108 [00:46<00:32,  1.42it/s] 58%|█████▊    | 63/108 [00:47<00:31,  1.42it/s] 59%|█████▉    | 64/108 [00:47<00:31,  1.42it/s] 60%|██████    | 65/108 [00:48<00:30,  1.41it/s] 61%|██████    | 66/108 [00:49<00:29,  1.42it/s] 62%|██████▏   | 67/108 [00:50<00:28,  1.42it/s] 63%|██████▎   | 68/108 [00:50<00:28,  1.42it/s] 64%|██████▍   | 69/108 [00:51<00:27,  1.42it/s] 65%|██████▍   | 70/108 [00:52<00:26,  1.42it/s] 66%|██████▌   | 71/108 [00:52<00:26,  1.42it/s] 67%|██████▋   | 72/108 [00:53<00:25,  1.42it/s] 68%|██████▊   | 73/108 [00:54<00:24,  1.42it/s] 69%|██████▊   | 74/108 [00:54<00:23,  1.42it/s] 69%|██████▉   | 75/108 [00:55<00:23,  1.42it/s] 70%|███████   | 76/108 [00:56<00:22,  1.42it/s] 71%|███████▏  | 77/108 [00:57<00:21,  1.42it/s] 72%|███████▏  | 78/108 [00:57<00:21,  1.42it/s] 73%|███████▎  | 79/108 [00:58<00:20,  1.42it/s] 74%|███████▍  | 80/108 [00:59<00:19,  1.42it/s] 75%|███████▌  | 81/108 [00:59<00:19,  1.42it/s] 76%|███████▌  | 82/108 [01:00<00:18,  1.42it/s] 77%|███████▋  | 83/108 [01:01<00:17,  1.42it/s] 78%|███████▊  | 84/108 [01:02<00:16,  1.42it/s] 79%|███████▊  | 85/108 [01:02<00:16,  1.42it/s] 80%|███████▉  | 86/108 [01:03<00:15,  1.42it/s] 81%|████████  | 87/108 [01:04<00:14,  1.42it/s] 81%|████████▏ | 88/108 [01:04<00:14,  1.42it/s] 82%|████████▏ | 89/108 [01:05<00:13,  1.42it/s] 83%|████████▎ | 90/108 [01:06<00:12,  1.42it/s] 84%|████████▍ | 91/108 [01:06<00:11,  1.42it/s] 85%|████████▌ | 92/108 [01:07<00:11,  1.42it/s] 86%|████████▌ | 93/108 [01:08<00:10,  1.42it/s] 87%|████████▋ | 94/108 [01:09<00:09,  1.42it/s] 88%|████████▊ | 95/108 [01:09<00:09,  1.42it/s] 89%|████████▉ | 96/108 [01:10<00:08,  1.42it/s] 90%|████████▉ | 97/108 [01:11<00:07,  1.42it/s] 91%|█████████ | 98/108 [01:11<00:07,  1.42it/s] 92%|█████████▏| 99/108 [01:12<00:06,  1.42it/s] 93%|█████████▎| 100/108 [01:13<00:05,  1.42it/s] 94%|█████████▎| 101/108 [01:14<00:04,  1.42it/s] 94%|█████████▍| 102/108 [01:14<00:04,  1.42it/s] 95%|█████████▌| 103/108 [01:15<00:03,  1.42it/s] 96%|█████████▋| 104/108 [01:16<00:02,  1.42it/s] 97%|█████████▋| 105/108 [01:16<00:02,  1.42it/s] 98%|█████████▊| 106/108 [01:17<00:01,  1.42it/s] 99%|█████████▉| 107/108 [01:18<00:00,  1.42it/s]100%|██████████| 108/108 [01:18<00:00,  1.68it/s]100%|██████████| 108/108 [01:18<00:00,  1.37it/s]
Epoch 29/200, Train Loss: 2.5044, Valid Loss: 2.4948
  0%|          | 0/108 [00:00<?, ?it/s]  1%|          | 1/108 [00:02<05:10,  2.90s/it]  2%|▏         | 2/108 [00:03<02:50,  1.61s/it]  3%|▎         | 3/108 [00:04<02:05,  1.19s/it]  4%|▎         | 4/108 [00:05<01:44,  1.00s/it]  5%|▍         | 5/108 [00:05<01:32,  1.12it/s]  6%|▌         | 6/108 [00:06<01:24,  1.21it/s]  6%|▋         | 7/108 [00:07<01:19,  1.27it/s]  7%|▋         | 8/108 [00:07<01:16,  1.31it/s]  8%|▊         | 9/108 [00:08<01:13,  1.35it/s]  9%|▉         | 10/108 [00:09<01:12,  1.36it/s] 10%|█         | 11/108 [00:09<01:10,  1.38it/s] 11%|█         | 12/108 [00:10<01:08,  1.39it/s] 12%|█▏        | 13/108 [00:11<01:07,  1.40it/s] 13%|█▎        | 14/108 [00:12<01:06,  1.40it/s] 14%|█▍        | 15/108 [00:12<01:05,  1.41it/s] 15%|█▍        | 16/108 [00:13<01:05,  1.41it/s] 16%|█▌        | 17/108 [00:14<01:04,  1.42it/s] 17%|█▋        | 18/108 [00:14<01:03,  1.42it/s] 18%|█▊        | 19/108 [00:15<01:02,  1.42it/s] 19%|█▊        | 20/108 [00:16<01:02,  1.42it/s] 19%|█▉        | 21/108 [00:16<01:01,  1.42it/s] 20%|██        | 22/108 [00:17<01:00,  1.42it/s] 21%|██▏       | 23/108 [00:18<00:59,  1.42it/s] 22%|██▏       | 24/108 [00:19<00:59,  1.42it/s] 23%|██▎       | 25/108 [00:19<00:58,  1.42it/s] 24%|██▍       | 26/108 [00:20<00:57,  1.42it/s] 25%|██▌       | 27/108 [00:21<00:57,  1.42it/s] 26%|██▌       | 28/108 [00:21<00:56,  1.42it/s] 27%|██▋       | 29/108 [00:22<00:55,  1.42it/s] 28%|██▊       | 30/108 [00:23<00:54,  1.42it/s] 29%|██▊       | 31/108 [00:24<00:54,  1.42it/s] 30%|██▉       | 32/108 [00:24<00:53,  1.42it/s] 31%|███       | 33/108 [00:25<00:52,  1.42it/s] 31%|███▏      | 34/108 [00:26<00:52,  1.42it/s] 32%|███▏      | 35/108 [00:26<00:51,  1.42it/s] 33%|███▎      | 36/108 [00:27<00:50,  1.42it/s] 34%|███▍      | 37/108 [00:28<00:50,  1.42it/s] 35%|███▌      | 38/108 [00:28<00:49,  1.41it/s] 36%|███▌      | 39/108 [00:29<00:48,  1.42it/s] 37%|███▋      | 40/108 [00:30<00:47,  1.42it/s] 38%|███▊      | 41/108 [00:31<00:47,  1.42it/s] 39%|███▉      | 42/108 [00:31<00:46,  1.42it/s] 40%|███▉      | 43/108 [00:32<00:45,  1.42it/s] 41%|████      | 44/108 [00:33<00:45,  1.42it/s] 42%|████▏     | 45/108 [00:33<00:44,  1.42it/s] 43%|████▎     | 46/108 [00:34<00:43,  1.42it/s] 44%|████▎     | 47/108 [00:35<00:42,  1.42it/s] 44%|████▍     | 48/108 [00:36<00:42,  1.42it/s] 45%|████▌     | 49/108 [00:36<00:41,  1.42it/s] 46%|████▋     | 50/108 [00:37<00:40,  1.42it/s] 47%|████▋     | 51/108 [00:38<00:40,  1.42it/s] 48%|████▊     | 52/108 [00:38<00:39,  1.42it/s] 49%|████▉     | 53/108 [00:39<00:38,  1.42it/s] 50%|█████     | 54/108 [00:40<00:38,  1.42it/s] 51%|█████     | 55/108 [00:40<00:37,  1.42it/s] 52%|█████▏    | 56/108 [00:41<00:36,  1.42it/s] 53%|█████▎    | 57/108 [00:42<00:36,  1.42it/s] 54%|█████▎    | 58/108 [00:43<00:35,  1.41it/s] 55%|█████▍    | 59/108 [00:43<00:34,  1.41it/s] 56%|█████▌    | 60/108 [00:44<00:33,  1.41it/s] 56%|█████▋    | 61/108 [00:45<00:33,  1.41it/s] 57%|█████▋    | 62/108 [00:45<00:32,  1.42it/s] 58%|█████▊    | 63/108 [00:46<00:31,  1.42it/s] 59%|█████▉    | 64/108 [00:47<00:31,  1.42it/s] 60%|██████    | 65/108 [00:48<00:30,  1.42it/s] 61%|██████    | 66/108 [00:48<00:29,  1.42it/s] 62%|██████▏   | 67/108 [00:49<00:28,  1.42it/s] 63%|██████▎   | 68/108 [00:50<00:28,  1.42it/s] 64%|██████▍   | 69/108 [00:50<00:27,  1.42it/s] 65%|██████▍   | 70/108 [00:51<00:26,  1.42it/s] 66%|██████▌   | 71/108 [00:52<00:26,  1.42it/s] 67%|██████▋   | 72/108 [00:52<00:25,  1.42it/s] 68%|██████▊   | 73/108 [00:53<00:24,  1.42it/s] 69%|██████▊   | 74/108 [00:54<00:23,  1.42it/s] 69%|██████▉   | 75/108 [00:55<00:23,  1.42it/s] 70%|███████   | 76/108 [00:55<00:22,  1.42it/s] 71%|███████▏  | 77/108 [00:56<00:21,  1.42it/s] 72%|███████▏  | 78/108 [00:57<00:21,  1.42it/s] 73%|███████▎  | 79/108 [00:57<00:20,  1.42it/s] 74%|███████▍  | 80/108 [00:58<00:19,  1.42it/s] 75%|███████▌  | 81/108 [00:59<00:19,  1.42it/s] 76%|███████▌  | 82/108 [00:59<00:18,  1.42it/s] 77%|███████▋  | 83/108 [01:00<00:17,  1.42it/s] 78%|███████▊  | 84/108 [01:01<00:16,  1.42it/s] 79%|███████▊  | 85/108 [01:02<00:16,  1.42it/s] 80%|███████▉  | 86/108 [01:02<00:15,  1.42it/s] 81%|████████  | 87/108 [01:03<00:14,  1.42it/s] 81%|████████▏ | 88/108 [01:04<00:14,  1.42it/s] 82%|████████▏ | 89/108 [01:04<00:13,  1.42it/s] 83%|████████▎ | 90/108 [01:05<00:12,  1.42it/s] 84%|████████▍ | 91/108 [01:06<00:11,  1.42it/s] 85%|████████▌ | 92/108 [01:07<00:11,  1.42it/s] 86%|████████▌ | 93/108 [01:07<00:10,  1.42it/s] 87%|████████▋ | 94/108 [01:08<00:09,  1.42it/s] 88%|████████▊ | 95/108 [01:09<00:09,  1.42it/s] 89%|████████▉ | 96/108 [01:09<00:08,  1.42it/s] 90%|████████▉ | 97/108 [01:10<00:07,  1.42it/s] 91%|█████████ | 98/108 [01:11<00:07,  1.42it/s] 92%|█████████▏| 99/108 [01:11<00:06,  1.42it/s] 93%|█████████▎| 100/108 [01:12<00:05,  1.42it/s] 94%|█████████▎| 101/108 [01:13<00:04,  1.42it/s] 94%|█████████▍| 102/108 [01:14<00:04,  1.42it/s] 95%|█████████▌| 103/108 [01:14<00:03,  1.42it/s] 96%|█████████▋| 104/108 [01:15<00:02,  1.42it/s] 97%|█████████▋| 105/108 [01:16<00:02,  1.42it/s] 98%|█████████▊| 106/108 [01:16<00:01,  1.42it/s] 99%|█████████▉| 107/108 [01:17<00:00,  1.42it/s]100%|██████████| 108/108 [01:17<00:00,  1.68it/s]100%|██████████| 108/108 [01:18<00:00,  1.38it/s]
Epoch 30/200, Train Loss: 2.5086, Valid Loss: 2.4759
  0%|          | 0/108 [00:00<?, ?it/s]  1%|          | 1/108 [00:02<05:04,  2.85s/it]  2%|▏         | 2/108 [00:03<02:49,  1.60s/it]  3%|▎         | 3/108 [00:04<02:04,  1.19s/it]  4%|▎         | 4/108 [00:04<01:44,  1.00s/it]  5%|▍         | 5/108 [00:05<01:32,  1.12it/s]  6%|▌         | 6/108 [00:06<01:24,  1.21it/s]  6%|▋         | 7/108 [00:07<01:19,  1.27it/s]  7%|▋         | 8/108 [00:07<01:16,  1.31it/s]  8%|▊         | 9/108 [00:08<01:13,  1.34it/s]  9%|▉         | 10/108 [00:09<01:11,  1.37it/s] 10%|█         | 11/108 [00:09<01:10,  1.38it/s] 11%|█         | 12/108 [00:10<01:08,  1.40it/s] 12%|█▏        | 13/108 [00:11<01:07,  1.40it/s] 13%|█▎        | 14/108 [00:12<01:06,  1.41it/s] 14%|█▍        | 15/108 [00:12<01:05,  1.41it/s] 15%|█▍        | 16/108 [00:13<01:04,  1.42it/s] 16%|█▌        | 17/108 [00:14<01:04,  1.42it/s] 17%|█▋        | 18/108 [00:14<01:03,  1.42it/s] 18%|█▊        | 19/108 [00:15<01:02,  1.42it/s] 19%|█▊        | 20/108 [00:16<01:01,  1.42it/s] 19%|█▉        | 21/108 [00:16<01:01,  1.42it/s] 20%|██        | 22/108 [00:17<01:00,  1.42it/s] 21%|██▏       | 23/108 [00:18<00:59,  1.42it/s] 22%|██▏       | 24/108 [00:19<00:59,  1.42it/s] 23%|██▎       | 25/108 [00:19<00:58,  1.42it/s] 24%|██▍       | 26/108 [00:20<00:57,  1.42it/s] 25%|██▌       | 27/108 [00:21<00:57,  1.42it/s] 26%|██▌       | 28/108 [00:21<00:56,  1.41it/s] 27%|██▋       | 29/108 [00:22<00:55,  1.41it/s] 28%|██▊       | 30/108 [00:23<00:55,  1.42it/s] 29%|██▊       | 31/108 [00:24<00:54,  1.42it/s] 30%|██▉       | 32/108 [00:24<00:53,  1.42it/s] 31%|███       | 33/108 [00:25<00:52,  1.42it/s] 31%|███▏      | 34/108 [00:26<00:52,  1.42it/s] 32%|███▏      | 35/108 [00:26<00:51,  1.42it/s] 33%|███▎      | 36/108 [00:27<00:50,  1.42it/s] 34%|███▍      | 37/108 [00:28<00:50,  1.42it/s] 35%|███▌      | 38/108 [00:28<00:49,  1.42it/s] 36%|███▌      | 39/108 [00:29<00:48,  1.42it/s] 37%|███▋      | 40/108 [00:30<00:47,  1.42it/s] 38%|███▊      | 41/108 [00:31<00:47,  1.42it/s] 39%|███▉      | 42/108 [00:31<00:46,  1.42it/s] 40%|███▉      | 43/108 [00:32<00:45,  1.42it/s] 41%|████      | 44/108 [00:33<00:45,  1.42it/s] 42%|████▏     | 45/108 [00:33<00:44,  1.42it/s] 43%|████▎     | 46/108 [00:34<00:43,  1.42it/s] 44%|████▎     | 47/108 [00:35<00:42,  1.42it/s] 44%|████▍     | 48/108 [00:35<00:42,  1.42it/s] 45%|████▌     | 49/108 [00:36<00:41,  1.42it/s] 46%|████▋     | 50/108 [00:37<00:40,  1.42it/s] 47%|████▋     | 51/108 [00:38<00:40,  1.42it/s] 48%|████▊     | 52/108 [00:38<00:39,  1.42it/s] 49%|████▉     | 53/108 [00:39<00:38,  1.42it/s] 50%|█████     | 54/108 [00:40<00:38,  1.42it/s] 51%|█████     | 55/108 [00:40<00:37,  1.42it/s] 52%|█████▏    | 56/108 [00:41<00:36,  1.42it/s] 53%|█████▎    | 57/108 [00:42<00:36,  1.42it/s] 54%|█████▎    | 58/108 [00:43<00:35,  1.42it/s] 55%|█████▍    | 59/108 [00:43<00:34,  1.42it/s] 56%|█████▌    | 60/108 [00:44<00:33,  1.41it/s] 56%|█████▋    | 61/108 [00:45<00:33,  1.42it/s] 57%|█████▋    | 62/108 [00:45<00:32,  1.42it/s] 58%|█████▊    | 63/108 [00:46<00:31,  1.42it/s] 59%|█████▉    | 64/108 [00:47<00:31,  1.42it/s] 60%|██████    | 65/108 [00:47<00:30,  1.42it/s] 61%|██████    | 66/108 [00:48<00:29,  1.42it/s] 62%|██████▏   | 67/108 [00:49<00:28,  1.42it/s] 63%|██████▎   | 68/108 [00:50<00:28,  1.42it/s] 64%|██████▍   | 69/108 [00:50<00:27,  1.42it/s] 65%|██████▍   | 70/108 [00:51<00:26,  1.42it/s] 66%|██████▌   | 71/108 [00:52<00:26,  1.42it/s] 67%|██████▋   | 72/108 [00:52<00:25,  1.42it/s] 68%|██████▊   | 73/108 [00:53<00:24,  1.42it/s] 69%|██████▊   | 74/108 [00:54<00:24,  1.42it/s] 69%|██████▉   | 75/108 [00:55<00:23,  1.42it/s] 70%|███████   | 76/108 [00:55<00:22,  1.42it/s] 71%|███████▏  | 77/108 [00:56<00:21,  1.42it/s] 72%|███████▏  | 78/108 [00:57<00:21,  1.41it/s] 73%|███████▎  | 79/108 [00:57<00:20,  1.41it/s] 74%|███████▍  | 80/108 [00:58<00:19,  1.41it/s] 75%|███████▌  | 81/108 [00:59<00:19,  1.42it/s] 76%|███████▌  | 82/108 [00:59<00:18,  1.42it/s] 77%|███████▋  | 83/108 [01:00<00:17,  1.42it/s] 78%|███████▊  | 84/108 [01:01<00:16,  1.42it/s] 79%|███████▊  | 85/108 [01:02<00:16,  1.42it/s] 80%|███████▉  | 86/108 [01:02<00:15,  1.42it/s] 81%|████████  | 87/108 [01:03<00:14,  1.42it/s] 81%|████████▏ | 88/108 [01:04<00:14,  1.42it/s] 82%|████████▏ | 89/108 [01:04<00:13,  1.42it/s] 83%|████████▎ | 90/108 [01:05<00:12,  1.42it/s] 84%|████████▍ | 91/108 [01:06<00:11,  1.42it/s] 85%|████████▌ | 92/108 [01:07<00:11,  1.42it/s] 86%|████████▌ | 93/108 [01:07<00:10,  1.42it/s] 87%|████████▋ | 94/108 [01:08<00:09,  1.42it/s] 88%|████████▊ | 95/108 [01:09<00:09,  1.42it/s] 89%|████████▉ | 96/108 [01:09<00:08,  1.42it/s] 90%|████████▉ | 97/108 [01:10<00:07,  1.42it/s] 91%|█████████ | 98/108 [01:11<00:07,  1.42it/s] 92%|█████████▏| 99/108 [01:11<00:06,  1.42it/s] 93%|█████████▎| 100/108 [01:12<00:05,  1.42it/s] 94%|█████████▎| 101/108 [01:13<00:04,  1.42it/s] 94%|█████████▍| 102/108 [01:14<00:04,  1.42it/s] 95%|█████████▌| 103/108 [01:14<00:03,  1.42it/s] 96%|█████████▋| 104/108 [01:15<00:02,  1.42it/s] 97%|█████████▋| 105/108 [01:16<00:02,  1.42it/s] 98%|█████████▊| 106/108 [01:16<00:01,  1.42it/s] 99%|█████████▉| 107/108 [01:17<00:00,  1.42it/s]100%|██████████| 108/108 [01:17<00:00,  1.68it/s]100%|██████████| 108/108 [01:18<00:00,  1.38it/s]
Epoch 31/200, Train Loss: 2.5005, Valid Loss: 2.4767
  0%|          | 0/108 [00:00<?, ?it/s]  1%|          | 1/108 [00:03<05:45,  3.22s/it]  2%|▏         | 2/108 [00:03<03:04,  1.74s/it]  3%|▎         | 3/108 [00:04<02:13,  1.28s/it]  4%|▎         | 4/108 [00:05<01:49,  1.05s/it]  5%|▍         | 5/108 [00:06<01:35,  1.08it/s]  6%|▌         | 6/108 [00:06<01:26,  1.18it/s]  6%|▋         | 7/108 [00:07<01:20,  1.25it/s]  7%|▋         | 8/108 [00:08<01:17,  1.30it/s]  8%|▊         | 9/108 [00:08<01:14,  1.33it/s]  9%|▉         | 10/108 [00:09<01:12,  1.36it/s] 10%|█         | 11/108 [00:10<01:10,  1.38it/s] 11%|█         | 12/108 [00:10<01:08,  1.39it/s] 12%|█▏        | 13/108 [00:11<01:07,  1.40it/s] 13%|█▎        | 14/108 [00:12<01:06,  1.41it/s] 14%|█▍        | 15/108 [00:13<01:05,  1.41it/s] 15%|█▍        | 16/108 [00:13<01:05,  1.41it/s] 16%|█▌        | 17/108 [00:14<01:04,  1.42it/s] 17%|█▋        | 18/108 [00:15<01:03,  1.42it/s] 18%|█▊        | 19/108 [00:15<01:02,  1.42it/s] 19%|█▊        | 20/108 [00:16<01:01,  1.42it/s] 19%|█▉        | 21/108 [00:17<01:01,  1.42it/s] 20%|██        | 22/108 [00:18<01:00,  1.42it/s] 21%|██▏       | 23/108 [00:18<00:59,  1.42it/s] 22%|██▏       | 24/108 [00:19<00:59,  1.42it/s] 23%|██▎       | 25/108 [00:20<00:58,  1.41it/s] 24%|██▍       | 26/108 [00:20<00:57,  1.42it/s] 25%|██▌       | 27/108 [00:21<00:57,  1.41it/s] 26%|██▌       | 28/108 [00:22<00:56,  1.42it/s] 27%|██▋       | 29/108 [00:22<00:55,  1.42it/s] 28%|██▊       | 30/108 [00:23<00:54,  1.42it/s] 29%|██▊       | 31/108 [00:24<00:54,  1.42it/s] 30%|██▉       | 32/108 [00:25<00:53,  1.42it/s] 31%|███       | 33/108 [00:25<00:52,  1.42it/s] 31%|███▏      | 34/108 [00:26<00:52,  1.42it/s] 32%|███▏      | 35/108 [00:27<00:51,  1.42it/s] 33%|███▎      | 36/108 [00:27<00:50,  1.42it/s] 34%|███▍      | 37/108 [00:28<00:49,  1.42it/s] 35%|███▌      | 38/108 [00:29<00:49,  1.42it/s] 36%|███▌      | 39/108 [00:29<00:48,  1.42it/s] 37%|███▋      | 40/108 [00:30<00:47,  1.42it/s] 38%|███▊      | 41/108 [00:31<00:47,  1.42it/s] 39%|███▉      | 42/108 [00:32<00:46,  1.42it/s] 40%|███▉      | 43/108 [00:32<00:45,  1.42it/s] 41%|████      | 44/108 [00:33<00:45,  1.42it/s] 42%|████▏     | 45/108 [00:34<00:44,  1.42it/s] 43%|████▎     | 46/108 [00:34<00:43,  1.42it/s] 44%|████▎     | 47/108 [00:35<00:42,  1.42it/s] 44%|████▍     | 48/108 [00:36<00:42,  1.42it/s] 45%|████▌     | 49/108 [00:37<00:41,  1.42it/s] 46%|████▋     | 50/108 [00:37<00:40,  1.42it/s] 47%|████▋     | 51/108 [00:38<00:40,  1.42it/s] 48%|████▊     | 52/108 [00:39<00:39,  1.42it/s] 49%|████▉     | 53/108 [00:39<00:38,  1.42it/s] 50%|█████     | 54/108 [00:40<00:38,  1.41it/s] 51%|█████     | 55/108 [00:41<00:37,  1.41it/s] 52%|█████▏    | 56/108 [00:41<00:36,  1.41it/s] 53%|█████▎    | 57/108 [00:42<00:36,  1.41it/s] 54%|█████▎    | 58/108 [00:43<00:35,  1.41it/s] 55%|█████▍    | 59/108 [00:44<00:34,  1.41it/s] 56%|█████▌    | 60/108 [00:44<00:33,  1.41it/s] 56%|█████▋    | 61/108 [00:45<00:33,  1.41it/s] 57%|█████▋    | 62/108 [00:46<00:32,  1.41it/s] 58%|█████▊    | 63/108 [00:46<00:31,  1.41it/s] 59%|█████▉    | 64/108 [00:47<00:31,  1.42it/s] 60%|██████    | 65/108 [00:48<00:30,  1.42it/s] 61%|██████    | 66/108 [00:49<00:29,  1.42it/s] 62%|██████▏   | 67/108 [00:49<00:28,  1.42it/s] 63%|██████▎   | 68/108 [00:50<00:28,  1.42it/s] 64%|██████▍   | 69/108 [00:51<00:27,  1.42it/s] 65%|██████▍   | 70/108 [00:51<00:26,  1.42it/s] 66%|██████▌   | 71/108 [00:52<00:26,  1.42it/s] 67%|██████▋   | 72/108 [00:53<00:25,  1.42it/s] 68%|██████▊   | 73/108 [00:53<00:24,  1.42it/s] 69%|██████▊   | 74/108 [00:54<00:23,  1.42it/s] 69%|██████▉   | 75/108 [00:55<00:23,  1.42it/s] 70%|███████   | 76/108 [00:56<00:22,  1.42it/s] 71%|███████▏  | 77/108 [00:56<00:21,  1.42it/s] 72%|███████▏  | 78/108 [00:57<00:21,  1.42it/s] 73%|███████▎  | 79/108 [00:58<00:20,  1.42it/s] 74%|███████▍  | 80/108 [00:58<00:19,  1.42it/s] 75%|███████▌  | 81/108 [00:59<00:19,  1.42it/s] 76%|███████▌  | 82/108 [01:00<00:18,  1.42it/s] 77%|███████▋  | 83/108 [01:01<00:17,  1.42it/s] 78%|███████▊  | 84/108 [01:01<00:16,  1.42it/s] 79%|███████▊  | 85/108 [01:02<00:16,  1.42it/s] 80%|███████▉  | 86/108 [01:03<00:15,  1.42it/s] 81%|████████  | 87/108 [01:03<00:14,  1.42it/s] 81%|████████▏ | 88/108 [01:04<00:14,  1.42it/s] 82%|████████▏ | 89/108 [01:05<00:13,  1.42it/s] 83%|████████▎ | 90/108 [01:05<00:12,  1.42it/s] 84%|████████▍ | 91/108 [01:06<00:11,  1.42it/s] 85%|████████▌ | 92/108 [01:07<00:11,  1.42it/s] 86%|████████▌ | 93/108 [01:08<00:10,  1.42it/s] 87%|████████▋ | 94/108 [01:08<00:09,  1.42it/s] 88%|████████▊ | 95/108 [01:09<00:09,  1.42it/s] 89%|████████▉ | 96/108 [01:10<00:08,  1.42it/s] 90%|████████▉ | 97/108 [01:10<00:07,  1.42it/s] 91%|█████████ | 98/108 [01:11<00:07,  1.42it/s] 92%|█████████▏| 99/108 [01:12<00:06,  1.42it/s] 93%|█████████▎| 100/108 [01:13<00:05,  1.42it/s] 94%|█████████▎| 101/108 [01:13<00:04,  1.42it/s] 94%|█████████▍| 102/108 [01:14<00:04,  1.42it/s] 95%|█████████▌| 103/108 [01:15<00:03,  1.42it/s] 96%|█████████▋| 104/108 [01:15<00:02,  1.42it/s] 97%|█████████▋| 105/108 [01:16<00:02,  1.42it/s] 98%|█████████▊| 106/108 [01:17<00:01,  1.42it/s] 99%|█████████▉| 107/108 [01:17<00:00,  1.42it/s]100%|██████████| 108/108 [01:18<00:00,  1.68it/s]100%|██████████| 108/108 [01:18<00:00,  1.38it/s]
Epoch 32/200, Train Loss: 2.5089, Valid Loss: 2.4814
  0%|          | 0/108 [00:00<?, ?it/s]  1%|          | 1/108 [00:02<05:13,  2.93s/it]  2%|▏         | 2/108 [00:03<02:51,  1.62s/it]  3%|▎         | 3/108 [00:04<02:06,  1.21s/it]  4%|▎         | 4/108 [00:05<01:44,  1.01s/it]  5%|▍         | 5/108 [00:05<01:32,  1.11it/s]  6%|▌         | 6/108 [00:06<01:24,  1.20it/s]  6%|▋         | 7/108 [00:07<01:20,  1.26it/s]  7%|▋         | 8/108 [00:07<01:16,  1.31it/s]  8%|▊         | 9/108 [00:08<01:13,  1.34it/s]  9%|▉         | 10/108 [00:09<01:11,  1.37it/s] 10%|█         | 11/108 [00:09<01:10,  1.38it/s] 11%|█         | 12/108 [00:10<01:08,  1.39it/s] 12%|█▏        | 13/108 [00:11<01:07,  1.40it/s] 13%|█▎        | 14/108 [00:12<01:06,  1.41it/s] 14%|█▍        | 15/108 [00:12<01:05,  1.41it/s] 15%|█▍        | 16/108 [00:13<01:04,  1.42it/s] 16%|█▌        | 17/108 [00:14<01:04,  1.42it/s] 17%|█▋        | 18/108 [00:14<01:03,  1.42it/s] 18%|█▊        | 19/108 [00:15<01:02,  1.42it/s] 19%|█▊        | 20/108 [00:16<01:01,  1.42it/s] 19%|█▉        | 21/108 [00:17<01:01,  1.42it/s] 20%|██        | 22/108 [00:17<01:00,  1.42it/s] 21%|██▏       | 23/108 [00:18<00:59,  1.42it/s] 22%|██▏       | 24/108 [00:19<00:59,  1.42it/s] 23%|██▎       | 25/108 [00:19<00:58,  1.42it/s] 24%|██▍       | 26/108 [00:20<00:57,  1.42it/s] 25%|██▌       | 27/108 [00:21<00:57,  1.42it/s] 26%|██▌       | 28/108 [00:21<00:56,  1.42it/s] 27%|██▋       | 29/108 [00:22<00:55,  1.42it/s] 28%|██▊       | 30/108 [00:23<00:55,  1.41it/s] 29%|██▊       | 31/108 [00:24<00:54,  1.41it/s] 30%|██▉       | 32/108 [00:24<00:53,  1.42it/s] 31%|███       | 33/108 [00:25<00:52,  1.42it/s] 31%|███▏      | 34/108 [00:26<00:52,  1.42it/s] 32%|███▏      | 35/108 [00:26<00:51,  1.42it/s] 33%|███▎      | 36/108 [00:27<00:50,  1.42it/s] 34%|███▍      | 37/108 [00:28<00:50,  1.42it/s] 35%|███▌      | 38/108 [00:29<00:49,  1.42it/s] 36%|███▌      | 39/108 [00:29<00:48,  1.42it/s] 37%|███▋      | 40/108 [00:30<00:47,  1.42it/s] 38%|███▊      | 41/108 [00:31<00:47,  1.42it/s] 39%|███▉      | 42/108 [00:31<00:46,  1.42it/s] 40%|███▉      | 43/108 [00:32<00:45,  1.42it/s] 41%|████      | 44/108 [00:33<00:45,  1.42it/s] 42%|████▏     | 45/108 [00:33<00:44,  1.42it/s] 43%|████▎     | 46/108 [00:34<00:43,  1.42it/s] 44%|████▎     | 47/108 [00:35<00:42,  1.42it/s] 44%|████▍     | 48/108 [00:36<00:42,  1.42it/s] 45%|████▌     | 49/108 [00:36<00:41,  1.42it/s] 46%|████▋     | 50/108 [00:37<00:40,  1.42it/s] 47%|████▋     | 51/108 [00:38<00:40,  1.42it/s] 48%|████▊     | 52/108 [00:38<00:39,  1.42it/s] 49%|████▉     | 53/108 [00:39<00:38,  1.42it/s] 50%|█████     | 54/108 [00:40<00:38,  1.42it/s] 51%|█████     | 55/108 [00:40<00:37,  1.42it/s] 52%|█████▏    | 56/108 [00:41<00:36,  1.42it/s] 53%|█████▎    | 57/108 [00:42<00:36,  1.41it/s] 54%|█████▎    | 58/108 [00:43<00:35,  1.41it/s] 55%|█████▍    | 59/108 [00:43<00:34,  1.42it/s] 56%|█████▌    | 60/108 [00:44<00:34,  1.41it/s] 56%|█████▋    | 61/108 [00:45<00:33,  1.41it/s] 57%|█████▋    | 62/108 [00:45<00:32,  1.41it/s] 58%|█████▊    | 63/108 [00:46<00:31,  1.42it/s] 59%|█████▉    | 64/108 [00:47<00:31,  1.42it/s] 60%|██████    | 65/108 [00:48<00:30,  1.42it/s] 61%|██████    | 66/108 [00:48<00:29,  1.42it/s] 62%|██████▏   | 67/108 [00:49<00:28,  1.42it/s] 63%|██████▎   | 68/108 [00:50<00:28,  1.42it/s] 64%|██████▍   | 69/108 [00:50<00:27,  1.42it/s] 65%|██████▍   | 70/108 [00:51<00:26,  1.42it/s] 66%|██████▌   | 71/108 [00:52<00:26,  1.42it/s] 67%|██████▋   | 72/108 [00:52<00:25,  1.42it/s] 68%|██████▊   | 73/108 [00:53<00:24,  1.42it/s] 69%|██████▊   | 74/108 [00:54<00:24,  1.42it/s] 69%|██████▉   | 75/108 [00:55<00:23,  1.42it/s] 70%|███████   | 76/108 [00:55<00:22,  1.42it/s] 71%|███████▏  | 77/108 [00:56<00:21,  1.42it/s] 72%|███████▏  | 78/108 [00:57<00:21,  1.42it/s] 73%|███████▎  | 79/108 [00:57<00:20,  1.42it/s] 74%|███████▍  | 80/108 [00:58<00:19,  1.42it/s] 75%|███████▌  | 81/108 [00:59<00:19,  1.42it/s] 76%|███████▌  | 82/108 [01:00<00:18,  1.41it/s] 77%|███████▋  | 83/108 [01:00<00:17,  1.42it/s] 78%|███████▊  | 84/108 [01:01<00:16,  1.42it/s] 79%|███████▊  | 85/108 [01:02<00:16,  1.42it/s] 80%|███████▉  | 86/108 [01:02<00:15,  1.42it/s] 81%|████████  | 87/108 [01:03<00:14,  1.42it/s] 81%|████████▏ | 88/108 [01:04<00:14,  1.42it/s] 82%|████████▏ | 89/108 [01:04<00:13,  1.42it/s] 83%|████████▎ | 90/108 [01:05<00:12,  1.42it/s] 84%|████████▍ | 91/108 [01:06<00:11,  1.42it/s] 85%|████████▌ | 92/108 [01:07<00:11,  1.42it/s] 86%|████████▌ | 93/108 [01:07<00:10,  1.42it/s] 87%|████████▋ | 94/108 [01:08<00:09,  1.42it/s] 88%|████████▊ | 95/108 [01:09<00:09,  1.42it/s] 89%|████████▉ | 96/108 [01:09<00:08,  1.42it/s] 90%|████████▉ | 97/108 [01:10<00:07,  1.42it/s] 91%|█████████ | 98/108 [01:11<00:07,  1.42it/s] 92%|█████████▏| 99/108 [01:12<00:06,  1.42it/s] 93%|█████████▎| 100/108 [01:12<00:05,  1.42it/s] 94%|█████████▎| 101/108 [01:13<00:04,  1.42it/s] 94%|█████████▍| 102/108 [01:14<00:04,  1.42it/s] 95%|█████████▌| 103/108 [01:14<00:03,  1.42it/s] 96%|█████████▋| 104/108 [01:15<00:02,  1.42it/s] 97%|█████████▋| 105/108 [01:16<00:02,  1.42it/s] 98%|█████████▊| 106/108 [01:16<00:01,  1.42it/s] 99%|█████████▉| 107/108 [01:17<00:00,  1.42it/s]100%|██████████| 108/108 [01:17<00:00,  1.68it/s]100%|██████████| 108/108 [01:18<00:00,  1.38it/s]
Epoch 33/200, Train Loss: 2.5024, Valid Loss: 2.5093
  0%|          | 0/108 [00:00<?, ?it/s]  1%|          | 1/108 [00:03<06:15,  3.51s/it]  2%|▏         | 2/108 [00:04<03:16,  1.86s/it]  3%|▎         | 3/108 [00:04<02:19,  1.33s/it]  4%|▎         | 4/108 [00:05<01:52,  1.08s/it]  5%|▍         | 5/108 [00:06<01:37,  1.05it/s]  6%|▌         | 6/108 [00:07<01:28,  1.15it/s]  6%|▋         | 7/108 [00:07<01:22,  1.23it/s]  7%|▋         | 8/108 [00:08<01:17,  1.28it/s]  8%|▊         | 9/108 [00:09<01:14,  1.32it/s]  9%|▉         | 10/108 [00:09<01:12,  1.35it/s] 10%|█         | 11/108 [00:10<01:10,  1.37it/s] 11%|█         | 12/108 [00:11<01:09,  1.39it/s] 12%|█▏        | 13/108 [00:11<01:07,  1.40it/s] 13%|█▎        | 14/108 [00:12<01:06,  1.41it/s] 14%|█▍        | 15/108 [00:13<01:05,  1.41it/s] 15%|█▍        | 16/108 [00:14<01:05,  1.41it/s] 16%|█▌        | 17/108 [00:14<01:04,  1.42it/s] 17%|█▋        | 18/108 [00:15<01:03,  1.42it/s] 18%|█▊        | 19/108 [00:16<01:02,  1.42it/s] 19%|█▊        | 20/108 [00:16<01:01,  1.42it/s] 19%|█▉        | 21/108 [00:17<01:01,  1.42it/s] 20%|██        | 22/108 [00:18<01:00,  1.42it/s] 21%|██▏       | 23/108 [00:18<00:59,  1.42it/s] 22%|██▏       | 24/108 [00:19<00:59,  1.42it/s] 23%|██▎       | 25/108 [00:20<00:58,  1.41it/s] 24%|██▍       | 26/108 [00:21<00:57,  1.41it/s] 25%|██▌       | 27/108 [00:21<00:57,  1.42it/s] 26%|██▌       | 28/108 [00:22<00:56,  1.42it/s] 27%|██▋       | 29/108 [00:23<00:55,  1.41it/s] 28%|██▊       | 30/108 [00:23<00:55,  1.42it/s] 29%|██▊       | 31/108 [00:24<00:54,  1.42it/s] 30%|██▉       | 32/108 [00:25<00:53,  1.42it/s] 31%|███       | 33/108 [00:26<00:52,  1.42it/s] 31%|███▏      | 34/108 [00:26<00:52,  1.42it/s] 32%|███▏      | 35/108 [00:27<00:51,  1.42it/s] 33%|███▎      | 36/108 [00:28<00:50,  1.42it/s] 34%|███▍      | 37/108 [00:28<00:49,  1.42it/s] 35%|███▌      | 38/108 [00:29<00:49,  1.42it/s] 36%|███▌      | 39/108 [00:30<00:48,  1.42it/s] 37%|███▋      | 40/108 [00:30<00:47,  1.42it/s] 38%|███▊      | 41/108 [00:31<00:47,  1.42it/s] 39%|███▉      | 42/108 [00:32<00:46,  1.42it/s] 40%|███▉      | 43/108 [00:33<00:45,  1.42it/s] 41%|████      | 44/108 [00:33<00:45,  1.42it/s] 42%|████▏     | 45/108 [00:34<00:44,  1.42it/s] 43%|████▎     | 46/108 [00:35<00:43,  1.42it/s] 44%|████▎     | 47/108 [00:35<00:43,  1.42it/s] 44%|████▍     | 48/108 [00:36<00:42,  1.42it/s] 45%|████▌     | 49/108 [00:37<00:41,  1.42it/s] 46%|████▋     | 50/108 [00:38<00:40,  1.42it/s] 47%|████▋     | 51/108 [00:38<00:40,  1.42it/s] 48%|████▊     | 52/108 [00:39<00:39,  1.42it/s] 49%|████▉     | 53/108 [00:40<00:38,  1.42it/s] 50%|█████     | 54/108 [00:40<00:38,  1.42it/s] 51%|█████     | 55/108 [00:41<00:37,  1.42it/s] 52%|█████▏    | 56/108 [00:42<00:36,  1.42it/s] 53%|█████▎    | 57/108 [00:42<00:35,  1.42it/s] 54%|█████▎    | 58/108 [00:43<00:35,  1.42it/s] 55%|█████▍    | 59/108 [00:44<00:34,  1.42it/s] 56%|█████▌    | 60/108 [00:45<00:33,  1.41it/s] 56%|█████▋    | 61/108 [00:45<00:33,  1.42it/s] 57%|█████▋    | 62/108 [00:46<00:32,  1.42it/s] 58%|█████▊    | 63/108 [00:47<00:31,  1.42it/s] 59%|█████▉    | 64/108 [00:47<00:31,  1.42it/s] 60%|██████    | 65/108 [00:48<00:30,  1.42it/s] 61%|██████    | 66/108 [00:49<00:29,  1.42it/s] 62%|██████▏   | 67/108 [00:50<00:28,  1.42it/s] 63%|██████▎   | 68/108 [00:50<00:28,  1.42it/s] 64%|██████▍   | 69/108 [00:51<00:27,  1.42it/s] 65%|██████▍   | 70/108 [00:52<00:26,  1.42it/s] 66%|██████▌   | 71/108 [00:52<00:26,  1.42it/s] 67%|██████▋   | 72/108 [00:53<00:25,  1.42it/s] 68%|██████▊   | 73/108 [00:54<00:24,  1.42it/s] 69%|██████▊   | 74/108 [00:54<00:23,  1.42it/s] 69%|██████▉   | 75/108 [00:55<00:23,  1.42it/s] 70%|███████   | 76/108 [00:56<00:22,  1.42it/s] 71%|███████▏  | 77/108 [00:57<00:21,  1.42it/s] 72%|███████▏  | 78/108 [00:57<00:21,  1.42it/s] 73%|███████▎  | 79/108 [00:58<00:20,  1.42it/s] 74%|███████▍  | 80/108 [00:59<00:19,  1.42it/s] 75%|███████▌  | 81/108 [00:59<00:19,  1.42it/s] 76%|███████▌  | 82/108 [01:00<00:18,  1.42it/s] 77%|███████▋  | 83/108 [01:01<00:17,  1.42it/s] 78%|███████▊  | 84/108 [01:02<00:16,  1.41it/s] 79%|███████▊  | 85/108 [01:02<00:16,  1.41it/s] 80%|███████▉  | 86/108 [01:03<00:15,  1.42it/s] 81%|████████  | 87/108 [01:04<00:14,  1.42it/s] 81%|████████▏ | 88/108 [01:04<00:14,  1.42it/s] 82%|████████▏ | 89/108 [01:05<00:13,  1.42it/s] 83%|████████▎ | 90/108 [01:06<00:12,  1.42it/s] 84%|████████▍ | 91/108 [01:06<00:11,  1.42it/s] 85%|████████▌ | 92/108 [01:07<00:11,  1.42it/s] 86%|████████▌ | 93/108 [01:08<00:10,  1.42it/s] 87%|████████▋ | 94/108 [01:09<00:09,  1.42it/s] 88%|████████▊ | 95/108 [01:09<00:09,  1.42it/s] 89%|████████▉ | 96/108 [01:10<00:08,  1.42it/s] 90%|████████▉ | 97/108 [01:11<00:07,  1.42it/s] 91%|█████████ | 98/108 [01:11<00:07,  1.42it/s] 92%|█████████▏| 99/108 [01:12<00:06,  1.42it/s] 93%|█████████▎| 100/108 [01:13<00:05,  1.42it/s] 94%|█████████▎| 101/108 [01:14<00:04,  1.42it/s] 94%|█████████▍| 102/108 [01:14<00:04,  1.42it/s] 95%|█████████▌| 103/108 [01:15<00:03,  1.42it/s] 96%|█████████▋| 104/108 [01:16<00:02,  1.42it/s] 97%|█████████▋| 105/108 [01:16<00:02,  1.42it/s] 98%|█████████▊| 106/108 [01:17<00:01,  1.42it/s] 99%|█████████▉| 107/108 [01:18<00:00,  1.42it/s]100%|██████████| 108/108 [01:18<00:00,  1.68it/s]100%|██████████| 108/108 [01:18<00:00,  1.37it/s]
Epoch 34/200, Train Loss: 2.5014, Valid Loss: 2.4940
  0%|          | 0/108 [00:00<?, ?it/s]  1%|          | 1/108 [00:03<06:11,  3.47s/it]  2%|▏         | 2/108 [00:04<03:15,  1.84s/it]  3%|▎         | 3/108 [00:04<02:18,  1.32s/it]  4%|▎         | 4/108 [00:05<01:52,  1.08s/it]  5%|▍         | 5/108 [00:06<01:37,  1.06it/s]  6%|▌         | 6/108 [00:06<01:27,  1.16it/s]  6%|▋         | 7/108 [00:07<01:21,  1.23it/s]  7%|▋         | 8/108 [00:08<01:17,  1.29it/s]  8%|▊         | 9/108 [00:09<01:14,  1.33it/s]  9%|▉         | 10/108 [00:09<01:12,  1.36it/s] 10%|█         | 11/108 [00:10<01:10,  1.37it/s] 11%|█         | 12/108 [00:11<01:09,  1.39it/s] 12%|█▏        | 13/108 [00:11<01:07,  1.40it/s] 13%|█▎        | 14/108 [00:12<01:06,  1.41it/s] 14%|█▍        | 15/108 [00:13<01:05,  1.41it/s] 15%|█▍        | 16/108 [00:14<01:05,  1.42it/s] 16%|█▌        | 17/108 [00:14<01:04,  1.42it/s] 17%|█▋        | 18/108 [00:15<01:03,  1.42it/s] 18%|█▊        | 19/108 [00:16<01:02,  1.42it/s] 19%|█▊        | 20/108 [00:16<01:01,  1.42it/s] 19%|█▉        | 21/108 [00:17<01:01,  1.42it/s] 20%|██        | 22/108 [00:18<01:00,  1.42it/s] 21%|██▏       | 23/108 [00:18<00:59,  1.42it/s] 22%|██▏       | 24/108 [00:19<00:59,  1.42it/s] 23%|██▎       | 25/108 [00:20<00:58,  1.42it/s] 24%|██▍       | 26/108 [00:21<00:57,  1.42it/s] 25%|██▌       | 27/108 [00:21<00:57,  1.42it/s] 26%|██▌       | 28/108 [00:22<00:56,  1.41it/s] 27%|██▋       | 29/108 [00:23<00:55,  1.42it/s] 28%|██▊       | 30/108 [00:23<00:55,  1.42it/s] 29%|██▊       | 31/108 [00:24<00:54,  1.42it/s] 30%|██▉       | 32/108 [00:25<00:53,  1.42it/s] 31%|███       | 33/108 [00:25<00:52,  1.42it/s] 31%|███▏      | 34/108 [00:26<00:52,  1.42it/s] 32%|███▏      | 35/108 [00:27<00:51,  1.42it/s] 33%|███▎      | 36/108 [00:28<00:50,  1.42it/s] 34%|███▍      | 37/108 [00:28<00:50,  1.42it/s] 35%|███▌      | 38/108 [00:29<00:49,  1.42it/s] 36%|███▌      | 39/108 [00:30<00:48,  1.42it/s] 37%|███▋      | 40/108 [00:30<00:47,  1.42it/s] 38%|███▊      | 41/108 [00:31<00:47,  1.42it/s] 39%|███▉      | 42/108 [00:32<00:46,  1.42it/s] 40%|███▉      | 43/108 [00:33<00:45,  1.42it/s] 41%|████      | 44/108 [00:33<00:45,  1.42it/s] 42%|████▏     | 45/108 [00:34<00:44,  1.42it/s] 43%|████▎     | 46/108 [00:35<00:43,  1.42it/s] 44%|████▎     | 47/108 [00:35<00:42,  1.42it/s] 44%|████▍     | 48/108 [00:36<00:42,  1.42it/s] 45%|████▌     | 49/108 [00:37<00:41,  1.42it/s] 46%|████▋     | 50/108 [00:37<00:40,  1.42it/s] 47%|████▋     | 51/108 [00:38<00:40,  1.42it/s] 48%|████▊     | 52/108 [00:39<00:39,  1.42it/s] 49%|████▉     | 53/108 [00:40<00:38,  1.42it/s] 50%|█████     | 54/108 [00:40<00:38,  1.42it/s] 51%|█████     | 55/108 [00:41<00:37,  1.42it/s] 52%|█████▏    | 56/108 [00:42<00:36,  1.42it/s] 53%|█████▎    | 57/108 [00:42<00:35,  1.42it/s] 54%|█████▎    | 58/108 [00:43<00:35,  1.42it/s] 55%|█████▍    | 59/108 [00:44<00:34,  1.42it/s] 56%|█████▌    | 60/108 [00:45<00:33,  1.41it/s] 56%|█████▋    | 61/108 [00:45<00:33,  1.42it/s] 57%|█████▋    | 62/108 [00:46<00:32,  1.42it/s] 58%|█████▊    | 63/108 [00:47<00:31,  1.42it/s] 59%|█████▉    | 64/108 [00:47<00:31,  1.42it/s] 60%|██████    | 65/108 [00:48<00:30,  1.42it/s] 61%|██████    | 66/108 [00:49<00:29,  1.42it/s] 62%|██████▏   | 67/108 [00:49<00:28,  1.42it/s] 63%|██████▎   | 68/108 [00:50<00:28,  1.42it/s] 64%|██████▍   | 69/108 [00:51<00:27,  1.42it/s] 65%|██████▍   | 70/108 [00:52<00:26,  1.42it/s] 66%|██████▌   | 71/108 [00:52<00:26,  1.42it/s] 67%|██████▋   | 72/108 [00:53<00:25,  1.42it/s] 68%|██████▊   | 73/108 [00:54<00:24,  1.42it/s] 69%|██████▊   | 74/108 [00:54<00:24,  1.42it/s] 69%|██████▉   | 75/108 [00:55<00:23,  1.42it/s] 70%|███████   | 76/108 [00:56<00:22,  1.42it/s] 71%|███████▏  | 77/108 [00:57<00:21,  1.42it/s] 72%|███████▏  | 78/108 [00:57<00:21,  1.41it/s] 73%|███████▎  | 79/108 [00:58<00:20,  1.41it/s] 74%|███████▍  | 80/108 [00:59<00:19,  1.41it/s] 75%|███████▌  | 81/108 [00:59<00:19,  1.41it/s] 76%|███████▌  | 82/108 [01:00<00:18,  1.41it/s] 77%|███████▋  | 83/108 [01:01<00:17,  1.41it/s] 78%|███████▊  | 84/108 [01:01<00:16,  1.41it/s] 79%|███████▊  | 85/108 [01:02<00:16,  1.41it/s] 80%|███████▉  | 86/108 [01:03<00:15,  1.41it/s] 81%|████████  | 87/108 [01:04<00:14,  1.41it/s] 81%|████████▏ | 88/108 [01:04<00:14,  1.42it/s] 82%|████████▏ | 89/108 [01:05<00:13,  1.42it/s] 83%|████████▎ | 90/108 [01:06<00:12,  1.42it/s] 84%|████████▍ | 91/108 [01:06<00:11,  1.42it/s] 85%|████████▌ | 92/108 [01:07<00:11,  1.42it/s] 86%|████████▌ | 93/108 [01:08<00:10,  1.42it/s] 87%|████████▋ | 94/108 [01:09<00:09,  1.42it/s] 88%|████████▊ | 95/108 [01:09<00:09,  1.42it/s] 89%|████████▉ | 96/108 [01:10<00:08,  1.42it/s] 90%|████████▉ | 97/108 [01:11<00:07,  1.42it/s] 91%|█████████ | 98/108 [01:11<00:07,  1.42it/s] 92%|█████████▏| 99/108 [01:12<00:06,  1.42it/s] 93%|█████████▎| 100/108 [01:13<00:05,  1.42it/s] 94%|█████████▎| 101/108 [01:13<00:04,  1.42it/s] 94%|█████████▍| 102/108 [01:14<00:04,  1.42it/s] 95%|█████████▌| 103/108 [01:15<00:03,  1.42it/s] 96%|█████████▋| 104/108 [01:16<00:02,  1.42it/s] 97%|█████████▋| 105/108 [01:16<00:02,  1.42it/s] 98%|█████████▊| 106/108 [01:17<00:01,  1.42it/s] 99%|█████████▉| 107/108 [01:18<00:00,  1.42it/s]100%|██████████| 108/108 [01:18<00:00,  1.68it/s]100%|██████████| 108/108 [01:18<00:00,  1.37it/s]
Epoch 35/200, Train Loss: 2.4947, Valid Loss: 2.4880
  0%|          | 0/108 [00:00<?, ?it/s]  1%|          | 1/108 [00:03<05:39,  3.18s/it]  2%|▏         | 2/108 [00:03<03:02,  1.72s/it]  3%|▎         | 3/108 [00:04<02:12,  1.26s/it]  4%|▎         | 4/108 [00:05<01:48,  1.04s/it]  5%|▍         | 5/108 [00:05<01:34,  1.09it/s]  6%|▌         | 6/108 [00:06<01:26,  1.18it/s]  6%|▋         | 7/108 [00:07<01:21,  1.25it/s]  7%|▋         | 8/108 [00:08<01:17,  1.30it/s]  8%|▊         | 9/108 [00:08<01:14,  1.33it/s]  9%|▉         | 10/108 [00:09<01:12,  1.36it/s] 10%|█         | 11/108 [00:10<01:10,  1.38it/s] 11%|█         | 12/108 [00:10<01:09,  1.39it/s] 12%|█▏        | 13/108 [00:11<01:07,  1.40it/s] 13%|█▎        | 14/108 [00:12<01:06,  1.41it/s] 14%|█▍        | 15/108 [00:13<01:05,  1.41it/s] 15%|█▍        | 16/108 [00:13<01:04,  1.42it/s] 16%|█▌        | 17/108 [00:14<01:04,  1.42it/s] 17%|█▋        | 18/108 [00:15<01:03,  1.42it/s] 18%|█▊        | 19/108 [00:15<01:02,  1.42it/s] 19%|█▊        | 20/108 [00:16<01:01,  1.42it/s] 19%|█▉        | 21/108 [00:17<01:01,  1.42it/s] 20%|██        | 22/108 [00:17<01:00,  1.42it/s] 21%|██▏       | 23/108 [00:18<00:59,  1.42it/s] 22%|██▏       | 24/108 [00:19<00:59,  1.42it/s] 23%|██▎       | 25/108 [00:20<00:58,  1.42it/s] 24%|██▍       | 26/108 [00:20<00:57,  1.42it/s] 25%|██▌       | 27/108 [00:21<00:57,  1.42it/s] 26%|██▌       | 28/108 [00:22<00:56,  1.42it/s] 27%|██▋       | 29/108 [00:22<00:55,  1.42it/s] 28%|██▊       | 30/108 [00:23<00:55,  1.42it/s] 29%|██▊       | 31/108 [00:24<00:54,  1.41it/s] 30%|██▉       | 32/108 [00:25<00:53,  1.41it/s] 31%|███       | 33/108 [00:25<00:52,  1.42it/s] 31%|███▏      | 34/108 [00:26<00:52,  1.42it/s] 32%|███▏      | 35/108 [00:27<00:51,  1.42it/s] 33%|███▎      | 36/108 [00:27<00:50,  1.42it/s] 34%|███▍      | 37/108 [00:28<00:50,  1.42it/s] 35%|███▌      | 38/108 [00:29<00:49,  1.42it/s] 36%|███▌      | 39/108 [00:29<00:48,  1.42it/s] 37%|███▋      | 40/108 [00:30<00:47,  1.42it/s] 38%|███▊      | 41/108 [00:31<00:47,  1.42it/s] 39%|███▉      | 42/108 [00:32<00:46,  1.42it/s] 40%|███▉      | 43/108 [00:32<00:45,  1.42it/s] 41%|████      | 44/108 [00:33<00:45,  1.42it/s] 42%|████▏     | 45/108 [00:34<00:44,  1.42it/s] 43%|████▎     | 46/108 [00:34<00:43,  1.42it/s] 44%|████▎     | 47/108 [00:35<00:42,  1.42it/s] 44%|████▍     | 48/108 [00:36<00:42,  1.42it/s] 45%|████▌     | 49/108 [00:36<00:41,  1.42it/s] 46%|████▋     | 50/108 [00:37<00:40,  1.42it/s] 47%|████▋     | 51/108 [00:38<00:40,  1.42it/s] 48%|████▊     | 52/108 [00:39<00:39,  1.42it/s] 49%|████▉     | 53/108 [00:39<00:38,  1.42it/s] 50%|█████     | 54/108 [00:40<00:38,  1.42it/s] 51%|█████     | 55/108 [00:41<00:37,  1.42it/s] 52%|█████▏    | 56/108 [00:41<00:36,  1.42it/s] 53%|█████▎    | 57/108 [00:42<00:36,  1.42it/s] 54%|█████▎    | 58/108 [00:43<00:35,  1.42it/s] 55%|█████▍    | 59/108 [00:44<00:34,  1.42it/s] 56%|█████▌    | 60/108 [00:44<00:33,  1.41it/s] 56%|█████▋    | 61/108 [00:45<00:33,  1.42it/s] 57%|█████▋    | 62/108 [00:46<00:32,  1.42it/s] 58%|█████▊    | 63/108 [00:46<00:31,  1.42it/s] 59%|█████▉    | 64/108 [00:47<00:31,  1.42it/s] 60%|██████    | 65/108 [00:48<00:30,  1.42it/s] 61%|██████    | 66/108 [00:48<00:29,  1.42it/s] 62%|██████▏   | 67/108 [00:49<00:28,  1.42it/s] 63%|██████▎   | 68/108 [00:50<00:28,  1.42it/s] 64%|██████▍   | 69/108 [00:51<00:27,  1.41it/s] 65%|██████▍   | 70/108 [00:51<00:26,  1.41it/s] 66%|██████▌   | 71/108 [00:52<00:26,  1.41it/s] 67%|██████▋   | 72/108 [00:53<00:25,  1.41it/s] 68%|██████▊   | 73/108 [00:53<00:24,  1.41it/s] 69%|██████▊   | 74/108 [00:54<00:24,  1.41it/s] 69%|██████▉   | 75/108 [00:55<00:23,  1.41it/s] 70%|███████   | 76/108 [00:56<00:22,  1.41it/s] 71%|███████▏  | 77/108 [00:56<00:21,  1.41it/s] 72%|███████▏  | 78/108 [00:57<00:21,  1.41it/s] 73%|███████▎  | 79/108 [00:58<00:20,  1.41it/s] 74%|███████▍  | 80/108 [00:58<00:19,  1.41it/s] 75%|███████▌  | 81/108 [00:59<00:19,  1.41it/s] 76%|███████▌  | 82/108 [01:00<00:18,  1.41it/s] 77%|███████▋  | 83/108 [01:01<00:17,  1.41it/s] 78%|███████▊  | 84/108 [01:01<00:16,  1.41it/s] 79%|███████▊  | 85/108 [01:02<00:16,  1.41it/s] 80%|███████▉  | 86/108 [01:03<00:15,  1.41it/s] 81%|████████  | 87/108 [01:03<00:14,  1.41it/s] 81%|████████▏ | 88/108 [01:04<00:14,  1.41it/s] 82%|████████▏ | 89/108 [01:05<00:13,  1.42it/s] 83%|████████▎ | 90/108 [01:05<00:12,  1.42it/s] 84%|████████▍ | 91/108 [01:06<00:11,  1.42it/s] 85%|████████▌ | 92/108 [01:07<00:11,  1.42it/s] 86%|████████▌ | 93/108 [01:08<00:10,  1.42it/s] 87%|████████▋ | 94/108 [01:08<00:09,  1.42it/s] 88%|████████▊ | 95/108 [01:09<00:09,  1.42it/s] 89%|████████▉ | 96/108 [01:10<00:08,  1.42it/s] 90%|████████▉ | 97/108 [01:10<00:07,  1.42it/s] 91%|█████████ | 98/108 [01:11<00:07,  1.42it/s] 92%|█████████▏| 99/108 [01:12<00:06,  1.42it/s] 93%|█████████▎| 100/108 [01:13<00:05,  1.42it/s] 94%|█████████▎| 101/108 [01:13<00:04,  1.42it/s] 94%|█████████▍| 102/108 [01:14<00:04,  1.42it/s] 95%|█████████▌| 103/108 [01:15<00:03,  1.42it/s] 96%|█████████▋| 104/108 [01:15<00:02,  1.42it/s] 97%|█████████▋| 105/108 [01:16<00:02,  1.42it/s] 98%|█████████▊| 106/108 [01:17<00:01,  1.42it/s] 99%|█████████▉| 107/108 [01:17<00:00,  1.42it/s]100%|██████████| 108/108 [01:18<00:00,  1.68it/s]100%|██████████| 108/108 [01:18<00:00,  1.38it/s]
Epoch 36/200, Train Loss: 2.4983, Valid Loss: 2.5111
  0%|          | 0/108 [00:00<?, ?it/s]  1%|          | 1/108 [00:03<05:36,  3.15s/it]  2%|▏         | 2/108 [00:03<03:01,  1.71s/it]  3%|▎         | 3/108 [00:04<02:11,  1.25s/it]  4%|▎         | 4/108 [00:05<01:47,  1.03s/it]  5%|▍         | 5/108 [00:05<01:34,  1.09it/s]  6%|▌         | 6/108 [00:06<01:26,  1.18it/s]  6%|▋         | 7/108 [00:07<01:20,  1.25it/s]  7%|▋         | 8/108 [00:08<01:16,  1.30it/s]  8%|▊         | 9/108 [00:08<01:14,  1.33it/s]  9%|▉         | 10/108 [00:09<01:12,  1.36it/s] 10%|█         | 11/108 [00:10<01:10,  1.38it/s] 11%|█         | 12/108 [00:10<01:09,  1.39it/s] 12%|█▏        | 13/108 [00:11<01:07,  1.40it/s] 13%|█▎        | 14/108 [00:12<01:06,  1.41it/s] 14%|█▍        | 15/108 [00:13<01:05,  1.41it/s] 15%|█▍        | 16/108 [00:13<01:05,  1.41it/s] 16%|█▌        | 17/108 [00:14<01:04,  1.42it/s] 17%|█▋        | 18/108 [00:15<01:03,  1.42it/s] 18%|█▊        | 19/108 [00:15<01:02,  1.42it/s] 19%|█▊        | 20/108 [00:16<01:01,  1.42it/s] 19%|█▉        | 21/108 [00:17<01:01,  1.42it/s] 20%|██        | 22/108 [00:17<01:00,  1.42it/s] 21%|██▏       | 23/108 [00:18<00:59,  1.42it/s] 22%|██▏       | 24/108 [00:19<00:59,  1.42it/s] 23%|██▎       | 25/108 [00:20<00:58,  1.41it/s] 24%|██▍       | 26/108 [00:20<00:57,  1.41it/s] 25%|██▌       | 27/108 [00:21<00:57,  1.42it/s] 26%|██▌       | 28/108 [00:22<00:56,  1.42it/s] 27%|██▋       | 29/108 [00:22<00:55,  1.42it/s] 28%|██▊       | 30/108 [00:23<00:54,  1.42it/s] 29%|██▊       | 31/108 [00:24<00:54,  1.42it/s] 30%|██▉       | 32/108 [00:24<00:53,  1.42it/s] 31%|███       | 33/108 [00:25<00:52,  1.42it/s] 31%|███▏      | 34/108 [00:26<00:52,  1.42it/s] 32%|███▏      | 35/108 [00:27<00:51,  1.42it/s] 33%|███▎      | 36/108 [00:27<00:50,  1.42it/s] 34%|███▍      | 37/108 [00:28<00:49,  1.42it/s] 35%|███▌      | 38/108 [00:29<00:49,  1.42it/s] 36%|███▌      | 39/108 [00:29<00:48,  1.42it/s] 37%|███▋      | 40/108 [00:30<00:47,  1.42it/s] 38%|███▊      | 41/108 [00:31<00:47,  1.42it/s] 39%|███▉      | 42/108 [00:32<00:46,  1.42it/s] 40%|███▉      | 43/108 [00:32<00:45,  1.42it/s] 41%|████      | 44/108 [00:33<00:45,  1.42it/s] 42%|████▏     | 45/108 [00:34<00:44,  1.42it/s] 43%|████▎     | 46/108 [00:34<00:43,  1.42it/s] 44%|████▎     | 47/108 [00:35<00:42,  1.42it/s] 44%|████▍     | 48/108 [00:36<00:42,  1.42it/s] 45%|████▌     | 49/108 [00:36<00:41,  1.42it/s] 46%|████▋     | 50/108 [00:37<00:40,  1.42it/s] 47%|████▋     | 51/108 [00:38<00:40,  1.42it/s] 48%|████▊     | 52/108 [00:39<00:39,  1.42it/s] 49%|████▉     | 53/108 [00:39<00:38,  1.42it/s] 50%|█████     | 54/108 [00:40<00:37,  1.42it/s] 51%|█████     | 55/108 [00:41<00:37,  1.42it/s] 52%|█████▏    | 56/108 [00:41<00:36,  1.42it/s] 53%|█████▎    | 57/108 [00:42<00:35,  1.42it/s] 54%|█████▎    | 58/108 [00:43<00:35,  1.42it/s] 55%|█████▍    | 59/108 [00:44<00:34,  1.42it/s] 56%|█████▌    | 60/108 [00:44<00:33,  1.41it/s] 56%|█████▋    | 61/108 [00:45<00:33,  1.41it/s] 57%|█████▋    | 62/108 [00:46<00:32,  1.42it/s] 58%|█████▊    | 63/108 [00:46<00:31,  1.42it/s] 59%|█████▉    | 64/108 [00:47<00:31,  1.42it/s] 60%|██████    | 65/108 [00:48<00:30,  1.42it/s] 61%|██████    | 66/108 [00:48<00:29,  1.42it/s] 62%|██████▏   | 67/108 [00:49<00:28,  1.42it/s] 63%|██████▎   | 68/108 [00:50<00:28,  1.42it/s] 64%|██████▍   | 69/108 [00:51<00:27,  1.42it/s] 65%|██████▍   | 70/108 [00:51<00:26,  1.42it/s] 66%|██████▌   | 71/108 [00:52<00:26,  1.42it/s] 67%|██████▋   | 72/108 [00:53<00:25,  1.42it/s] 68%|██████▊   | 73/108 [00:53<00:24,  1.42it/s] 69%|██████▊   | 74/108 [00:54<00:23,  1.42it/s] 69%|██████▉   | 75/108 [00:55<00:23,  1.42it/s] 70%|███████   | 76/108 [00:56<00:22,  1.42it/s] 71%|███████▏  | 77/108 [00:56<00:21,  1.42it/s] 72%|███████▏  | 78/108 [00:57<00:21,  1.42it/s] 73%|███████▎  | 79/108 [00:58<00:20,  1.42it/s] 74%|███████▍  | 80/108 [00:58<00:19,  1.42it/s] 75%|███████▌  | 81/108 [00:59<00:19,  1.42it/s] 76%|███████▌  | 82/108 [01:00<00:18,  1.42it/s] 77%|███████▋  | 83/108 [01:00<00:17,  1.42it/s] 78%|███████▊  | 84/108 [01:01<00:16,  1.42it/s] 79%|███████▊  | 85/108 [01:02<00:16,  1.42it/s] 80%|███████▉  | 86/108 [01:03<00:15,  1.42it/s] 81%|████████  | 87/108 [01:03<00:14,  1.42it/s] 81%|████████▏ | 88/108 [01:04<00:14,  1.42it/s] 82%|████████▏ | 89/108 [01:05<00:13,  1.42it/s] 83%|████████▎ | 90/108 [01:05<00:12,  1.42it/s] 84%|████████▍ | 91/108 [01:06<00:11,  1.42it/s] 85%|████████▌ | 92/108 [01:07<00:11,  1.42it/s] 86%|████████▌ | 93/108 [01:08<00:10,  1.42it/s] 87%|████████▋ | 94/108 [01:08<00:09,  1.42it/s] 88%|████████▊ | 95/108 [01:09<00:09,  1.42it/s] 89%|████████▉ | 96/108 [01:10<00:08,  1.42it/s] 90%|████████▉ | 97/108 [01:10<00:07,  1.42it/s] 91%|█████████ | 98/108 [01:11<00:07,  1.42it/s] 92%|█████████▏| 99/108 [01:12<00:06,  1.42it/s] 93%|█████████▎| 100/108 [01:12<00:05,  1.42it/s] 94%|█████████▎| 101/108 [01:13<00:04,  1.42it/s] 94%|█████████▍| 102/108 [01:14<00:04,  1.42it/s] 95%|█████████▌| 103/108 [01:15<00:03,  1.42it/s] 96%|█████████▋| 104/108 [01:15<00:02,  1.42it/s] 97%|█████████▋| 105/108 [01:16<00:02,  1.42it/s] 98%|█████████▊| 106/108 [01:17<00:01,  1.42it/s] 99%|█████████▉| 107/108 [01:17<00:00,  1.42it/s]100%|██████████| 108/108 [01:18<00:00,  1.68it/s]100%|██████████| 108/108 [01:18<00:00,  1.38it/s]
Epoch 37/200, Train Loss: 2.5031, Valid Loss: 2.4758
  0%|          | 0/108 [00:00<?, ?it/s]  1%|          | 1/108 [00:03<05:53,  3.30s/it]  2%|▏         | 2/108 [00:04<03:07,  1.77s/it]  3%|▎         | 3/108 [00:04<02:14,  1.28s/it]  4%|▎         | 4/108 [00:05<01:49,  1.05s/it]  5%|▍         | 5/108 [00:06<01:35,  1.08it/s]  6%|▌         | 6/108 [00:06<01:26,  1.17it/s]  6%|▋         | 7/108 [00:07<01:21,  1.24it/s]  7%|▋         | 8/108 [00:08<01:17,  1.29it/s]  8%|▊         | 9/108 [00:08<01:14,  1.33it/s]  9%|▉         | 10/108 [00:09<01:12,  1.35it/s] 10%|█         | 11/108 [00:10<01:10,  1.37it/s] 11%|█         | 12/108 [00:11<01:09,  1.39it/s] 12%|█▏        | 13/108 [00:11<01:07,  1.40it/s] 13%|█▎        | 14/108 [00:12<01:06,  1.41it/s] 14%|█▍        | 15/108 [00:13<01:05,  1.41it/s] 15%|█▍        | 16/108 [00:13<01:05,  1.41it/s] 16%|█▌        | 17/108 [00:14<01:04,  1.42it/s] 17%|█▋        | 18/108 [00:15<01:03,  1.42it/s] 18%|█▊        | 19/108 [00:15<01:02,  1.42it/s] 19%|█▊        | 20/108 [00:16<01:01,  1.42it/s] 19%|█▉        | 21/108 [00:17<01:01,  1.42it/s] 20%|██        | 22/108 [00:18<01:00,  1.42it/s] 21%|██▏       | 23/108 [00:18<00:59,  1.42it/s] 22%|██▏       | 24/108 [00:19<00:59,  1.42it/s] 23%|██▎       | 25/108 [00:20<00:58,  1.41it/s] 24%|██▍       | 26/108 [00:20<00:57,  1.42it/s] 25%|██▌       | 27/108 [00:21<00:57,  1.42it/s] 26%|██▌       | 28/108 [00:22<00:56,  1.42it/s] 27%|██▋       | 29/108 [00:23<00:55,  1.42it/s] 28%|██▊       | 30/108 [00:23<00:54,  1.42it/s] 29%|██▊       | 31/108 [00:24<00:54,  1.42it/s] 30%|██▉       | 32/108 [00:25<00:53,  1.42it/s] 31%|███       | 33/108 [00:25<00:52,  1.42it/s] 31%|███▏      | 34/108 [00:26<00:52,  1.42it/s] 32%|███▏      | 35/108 [00:27<00:51,  1.42it/s] 33%|███▎      | 36/108 [00:27<00:50,  1.42it/s] 34%|███▍      | 37/108 [00:28<00:50,  1.42it/s] 35%|███▌      | 38/108 [00:29<00:49,  1.42it/s] 36%|███▌      | 39/108 [00:30<00:48,  1.42it/s] 37%|███▋      | 40/108 [00:30<00:47,  1.42it/s] 38%|███▊      | 41/108 [00:31<00:47,  1.42it/s] 39%|███▉      | 42/108 [00:32<00:46,  1.42it/s] 40%|███▉      | 43/108 [00:32<00:45,  1.42it/s] 41%|████      | 44/108 [00:33<00:45,  1.42it/s] 42%|████▏     | 45/108 [00:34<00:44,  1.42it/s] 43%|████▎     | 46/108 [00:34<00:43,  1.42it/s] 44%|████▎     | 47/108 [00:35<00:42,  1.42it/s] 44%|████▍     | 48/108 [00:36<00:42,  1.42it/s] 45%|████▌     | 49/108 [00:37<00:41,  1.42it/s] 46%|████▋     | 50/108 [00:37<00:40,  1.42it/s] 47%|████▋     | 51/108 [00:38<00:40,  1.42it/s] 48%|████▊     | 52/108 [00:39<00:39,  1.42it/s] 49%|████▉     | 53/108 [00:39<00:38,  1.42it/s] 50%|█████     | 54/108 [00:40<00:38,  1.42it/s] 51%|█████     | 55/108 [00:41<00:37,  1.42it/s] 52%|█████▏    | 56/108 [00:42<00:36,  1.42it/s] 53%|█████▎    | 57/108 [00:42<00:36,  1.42it/s] 54%|█████▎    | 58/108 [00:43<00:35,  1.42it/s] 55%|█████▍    | 59/108 [00:44<00:34,  1.42it/s] 56%|█████▌    | 60/108 [00:44<00:33,  1.41it/s] 56%|█████▋    | 61/108 [00:45<00:33,  1.42it/s] 57%|█████▋    | 62/108 [00:46<00:32,  1.42it/s] 58%|█████▊    | 63/108 [00:46<00:31,  1.42it/s] 59%|█████▉    | 64/108 [00:47<00:31,  1.42it/s] 60%|██████    | 65/108 [00:48<00:30,  1.42it/s] 61%|██████    | 66/108 [00:49<00:29,  1.42it/s] 62%|██████▏   | 67/108 [00:49<00:28,  1.42it/s] 63%|██████▎   | 68/108 [00:50<00:28,  1.42it/s] 64%|██████▍   | 69/108 [00:51<00:27,  1.42it/s] 65%|██████▍   | 70/108 [00:51<00:26,  1.42it/s] 66%|██████▌   | 71/108 [00:52<00:26,  1.42it/s] 67%|██████▋   | 72/108 [00:53<00:25,  1.42it/s] 68%|██████▊   | 73/108 [00:54<00:24,  1.42it/s] 69%|██████▊   | 74/108 [00:54<00:24,  1.42it/s] 69%|██████▉   | 75/108 [00:55<00:23,  1.42it/s] 70%|███████   | 76/108 [00:56<00:22,  1.42it/s] 71%|███████▏  | 77/108 [00:56<00:21,  1.42it/s] 72%|███████▏  | 78/108 [00:57<00:21,  1.42it/s] 73%|███████▎  | 79/108 [00:58<00:20,  1.42it/s] 74%|███████▍  | 80/108 [00:58<00:19,  1.42it/s] 75%|███████▌  | 81/108 [00:59<00:19,  1.42it/s] 76%|███████▌  | 82/108 [01:00<00:18,  1.42it/s] 77%|███████▋  | 83/108 [01:01<00:17,  1.42it/s] 78%|███████▊  | 84/108 [01:01<00:16,  1.42it/s] 79%|███████▊  | 85/108 [01:02<00:16,  1.42it/s] 80%|███████▉  | 86/108 [01:03<00:15,  1.42it/s] 81%|████████  | 87/108 [01:03<00:14,  1.42it/s] 81%|████████▏ | 88/108 [01:04<00:14,  1.42it/s] 82%|████████▏ | 89/108 [01:05<00:13,  1.42it/s] 83%|████████▎ | 90/108 [01:06<00:12,  1.42it/s] 84%|████████▍ | 91/108 [01:06<00:11,  1.42it/s] 85%|████████▌ | 92/108 [01:07<00:11,  1.42it/s] 86%|████████▌ | 93/108 [01:08<00:10,  1.42it/s] 87%|████████▋ | 94/108 [01:08<00:09,  1.42it/s] 88%|████████▊ | 95/108 [01:09<00:09,  1.42it/s] 89%|████████▉ | 96/108 [01:10<00:08,  1.42it/s] 90%|████████▉ | 97/108 [01:10<00:07,  1.42it/s] 91%|█████████ | 98/108 [01:11<00:07,  1.42it/s] 92%|█████████▏| 99/108 [01:12<00:06,  1.42it/s] 93%|█████████▎| 100/108 [01:13<00:05,  1.42it/s] 94%|█████████▎| 101/108 [01:13<00:04,  1.42it/s] 94%|█████████▍| 102/108 [01:14<00:04,  1.42it/s] 95%|█████████▌| 103/108 [01:15<00:03,  1.42it/s] 96%|█████████▋| 104/108 [01:15<00:02,  1.42it/s] 97%|█████████▋| 105/108 [01:16<00:02,  1.42it/s] 98%|█████████▊| 106/108 [01:17<00:01,  1.42it/s] 99%|█████████▉| 107/108 [01:18<00:00,  1.42it/s]100%|██████████| 108/108 [01:18<00:00,  1.68it/s]100%|██████████| 108/108 [01:18<00:00,  1.38it/s]
Epoch 38/200, Train Loss: 2.4985, Valid Loss: 2.4704
  0%|          | 0/108 [00:00<?, ?it/s]  1%|          | 1/108 [00:03<05:38,  3.16s/it]  2%|▏         | 2/108 [00:03<03:05,  1.75s/it]  3%|▎         | 3/108 [00:04<02:13,  1.27s/it]  4%|▎         | 4/108 [00:05<01:48,  1.05s/it]  5%|▍         | 5/108 [00:06<01:35,  1.08it/s]  6%|▌         | 6/108 [00:06<01:26,  1.18it/s]  6%|▋         | 7/108 [00:07<01:20,  1.25it/s]  7%|▋         | 8/108 [00:08<01:16,  1.30it/s]  8%|▊         | 9/108 [00:08<01:14,  1.34it/s]  9%|▉         | 10/108 [00:09<01:12,  1.36it/s] 10%|█         | 11/108 [00:10<01:10,  1.38it/s] 11%|█         | 12/108 [00:10<01:08,  1.39it/s] 12%|█▏        | 13/108 [00:11<01:07,  1.40it/s] 13%|█▎        | 14/108 [00:12<01:06,  1.41it/s] 14%|█▍        | 15/108 [00:13<01:05,  1.41it/s] 15%|█▍        | 16/108 [00:13<01:05,  1.41it/s] 16%|█▌        | 17/108 [00:14<01:04,  1.42it/s] 17%|█▋        | 18/108 [00:15<01:03,  1.42it/s] 18%|█▊        | 19/108 [00:15<01:02,  1.42it/s] 19%|█▊        | 20/108 [00:16<01:01,  1.42it/s] 19%|█▉        | 21/108 [00:17<01:01,  1.42it/s] 20%|██        | 22/108 [00:17<01:00,  1.42it/s] 21%|██▏       | 23/108 [00:18<00:59,  1.42it/s] 22%|██▏       | 24/108 [00:19<00:59,  1.42it/s] 23%|██▎       | 25/108 [00:20<00:58,  1.42it/s] 24%|██▍       | 26/108 [00:20<00:58,  1.40it/s] 25%|██▌       | 27/108 [00:21<00:57,  1.41it/s] 26%|██▌       | 28/108 [00:22<00:56,  1.41it/s] 27%|██▋       | 29/108 [00:22<00:55,  1.42it/s] 28%|██▊       | 30/108 [00:23<00:55,  1.42it/s] 29%|██▊       | 31/108 [00:24<00:54,  1.42it/s] 30%|██▉       | 32/108 [00:25<00:53,  1.42it/s] 31%|███       | 33/108 [00:25<00:52,  1.42it/s] 31%|███▏      | 34/108 [00:26<00:52,  1.42it/s] 32%|███▏      | 35/108 [00:27<00:51,  1.42it/s] 33%|███▎      | 36/108 [00:27<00:50,  1.42it/s] 34%|███▍      | 37/108 [00:28<00:49,  1.42it/s] 35%|███▌      | 38/108 [00:29<00:49,  1.42it/s] 36%|███▌      | 39/108 [00:29<00:48,  1.42it/s] 37%|███▋      | 40/108 [00:30<00:47,  1.42it/s] 38%|███▊      | 41/108 [00:31<00:47,  1.42it/s] 39%|███▉      | 42/108 [00:32<00:46,  1.42it/s] 40%|███▉      | 43/108 [00:32<00:45,  1.42it/s] 41%|████      | 44/108 [00:33<00:45,  1.42it/s] 42%|████▏     | 45/108 [00:34<00:44,  1.42it/s] 43%|████▎     | 46/108 [00:34<00:43,  1.42it/s] 44%|████▎     | 47/108 [00:35<00:42,  1.42it/s] 44%|████▍     | 48/108 [00:36<00:42,  1.42it/s] 45%|████▌     | 49/108 [00:37<00:41,  1.42it/s] 46%|████▋     | 50/108 [00:37<00:40,  1.42it/s] 47%|████▋     | 51/108 [00:38<00:40,  1.42it/s] 48%|████▊     | 52/108 [00:39<00:39,  1.42it/s] 49%|████▉     | 53/108 [00:39<00:38,  1.42it/s] 50%|█████     | 54/108 [00:40<00:38,  1.42it/s] 51%|█████     | 55/108 [00:41<00:37,  1.42it/s] 52%|█████▏    | 56/108 [00:41<00:36,  1.42it/s] 53%|█████▎    | 57/108 [00:42<00:36,  1.42it/s] 54%|█████▎    | 58/108 [00:43<00:35,  1.42it/s] 55%|█████▍    | 59/108 [00:44<00:34,  1.41it/s] 56%|█████▌    | 60/108 [00:44<00:33,  1.41it/s] 56%|█████▋    | 61/108 [00:45<00:33,  1.41it/s] 57%|█████▋    | 62/108 [00:46<00:32,  1.41it/s] 58%|█████▊    | 63/108 [00:46<00:31,  1.42it/s] 59%|█████▉    | 64/108 [00:47<00:31,  1.42it/s] 60%|██████    | 65/108 [00:48<00:30,  1.42it/s] 61%|██████    | 66/108 [00:49<00:29,  1.42it/s] 62%|██████▏   | 67/108 [00:49<00:28,  1.42it/s] 63%|██████▎   | 68/108 [00:50<00:28,  1.42it/s] 64%|██████▍   | 69/108 [00:51<00:27,  1.42it/s] 65%|██████▍   | 70/108 [00:51<00:26,  1.42it/s] 66%|██████▌   | 71/108 [00:52<00:26,  1.42it/s] 67%|██████▋   | 72/108 [00:53<00:25,  1.42it/s] 68%|██████▊   | 73/108 [00:53<00:24,  1.42it/s] 69%|██████▊   | 74/108 [00:54<00:24,  1.42it/s] 69%|██████▉   | 75/108 [00:55<00:23,  1.42it/s] 70%|███████   | 76/108 [00:56<00:22,  1.42it/s] 71%|███████▏  | 77/108 [00:56<00:21,  1.42it/s] 72%|███████▏  | 78/108 [00:57<00:21,  1.42it/s] 73%|███████▎  | 79/108 [00:58<00:20,  1.41it/s] 74%|███████▍  | 80/108 [00:58<00:19,  1.42it/s] 75%|███████▌  | 81/108 [00:59<00:19,  1.42it/s] 76%|███████▌  | 82/108 [01:00<00:18,  1.41it/s] 77%|███████▋  | 83/108 [01:01<00:17,  1.42it/s] 78%|███████▊  | 84/108 [01:01<00:16,  1.42it/s] 79%|███████▊  | 85/108 [01:02<00:16,  1.42it/s] 80%|███████▉  | 86/108 [01:03<00:15,  1.42it/s] 81%|████████  | 87/108 [01:03<00:14,  1.42it/s] 81%|████████▏ | 88/108 [01:04<00:14,  1.42it/s] 82%|████████▏ | 89/108 [01:05<00:13,  1.42it/s] 83%|████████▎ | 90/108 [01:05<00:12,  1.42it/s] 84%|████████▍ | 91/108 [01:06<00:11,  1.42it/s] 85%|████████▌ | 92/108 [01:07<00:11,  1.42it/s] 86%|████████▌ | 93/108 [01:08<00:10,  1.42it/s] 87%|████████▋ | 94/108 [01:08<00:09,  1.42it/s] 88%|████████▊ | 95/108 [01:09<00:09,  1.42it/s] 89%|████████▉ | 96/108 [01:10<00:08,  1.42it/s] 90%|████████▉ | 97/108 [01:10<00:07,  1.42it/s] 91%|█████████ | 98/108 [01:11<00:07,  1.42it/s] 92%|█████████▏| 99/108 [01:12<00:06,  1.42it/s] 93%|█████████▎| 100/108 [01:13<00:05,  1.42it/s] 94%|█████████▎| 101/108 [01:13<00:04,  1.42it/s] 94%|█████████▍| 102/108 [01:14<00:04,  1.42it/s] 95%|█████████▌| 103/108 [01:15<00:03,  1.42it/s] 96%|█████████▋| 104/108 [01:15<00:02,  1.42it/s] 97%|█████████▋| 105/108 [01:16<00:02,  1.42it/s] 98%|█████████▊| 106/108 [01:17<00:01,  1.42it/s] 99%|█████████▉| 107/108 [01:17<00:00,  1.42it/s]100%|██████████| 108/108 [01:18<00:00,  1.68it/s]100%|██████████| 108/108 [01:18<00:00,  1.38it/s]
Epoch 39/200, Train Loss: 2.4964, Valid Loss: 2.4707
  0%|          | 0/108 [00:00<?, ?it/s]  1%|          | 1/108 [00:03<05:55,  3.32s/it]  2%|▏         | 2/108 [00:04<03:08,  1.78s/it]  3%|▎         | 3/108 [00:04<02:16,  1.30s/it]  4%|▎         | 4/108 [00:05<01:50,  1.07s/it]  5%|▍         | 5/108 [00:06<01:36,  1.07it/s]  6%|▌         | 6/108 [00:06<01:27,  1.17it/s]  6%|▋         | 7/108 [00:07<01:21,  1.24it/s]  7%|▋         | 8/108 [00:08<01:17,  1.29it/s]  8%|▊         | 9/108 [00:08<01:14,  1.33it/s]  9%|▉         | 10/108 [00:09<01:12,  1.36it/s] 10%|█         | 11/108 [00:10<01:10,  1.38it/s] 11%|█         | 12/108 [00:11<01:09,  1.39it/s] 12%|█▏        | 13/108 [00:11<01:07,  1.40it/s] 13%|█▎        | 14/108 [00:12<01:06,  1.41it/s] 14%|█▍        | 15/108 [00:13<01:05,  1.41it/s] 15%|█▍        | 16/108 [00:13<01:04,  1.42it/s] 16%|█▌        | 17/108 [00:14<01:04,  1.42it/s] 17%|█▋        | 18/108 [00:15<01:03,  1.42it/s] 18%|█▊        | 19/108 [00:16<01:02,  1.42it/s] 19%|█▊        | 20/108 [00:16<01:01,  1.42it/s] 19%|█▉        | 21/108 [00:17<01:01,  1.42it/s] 20%|██        | 22/108 [00:18<01:00,  1.42it/s] 21%|██▏       | 23/108 [00:18<00:59,  1.42it/s] 22%|██▏       | 24/108 [00:19<00:59,  1.42it/s] 23%|██▎       | 25/108 [00:20<00:58,  1.41it/s] 24%|██▍       | 26/108 [00:20<00:58,  1.41it/s] 25%|██▌       | 27/108 [00:21<00:57,  1.41it/s] 26%|██▌       | 28/108 [00:22<00:56,  1.41it/s] 27%|██▋       | 29/108 [00:23<00:55,  1.41it/s] 28%|██▊       | 30/108 [00:23<00:55,  1.42it/s] 29%|██▊       | 31/108 [00:24<00:54,  1.42it/s] 30%|██▉       | 32/108 [00:25<00:53,  1.42it/s] 31%|███       | 33/108 [00:25<00:52,  1.42it/s] 31%|███▏      | 34/108 [00:26<00:52,  1.42it/s] 32%|███▏      | 35/108 [00:27<00:51,  1.42it/s] 33%|███▎      | 36/108 [00:27<00:50,  1.42it/s] 34%|███▍      | 37/108 [00:28<00:49,  1.42it/s] 35%|███▌      | 38/108 [00:29<00:49,  1.42it/s] 36%|███▌      | 39/108 [00:30<00:48,  1.42it/s] 37%|███▋      | 40/108 [00:30<00:47,  1.42it/s] 38%|███▊      | 41/108 [00:31<00:47,  1.42it/s] 39%|███▉      | 42/108 [00:32<00:46,  1.42it/s] 40%|███▉      | 43/108 [00:32<00:45,  1.42it/s] 41%|████      | 44/108 [00:33<00:45,  1.42it/s] 42%|████▏     | 45/108 [00:34<00:44,  1.42it/s] 43%|████▎     | 46/108 [00:35<00:43,  1.42it/s] 44%|████▎     | 47/108 [00:35<00:42,  1.42it/s] 44%|████▍     | 48/108 [00:36<00:42,  1.42it/s] 45%|████▌     | 49/108 [00:37<00:41,  1.42it/s] 46%|████▋     | 50/108 [00:37<00:40,  1.42it/s] 47%|████▋     | 51/108 [00:38<00:40,  1.42it/s] 48%|████▊     | 52/108 [00:39<00:39,  1.42it/s] 49%|████▉     | 53/108 [00:39<00:38,  1.42it/s] 50%|█████     | 54/108 [00:40<00:38,  1.42it/s] 51%|█████     | 55/108 [00:41<00:37,  1.42it/s] 52%|█████▏    | 56/108 [00:42<00:36,  1.42it/s] 53%|█████▎    | 57/108 [00:42<00:35,  1.42it/s] 54%|█████▎    | 58/108 [00:43<00:35,  1.42it/s] 55%|█████▍    | 59/108 [00:44<00:34,  1.42it/s] 56%|█████▌    | 60/108 [00:44<00:33,  1.41it/s] 56%|█████▋    | 61/108 [00:45<00:33,  1.41it/s] 57%|█████▋    | 62/108 [00:46<00:32,  1.41it/s] 58%|█████▊    | 63/108 [00:47<00:31,  1.42it/s] 59%|█████▉    | 64/108 [00:47<00:31,  1.41it/s] 60%|██████    | 65/108 [00:48<00:30,  1.41it/s] 61%|██████    | 66/108 [00:49<00:29,  1.42it/s] 62%|██████▏   | 67/108 [00:49<00:28,  1.42it/s] 63%|██████▎   | 68/108 [00:50<00:28,  1.42it/s] 64%|██████▍   | 69/108 [00:51<00:27,  1.42it/s] 65%|██████▍   | 70/108 [00:51<00:26,  1.42it/s] 66%|██████▌   | 71/108 [00:52<00:26,  1.42it/s] 67%|██████▋   | 72/108 [00:53<00:25,  1.42it/s] 68%|██████▊   | 73/108 [00:54<00:24,  1.42it/s] 69%|██████▊   | 74/108 [00:54<00:23,  1.42it/s] 69%|██████▉   | 75/108 [00:55<00:23,  1.42it/s] 70%|███████   | 76/108 [00:56<00:22,  1.42it/s] 71%|███████▏  | 77/108 [00:56<00:21,  1.42it/s] 72%|███████▏  | 78/108 [00:57<00:21,  1.42it/s] 73%|███████▎  | 79/108 [00:58<00:20,  1.42it/s] 74%|███████▍  | 80/108 [00:59<00:19,  1.42it/s] 75%|███████▌  | 81/108 [00:59<00:19,  1.42it/s] 76%|███████▌  | 82/108 [01:00<00:18,  1.42it/s] 77%|███████▋  | 83/108 [01:01<00:17,  1.42it/s] 78%|███████▊  | 84/108 [01:01<00:16,  1.42it/s] 79%|███████▊  | 85/108 [01:02<00:16,  1.42it/s] 80%|███████▉  | 86/108 [01:03<00:15,  1.42it/s] 81%|████████  | 87/108 [01:03<00:14,  1.42it/s] 81%|████████▏ | 88/108 [01:04<00:14,  1.42it/s] 82%|████████▏ | 89/108 [01:05<00:13,  1.42it/s] 83%|████████▎ | 90/108 [01:06<00:12,  1.42it/s] 84%|████████▍ | 91/108 [01:06<00:11,  1.42it/s] 85%|████████▌ | 92/108 [01:07<00:11,  1.42it/s] 86%|████████▌ | 93/108 [01:08<00:10,  1.42it/s] 87%|████████▋ | 94/108 [01:08<00:09,  1.42it/s] 88%|████████▊ | 95/108 [01:09<00:09,  1.42it/s] 89%|████████▉ | 96/108 [01:10<00:08,  1.42it/s] 90%|████████▉ | 97/108 [01:11<00:07,  1.42it/s] 91%|█████████ | 98/108 [01:11<00:07,  1.42it/s] 92%|█████████▏| 99/108 [01:12<00:06,  1.42it/s] 93%|█████████▎| 100/108 [01:13<00:05,  1.42it/s] 94%|█████████▎| 101/108 [01:13<00:04,  1.42it/s] 94%|█████████▍| 102/108 [01:14<00:04,  1.42it/s] 95%|█████████▌| 103/108 [01:15<00:03,  1.42it/s] 96%|█████████▋| 104/108 [01:15<00:02,  1.42it/s] 97%|█████████▋| 105/108 [01:16<00:02,  1.42it/s] 98%|█████████▊| 106/108 [01:17<00:01,  1.42it/s] 99%|█████████▉| 107/108 [01:18<00:00,  1.42it/s]100%|██████████| 108/108 [01:18<00:00,  1.68it/s]100%|██████████| 108/108 [01:18<00:00,  1.38it/s]
Epoch 40/200, Train Loss: 2.5043, Valid Loss: 2.4852
  0%|          | 0/108 [00:00<?, ?it/s]  1%|          | 1/108 [00:02<05:05,  2.85s/it]  2%|▏         | 2/108 [00:03<02:48,  1.59s/it]  3%|▎         | 3/108 [00:04<02:07,  1.21s/it]  4%|▎         | 4/108 [00:05<01:45,  1.01s/it]  5%|▍         | 5/108 [00:05<01:32,  1.11it/s]  6%|▌         | 6/108 [00:06<01:25,  1.20it/s]  6%|▋         | 7/108 [00:07<01:19,  1.26it/s]  7%|▋         | 8/108 [00:07<01:16,  1.31it/s]  8%|▊         | 9/108 [00:08<01:13,  1.34it/s]  9%|▉         | 10/108 [00:09<01:11,  1.36it/s] 10%|█         | 11/108 [00:09<01:10,  1.38it/s] 11%|█         | 12/108 [00:10<01:08,  1.39it/s] 12%|█▏        | 13/108 [00:11<01:07,  1.40it/s] 13%|█▎        | 14/108 [00:12<01:06,  1.41it/s] 14%|█▍        | 15/108 [00:12<01:05,  1.41it/s] 15%|█▍        | 16/108 [00:13<01:05,  1.41it/s] 16%|█▌        | 17/108 [00:14<01:04,  1.42it/s] 17%|█▋        | 18/108 [00:14<01:03,  1.42it/s] 18%|█▊        | 19/108 [00:15<01:02,  1.42it/s] 19%|█▊        | 20/108 [00:16<01:01,  1.42it/s] 19%|█▉        | 21/108 [00:16<01:01,  1.42it/s] 20%|██        | 22/108 [00:17<01:00,  1.42it/s] 21%|██▏       | 23/108 [00:18<00:59,  1.42it/s] 22%|██▏       | 24/108 [00:19<00:59,  1.42it/s] 23%|██▎       | 25/108 [00:19<00:58,  1.42it/s] 24%|██▍       | 26/108 [00:20<00:57,  1.42it/s] 25%|██▌       | 27/108 [00:21<00:57,  1.41it/s] 26%|██▌       | 28/108 [00:21<00:56,  1.41it/s] 27%|██▋       | 29/108 [00:22<00:55,  1.41it/s] 28%|██▊       | 30/108 [00:23<00:55,  1.42it/s] 29%|██▊       | 31/108 [00:24<00:54,  1.42it/s] 30%|██▉       | 32/108 [00:24<00:53,  1.42it/s] 31%|███       | 33/108 [00:25<00:52,  1.42it/s] 31%|███▏      | 34/108 [00:26<00:52,  1.42it/s] 32%|███▏      | 35/108 [00:26<00:51,  1.42it/s] 33%|███▎      | 36/108 [00:27<00:50,  1.42it/s] 34%|███▍      | 37/108 [00:28<00:49,  1.42it/s] 35%|███▌      | 38/108 [00:28<00:49,  1.42it/s] 36%|███▌      | 39/108 [00:29<00:48,  1.42it/s] 37%|███▋      | 40/108 [00:30<00:47,  1.42it/s] 38%|███▊      | 41/108 [00:31<00:47,  1.42it/s] 39%|███▉      | 42/108 [00:31<00:46,  1.42it/s] 40%|███▉      | 43/108 [00:32<00:45,  1.42it/s] 41%|████      | 44/108 [00:33<00:45,  1.42it/s] 42%|████▏     | 45/108 [00:33<00:44,  1.42it/s] 43%|████▎     | 46/108 [00:34<00:43,  1.42it/s] 44%|████▎     | 47/108 [00:35<00:42,  1.42it/s] 44%|████▍     | 48/108 [00:36<00:42,  1.42it/s] 45%|████▌     | 49/108 [00:36<00:41,  1.42it/s] 46%|████▋     | 50/108 [00:37<00:40,  1.42it/s] 47%|████▋     | 51/108 [00:38<00:40,  1.42it/s] 48%|████▊     | 52/108 [00:38<00:39,  1.42it/s] 49%|████▉     | 53/108 [00:39<00:38,  1.42it/s] 50%|█████     | 54/108 [00:40<00:38,  1.42it/s] 51%|█████     | 55/108 [00:40<00:37,  1.42it/s] 52%|█████▏    | 56/108 [00:41<00:36,  1.42it/s] 53%|█████▎    | 57/108 [00:42<00:36,  1.42it/s] 54%|█████▎    | 58/108 [00:43<00:35,  1.41it/s] 55%|█████▍    | 59/108 [00:43<00:34,  1.41it/s] 56%|█████▌    | 60/108 [00:44<00:34,  1.41it/s] 56%|█████▋    | 61/108 [00:45<00:33,  1.41it/s] 57%|█████▋    | 62/108 [00:45<00:32,  1.41it/s] 58%|█████▊    | 63/108 [00:46<00:31,  1.41it/s] 59%|█████▉    | 64/108 [00:47<00:31,  1.41it/s] 60%|██████    | 65/108 [00:48<00:30,  1.41it/s] 61%|██████    | 66/108 [00:48<00:29,  1.41it/s] 62%|██████▏   | 67/108 [00:49<00:28,  1.42it/s] 63%|██████▎   | 68/108 [00:50<00:28,  1.42it/s] 64%|██████▍   | 69/108 [00:50<00:27,  1.42it/s] 65%|██████▍   | 70/108 [00:51<00:26,  1.42it/s] 66%|██████▌   | 71/108 [00:52<00:26,  1.42it/s] 67%|██████▋   | 72/108 [00:52<00:25,  1.42it/s] 68%|██████▊   | 73/108 [00:53<00:24,  1.42it/s] 69%|██████▊   | 74/108 [00:54<00:23,  1.42it/s] 69%|██████▉   | 75/108 [00:55<00:23,  1.42it/s] 70%|███████   | 76/108 [00:55<00:22,  1.42it/s] 71%|███████▏  | 77/108 [00:56<00:21,  1.42it/s] 72%|███████▏  | 78/108 [00:57<00:21,  1.42it/s] 73%|███████▎  | 79/108 [00:57<00:20,  1.42it/s] 74%|███████▍  | 80/108 [00:58<00:19,  1.41it/s] 75%|███████▌  | 81/108 [00:59<00:19,  1.41it/s] 76%|███████▌  | 82/108 [01:00<00:18,  1.41it/s] 77%|███████▋  | 83/108 [01:00<00:17,  1.41it/s] 78%|███████▊  | 84/108 [01:01<00:16,  1.42it/s] 79%|███████▊  | 85/108 [01:02<00:16,  1.42it/s] 80%|███████▉  | 86/108 [01:02<00:15,  1.42it/s] 81%|████████  | 87/108 [01:03<00:14,  1.42it/s] 81%|████████▏ | 88/108 [01:04<00:14,  1.42it/s] 82%|████████▏ | 89/108 [01:04<00:13,  1.42it/s] 83%|████████▎ | 90/108 [01:05<00:12,  1.42it/s] 84%|████████▍ | 91/108 [01:06<00:11,  1.42it/s] 85%|████████▌ | 92/108 [01:07<00:11,  1.42it/s] 86%|████████▌ | 93/108 [01:07<00:10,  1.42it/s] 87%|████████▋ | 94/108 [01:08<00:09,  1.42it/s] 88%|████████▊ | 95/108 [01:09<00:09,  1.42it/s] 89%|████████▉ | 96/108 [01:09<00:08,  1.42it/s] 90%|████████▉ | 97/108 [01:10<00:07,  1.42it/s] 91%|█████████ | 98/108 [01:11<00:07,  1.42it/s] 92%|█████████▏| 99/108 [01:12<00:06,  1.42it/s] 93%|█████████▎| 100/108 [01:12<00:05,  1.42it/s] 94%|█████████▎| 101/108 [01:13<00:04,  1.42it/s] 94%|█████████▍| 102/108 [01:14<00:04,  1.42it/s] 95%|█████████▌| 103/108 [01:14<00:03,  1.42it/s] 96%|█████████▋| 104/108 [01:15<00:02,  1.42it/s] 97%|█████████▋| 105/108 [01:16<00:02,  1.42it/s] 98%|█████████▊| 106/108 [01:16<00:01,  1.42it/s] 99%|█████████▉| 107/108 [01:17<00:00,  1.42it/s]100%|██████████| 108/108 [01:18<00:00,  1.68it/s]100%|██████████| 108/108 [01:18<00:00,  1.38it/s]
Epoch 41/200, Train Loss: 2.4968, Valid Loss: 2.4792
  0%|          | 0/108 [00:00<?, ?it/s]  1%|          | 1/108 [00:02<05:16,  2.96s/it]  2%|▏         | 2/108 [00:03<02:54,  1.64s/it]  3%|▎         | 3/108 [00:04<02:07,  1.21s/it]  4%|▎         | 4/108 [00:05<01:45,  1.01s/it]  5%|▍         | 5/108 [00:05<01:33,  1.10it/s]  6%|▌         | 6/108 [00:06<01:25,  1.20it/s]  6%|▋         | 7/108 [00:07<01:20,  1.26it/s]  7%|▋         | 8/108 [00:07<01:16,  1.31it/s]  8%|▊         | 9/108 [00:08<01:13,  1.34it/s]  9%|▉         | 10/108 [00:09<01:11,  1.36it/s] 10%|█         | 11/108 [00:10<01:10,  1.38it/s] 11%|█         | 12/108 [00:10<01:08,  1.39it/s] 12%|█▏        | 13/108 [00:11<01:07,  1.40it/s] 13%|█▎        | 14/108 [00:12<01:06,  1.41it/s] 14%|█▍        | 15/108 [00:12<01:05,  1.41it/s] 15%|█▍        | 16/108 [00:13<01:04,  1.42it/s] 16%|█▌        | 17/108 [00:14<01:04,  1.42it/s] 17%|█▋        | 18/108 [00:14<01:03,  1.42it/s] 18%|█▊        | 19/108 [00:15<01:02,  1.42it/s] 19%|█▊        | 20/108 [00:16<01:01,  1.42it/s] 19%|█▉        | 21/108 [00:17<01:01,  1.42it/s] 20%|██        | 22/108 [00:17<01:00,  1.42it/s] 21%|██▏       | 23/108 [00:18<00:59,  1.42it/s] 22%|██▏       | 24/108 [00:19<00:59,  1.42it/s] 23%|██▎       | 25/108 [00:19<00:58,  1.42it/s] 24%|██▍       | 26/108 [00:20<00:57,  1.42it/s] 25%|██▌       | 27/108 [00:21<00:57,  1.42it/s] 26%|██▌       | 28/108 [00:21<00:56,  1.42it/s] 27%|██▋       | 29/108 [00:22<00:55,  1.41it/s] 28%|██▊       | 30/108 [00:23<00:55,  1.42it/s] 29%|██▊       | 31/108 [00:24<00:54,  1.42it/s] 30%|██▉       | 32/108 [00:24<00:53,  1.42it/s] 31%|███       | 33/108 [00:25<00:52,  1.42it/s] 31%|███▏      | 34/108 [00:26<00:52,  1.42it/s] 32%|███▏      | 35/108 [00:26<00:51,  1.42it/s] 33%|███▎      | 36/108 [00:27<00:50,  1.42it/s] 34%|███▍      | 37/108 [00:28<00:50,  1.42it/s] 35%|███▌      | 38/108 [00:29<00:49,  1.42it/s] 36%|███▌      | 39/108 [00:29<00:48,  1.42it/s] 37%|███▋      | 40/108 [00:30<00:47,  1.42it/s] 38%|███▊      | 41/108 [00:31<00:47,  1.42it/s] 39%|███▉      | 42/108 [00:31<00:46,  1.42it/s] 40%|███▉      | 43/108 [00:32<00:45,  1.42it/s] 41%|████      | 44/108 [00:33<00:45,  1.42it/s] 42%|████▏     | 45/108 [00:33<00:44,  1.42it/s] 43%|████▎     | 46/108 [00:34<00:43,  1.42it/s] 44%|████▎     | 47/108 [00:35<00:43,  1.42it/s] 44%|████▍     | 48/108 [00:36<00:42,  1.42it/s] 45%|████▌     | 49/108 [00:36<00:41,  1.42it/s] 46%|████▋     | 50/108 [00:37<00:40,  1.42it/s] 47%|████▋     | 51/108 [00:38<00:40,  1.42it/s] 48%|████▊     | 52/108 [00:38<00:39,  1.42it/s] 49%|████▉     | 53/108 [00:39<00:38,  1.42it/s] 50%|█████     | 54/108 [00:40<00:38,  1.42it/s] 51%|█████     | 55/108 [00:41<00:37,  1.42it/s] 52%|█████▏    | 56/108 [00:41<00:36,  1.42it/s] 53%|█████▎    | 57/108 [00:42<00:35,  1.42it/s] 54%|█████▎    | 58/108 [00:43<00:35,  1.42it/s] 55%|█████▍    | 59/108 [00:43<00:34,  1.42it/s] 56%|█████▌    | 60/108 [00:44<00:33,  1.42it/s] 56%|█████▋    | 61/108 [00:45<00:33,  1.42it/s] 57%|█████▋    | 62/108 [00:45<00:32,  1.42it/s] 58%|█████▊    | 63/108 [00:46<00:31,  1.42it/s] 59%|█████▉    | 64/108 [00:47<00:31,  1.42it/s] 60%|██████    | 65/108 [00:48<00:30,  1.42it/s] 61%|██████    | 66/108 [00:48<00:29,  1.42it/s] 62%|██████▏   | 67/108 [00:49<00:28,  1.42it/s] 63%|██████▎   | 68/108 [00:50<00:28,  1.42it/s] 64%|██████▍   | 69/108 [00:50<00:27,  1.42it/s] 65%|██████▍   | 70/108 [00:51<00:26,  1.42it/s] 66%|██████▌   | 71/108 [00:52<00:26,  1.42it/s] 67%|██████▋   | 72/108 [00:53<00:25,  1.42it/s] 68%|██████▊   | 73/108 [00:53<00:24,  1.42it/s] 69%|██████▊   | 74/108 [00:54<00:23,  1.42it/s] 69%|██████▉   | 75/108 [00:55<00:23,  1.42it/s] 70%|███████   | 76/108 [00:55<00:22,  1.42it/s] 71%|███████▏  | 77/108 [00:56<00:21,  1.42it/s] 72%|███████▏  | 78/108 [00:57<00:21,  1.42it/s] 73%|███████▎  | 79/108 [00:57<00:20,  1.42it/s] 74%|███████▍  | 80/108 [00:58<00:19,  1.42it/s] 75%|███████▌  | 81/108 [00:59<00:19,  1.42it/s] 76%|███████▌  | 82/108 [01:00<00:18,  1.42it/s] 77%|███████▋  | 83/108 [01:00<00:17,  1.42it/s] 78%|███████▊  | 84/108 [01:01<00:16,  1.42it/s] 79%|███████▊  | 85/108 [01:02<00:16,  1.42it/s] 80%|███████▉  | 86/108 [01:02<00:15,  1.42it/s] 81%|████████  | 87/108 [01:03<00:14,  1.42it/s] 81%|████████▏ | 88/108 [01:04<00:14,  1.42it/s] 82%|████████▏ | 89/108 [01:05<00:13,  1.42it/s] 83%|████████▎ | 90/108 [01:05<00:12,  1.42it/s] 84%|████████▍ | 91/108 [01:06<00:11,  1.42it/s] 85%|████████▌ | 92/108 [01:07<00:11,  1.42it/s] 86%|████████▌ | 93/108 [01:07<00:10,  1.42it/s] 87%|████████▋ | 94/108 [01:08<00:09,  1.42it/s] 88%|████████▊ | 95/108 [01:09<00:09,  1.42it/s] 89%|████████▉ | 96/108 [01:09<00:08,  1.42it/s] 90%|████████▉ | 97/108 [01:10<00:07,  1.42it/s] 91%|█████████ | 98/108 [01:11<00:07,  1.42it/s] 92%|█████████▏| 99/108 [01:12<00:06,  1.42it/s] 93%|█████████▎| 100/108 [01:12<00:05,  1.42it/s] 94%|█████████▎| 101/108 [01:13<00:04,  1.42it/s] 94%|█████████▍| 102/108 [01:14<00:04,  1.42it/s] 95%|█████████▌| 103/108 [01:14<00:03,  1.42it/s] 96%|█████████▋| 104/108 [01:15<00:02,  1.42it/s] 97%|█████████▋| 105/108 [01:16<00:02,  1.42it/s] 98%|█████████▊| 106/108 [01:16<00:01,  1.42it/s] 99%|█████████▉| 107/108 [01:17<00:00,  1.42it/s]100%|██████████| 108/108 [01:18<00:00,  1.68it/s]100%|██████████| 108/108 [01:18<00:00,  1.38it/s]
Epoch 42/200, Train Loss: 2.5065, Valid Loss: 2.4707
  0%|          | 0/108 [00:00<?, ?it/s]  1%|          | 1/108 [00:03<05:24,  3.04s/it]  2%|▏         | 2/108 [00:03<02:57,  1.67s/it]  3%|▎         | 3/108 [00:04<02:09,  1.23s/it]  4%|▎         | 4/108 [00:05<01:46,  1.02s/it]  5%|▍         | 5/108 [00:05<01:33,  1.10it/s]  6%|▌         | 6/108 [00:06<01:25,  1.19it/s]  6%|▋         | 7/108 [00:07<01:20,  1.26it/s]  7%|▋         | 8/108 [00:07<01:16,  1.31it/s]  8%|▊         | 9/108 [00:08<01:13,  1.34it/s]  9%|▉         | 10/108 [00:09<01:12,  1.36it/s] 10%|█         | 11/108 [00:10<01:10,  1.38it/s] 11%|█         | 12/108 [00:10<01:08,  1.39it/s] 12%|█▏        | 13/108 [00:11<01:07,  1.40it/s] 13%|█▎        | 14/108 [00:12<01:06,  1.41it/s] 14%|█▍        | 15/108 [00:12<01:05,  1.41it/s] 15%|█▍        | 16/108 [00:13<01:05,  1.41it/s] 16%|█▌        | 17/108 [00:14<01:04,  1.42it/s] 17%|█▋        | 18/108 [00:15<01:03,  1.42it/s] 18%|█▊        | 19/108 [00:15<01:02,  1.42it/s] 19%|█▊        | 20/108 [00:16<01:01,  1.42it/s] 19%|█▉        | 21/108 [00:17<01:01,  1.42it/s] 20%|██        | 22/108 [00:17<01:00,  1.42it/s] 21%|██▏       | 23/108 [00:18<00:59,  1.42it/s] 22%|██▏       | 24/108 [00:19<00:59,  1.42it/s] 23%|██▎       | 25/108 [00:19<00:58,  1.42it/s] 24%|██▍       | 26/108 [00:20<00:57,  1.42it/s] 25%|██▌       | 27/108 [00:21<00:57,  1.42it/s] 26%|██▌       | 28/108 [00:22<00:56,  1.42it/s] 27%|██▋       | 29/108 [00:22<00:55,  1.42it/s] 28%|██▊       | 30/108 [00:23<00:54,  1.42it/s] 29%|██▊       | 31/108 [00:24<00:54,  1.42it/s] 30%|██▉       | 32/108 [00:24<00:53,  1.42it/s] 31%|███       | 33/108 [00:25<00:52,  1.42it/s] 31%|███▏      | 34/108 [00:26<00:52,  1.41it/s] 32%|███▏      | 35/108 [00:26<00:51,  1.42it/s] 33%|███▎      | 36/108 [00:27<00:50,  1.42it/s] 34%|███▍      | 37/108 [00:28<00:50,  1.42it/s] 35%|███▌      | 38/108 [00:29<00:49,  1.42it/s] 36%|███▌      | 39/108 [00:29<00:48,  1.42it/s] 37%|███▋      | 40/108 [00:30<00:47,  1.42it/s] 38%|███▊      | 41/108 [00:31<00:47,  1.42it/s] 39%|███▉      | 42/108 [00:31<00:46,  1.42it/s] 40%|███▉      | 43/108 [00:32<00:45,  1.42it/s] 41%|████      | 44/108 [00:33<00:45,  1.42it/s] 42%|████▏     | 45/108 [00:34<00:44,  1.42it/s] 43%|████▎     | 46/108 [00:34<00:43,  1.42it/s] 44%|████▎     | 47/108 [00:35<00:42,  1.42it/s] 44%|████▍     | 48/108 [00:36<00:42,  1.42it/s] 45%|████▌     | 49/108 [00:36<00:41,  1.42it/s] 46%|████▋     | 50/108 [00:37<00:40,  1.42it/s] 47%|████▋     | 51/108 [00:38<00:40,  1.42it/s] 48%|████▊     | 52/108 [00:38<00:39,  1.42it/s] 49%|████▉     | 53/108 [00:39<00:38,  1.41it/s] 50%|█████     | 54/108 [00:40<00:38,  1.42it/s] 51%|█████     | 55/108 [00:41<00:37,  1.42it/s] 52%|█████▏    | 56/108 [00:41<00:36,  1.42it/s] 53%|█████▎    | 57/108 [00:42<00:35,  1.42it/s] 54%|█████▎    | 58/108 [00:43<00:35,  1.42it/s] 55%|█████▍    | 59/108 [00:43<00:34,  1.42it/s] 56%|█████▌    | 60/108 [00:44<00:33,  1.41it/s] 56%|█████▋    | 61/108 [00:45<00:33,  1.42it/s] 57%|█████▋    | 62/108 [00:46<00:32,  1.42it/s] 58%|█████▊    | 63/108 [00:46<00:31,  1.42it/s] 59%|█████▉    | 64/108 [00:47<00:31,  1.42it/s] 60%|██████    | 65/108 [00:48<00:30,  1.42it/s] 61%|██████    | 66/108 [00:48<00:29,  1.42it/s] 62%|██████▏   | 67/108 [00:49<00:28,  1.42it/s] 63%|██████▎   | 68/108 [00:50<00:28,  1.42it/s] 64%|██████▍   | 69/108 [00:50<00:27,  1.42it/s] 65%|██████▍   | 70/108 [00:51<00:26,  1.42it/s] 66%|██████▌   | 71/108 [00:52<00:26,  1.42it/s] 67%|██████▋   | 72/108 [00:53<00:25,  1.42it/s] 68%|██████▊   | 73/108 [00:53<00:24,  1.42it/s] 69%|██████▊   | 74/108 [00:54<00:23,  1.42it/s] 69%|██████▉   | 75/108 [00:55<00:23,  1.42it/s] 70%|███████   | 76/108 [00:55<00:22,  1.42it/s] 71%|███████▏  | 77/108 [00:56<00:21,  1.42it/s] 72%|███████▏  | 78/108 [00:57<00:21,  1.41it/s] 73%|███████▎  | 79/108 [00:58<00:20,  1.42it/s] 74%|███████▍  | 80/108 [00:58<00:19,  1.42it/s] 75%|███████▌  | 81/108 [00:59<00:19,  1.42it/s] 76%|███████▌  | 82/108 [01:00<00:18,  1.41it/s] 77%|███████▋  | 83/108 [01:00<00:17,  1.41it/s] 78%|███████▊  | 84/108 [01:01<00:16,  1.41it/s] 79%|███████▊  | 85/108 [01:02<00:16,  1.41it/s] 80%|███████▉  | 86/108 [01:02<00:15,  1.41it/s] 81%|████████  | 87/108 [01:03<00:14,  1.41it/s] 81%|████████▏ | 88/108 [01:04<00:14,  1.42it/s] 82%|████████▏ | 89/108 [01:05<00:13,  1.42it/s] 83%|████████▎ | 90/108 [01:05<00:12,  1.42it/s] 84%|████████▍ | 91/108 [01:06<00:11,  1.42it/s] 85%|████████▌ | 92/108 [01:07<00:11,  1.42it/s] 86%|████████▌ | 93/108 [01:07<00:10,  1.42it/s] 87%|████████▋ | 94/108 [01:08<00:09,  1.42it/s] 88%|████████▊ | 95/108 [01:09<00:09,  1.42it/s] 89%|████████▉ | 96/108 [01:10<00:08,  1.42it/s] 90%|████████▉ | 97/108 [01:10<00:07,  1.42it/s] 91%|█████████ | 98/108 [01:11<00:07,  1.42it/s] 92%|█████████▏| 99/108 [01:12<00:06,  1.42it/s] 93%|█████████▎| 100/108 [01:12<00:05,  1.42it/s] 94%|█████████▎| 101/108 [01:13<00:04,  1.42it/s] 94%|█████████▍| 102/108 [01:14<00:04,  1.42it/s] 95%|█████████▌| 103/108 [01:14<00:03,  1.42it/s] 96%|█████████▋| 104/108 [01:15<00:02,  1.42it/s] 97%|█████████▋| 105/108 [01:16<00:02,  1.42it/s] 98%|█████████▊| 106/108 [01:17<00:01,  1.42it/s] 99%|█████████▉| 107/108 [01:17<00:00,  1.42it/s]100%|██████████| 108/108 [01:18<00:00,  1.68it/s]100%|██████████| 108/108 [01:18<00:00,  1.38it/s]
Epoch 43/200, Train Loss: 2.4904, Valid Loss: 2.4604, save best model!
  0%|          | 0/108 [00:00<?, ?it/s]  1%|          | 1/108 [00:03<05:26,  3.05s/it]  2%|▏         | 2/108 [00:03<02:58,  1.68s/it]  3%|▎         | 3/108 [00:04<02:09,  1.23s/it]  4%|▎         | 4/108 [00:05<01:46,  1.02s/it]  5%|▍         | 5/108 [00:05<01:33,  1.10it/s]  6%|▌         | 6/108 [00:06<01:25,  1.19it/s]  6%|▋         | 7/108 [00:07<01:20,  1.26it/s]  7%|▋         | 8/108 [00:07<01:16,  1.31it/s]  8%|▊         | 9/108 [00:08<01:13,  1.34it/s]  9%|▉         | 10/108 [00:09<01:11,  1.36it/s] 10%|█         | 11/108 [00:10<01:10,  1.38it/s] 11%|█         | 12/108 [00:10<01:08,  1.39it/s] 12%|█▏        | 13/108 [00:11<01:07,  1.40it/s] 13%|█▎        | 14/108 [00:12<01:06,  1.41it/s] 14%|█▍        | 15/108 [00:12<01:05,  1.41it/s] 15%|█▍        | 16/108 [00:13<01:05,  1.42it/s] 16%|█▌        | 17/108 [00:14<01:04,  1.42it/s] 17%|█▋        | 18/108 [00:15<01:03,  1.42it/s] 18%|█▊        | 19/108 [00:15<01:02,  1.42it/s] 19%|█▊        | 20/108 [00:16<01:01,  1.42it/s] 19%|█▉        | 21/108 [00:17<01:01,  1.42it/s] 20%|██        | 22/108 [00:17<01:00,  1.42it/s] 21%|██▏       | 23/108 [00:18<00:59,  1.42it/s] 22%|██▏       | 24/108 [00:19<00:59,  1.42it/s] 23%|██▎       | 25/108 [00:19<00:58,  1.41it/s] 24%|██▍       | 26/108 [00:20<00:58,  1.41it/s] 25%|██▌       | 27/108 [00:21<00:57,  1.42it/s] 26%|██▌       | 28/108 [00:22<00:56,  1.42it/s] 27%|██▋       | 29/108 [00:22<00:55,  1.42it/s] 28%|██▊       | 30/108 [00:23<00:54,  1.42it/s] 29%|██▊       | 31/108 [00:24<00:54,  1.42it/s] 30%|██▉       | 32/108 [00:24<00:53,  1.42it/s] 31%|███       | 33/108 [00:25<00:52,  1.42it/s] 31%|███▏      | 34/108 [00:26<00:52,  1.42it/s] 32%|███▏      | 35/108 [00:27<00:51,  1.42it/s] 33%|███▎      | 36/108 [00:27<00:50,  1.42it/s] 34%|███▍      | 37/108 [00:28<00:50,  1.42it/s] 35%|███▌      | 38/108 [00:29<00:49,  1.42it/s] 36%|███▌      | 39/108 [00:29<00:48,  1.42it/s] 37%|███▋      | 40/108 [00:30<00:47,  1.42it/s] 38%|███▊      | 41/108 [00:31<00:47,  1.42it/s] 39%|███▉      | 42/108 [00:31<00:46,  1.42it/s] 40%|███▉      | 43/108 [00:32<00:45,  1.42it/s] 41%|████      | 44/108 [00:33<00:45,  1.42it/s] 42%|████▏     | 45/108 [00:34<00:44,  1.42it/s] 43%|████▎     | 46/108 [00:34<00:43,  1.42it/s] 44%|████▎     | 47/108 [00:35<00:42,  1.42it/s] 44%|████▍     | 48/108 [00:36<00:42,  1.42it/s] 45%|████▌     | 49/108 [00:36<00:41,  1.42it/s] 46%|████▋     | 50/108 [00:37<00:40,  1.42it/s] 47%|████▋     | 51/108 [00:38<00:40,  1.42it/s] 48%|████▊     | 52/108 [00:38<00:39,  1.42it/s] 49%|████▉     | 53/108 [00:39<00:38,  1.42it/s] 50%|█████     | 54/108 [00:40<00:38,  1.42it/s] 51%|█████     | 55/108 [00:41<00:37,  1.42it/s] 52%|█████▏    | 56/108 [00:41<00:36,  1.42it/s] 53%|█████▎    | 57/108 [00:42<00:35,  1.42it/s] 54%|█████▎    | 58/108 [00:43<00:35,  1.42it/s] 55%|█████▍    | 59/108 [00:43<00:34,  1.42it/s] 56%|█████▌    | 60/108 [00:44<00:33,  1.42it/s] 56%|█████▋    | 61/108 [00:45<00:33,  1.42it/s] 57%|█████▋    | 62/108 [00:46<00:32,  1.42it/s] 58%|█████▊    | 63/108 [00:46<00:31,  1.42it/s] 59%|█████▉    | 64/108 [00:47<00:31,  1.42it/s] 60%|██████    | 65/108 [00:48<00:30,  1.42it/s] 61%|██████    | 66/108 [00:48<00:29,  1.42it/s] 62%|██████▏   | 67/108 [00:49<00:28,  1.42it/s] 63%|██████▎   | 68/108 [00:50<00:28,  1.42it/s] 64%|██████▍   | 69/108 [00:50<00:27,  1.42it/s] 65%|██████▍   | 70/108 [00:51<00:26,  1.42it/s] 66%|██████▌   | 71/108 [00:52<00:26,  1.42it/s] 67%|██████▋   | 72/108 [00:53<00:25,  1.42it/s] 68%|██████▊   | 73/108 [00:53<00:24,  1.42it/s] 69%|██████▊   | 74/108 [00:54<00:23,  1.42it/s] 69%|██████▉   | 75/108 [00:55<00:23,  1.42it/s] 70%|███████   | 76/108 [00:55<00:22,  1.42it/s] 71%|███████▏  | 77/108 [00:56<00:21,  1.42it/s] 72%|███████▏  | 78/108 [00:57<00:21,  1.42it/s] 73%|███████▎  | 79/108 [00:58<00:20,  1.42it/s] 74%|███████▍  | 80/108 [00:58<00:19,  1.42it/s] 75%|███████▌  | 81/108 [00:59<00:19,  1.42it/s] 76%|███████▌  | 82/108 [01:00<00:18,  1.42it/s] 77%|███████▋  | 83/108 [01:00<00:17,  1.42it/s] 78%|███████▊  | 84/108 [01:01<00:16,  1.42it/s] 79%|███████▊  | 85/108 [01:02<00:16,  1.42it/s] 80%|███████▉  | 86/108 [01:02<00:15,  1.42it/s] 81%|████████  | 87/108 [01:03<00:14,  1.42it/s] 81%|████████▏ | 88/108 [01:04<00:14,  1.42it/s] 82%|████████▏ | 89/108 [01:05<00:13,  1.42it/s] 83%|████████▎ | 90/108 [01:05<00:12,  1.42it/s] 84%|████████▍ | 91/108 [01:06<00:11,  1.42it/s] 85%|████████▌ | 92/108 [01:07<00:11,  1.42it/s] 86%|████████▌ | 93/108 [01:07<00:10,  1.42it/s] 87%|████████▋ | 94/108 [01:08<00:09,  1.42it/s] 88%|████████▊ | 95/108 [01:09<00:09,  1.42it/s] 89%|████████▉ | 96/108 [01:10<00:08,  1.42it/s] 90%|████████▉ | 97/108 [01:10<00:07,  1.42it/s] 91%|█████████ | 98/108 [01:11<00:07,  1.42it/s] 92%|█████████▏| 99/108 [01:12<00:06,  1.42it/s] 93%|█████████▎| 100/108 [01:12<00:05,  1.42it/s] 94%|█████████▎| 101/108 [01:13<00:04,  1.42it/s] 94%|█████████▍| 102/108 [01:14<00:04,  1.42it/s] 95%|█████████▌| 103/108 [01:14<00:03,  1.42it/s] 96%|█████████▋| 104/108 [01:15<00:02,  1.42it/s] 97%|█████████▋| 105/108 [01:16<00:02,  1.42it/s] 98%|█████████▊| 106/108 [01:17<00:01,  1.42it/s] 99%|█████████▉| 107/108 [01:17<00:00,  1.42it/s]100%|██████████| 108/108 [01:18<00:00,  1.68it/s]100%|██████████| 108/108 [01:18<00:00,  1.38it/s]
Epoch 44/200, Train Loss: 2.4882, Valid Loss: 2.4838
  0%|          | 0/108 [00:00<?, ?it/s]  1%|          | 1/108 [00:02<04:54,  2.75s/it]  2%|▏         | 2/108 [00:03<02:46,  1.57s/it]  3%|▎         | 3/108 [00:04<02:05,  1.20s/it]  4%|▎         | 4/108 [00:04<01:44,  1.00s/it]  5%|▍         | 5/108 [00:05<01:32,  1.12it/s]  6%|▌         | 6/108 [00:06<01:24,  1.21it/s]  6%|▋         | 7/108 [00:07<01:19,  1.27it/s]  7%|▋         | 8/108 [00:07<01:16,  1.31it/s]  8%|▊         | 9/108 [00:08<01:13,  1.34it/s]  9%|▉         | 10/108 [00:09<01:11,  1.37it/s] 10%|█         | 11/108 [00:09<01:10,  1.38it/s] 11%|█         | 12/108 [00:10<01:08,  1.39it/s] 12%|█▏        | 13/108 [00:11<01:07,  1.40it/s] 13%|█▎        | 14/108 [00:11<01:06,  1.41it/s] 14%|█▍        | 15/108 [00:12<01:05,  1.41it/s] 15%|█▍        | 16/108 [00:13<01:04,  1.42it/s] 16%|█▌        | 17/108 [00:14<01:04,  1.42it/s] 17%|█▋        | 18/108 [00:14<01:03,  1.41it/s] 18%|█▊        | 19/108 [00:15<01:02,  1.42it/s] 19%|█▊        | 20/108 [00:16<01:02,  1.42it/s] 19%|█▉        | 21/108 [00:16<01:01,  1.42it/s] 20%|██        | 22/108 [00:17<01:00,  1.42it/s] 21%|██▏       | 23/108 [00:18<00:59,  1.42it/s] 22%|██▏       | 24/108 [00:19<00:59,  1.42it/s] 23%|██▎       | 25/108 [00:19<00:58,  1.42it/s] 24%|██▍       | 26/108 [00:20<00:57,  1.42it/s] 25%|██▌       | 27/108 [00:21<00:57,  1.40it/s] 26%|██▌       | 28/108 [00:21<00:56,  1.41it/s] 27%|██▋       | 29/108 [00:22<00:55,  1.41it/s] 28%|██▊       | 30/108 [00:23<00:55,  1.41it/s] 29%|██▊       | 31/108 [00:23<00:54,  1.42it/s] 30%|██▉       | 32/108 [00:24<00:53,  1.42it/s] 31%|███       | 33/108 [00:25<00:52,  1.42it/s] 31%|███▏      | 34/108 [00:26<00:52,  1.42it/s] 32%|███▏      | 35/108 [00:26<00:51,  1.42it/s] 33%|███▎      | 36/108 [00:27<00:50,  1.42it/s] 34%|███▍      | 37/108 [00:28<00:49,  1.42it/s] 35%|███▌      | 38/108 [00:28<00:49,  1.42it/s] 36%|███▌      | 39/108 [00:29<00:48,  1.42it/s] 37%|███▋      | 40/108 [00:30<00:47,  1.42it/s] 38%|███▊      | 41/108 [00:31<00:47,  1.42it/s] 39%|███▉      | 42/108 [00:31<00:46,  1.42it/s] 40%|███▉      | 43/108 [00:32<00:45,  1.42it/s] 41%|████      | 44/108 [00:33<00:45,  1.42it/s] 42%|████▏     | 45/108 [00:33<00:44,  1.42it/s] 43%|████▎     | 46/108 [00:34<00:43,  1.42it/s] 44%|████▎     | 47/108 [00:35<00:42,  1.42it/s] 44%|████▍     | 48/108 [00:35<00:42,  1.42it/s] 45%|████▌     | 49/108 [00:36<00:41,  1.42it/s] 46%|████▋     | 50/108 [00:37<00:40,  1.42it/s] 47%|████▋     | 51/108 [00:38<00:40,  1.42it/s] 48%|████▊     | 52/108 [00:38<00:39,  1.42it/s] 49%|████▉     | 53/108 [00:39<00:38,  1.42it/s] 50%|█████     | 54/108 [00:40<00:38,  1.42it/s] 51%|█████     | 55/108 [00:40<00:37,  1.42it/s] 52%|█████▏    | 56/108 [00:41<00:36,  1.42it/s] 53%|█████▎    | 57/108 [00:42<00:36,  1.42it/s] 54%|█████▎    | 58/108 [00:43<00:35,  1.42it/s] 55%|█████▍    | 59/108 [00:43<00:34,  1.42it/s] 56%|█████▌    | 60/108 [00:44<00:33,  1.41it/s] 56%|█████▋    | 61/108 [00:45<00:33,  1.41it/s] 57%|█████▋    | 62/108 [00:45<00:32,  1.41it/s] 58%|█████▊    | 63/108 [00:46<00:31,  1.42it/s] 59%|█████▉    | 64/108 [00:47<00:31,  1.42it/s] 60%|██████    | 65/108 [00:47<00:30,  1.42it/s] 61%|██████    | 66/108 [00:48<00:29,  1.42it/s] 62%|██████▏   | 67/108 [00:49<00:28,  1.42it/s] 63%|██████▎   | 68/108 [00:50<00:28,  1.42it/s] 64%|██████▍   | 69/108 [00:50<00:27,  1.42it/s] 65%|██████▍   | 70/108 [00:51<00:26,  1.42it/s] 66%|██████▌   | 71/108 [00:52<00:26,  1.42it/s] 67%|██████▋   | 72/108 [00:52<00:25,  1.42it/s] 68%|██████▊   | 73/108 [00:53<00:24,  1.42it/s] 69%|██████▊   | 74/108 [00:54<00:23,  1.42it/s] 69%|██████▉   | 75/108 [00:55<00:23,  1.42it/s] 70%|███████   | 76/108 [00:55<00:22,  1.42it/s] 71%|███████▏  | 77/108 [00:56<00:21,  1.42it/s] 72%|███████▏  | 78/108 [00:57<00:21,  1.42it/s] 73%|███████▎  | 79/108 [00:57<00:20,  1.42it/s] 74%|███████▍  | 80/108 [00:58<00:19,  1.42it/s] 75%|███████▌  | 81/108 [00:59<00:19,  1.42it/s] 76%|███████▌  | 82/108 [00:59<00:18,  1.42it/s] 77%|███████▋  | 83/108 [01:00<00:17,  1.42it/s] 78%|███████▊  | 84/108 [01:01<00:16,  1.42it/s] 79%|███████▊  | 85/108 [01:02<00:16,  1.42it/s] 80%|███████▉  | 86/108 [01:02<00:15,  1.42it/s] 81%|████████  | 87/108 [01:03<00:14,  1.42it/s] 81%|████████▏ | 88/108 [01:04<00:14,  1.42it/s] 82%|████████▏ | 89/108 [01:04<00:13,  1.42it/s] 83%|████████▎ | 90/108 [01:05<00:12,  1.42it/s] 84%|████████▍ | 91/108 [01:06<00:11,  1.42it/s] 85%|████████▌ | 92/108 [01:06<00:11,  1.42it/s] 86%|████████▌ | 93/108 [01:07<00:10,  1.42it/s] 87%|████████▋ | 94/108 [01:08<00:09,  1.42it/s] 88%|████████▊ | 95/108 [01:09<00:09,  1.42it/s] 89%|████████▉ | 96/108 [01:09<00:08,  1.42it/s] 90%|████████▉ | 97/108 [01:10<00:07,  1.42it/s] 91%|█████████ | 98/108 [01:11<00:07,  1.42it/s] 92%|█████████▏| 99/108 [01:11<00:06,  1.42it/s] 93%|█████████▎| 100/108 [01:12<00:05,  1.42it/s] 94%|█████████▎| 101/108 [01:13<00:04,  1.42it/s] 94%|█████████▍| 102/108 [01:14<00:04,  1.42it/s] 95%|█████████▌| 103/108 [01:14<00:03,  1.42it/s] 96%|█████████▋| 104/108 [01:15<00:02,  1.42it/s] 97%|█████████▋| 105/108 [01:16<00:02,  1.42it/s] 98%|█████████▊| 106/108 [01:16<00:01,  1.42it/s] 99%|█████████▉| 107/108 [01:17<00:00,  1.42it/s]100%|██████████| 108/108 [01:17<00:00,  1.68it/s]100%|██████████| 108/108 [01:17<00:00,  1.38it/s]
Epoch 45/200, Train Loss: 2.5002, Valid Loss: 2.4944
  0%|          | 0/108 [00:00<?, ?it/s]  1%|          | 1/108 [00:03<06:22,  3.58s/it]  2%|▏         | 2/108 [00:04<03:19,  1.89s/it]  3%|▎         | 3/108 [00:04<02:21,  1.35s/it]  4%|▎         | 4/108 [00:05<01:53,  1.09s/it]  5%|▍         | 5/108 [00:06<01:37,  1.05it/s]  6%|▌         | 6/108 [00:07<01:28,  1.15it/s]  6%|▋         | 7/108 [00:07<01:22,  1.23it/s]  7%|▋         | 8/108 [00:08<01:17,  1.28it/s]  8%|▊         | 9/108 [00:09<01:14,  1.32it/s]  9%|▉         | 10/108 [00:09<01:12,  1.35it/s] 10%|█         | 11/108 [00:10<01:10,  1.37it/s] 11%|█         | 12/108 [00:11<01:09,  1.39it/s] 12%|█▏        | 13/108 [00:12<01:07,  1.40it/s] 13%|█▎        | 14/108 [00:12<01:06,  1.41it/s] 14%|█▍        | 15/108 [00:13<01:05,  1.41it/s] 15%|█▍        | 16/108 [00:14<01:05,  1.42it/s] 16%|█▌        | 17/108 [00:14<01:04,  1.42it/s] 17%|█▋        | 18/108 [00:15<01:03,  1.42it/s] 18%|█▊        | 19/108 [00:16<01:02,  1.42it/s] 19%|█▊        | 20/108 [00:16<01:01,  1.42it/s] 19%|█▉        | 21/108 [00:17<01:01,  1.42it/s] 20%|██        | 22/108 [00:18<01:00,  1.42it/s] 21%|██▏       | 23/108 [00:19<00:59,  1.42it/s] 22%|██▏       | 24/108 [00:19<00:59,  1.42it/s] 23%|██▎       | 25/108 [00:20<00:59,  1.40it/s] 24%|██▍       | 26/108 [00:21<00:58,  1.41it/s] 25%|██▌       | 27/108 [00:21<00:57,  1.41it/s] 26%|██▌       | 28/108 [00:22<00:56,  1.42it/s] 27%|██▋       | 29/108 [00:23<00:55,  1.42it/s] 28%|██▊       | 30/108 [00:24<00:54,  1.42it/s] 29%|██▊       | 31/108 [00:24<00:54,  1.42it/s] 30%|██▉       | 32/108 [00:25<00:53,  1.42it/s] 31%|███       | 33/108 [00:26<00:52,  1.42it/s] 31%|███▏      | 34/108 [00:26<00:52,  1.42it/s] 32%|███▏      | 35/108 [00:27<00:51,  1.42it/s] 33%|███▎      | 36/108 [00:28<00:50,  1.42it/s] 34%|███▍      | 37/108 [00:28<00:49,  1.42it/s] 35%|███▌      | 38/108 [00:29<00:49,  1.42it/s] 36%|███▌      | 39/108 [00:30<00:48,  1.42it/s] 37%|███▋      | 40/108 [00:31<00:47,  1.42it/s] 38%|███▊      | 41/108 [00:31<00:47,  1.42it/s] 39%|███▉      | 42/108 [00:32<00:46,  1.42it/s] 40%|███▉      | 43/108 [00:33<00:45,  1.42it/s] 41%|████      | 44/108 [00:33<00:44,  1.42it/s] 42%|████▏     | 45/108 [00:34<00:44,  1.42it/s] 43%|████▎     | 46/108 [00:35<00:43,  1.42it/s] 44%|████▎     | 47/108 [00:35<00:42,  1.42it/s] 44%|████▍     | 48/108 [00:36<00:42,  1.42it/s] 45%|████▌     | 49/108 [00:37<00:41,  1.42it/s] 46%|████▋     | 50/108 [00:38<00:40,  1.42it/s] 47%|████▋     | 51/108 [00:38<00:40,  1.42it/s] 48%|████▊     | 52/108 [00:39<00:39,  1.42it/s] 49%|████▉     | 53/108 [00:40<00:38,  1.42it/s] 50%|█████     | 54/108 [00:40<00:38,  1.42it/s] 51%|█████     | 55/108 [00:41<00:37,  1.42it/s] 52%|█████▏    | 56/108 [00:42<00:36,  1.42it/s] 53%|█████▎    | 57/108 [00:43<00:35,  1.42it/s] 54%|█████▎    | 58/108 [00:43<00:35,  1.42it/s] 55%|█████▍    | 59/108 [00:44<00:34,  1.42it/s] 56%|█████▌    | 60/108 [00:45<00:33,  1.41it/s] 56%|█████▋    | 61/108 [00:45<00:33,  1.42it/s] 57%|█████▋    | 62/108 [00:46<00:32,  1.42it/s] 58%|█████▊    | 63/108 [00:47<00:31,  1.42it/s] 59%|█████▉    | 64/108 [00:47<00:31,  1.42it/s] 60%|██████    | 65/108 [00:48<00:30,  1.42it/s] 61%|██████    | 66/108 [00:49<00:29,  1.42it/s] 62%|██████▏   | 67/108 [00:50<00:28,  1.42it/s] 63%|██████▎   | 68/108 [00:50<00:28,  1.42it/s] 64%|██████▍   | 69/108 [00:51<00:27,  1.42it/s] 65%|██████▍   | 70/108 [00:52<00:26,  1.42it/s] 66%|██████▌   | 71/108 [00:52<00:26,  1.42it/s] 67%|██████▋   | 72/108 [00:53<00:25,  1.42it/s] 68%|██████▊   | 73/108 [00:54<00:24,  1.42it/s] 69%|██████▊   | 74/108 [00:54<00:23,  1.42it/s] 69%|██████▉   | 75/108 [00:55<00:23,  1.42it/s] 70%|███████   | 76/108 [00:56<00:22,  1.42it/s] 71%|███████▏  | 77/108 [00:57<00:21,  1.42it/s] 72%|███████▏  | 78/108 [00:57<00:21,  1.42it/s] 73%|███████▎  | 79/108 [00:58<00:20,  1.42it/s] 74%|███████▍  | 80/108 [00:59<00:19,  1.42it/s] 75%|███████▌  | 81/108 [00:59<00:19,  1.42it/s] 76%|███████▌  | 82/108 [01:00<00:18,  1.42it/s] 77%|███████▋  | 83/108 [01:01<00:17,  1.41it/s] 78%|███████▊  | 84/108 [01:02<00:16,  1.41it/s] 79%|███████▊  | 85/108 [01:02<00:16,  1.42it/s] 80%|███████▉  | 86/108 [01:03<00:15,  1.42it/s] 81%|████████  | 87/108 [01:04<00:14,  1.42it/s] 81%|████████▏ | 88/108 [01:04<00:14,  1.42it/s] 82%|████████▏ | 89/108 [01:05<00:13,  1.42it/s] 83%|████████▎ | 90/108 [01:06<00:12,  1.42it/s] 84%|████████▍ | 91/108 [01:07<00:11,  1.42it/s] 85%|████████▌ | 92/108 [01:07<00:11,  1.42it/s] 86%|████████▌ | 93/108 [01:08<00:10,  1.42it/s] 87%|████████▋ | 94/108 [01:09<00:09,  1.42it/s] 88%|████████▊ | 95/108 [01:09<00:09,  1.42it/s] 89%|████████▉ | 96/108 [01:10<00:08,  1.42it/s] 90%|████████▉ | 97/108 [01:11<00:07,  1.42it/s] 91%|█████████ | 98/108 [01:11<00:07,  1.42it/s] 92%|█████████▏| 99/108 [01:12<00:06,  1.42it/s] 93%|█████████▎| 100/108 [01:13<00:05,  1.42it/s] 94%|█████████▎| 101/108 [01:14<00:04,  1.42it/s] 94%|█████████▍| 102/108 [01:14<00:04,  1.42it/s] 95%|█████████▌| 103/108 [01:15<00:03,  1.42it/s] 96%|█████████▋| 104/108 [01:16<00:02,  1.42it/s] 97%|█████████▋| 105/108 [01:16<00:02,  1.42it/s] 98%|█████████▊| 106/108 [01:17<00:01,  1.42it/s] 99%|█████████▉| 107/108 [01:18<00:00,  1.42it/s]100%|██████████| 108/108 [01:18<00:00,  1.68it/s]100%|██████████| 108/108 [01:18<00:00,  1.37it/s]
Epoch 46/200, Train Loss: 2.4903, Valid Loss: 2.4763
  0%|          | 0/108 [00:00<?, ?it/s]  1%|          | 1/108 [00:02<05:03,  2.83s/it]  2%|▏         | 2/108 [00:03<02:47,  1.58s/it]  3%|▎         | 3/108 [00:04<02:04,  1.19s/it]  4%|▎         | 4/108 [00:04<01:43,  1.00it/s]  5%|▍         | 5/108 [00:05<01:32,  1.12it/s]  6%|▌         | 6/108 [00:06<01:24,  1.20it/s]  6%|▋         | 7/108 [00:07<01:19,  1.27it/s]  7%|▋         | 8/108 [00:07<01:16,  1.31it/s]  8%|▊         | 9/108 [00:08<01:13,  1.34it/s]  9%|▉         | 10/108 [00:09<01:11,  1.36it/s] 10%|█         | 11/108 [00:09<01:10,  1.38it/s] 11%|█         | 12/108 [00:10<01:08,  1.40it/s] 12%|█▏        | 13/108 [00:11<01:07,  1.40it/s] 13%|█▎        | 14/108 [00:12<01:06,  1.41it/s] 14%|█▍        | 15/108 [00:12<01:05,  1.41it/s] 15%|█▍        | 16/108 [00:13<01:05,  1.41it/s] 16%|█▌        | 17/108 [00:14<01:04,  1.42it/s] 17%|█▋        | 18/108 [00:14<01:03,  1.42it/s] 18%|█▊        | 19/108 [00:15<01:02,  1.42it/s] 19%|█▊        | 20/108 [00:16<01:02,  1.42it/s] 19%|█▉        | 21/108 [00:16<01:01,  1.42it/s] 20%|██        | 22/108 [00:17<01:00,  1.42it/s] 21%|██▏       | 23/108 [00:18<00:59,  1.42it/s] 22%|██▏       | 24/108 [00:19<00:59,  1.42it/s] 23%|██▎       | 25/108 [00:19<00:58,  1.42it/s] 24%|██▍       | 26/108 [00:20<00:57,  1.42it/s] 25%|██▌       | 27/108 [00:21<00:57,  1.42it/s] 26%|██▌       | 28/108 [00:21<00:56,  1.42it/s] 27%|██▋       | 29/108 [00:22<00:55,  1.41it/s] 28%|██▊       | 30/108 [00:23<00:55,  1.41it/s] 29%|██▊       | 31/108 [00:24<00:54,  1.42it/s] 30%|██▉       | 32/108 [00:24<00:53,  1.41it/s] 31%|███       | 33/108 [00:25<00:52,  1.42it/s] 31%|███▏      | 34/108 [00:26<00:52,  1.42it/s] 32%|███▏      | 35/108 [00:26<00:51,  1.42it/s] 33%|███▎      | 36/108 [00:27<00:50,  1.42it/s] 34%|███▍      | 37/108 [00:28<00:50,  1.42it/s] 35%|███▌      | 38/108 [00:28<00:49,  1.42it/s] 36%|███▌      | 39/108 [00:29<00:48,  1.42it/s] 37%|███▋      | 40/108 [00:30<00:47,  1.42it/s] 38%|███▊      | 41/108 [00:31<00:47,  1.42it/s] 39%|███▉      | 42/108 [00:31<00:46,  1.42it/s] 40%|███▉      | 43/108 [00:32<00:45,  1.42it/s] 41%|████      | 44/108 [00:33<00:45,  1.42it/s] 42%|████▏     | 45/108 [00:33<00:44,  1.42it/s] 43%|████▎     | 46/108 [00:34<00:43,  1.42it/s] 44%|████▎     | 47/108 [00:35<00:42,  1.42it/s] 44%|████▍     | 48/108 [00:35<00:42,  1.42it/s] 45%|████▌     | 49/108 [00:36<00:41,  1.42it/s] 46%|████▋     | 50/108 [00:37<00:40,  1.42it/s] 47%|████▋     | 51/108 [00:38<00:40,  1.42it/s] 48%|████▊     | 52/108 [00:38<00:39,  1.42it/s] 49%|████▉     | 53/108 [00:39<00:38,  1.42it/s] 50%|█████     | 54/108 [00:40<00:38,  1.42it/s] 51%|█████     | 55/108 [00:40<00:37,  1.42it/s] 52%|█████▏    | 56/108 [00:41<00:36,  1.42it/s] 53%|█████▎    | 57/108 [00:42<00:35,  1.42it/s] 54%|█████▎    | 58/108 [00:43<00:35,  1.42it/s] 55%|█████▍    | 59/108 [00:43<00:34,  1.42it/s] 56%|█████▌    | 60/108 [00:44<00:33,  1.41it/s] 56%|█████▋    | 61/108 [00:45<00:33,  1.41it/s] 57%|█████▋    | 62/108 [00:45<00:32,  1.42it/s] 58%|█████▊    | 63/108 [00:46<00:31,  1.42it/s] 59%|█████▉    | 64/108 [00:47<00:31,  1.42it/s] 60%|██████    | 65/108 [00:47<00:30,  1.42it/s] 61%|██████    | 66/108 [00:48<00:29,  1.42it/s] 62%|██████▏   | 67/108 [00:49<00:28,  1.42it/s] 63%|██████▎   | 68/108 [00:50<00:28,  1.42it/s] 64%|██████▍   | 69/108 [00:50<00:27,  1.42it/s] 65%|██████▍   | 70/108 [00:51<00:26,  1.42it/s] 66%|██████▌   | 71/108 [00:52<00:26,  1.42it/s] 67%|██████▋   | 72/108 [00:52<00:25,  1.42it/s] 68%|██████▊   | 73/108 [00:53<00:24,  1.42it/s] 69%|██████▊   | 74/108 [00:54<00:23,  1.42it/s] 69%|██████▉   | 75/108 [00:55<00:23,  1.42it/s] 70%|███████   | 76/108 [00:55<00:22,  1.42it/s] 71%|███████▏  | 77/108 [00:56<00:21,  1.42it/s] 72%|███████▏  | 78/108 [00:57<00:21,  1.42it/s] 73%|███████▎  | 79/108 [00:57<00:20,  1.42it/s] 74%|███████▍  | 80/108 [00:58<00:19,  1.42it/s] 75%|███████▌  | 81/108 [00:59<00:19,  1.42it/s] 76%|███████▌  | 82/108 [00:59<00:18,  1.42it/s] 77%|███████▋  | 83/108 [01:00<00:17,  1.42it/s] 78%|███████▊  | 84/108 [01:01<00:16,  1.42it/s] 79%|███████▊  | 85/108 [01:02<00:16,  1.42it/s] 80%|███████▉  | 86/108 [01:02<00:15,  1.42it/s] 81%|████████  | 87/108 [01:03<00:14,  1.42it/s] 81%|████████▏ | 88/108 [01:04<00:14,  1.42it/s] 82%|████████▏ | 89/108 [01:04<00:13,  1.42it/s] 83%|████████▎ | 90/108 [01:05<00:12,  1.42it/s] 84%|████████▍ | 91/108 [01:06<00:11,  1.42it/s] 85%|████████▌ | 92/108 [01:07<00:11,  1.42it/s] 86%|████████▌ | 93/108 [01:07<00:10,  1.42it/s] 87%|████████▋ | 94/108 [01:08<00:09,  1.42it/s] 88%|████████▊ | 95/108 [01:09<00:09,  1.42it/s] 89%|████████▉ | 96/108 [01:09<00:08,  1.42it/s] 90%|████████▉ | 97/108 [01:10<00:07,  1.42it/s] 91%|█████████ | 98/108 [01:11<00:07,  1.42it/s] 92%|█████████▏| 99/108 [01:11<00:06,  1.42it/s] 93%|█████████▎| 100/108 [01:12<00:05,  1.42it/s] 94%|█████████▎| 101/108 [01:13<00:04,  1.42it/s] 94%|█████████▍| 102/108 [01:14<00:04,  1.42it/s] 95%|█████████▌| 103/108 [01:14<00:03,  1.42it/s] 96%|█████████▋| 104/108 [01:15<00:02,  1.42it/s] 97%|█████████▋| 105/108 [01:16<00:02,  1.42it/s] 98%|█████████▊| 106/108 [01:16<00:01,  1.42it/s] 99%|█████████▉| 107/108 [01:17<00:00,  1.42it/s]100%|██████████| 108/108 [01:17<00:00,  1.68it/s]100%|██████████| 108/108 [01:18<00:00,  1.38it/s]
Epoch 47/200, Train Loss: 2.5025, Valid Loss: 2.4918
  0%|          | 0/108 [00:00<?, ?it/s]  1%|          | 1/108 [00:03<05:22,  3.01s/it]  2%|▏         | 2/108 [00:03<02:57,  1.67s/it]  3%|▎         | 3/108 [00:04<02:08,  1.23s/it]  4%|▎         | 4/108 [00:05<01:46,  1.02s/it]  5%|▍         | 5/108 [00:05<01:33,  1.10it/s]  6%|▌         | 6/108 [00:06<01:25,  1.19it/s]  6%|▋         | 7/108 [00:07<01:20,  1.26it/s]  7%|▋         | 8/108 [00:07<01:16,  1.31it/s]  8%|▊         | 9/108 [00:08<01:13,  1.34it/s]  9%|▉         | 10/108 [00:09<01:11,  1.36it/s] 10%|█         | 11/108 [00:10<01:10,  1.38it/s] 11%|█         | 12/108 [00:10<01:09,  1.39it/s] 12%|█▏        | 13/108 [00:11<01:07,  1.40it/s] 13%|█▎        | 14/108 [00:12<01:06,  1.41it/s] 14%|█▍        | 15/108 [00:12<01:05,  1.41it/s] 15%|█▍        | 16/108 [00:13<01:05,  1.41it/s] 16%|█▌        | 17/108 [00:14<01:04,  1.42it/s] 17%|█▋        | 18/108 [00:15<01:03,  1.42it/s] 18%|█▊        | 19/108 [00:15<01:02,  1.42it/s] 19%|█▊        | 20/108 [00:16<01:02,  1.42it/s] 19%|█▉        | 21/108 [00:17<01:01,  1.42it/s] 20%|██        | 22/108 [00:17<01:00,  1.42it/s] 21%|██▏       | 23/108 [00:18<00:59,  1.42it/s] 22%|██▏       | 24/108 [00:19<00:59,  1.42it/s] 23%|██▎       | 25/108 [00:19<00:58,  1.42it/s] 24%|██▍       | 26/108 [00:20<00:58,  1.41it/s] 25%|██▌       | 27/108 [00:21<00:57,  1.42it/s] 26%|██▌       | 28/108 [00:22<00:56,  1.42it/s] 27%|██▋       | 29/108 [00:22<00:55,  1.42it/s] 28%|██▊       | 30/108 [00:23<00:54,  1.42it/s] 29%|██▊       | 31/108 [00:24<00:54,  1.42it/s] 30%|██▉       | 32/108 [00:24<00:53,  1.42it/s] 31%|███       | 33/108 [00:25<00:52,  1.42it/s] 31%|███▏      | 34/108 [00:26<00:52,  1.42it/s] 32%|███▏      | 35/108 [00:27<00:51,  1.41it/s] 33%|███▎      | 36/108 [00:27<00:50,  1.41it/s] 34%|███▍      | 37/108 [00:28<00:50,  1.42it/s] 35%|███▌      | 38/108 [00:29<00:49,  1.42it/s] 36%|███▌      | 39/108 [00:29<00:48,  1.42it/s] 37%|███▋      | 40/108 [00:30<00:47,  1.42it/s] 38%|███▊      | 41/108 [00:31<00:47,  1.42it/s] 39%|███▉      | 42/108 [00:31<00:46,  1.42it/s] 40%|███▉      | 43/108 [00:32<00:45,  1.42it/s] 41%|████      | 44/108 [00:33<00:45,  1.42it/s] 42%|████▏     | 45/108 [00:34<00:44,  1.42it/s] 43%|████▎     | 46/108 [00:34<00:43,  1.42it/s] 44%|████▎     | 47/108 [00:35<00:42,  1.42it/s] 44%|████▍     | 48/108 [00:36<00:42,  1.42it/s] 45%|████▌     | 49/108 [00:36<00:41,  1.42it/s] 46%|████▋     | 50/108 [00:37<00:40,  1.42it/s] 47%|████▋     | 51/108 [00:38<00:40,  1.42it/s] 48%|████▊     | 52/108 [00:38<00:39,  1.42it/s] 49%|████▉     | 53/108 [00:39<00:38,  1.42it/s] 50%|█████     | 54/108 [00:40<00:38,  1.42it/s] 51%|█████     | 55/108 [00:41<00:37,  1.42it/s] 52%|█████▏    | 56/108 [00:41<00:36,  1.42it/s] 53%|█████▎    | 57/108 [00:42<00:35,  1.42it/s] 54%|█████▎    | 58/108 [00:43<00:35,  1.42it/s] 55%|█████▍    | 59/108 [00:43<00:34,  1.42it/s] 56%|█████▌    | 60/108 [00:44<00:33,  1.41it/s] 56%|█████▋    | 61/108 [00:45<00:33,  1.41it/s] 57%|█████▋    | 62/108 [00:46<00:32,  1.41it/s] 58%|█████▊    | 63/108 [00:46<00:31,  1.42it/s] 59%|█████▉    | 64/108 [00:47<00:31,  1.42it/s] 60%|██████    | 65/108 [00:48<00:30,  1.42it/s] 61%|██████    | 66/108 [00:48<00:29,  1.42it/s] 62%|██████▏   | 67/108 [00:49<00:28,  1.42it/s] 63%|██████▎   | 68/108 [00:50<00:28,  1.42it/s] 64%|██████▍   | 69/108 [00:50<00:27,  1.42it/s] 65%|██████▍   | 70/108 [00:51<00:26,  1.42it/s] 66%|██████▌   | 71/108 [00:52<00:26,  1.42it/s] 67%|██████▋   | 72/108 [00:53<00:25,  1.42it/s] 68%|██████▊   | 73/108 [00:53<00:24,  1.42it/s] 69%|██████▊   | 74/108 [00:54<00:23,  1.42it/s] 69%|██████▉   | 75/108 [00:55<00:23,  1.42it/s] 70%|███████   | 76/108 [00:55<00:22,  1.42it/s] 71%|███████▏  | 77/108 [00:56<00:21,  1.42it/s] 72%|███████▏  | 78/108 [00:57<00:21,  1.42it/s] 73%|███████▎  | 79/108 [00:58<00:20,  1.42it/s] 74%|███████▍  | 80/108 [00:58<00:19,  1.42it/s] 75%|███████▌  | 81/108 [00:59<00:19,  1.42it/s] 76%|███████▌  | 82/108 [01:00<00:18,  1.42it/s] 77%|███████▋  | 83/108 [01:00<00:17,  1.42it/s] 78%|███████▊  | 84/108 [01:01<00:16,  1.41it/s] 79%|███████▊  | 85/108 [01:02<00:16,  1.42it/s] 80%|███████▉  | 86/108 [01:02<00:15,  1.42it/s] 81%|████████  | 87/108 [01:03<00:14,  1.42it/s] 81%|████████▏ | 88/108 [01:04<00:14,  1.42it/s] 82%|████████▏ | 89/108 [01:05<00:13,  1.42it/s] 83%|████████▎ | 90/108 [01:05<00:12,  1.42it/s] 84%|████████▍ | 91/108 [01:06<00:11,  1.42it/s] 85%|████████▌ | 92/108 [01:07<00:11,  1.42it/s] 86%|████████▌ | 93/108 [01:07<00:10,  1.42it/s] 87%|████████▋ | 94/108 [01:08<00:09,  1.42it/s] 88%|████████▊ | 95/108 [01:09<00:09,  1.42it/s] 89%|████████▉ | 96/108 [01:10<00:08,  1.42it/s] 90%|████████▉ | 97/108 [01:10<00:07,  1.42it/s] 91%|█████████ | 98/108 [01:11<00:07,  1.42it/s] 92%|█████████▏| 99/108 [01:12<00:06,  1.42it/s] 93%|█████████▎| 100/108 [01:12<00:05,  1.42it/s] 94%|█████████▎| 101/108 [01:13<00:04,  1.42it/s] 94%|█████████▍| 102/108 [01:14<00:04,  1.42it/s] 95%|█████████▌| 103/108 [01:14<00:03,  1.42it/s] 96%|█████████▋| 104/108 [01:15<00:02,  1.42it/s] 97%|█████████▋| 105/108 [01:16<00:02,  1.42it/s] 98%|█████████▊| 106/108 [01:17<00:01,  1.42it/s] 99%|█████████▉| 107/108 [01:17<00:00,  1.42it/s]100%|██████████| 108/108 [01:18<00:00,  1.68it/s]100%|██████████| 108/108 [01:18<00:00,  1.38it/s]
Epoch 48/200, Train Loss: 2.4962, Valid Loss: 2.5344
  0%|          | 0/108 [00:00<?, ?it/s]  1%|          | 1/108 [00:03<05:36,  3.14s/it]  2%|▏         | 2/108 [00:03<03:02,  1.73s/it]  3%|▎         | 3/108 [00:04<02:12,  1.26s/it]  4%|▎         | 4/108 [00:05<01:48,  1.04s/it]  5%|▍         | 5/108 [00:05<01:34,  1.09it/s]  6%|▌         | 6/108 [00:06<01:26,  1.18it/s]  6%|▋         | 7/108 [00:07<01:20,  1.25it/s]  7%|▋         | 8/108 [00:08<01:16,  1.30it/s]  8%|▊         | 9/108 [00:08<01:14,  1.33it/s]  9%|▉         | 10/108 [00:09<01:12,  1.36it/s] 10%|█         | 11/108 [00:10<01:10,  1.38it/s] 11%|█         | 12/108 [00:10<01:08,  1.39it/s] 12%|█▏        | 13/108 [00:11<01:07,  1.40it/s] 13%|█▎        | 14/108 [00:12<01:06,  1.41it/s] 14%|█▍        | 15/108 [00:13<01:05,  1.41it/s] 15%|█▍        | 16/108 [00:13<01:05,  1.41it/s] 16%|█▌        | 17/108 [00:14<01:04,  1.42it/s] 17%|█▋        | 18/108 [00:15<01:03,  1.42it/s] 18%|█▊        | 19/108 [00:15<01:02,  1.42it/s] 19%|█▊        | 20/108 [00:16<01:02,  1.42it/s] 19%|█▉        | 21/108 [00:17<01:01,  1.42it/s] 20%|██        | 22/108 [00:17<01:00,  1.42it/s] 21%|██▏       | 23/108 [00:18<00:59,  1.42it/s] 22%|██▏       | 24/108 [00:19<00:59,  1.42it/s] 23%|██▎       | 25/108 [00:20<00:58,  1.42it/s] 24%|██▍       | 26/108 [00:20<00:58,  1.41it/s] 25%|██▌       | 27/108 [00:21<00:57,  1.42it/s] 26%|██▌       | 28/108 [00:22<00:56,  1.42it/s] 27%|██▋       | 29/108 [00:22<00:55,  1.41it/s] 28%|██▊       | 30/108 [00:23<00:55,  1.41it/s] 29%|██▊       | 31/108 [00:24<00:54,  1.42it/s] 30%|██▉       | 32/108 [00:25<00:53,  1.42it/s] 31%|███       | 33/108 [00:25<00:52,  1.42it/s] 31%|███▏      | 34/108 [00:26<00:52,  1.42it/s] 32%|███▏      | 35/108 [00:27<00:51,  1.42it/s] 33%|███▎      | 36/108 [00:27<00:50,  1.42it/s] 34%|███▍      | 37/108 [00:28<00:49,  1.42it/s] 35%|███▌      | 38/108 [00:29<00:49,  1.42it/s] 36%|███▌      | 39/108 [00:29<00:48,  1.42it/s] 37%|███▋      | 40/108 [00:30<00:47,  1.42it/s] 38%|███▊      | 41/108 [00:31<00:47,  1.42it/s] 39%|███▉      | 42/108 [00:32<00:46,  1.42it/s] 40%|███▉      | 43/108 [00:32<00:45,  1.42it/s] 41%|████      | 44/108 [00:33<00:45,  1.42it/s] 42%|████▏     | 45/108 [00:34<00:44,  1.42it/s] 43%|████▎     | 46/108 [00:34<00:43,  1.42it/s] 44%|████▎     | 47/108 [00:35<00:42,  1.42it/s] 44%|████▍     | 48/108 [00:36<00:42,  1.42it/s] 45%|████▌     | 49/108 [00:36<00:41,  1.42it/s] 46%|████▋     | 50/108 [00:37<00:40,  1.42it/s] 47%|████▋     | 51/108 [00:38<00:40,  1.42it/s] 48%|████▊     | 52/108 [00:39<00:39,  1.42it/s] 49%|████▉     | 53/108 [00:39<00:38,  1.42it/s] 50%|█████     | 54/108 [00:40<00:38,  1.42it/s] 51%|█████     | 55/108 [00:41<00:37,  1.42it/s] 52%|█████▏    | 56/108 [00:41<00:36,  1.42it/s] 53%|█████▎    | 57/108 [00:42<00:35,  1.42it/s] 54%|█████▎    | 58/108 [00:43<00:35,  1.42it/s] 55%|█████▍    | 59/108 [00:44<00:34,  1.42it/s] 56%|█████▌    | 60/108 [00:44<00:33,  1.42it/s] 56%|█████▋    | 61/108 [00:45<00:33,  1.42it/s] 57%|█████▋    | 62/108 [00:46<00:32,  1.42it/s] 58%|█████▊    | 63/108 [00:46<00:31,  1.42it/s] 59%|█████▉    | 64/108 [00:47<00:31,  1.42it/s] 60%|██████    | 65/108 [00:48<00:30,  1.42it/s] 61%|██████    | 66/108 [00:48<00:29,  1.42it/s] 62%|██████▏   | 67/108 [00:49<00:28,  1.42it/s] 63%|██████▎   | 68/108 [00:50<00:28,  1.42it/s] 64%|██████▍   | 69/108 [00:51<00:27,  1.42it/s] 65%|██████▍   | 70/108 [00:51<00:26,  1.42it/s] 66%|██████▌   | 71/108 [00:52<00:26,  1.42it/s] 67%|██████▋   | 72/108 [00:53<00:25,  1.42it/s] 68%|██████▊   | 73/108 [00:53<00:24,  1.42it/s] 69%|██████▊   | 74/108 [00:54<00:24,  1.42it/s] 69%|██████▉   | 75/108 [00:55<00:23,  1.41it/s] 70%|███████   | 76/108 [00:56<00:22,  1.41it/s] 71%|███████▏  | 77/108 [00:56<00:21,  1.41it/s] 72%|███████▏  | 78/108 [00:57<00:21,  1.42it/s] 73%|███████▎  | 79/108 [00:58<00:20,  1.42it/s] 74%|███████▍  | 80/108 [00:58<00:19,  1.42it/s] 75%|███████▌  | 81/108 [00:59<00:19,  1.42it/s] 76%|███████▌  | 82/108 [01:00<00:18,  1.42it/s] 77%|███████▋  | 83/108 [01:00<00:17,  1.42it/s] 78%|███████▊  | 84/108 [01:01<00:16,  1.42it/s] 79%|███████▊  | 85/108 [01:02<00:16,  1.42it/s] 80%|███████▉  | 86/108 [01:03<00:15,  1.42it/s] 81%|████████  | 87/108 [01:03<00:14,  1.42it/s] 81%|████████▏ | 88/108 [01:04<00:14,  1.42it/s] 82%|████████▏ | 89/108 [01:05<00:13,  1.42it/s] 83%|████████▎ | 90/108 [01:05<00:12,  1.42it/s] 84%|████████▍ | 91/108 [01:06<00:11,  1.42it/s] 85%|████████▌ | 92/108 [01:07<00:11,  1.42it/s] 86%|████████▌ | 93/108 [01:08<00:10,  1.42it/s] 87%|████████▋ | 94/108 [01:08<00:09,  1.42it/s] 88%|████████▊ | 95/108 [01:09<00:09,  1.42it/s] 89%|████████▉ | 96/108 [01:10<00:08,  1.42it/s] 90%|████████▉ | 97/108 [01:10<00:07,  1.42it/s] 91%|█████████ | 98/108 [01:11<00:07,  1.42it/s] 92%|█████████▏| 99/108 [01:12<00:06,  1.42it/s] 93%|█████████▎| 100/108 [01:12<00:05,  1.42it/s] 94%|█████████▎| 101/108 [01:13<00:04,  1.42it/s] 94%|█████████▍| 102/108 [01:14<00:04,  1.42it/s] 95%|█████████▌| 103/108 [01:15<00:03,  1.42it/s] 96%|█████████▋| 104/108 [01:15<00:02,  1.42it/s] 97%|█████████▋| 105/108 [01:16<00:02,  1.42it/s] 98%|█████████▊| 106/108 [01:17<00:01,  1.42it/s] 99%|█████████▉| 107/108 [01:17<00:00,  1.42it/s]100%|██████████| 108/108 [01:18<00:00,  1.68it/s]100%|██████████| 108/108 [01:18<00:00,  1.38it/s]
Epoch 49/200, Train Loss: 2.5014, Valid Loss: 2.5224
  0%|          | 0/108 [00:00<?, ?it/s]  1%|          | 1/108 [00:03<06:36,  3.71s/it]  2%|▏         | 2/108 [00:04<03:25,  1.94s/it]  3%|▎         | 3/108 [00:05<02:24,  1.38s/it]  4%|▎         | 4/108 [00:05<01:55,  1.11s/it]  5%|▍         | 5/108 [00:06<01:39,  1.04it/s]  6%|▌         | 6/108 [00:07<01:29,  1.14it/s]  6%|▋         | 7/108 [00:07<01:22,  1.22it/s]  7%|▋         | 8/108 [00:08<01:18,  1.28it/s]  8%|▊         | 9/108 [00:09<01:15,  1.32it/s]  9%|▉         | 10/108 [00:10<01:12,  1.35it/s] 10%|█         | 11/108 [00:10<01:10,  1.37it/s] 11%|█         | 12/108 [00:11<01:09,  1.38it/s] 12%|█▏        | 13/108 [00:12<01:08,  1.40it/s] 13%|█▎        | 14/108 [00:12<01:06,  1.41it/s] 14%|█▍        | 15/108 [00:13<01:05,  1.41it/s] 15%|█▍        | 16/108 [00:14<01:05,  1.41it/s] 16%|█▌        | 17/108 [00:14<01:04,  1.42it/s] 17%|█▋        | 18/108 [00:15<01:03,  1.42it/s] 18%|█▊        | 19/108 [00:16<01:02,  1.42it/s] 19%|█▊        | 20/108 [00:17<01:01,  1.42it/s] 19%|█▉        | 21/108 [00:17<01:01,  1.42it/s] 20%|██        | 22/108 [00:18<01:00,  1.42it/s] 21%|██▏       | 23/108 [00:19<00:59,  1.42it/s] 22%|██▏       | 24/108 [00:19<00:59,  1.42it/s] 23%|██▎       | 25/108 [00:20<00:59,  1.40it/s] 24%|██▍       | 26/108 [00:21<00:58,  1.41it/s] 25%|██▌       | 27/108 [00:22<00:57,  1.41it/s] 26%|██▌       | 28/108 [00:22<00:56,  1.42it/s] 27%|██▋       | 29/108 [00:23<00:55,  1.42it/s] 28%|██▊       | 30/108 [00:24<00:54,  1.42it/s] 29%|██▊       | 31/108 [00:24<00:54,  1.42it/s] 30%|██▉       | 32/108 [00:25<00:53,  1.42it/s] 31%|███       | 33/108 [00:26<00:52,  1.42it/s] 31%|███▏      | 34/108 [00:26<00:52,  1.42it/s] 32%|███▏      | 35/108 [00:27<00:51,  1.42it/s] 33%|███▎      | 36/108 [00:28<00:50,  1.42it/s] 34%|███▍      | 37/108 [00:29<00:49,  1.42it/s] 35%|███▌      | 38/108 [00:29<00:49,  1.42it/s] 36%|███▌      | 39/108 [00:30<00:48,  1.42it/s] 37%|███▋      | 40/108 [00:31<00:47,  1.42it/s] 38%|███▊      | 41/108 [00:31<00:47,  1.42it/s] 39%|███▉      | 42/108 [00:32<00:46,  1.42it/s] 40%|███▉      | 43/108 [00:33<00:45,  1.42it/s] 41%|████      | 44/108 [00:33<00:44,  1.42it/s] 42%|████▏     | 45/108 [00:34<00:44,  1.42it/s] 43%|████▎     | 46/108 [00:35<00:43,  1.42it/s] 44%|████▎     | 47/108 [00:36<00:42,  1.42it/s] 44%|████▍     | 48/108 [00:36<00:42,  1.42it/s] 45%|████▌     | 49/108 [00:37<00:41,  1.42it/s] 46%|████▋     | 50/108 [00:38<00:40,  1.42it/s] 47%|████▋     | 51/108 [00:38<00:40,  1.42it/s] 48%|████▊     | 52/108 [00:39<00:39,  1.42it/s] 49%|████▉     | 53/108 [00:40<00:38,  1.42it/s] 50%|█████     | 54/108 [00:41<00:38,  1.42it/s] 51%|█████     | 55/108 [00:41<00:37,  1.42it/s] 52%|█████▏    | 56/108 [00:42<00:36,  1.42it/s] 53%|█████▎    | 57/108 [00:43<00:36,  1.42it/s] 54%|█████▎    | 58/108 [00:43<00:35,  1.42it/s] 55%|█████▍    | 59/108 [00:44<00:34,  1.42it/s] 56%|█████▌    | 60/108 [00:45<00:33,  1.41it/s] 56%|█████▋    | 61/108 [00:45<00:33,  1.41it/s] 57%|█████▋    | 62/108 [00:46<00:32,  1.42it/s] 58%|█████▊    | 63/108 [00:47<00:31,  1.42it/s] 59%|█████▉    | 64/108 [00:48<00:31,  1.42it/s] 60%|██████    | 65/108 [00:48<00:30,  1.42it/s] 61%|██████    | 66/108 [00:49<00:29,  1.42it/s] 62%|██████▏   | 67/108 [00:50<00:28,  1.42it/s] 63%|██████▎   | 68/108 [00:50<00:28,  1.42it/s] 64%|██████▍   | 69/108 [00:51<00:27,  1.42it/s] 65%|██████▍   | 70/108 [00:52<00:26,  1.42it/s] 66%|██████▌   | 71/108 [00:53<00:26,  1.41it/s] 67%|██████▋   | 72/108 [00:53<00:25,  1.42it/s] 68%|██████▊   | 73/108 [00:54<00:24,  1.42it/s] 69%|██████▊   | 74/108 [00:55<00:24,  1.42it/s] 69%|██████▉   | 75/108 [00:55<00:23,  1.42it/s] 70%|███████   | 76/108 [00:56<00:22,  1.42it/s] 71%|███████▏  | 77/108 [00:57<00:21,  1.42it/s] 72%|███████▏  | 78/108 [00:57<00:21,  1.41it/s] 73%|███████▎  | 79/108 [00:58<00:20,  1.42it/s] 74%|███████▍  | 80/108 [00:59<00:19,  1.42it/s] 75%|███████▌  | 81/108 [01:00<00:19,  1.42it/s] 76%|███████▌  | 82/108 [01:00<00:18,  1.42it/s] 77%|███████▋  | 83/108 [01:01<00:17,  1.42it/s] 78%|███████▊  | 84/108 [01:02<00:16,  1.42it/s] 79%|███████▊  | 85/108 [01:02<00:16,  1.42it/s] 80%|███████▉  | 86/108 [01:03<00:15,  1.42it/s] 81%|████████  | 87/108 [01:04<00:14,  1.42it/s] 81%|████████▏ | 88/108 [01:05<00:14,  1.42it/s] 82%|████████▏ | 89/108 [01:05<00:13,  1.42it/s] 83%|████████▎ | 90/108 [01:06<00:12,  1.42it/s] 84%|████████▍ | 91/108 [01:07<00:11,  1.42it/s] 85%|████████▌ | 92/108 [01:07<00:11,  1.42it/s] 86%|████████▌ | 93/108 [01:08<00:10,  1.42it/s] 87%|████████▋ | 94/108 [01:09<00:09,  1.42it/s] 88%|████████▊ | 95/108 [01:09<00:09,  1.42it/s] 89%|████████▉ | 96/108 [01:10<00:08,  1.42it/s] 90%|████████▉ | 97/108 [01:11<00:07,  1.42it/s] 91%|█████████ | 98/108 [01:12<00:07,  1.42it/s] 92%|█████████▏| 99/108 [01:12<00:06,  1.42it/s] 93%|█████████▎| 100/108 [01:13<00:05,  1.42it/s] 94%|█████████▎| 101/108 [01:14<00:04,  1.42it/s] 94%|█████████▍| 102/108 [01:14<00:04,  1.42it/s] 95%|█████████▌| 103/108 [01:15<00:03,  1.42it/s] 96%|█████████▋| 104/108 [01:16<00:02,  1.42it/s] 97%|█████████▋| 105/108 [01:17<00:02,  1.42it/s] 98%|█████████▊| 106/108 [01:17<00:01,  1.42it/s] 99%|█████████▉| 107/108 [01:18<00:00,  1.42it/s]100%|██████████| 108/108 [01:18<00:00,  1.68it/s]100%|██████████| 108/108 [01:18<00:00,  1.37it/s]
Epoch 50/200, Train Loss: 2.4916, Valid Loss: 2.4930
  0%|          | 0/108 [00:00<?, ?it/s]  1%|          | 1/108 [00:03<06:28,  3.63s/it]  2%|▏         | 2/108 [00:04<03:22,  1.91s/it]  3%|▎         | 3/108 [00:05<02:22,  1.36s/it]  4%|▎         | 4/108 [00:05<01:54,  1.10s/it]  5%|▍         | 5/108 [00:06<01:38,  1.05it/s]  6%|▌         | 6/108 [00:07<01:28,  1.15it/s]  6%|▋         | 7/108 [00:07<01:22,  1.23it/s]  7%|▋         | 8/108 [00:08<01:18,  1.28it/s]  8%|▊         | 9/108 [00:09<01:15,  1.32it/s]  9%|▉         | 10/108 [00:09<01:12,  1.35it/s] 10%|█         | 11/108 [00:10<01:10,  1.37it/s] 11%|█         | 12/108 [00:11<01:09,  1.38it/s] 12%|█▏        | 13/108 [00:12<01:08,  1.39it/s] 13%|█▎        | 14/108 [00:12<01:06,  1.40it/s] 14%|█▍        | 15/108 [00:13<01:05,  1.41it/s] 15%|█▍        | 16/108 [00:14<01:05,  1.41it/s] 16%|█▌        | 17/108 [00:14<01:04,  1.42it/s] 17%|█▋        | 18/108 [00:15<01:03,  1.42it/s] 18%|█▊        | 19/108 [00:16<01:02,  1.42it/s] 19%|█▊        | 20/108 [00:16<01:01,  1.42it/s] 19%|█▉        | 21/108 [00:17<01:01,  1.42it/s] 20%|██        | 22/108 [00:18<01:00,  1.42it/s] 21%|██▏       | 23/108 [00:19<00:59,  1.42it/s] 22%|██▏       | 24/108 [00:19<00:59,  1.42it/s] 23%|██▎       | 25/108 [00:20<00:59,  1.41it/s] 24%|██▍       | 26/108 [00:21<00:58,  1.41it/s] 25%|██▌       | 27/108 [00:21<00:57,  1.41it/s] 26%|██▌       | 28/108 [00:22<00:56,  1.42it/s] 27%|██▋       | 29/108 [00:23<00:55,  1.42it/s] 28%|██▊       | 30/108 [00:24<00:54,  1.42it/s] 29%|██▊       | 31/108 [00:24<00:54,  1.42it/s] 30%|██▉       | 32/108 [00:25<00:53,  1.42it/s] 31%|███       | 33/108 [00:26<00:52,  1.42it/s] 31%|███▏      | 34/108 [00:26<00:52,  1.42it/s] 32%|███▏      | 35/108 [00:27<00:51,  1.42it/s] 33%|███▎      | 36/108 [00:28<00:50,  1.42it/s] 34%|███▍      | 37/108 [00:28<00:50,  1.42it/s] 35%|███▌      | 38/108 [00:29<00:49,  1.42it/s] 36%|███▌      | 39/108 [00:30<00:48,  1.42it/s] 37%|███▋      | 40/108 [00:31<00:47,  1.42it/s] 38%|███▊      | 41/108 [00:31<00:47,  1.42it/s] 39%|███▉      | 42/108 [00:32<00:46,  1.42it/s] 40%|███▉      | 43/108 [00:33<00:45,  1.42it/s] 41%|████      | 44/108 [00:33<00:45,  1.42it/s] 42%|████▏     | 45/108 [00:34<00:44,  1.42it/s] 43%|████▎     | 46/108 [00:35<00:43,  1.42it/s] 44%|████▎     | 47/108 [00:36<00:43,  1.42it/s] 44%|████▍     | 48/108 [00:36<00:42,  1.42it/s] 45%|████▌     | 49/108 [00:37<00:41,  1.42it/s] 46%|████▋     | 50/108 [00:38<00:40,  1.42it/s] 47%|████▋     | 51/108 [00:38<00:40,  1.42it/s] 48%|████▊     | 52/108 [00:39<00:39,  1.42it/s] 49%|████▉     | 53/108 [00:40<00:38,  1.42it/s] 50%|█████     | 54/108 [00:40<00:38,  1.42it/s] 51%|█████     | 55/108 [00:41<00:37,  1.42it/s] 52%|█████▏    | 56/108 [00:42<00:36,  1.42it/s] 53%|█████▎    | 57/108 [00:43<00:36,  1.41it/s] 54%|█████▎    | 58/108 [00:43<00:35,  1.41it/s] 55%|█████▍    | 59/108 [00:44<00:34,  1.41it/s] 56%|█████▌    | 60/108 [00:45<00:33,  1.41it/s] 56%|█████▋    | 61/108 [00:45<00:33,  1.41it/s] 57%|█████▋    | 62/108 [00:46<00:32,  1.41it/s] 58%|█████▊    | 63/108 [00:47<00:31,  1.41it/s] 59%|█████▉    | 64/108 [00:48<00:31,  1.41it/s] 60%|██████    | 65/108 [00:48<00:30,  1.42it/s] 61%|██████    | 66/108 [00:49<00:29,  1.42it/s] 62%|██████▏   | 67/108 [00:50<00:28,  1.42it/s] 63%|██████▎   | 68/108 [00:50<00:28,  1.42it/s] 64%|██████▍   | 69/108 [00:51<00:27,  1.42it/s] 65%|██████▍   | 70/108 [00:52<00:26,  1.42it/s] 66%|██████▌   | 71/108 [00:52<00:26,  1.42it/s] 67%|██████▋   | 72/108 [00:53<00:25,  1.42it/s] 68%|██████▊   | 73/108 [00:54<00:24,  1.42it/s] 69%|██████▊   | 74/108 [00:55<00:23,  1.42it/s] 69%|██████▉   | 75/108 [00:55<00:23,  1.42it/s] 70%|███████   | 76/108 [00:56<00:22,  1.42it/s] 71%|███████▏  | 77/108 [00:57<00:21,  1.42it/s] 72%|███████▏  | 78/108 [00:57<00:21,  1.42it/s] 73%|███████▎  | 79/108 [00:58<00:20,  1.42it/s] 74%|███████▍  | 80/108 [00:59<00:19,  1.41it/s] 75%|███████▌  | 81/108 [01:00<00:19,  1.42it/s] 76%|███████▌  | 82/108 [01:00<00:18,  1.42it/s] 77%|███████▋  | 83/108 [01:01<00:17,  1.42it/s] 78%|███████▊  | 84/108 [01:02<00:16,  1.42it/s] 79%|███████▊  | 85/108 [01:02<00:16,  1.42it/s] 80%|███████▉  | 86/108 [01:03<00:15,  1.42it/s] 81%|████████  | 87/108 [01:04<00:14,  1.41it/s] 81%|████████▏ | 88/108 [01:04<00:14,  1.42it/s] 82%|████████▏ | 89/108 [01:05<00:13,  1.42it/s] 83%|████████▎ | 90/108 [01:06<00:12,  1.42it/s] 84%|████████▍ | 91/108 [01:07<00:11,  1.42it/s] 85%|████████▌ | 92/108 [01:07<00:11,  1.42it/s] 86%|████████▌ | 93/108 [01:08<00:10,  1.42it/s] 87%|████████▋ | 94/108 [01:09<00:09,  1.42it/s] 88%|████████▊ | 95/108 [01:09<00:09,  1.42it/s] 89%|████████▉ | 96/108 [01:10<00:08,  1.42it/s] 90%|████████▉ | 97/108 [01:11<00:07,  1.42it/s] 91%|█████████ | 98/108 [01:12<00:07,  1.42it/s] 92%|█████████▏| 99/108 [01:12<00:06,  1.42it/s] 93%|█████████▎| 100/108 [01:13<00:05,  1.42it/s] 94%|█████████▎| 101/108 [01:14<00:04,  1.42it/s] 94%|█████████▍| 102/108 [01:14<00:04,  1.42it/s] 95%|█████████▌| 103/108 [01:15<00:03,  1.42it/s] 96%|█████████▋| 104/108 [01:16<00:02,  1.42it/s] 97%|█████████▋| 105/108 [01:16<00:02,  1.42it/s] 98%|█████████▊| 106/108 [01:17<00:01,  1.42it/s] 99%|█████████▉| 107/108 [01:18<00:00,  1.42it/s]100%|██████████| 108/108 [01:18<00:00,  1.68it/s]100%|██████████| 108/108 [01:18<00:00,  1.37it/s]
Epoch 51/200, Train Loss: 2.4889, Valid Loss: 2.4582, save best model!
  0%|          | 0/108 [00:00<?, ?it/s]  1%|          | 1/108 [00:03<06:00,  3.37s/it]  2%|▏         | 2/108 [00:04<03:11,  1.80s/it]  3%|▎         | 3/108 [00:04<02:16,  1.30s/it]  4%|▎         | 4/108 [00:05<01:50,  1.07s/it]  5%|▍         | 5/108 [00:06<01:36,  1.07it/s]  6%|▌         | 6/108 [00:06<01:27,  1.16it/s]  6%|▋         | 7/108 [00:07<01:21,  1.24it/s]  7%|▋         | 8/108 [00:08<01:17,  1.29it/s]  8%|▊         | 9/108 [00:09<01:14,  1.33it/s]  9%|▉         | 10/108 [00:09<01:12,  1.35it/s] 10%|█         | 11/108 [00:10<01:10,  1.37it/s] 11%|█         | 12/108 [00:11<01:09,  1.39it/s] 12%|█▏        | 13/108 [00:11<01:07,  1.40it/s] 13%|█▎        | 14/108 [00:12<01:06,  1.41it/s] 14%|█▍        | 15/108 [00:13<01:05,  1.41it/s] 15%|█▍        | 16/108 [00:13<01:05,  1.41it/s] 16%|█▌        | 17/108 [00:14<01:04,  1.42it/s] 17%|█▋        | 18/108 [00:15<01:03,  1.42it/s] 18%|█▊        | 19/108 [00:16<01:02,  1.42it/s] 19%|█▊        | 20/108 [00:16<01:02,  1.42it/s] 19%|█▉        | 21/108 [00:17<01:01,  1.42it/s] 20%|██        | 22/108 [00:18<01:00,  1.42it/s] 21%|██▏       | 23/108 [00:18<00:59,  1.42it/s] 22%|██▏       | 24/108 [00:19<00:59,  1.42it/s] 23%|██▎       | 25/108 [00:20<00:58,  1.41it/s] 24%|██▍       | 26/108 [00:20<00:58,  1.41it/s] 25%|██▌       | 27/108 [00:21<00:57,  1.42it/s] 26%|██▌       | 28/108 [00:22<00:56,  1.42it/s] 27%|██▋       | 29/108 [00:23<00:55,  1.42it/s] 28%|██▊       | 30/108 [00:23<00:54,  1.42it/s] 29%|██▊       | 31/108 [00:24<00:54,  1.42it/s] 30%|██▉       | 32/108 [00:25<00:53,  1.42it/s] 31%|███       | 33/108 [00:25<00:52,  1.42it/s] 31%|███▏      | 34/108 [00:26<00:52,  1.42it/s] 32%|███▏      | 35/108 [00:27<00:51,  1.42it/s] 33%|███▎      | 36/108 [00:28<00:50,  1.42it/s] 34%|███▍      | 37/108 [00:28<00:49,  1.42it/s] 35%|███▌      | 38/108 [00:29<00:49,  1.42it/s] 36%|███▌      | 39/108 [00:30<00:48,  1.42it/s] 37%|███▋      | 40/108 [00:30<00:47,  1.42it/s] 38%|███▊      | 41/108 [00:31<00:47,  1.42it/s] 39%|███▉      | 42/108 [00:32<00:46,  1.42it/s] 40%|███▉      | 43/108 [00:32<00:45,  1.42it/s] 41%|████      | 44/108 [00:33<00:45,  1.42it/s] 42%|████▏     | 45/108 [00:34<00:44,  1.42it/s] 43%|████▎     | 46/108 [00:35<00:43,  1.42it/s] 44%|████▎     | 47/108 [00:35<00:42,  1.42it/s] 44%|████▍     | 48/108 [00:36<00:42,  1.42it/s] 45%|████▌     | 49/108 [00:37<00:41,  1.42it/s] 46%|████▋     | 50/108 [00:37<00:40,  1.42it/s] 47%|████▋     | 51/108 [00:38<00:40,  1.42it/s] 48%|████▊     | 52/108 [00:39<00:39,  1.42it/s] 49%|████▉     | 53/108 [00:40<00:38,  1.42it/s] 50%|█████     | 54/108 [00:40<00:38,  1.42it/s] 51%|█████     | 55/108 [00:41<00:37,  1.42it/s] 52%|█████▏    | 56/108 [00:42<00:36,  1.42it/s] 53%|█████▎    | 57/108 [00:42<00:36,  1.42it/s] 54%|█████▎    | 58/108 [00:43<00:35,  1.41it/s] 55%|█████▍    | 59/108 [00:44<00:34,  1.41it/s] 56%|█████▌    | 60/108 [00:44<00:33,  1.41it/s] 56%|█████▋    | 61/108 [00:45<00:33,  1.41it/s] 57%|█████▋    | 62/108 [00:46<00:32,  1.41it/s] 58%|█████▊    | 63/108 [00:47<00:31,  1.41it/s] 59%|█████▉    | 64/108 [00:47<00:31,  1.42it/s] 60%|██████    | 65/108 [00:48<00:30,  1.42it/s] 61%|██████    | 66/108 [00:49<00:29,  1.42it/s] 62%|██████▏   | 67/108 [00:49<00:28,  1.42it/s] 63%|██████▎   | 68/108 [00:50<00:28,  1.42it/s] 64%|██████▍   | 69/108 [00:51<00:27,  1.42it/s] 65%|██████▍   | 70/108 [00:52<00:26,  1.42it/s] 66%|██████▌   | 71/108 [00:52<00:26,  1.42it/s] 67%|██████▋   | 72/108 [00:53<00:25,  1.42it/s] 68%|██████▊   | 73/108 [00:54<00:24,  1.42it/s] 69%|██████▊   | 74/108 [00:54<00:23,  1.42it/s] 69%|██████▉   | 75/108 [00:55<00:23,  1.42it/s] 70%|███████   | 76/108 [00:56<00:22,  1.42it/s] 71%|███████▏  | 77/108 [00:56<00:21,  1.42it/s] 72%|███████▏  | 78/108 [00:57<00:21,  1.42it/s] 73%|███████▎  | 79/108 [00:58<00:20,  1.42it/s] 74%|███████▍  | 80/108 [00:59<00:19,  1.42it/s] 75%|███████▌  | 81/108 [00:59<00:19,  1.42it/s] 76%|███████▌  | 82/108 [01:00<00:18,  1.41it/s] 77%|███████▋  | 83/108 [01:01<00:17,  1.41it/s] 78%|███████▊  | 84/108 [01:01<00:16,  1.41it/s] 79%|███████▊  | 85/108 [01:02<00:16,  1.41it/s] 80%|███████▉  | 86/108 [01:03<00:15,  1.42it/s] 81%|████████  | 87/108 [01:04<00:14,  1.41it/s] 81%|████████▏ | 88/108 [01:04<00:14,  1.41it/s] 82%|████████▏ | 89/108 [01:05<00:13,  1.41it/s] 83%|████████▎ | 90/108 [01:06<00:12,  1.42it/s] 84%|████████▍ | 91/108 [01:06<00:12,  1.42it/s] 85%|████████▌ | 92/108 [01:07<00:11,  1.42it/s] 86%|████████▌ | 93/108 [01:08<00:10,  1.42it/s] 87%|████████▋ | 94/108 [01:08<00:09,  1.42it/s] 88%|████████▊ | 95/108 [01:09<00:09,  1.42it/s] 89%|████████▉ | 96/108 [01:10<00:08,  1.42it/s] 90%|████████▉ | 97/108 [01:11<00:07,  1.42it/s] 91%|█████████ | 98/108 [01:11<00:07,  1.42it/s] 92%|█████████▏| 99/108 [01:12<00:06,  1.42it/s] 93%|█████████▎| 100/108 [01:13<00:05,  1.42it/s] 94%|█████████▎| 101/108 [01:13<00:04,  1.42it/s] 94%|█████████▍| 102/108 [01:14<00:04,  1.42it/s] 95%|█████████▌| 103/108 [01:15<00:03,  1.42it/s] 96%|█████████▋| 104/108 [01:16<00:02,  1.42it/s] 97%|█████████▋| 105/108 [01:16<00:02,  1.42it/s] 98%|█████████▊| 106/108 [01:17<00:01,  1.42it/s] 99%|█████████▉| 107/108 [01:18<00:00,  1.42it/s]100%|██████████| 108/108 [01:18<00:00,  1.68it/s]100%|██████████| 108/108 [01:18<00:00,  1.37it/s]
Epoch 52/200, Train Loss: 2.4838, Valid Loss: 2.4793
  0%|          | 0/108 [00:00<?, ?it/s]  1%|          | 1/108 [00:03<05:43,  3.21s/it]  2%|▏         | 2/108 [00:03<03:04,  1.74s/it]  3%|▎         | 3/108 [00:04<02:12,  1.27s/it]  4%|▎         | 4/108 [00:05<01:48,  1.04s/it]  5%|▍         | 5/108 [00:06<01:34,  1.09it/s]  6%|▌         | 6/108 [00:06<01:26,  1.18it/s]  6%|▋         | 7/108 [00:07<01:21,  1.24it/s]  7%|▋         | 8/108 [00:08<01:17,  1.29it/s]  8%|▊         | 9/108 [00:08<01:14,  1.33it/s]  9%|▉         | 10/108 [00:09<01:12,  1.36it/s] 10%|█         | 11/108 [00:10<01:10,  1.38it/s] 11%|█         | 12/108 [00:10<01:09,  1.39it/s] 12%|█▏        | 13/108 [00:11<01:07,  1.40it/s] 13%|█▎        | 14/108 [00:12<01:06,  1.41it/s] 14%|█▍        | 15/108 [00:13<01:05,  1.41it/s] 15%|█▍        | 16/108 [00:13<01:05,  1.42it/s] 16%|█▌        | 17/108 [00:14<01:04,  1.42it/s] 17%|█▋        | 18/108 [00:15<01:03,  1.42it/s] 18%|█▊        | 19/108 [00:15<01:02,  1.42it/s] 19%|█▊        | 20/108 [00:16<01:02,  1.42it/s] 19%|█▉        | 21/108 [00:17<01:01,  1.42it/s] 20%|██        | 22/108 [00:17<01:00,  1.42it/s] 21%|██▏       | 23/108 [00:18<00:59,  1.42it/s] 22%|██▏       | 24/108 [00:19<00:59,  1.42it/s] 23%|██▎       | 25/108 [00:20<00:58,  1.41it/s] 24%|██▍       | 26/108 [00:20<00:57,  1.41it/s] 25%|██▌       | 27/108 [00:21<00:57,  1.42it/s] 26%|██▌       | 28/108 [00:22<00:56,  1.42it/s] 27%|██▋       | 29/108 [00:22<00:55,  1.42it/s] 28%|██▊       | 30/108 [00:23<00:54,  1.42it/s] 29%|██▊       | 31/108 [00:24<00:54,  1.41it/s] 30%|██▉       | 32/108 [00:25<00:53,  1.42it/s] 31%|███       | 33/108 [00:25<00:52,  1.42it/s] 31%|███▏      | 34/108 [00:26<00:52,  1.42it/s] 32%|███▏      | 35/108 [00:27<00:51,  1.42it/s] 33%|███▎      | 36/108 [00:27<00:50,  1.42it/s] 34%|███▍      | 37/108 [00:28<00:50,  1.42it/s] 35%|███▌      | 38/108 [00:29<00:49,  1.42it/s] 36%|███▌      | 39/108 [00:29<00:48,  1.42it/s] 37%|███▋      | 40/108 [00:30<00:47,  1.42it/s] 38%|███▊      | 41/108 [00:31<00:47,  1.42it/s] 39%|███▉      | 42/108 [00:32<00:46,  1.42it/s] 40%|███▉      | 43/108 [00:32<00:45,  1.42it/s] 41%|████      | 44/108 [00:33<00:45,  1.42it/s] 42%|████▏     | 45/108 [00:34<00:44,  1.42it/s] 43%|████▎     | 46/108 [00:34<00:43,  1.42it/s] 44%|████▎     | 47/108 [00:35<00:42,  1.42it/s] 44%|████▍     | 48/108 [00:36<00:42,  1.42it/s] 45%|████▌     | 49/108 [00:37<00:41,  1.42it/s] 46%|████▋     | 50/108 [00:37<00:40,  1.42it/s] 47%|████▋     | 51/108 [00:38<00:40,  1.42it/s] 48%|████▊     | 52/108 [00:39<00:39,  1.42it/s] 49%|████▉     | 53/108 [00:39<00:38,  1.42it/s] 50%|█████     | 54/108 [00:40<00:38,  1.42it/s] 51%|█████     | 55/108 [00:41<00:37,  1.42it/s] 52%|█████▏    | 56/108 [00:41<00:36,  1.42it/s] 53%|█████▎    | 57/108 [00:42<00:36,  1.41it/s] 54%|█████▎    | 58/108 [00:43<00:35,  1.41it/s] 55%|█████▍    | 59/108 [00:44<00:34,  1.41it/s] 56%|█████▌    | 60/108 [00:44<00:33,  1.41it/s] 56%|█████▋    | 61/108 [00:45<00:33,  1.41it/s] 57%|█████▋    | 62/108 [00:46<00:32,  1.41it/s] 58%|█████▊    | 63/108 [00:46<00:31,  1.42it/s] 59%|█████▉    | 64/108 [00:47<00:31,  1.42it/s] 60%|██████    | 65/108 [00:48<00:30,  1.42it/s] 61%|██████    | 66/108 [00:49<00:29,  1.42it/s] 62%|██████▏   | 67/108 [00:49<00:28,  1.42it/s] 63%|██████▎   | 68/108 [00:50<00:28,  1.42it/s] 64%|██████▍   | 69/108 [00:51<00:27,  1.42it/s] 65%|██████▍   | 70/108 [00:51<00:26,  1.42it/s] 66%|██████▌   | 71/108 [00:52<00:26,  1.42it/s] 67%|██████▋   | 72/108 [00:53<00:25,  1.42it/s] 68%|██████▊   | 73/108 [00:53<00:24,  1.42it/s] 69%|██████▊   | 74/108 [00:54<00:24,  1.42it/s] 69%|██████▉   | 75/108 [00:55<00:23,  1.42it/s] 70%|███████   | 76/108 [00:56<00:22,  1.42it/s] 71%|███████▏  | 77/108 [00:56<00:21,  1.42it/s] 72%|███████▏  | 78/108 [00:57<00:21,  1.42it/s] 73%|███████▎  | 79/108 [00:58<00:20,  1.42it/s] 74%|███████▍  | 80/108 [00:58<00:19,  1.42it/s] 75%|███████▌  | 81/108 [00:59<00:19,  1.42it/s] 76%|███████▌  | 82/108 [01:00<00:18,  1.42it/s] 77%|███████▋  | 83/108 [01:01<00:17,  1.42it/s] 78%|███████▊  | 84/108 [01:01<00:16,  1.42it/s] 79%|███████▊  | 85/108 [01:02<00:16,  1.42it/s] 80%|███████▉  | 86/108 [01:03<00:15,  1.42it/s] 81%|████████  | 87/108 [01:03<00:14,  1.42it/s] 81%|████████▏ | 88/108 [01:04<00:14,  1.42it/s] 82%|████████▏ | 89/108 [01:05<00:13,  1.42it/s] 83%|████████▎ | 90/108 [01:05<00:12,  1.42it/s] 84%|████████▍ | 91/108 [01:06<00:11,  1.42it/s] 85%|████████▌ | 92/108 [01:07<00:11,  1.42it/s] 86%|████████▌ | 93/108 [01:08<00:10,  1.42it/s] 87%|████████▋ | 94/108 [01:08<00:09,  1.42it/s] 88%|████████▊ | 95/108 [01:09<00:09,  1.42it/s] 89%|████████▉ | 96/108 [01:10<00:08,  1.42it/s] 90%|████████▉ | 97/108 [01:10<00:07,  1.42it/s] 91%|█████████ | 98/108 [01:11<00:07,  1.42it/s] 92%|█████████▏| 99/108 [01:12<00:06,  1.42it/s] 93%|█████████▎| 100/108 [01:13<00:05,  1.42it/s] 94%|█████████▎| 101/108 [01:13<00:04,  1.42it/s] 94%|█████████▍| 102/108 [01:14<00:04,  1.42it/s] 95%|█████████▌| 103/108 [01:15<00:03,  1.42it/s] 96%|█████████▋| 104/108 [01:15<00:02,  1.42it/s] 97%|█████████▋| 105/108 [01:16<00:02,  1.42it/s] 98%|█████████▊| 106/108 [01:17<00:01,  1.42it/s] 99%|█████████▉| 107/108 [01:17<00:00,  1.42it/s]100%|██████████| 108/108 [01:18<00:00,  1.68it/s]100%|██████████| 108/108 [01:18<00:00,  1.38it/s]
Epoch 53/200, Train Loss: 2.4908, Valid Loss: 2.4758
  0%|          | 0/108 [00:00<?, ?it/s]  1%|          | 1/108 [00:02<05:01,  2.82s/it]  2%|▏         | 2/108 [00:03<02:47,  1.58s/it]  3%|▎         | 3/108 [00:04<02:04,  1.18s/it]  4%|▎         | 4/108 [00:04<01:43,  1.01it/s]  5%|▍         | 5/108 [00:05<01:31,  1.12it/s]  6%|▌         | 6/108 [00:06<01:24,  1.21it/s]  6%|▋         | 7/108 [00:07<01:19,  1.27it/s]  7%|▋         | 8/108 [00:07<01:16,  1.31it/s]  8%|▊         | 9/108 [00:08<01:13,  1.34it/s]  9%|▉         | 10/108 [00:09<01:11,  1.37it/s] 10%|█         | 11/108 [00:09<01:10,  1.38it/s] 11%|█         | 12/108 [00:10<01:08,  1.39it/s] 12%|█▏        | 13/108 [00:11<01:07,  1.40it/s] 13%|█▎        | 14/108 [00:11<01:06,  1.41it/s] 14%|█▍        | 15/108 [00:12<01:05,  1.41it/s] 15%|█▍        | 16/108 [00:13<01:05,  1.42it/s] 16%|█▌        | 17/108 [00:14<01:04,  1.42it/s] 17%|█▋        | 18/108 [00:14<01:03,  1.42it/s] 18%|█▊        | 19/108 [00:15<01:02,  1.42it/s] 19%|█▊        | 20/108 [00:16<01:01,  1.42it/s] 19%|█▉        | 21/108 [00:16<01:01,  1.42it/s] 20%|██        | 22/108 [00:17<01:00,  1.42it/s] 21%|██▏       | 23/108 [00:18<00:59,  1.42it/s] 22%|██▏       | 24/108 [00:19<00:59,  1.42it/s] 23%|██▎       | 25/108 [00:19<00:58,  1.42it/s] 24%|██▍       | 26/108 [00:20<00:57,  1.42it/s] 25%|██▌       | 27/108 [00:21<00:57,  1.42it/s] 26%|██▌       | 28/108 [00:21<00:56,  1.42it/s] 27%|██▋       | 29/108 [00:22<00:55,  1.41it/s] 28%|██▊       | 30/108 [00:23<00:55,  1.42it/s] 29%|██▊       | 31/108 [00:23<00:54,  1.42it/s] 30%|██▉       | 32/108 [00:24<00:53,  1.42it/s] 31%|███       | 33/108 [00:25<00:52,  1.42it/s] 31%|███▏      | 34/108 [00:26<00:52,  1.42it/s] 32%|███▏      | 35/108 [00:26<00:51,  1.42it/s] 33%|███▎      | 36/108 [00:27<00:50,  1.42it/s] 34%|███▍      | 37/108 [00:28<00:50,  1.42it/s] 35%|███▌      | 38/108 [00:28<00:49,  1.42it/s] 36%|███▌      | 39/108 [00:29<00:48,  1.42it/s] 37%|███▋      | 40/108 [00:30<00:47,  1.42it/s] 38%|███▊      | 41/108 [00:31<00:47,  1.42it/s] 39%|███▉      | 42/108 [00:31<00:46,  1.42it/s] 40%|███▉      | 43/108 [00:32<00:45,  1.42it/s] 41%|████      | 44/108 [00:33<00:45,  1.42it/s] 42%|████▏     | 45/108 [00:33<00:44,  1.42it/s] 43%|████▎     | 46/108 [00:34<00:43,  1.42it/s] 44%|████▎     | 47/108 [00:35<00:42,  1.42it/s] 44%|████▍     | 48/108 [00:35<00:42,  1.42it/s] 45%|████▌     | 49/108 [00:36<00:41,  1.42it/s] 46%|████▋     | 50/108 [00:37<00:40,  1.42it/s] 47%|████▋     | 51/108 [00:38<00:40,  1.42it/s] 48%|████▊     | 52/108 [00:38<00:39,  1.42it/s] 49%|████▉     | 53/108 [00:39<00:38,  1.42it/s] 50%|█████     | 54/108 [00:40<00:38,  1.41it/s] 51%|█████     | 55/108 [00:40<00:37,  1.41it/s] 52%|█████▏    | 56/108 [00:41<00:36,  1.41it/s] 53%|█████▎    | 57/108 [00:42<00:36,  1.41it/s] 54%|█████▎    | 58/108 [00:43<00:35,  1.41it/s] 55%|█████▍    | 59/108 [00:43<00:34,  1.41it/s] 56%|█████▌    | 60/108 [00:44<00:33,  1.41it/s] 56%|█████▋    | 61/108 [00:45<00:33,  1.41it/s] 57%|█████▋    | 62/108 [00:45<00:32,  1.42it/s] 58%|█████▊    | 63/108 [00:46<00:31,  1.42it/s] 59%|█████▉    | 64/108 [00:47<00:31,  1.42it/s] 60%|██████    | 65/108 [00:47<00:30,  1.42it/s] 61%|██████    | 66/108 [00:48<00:29,  1.42it/s] 62%|██████▏   | 67/108 [00:49<00:28,  1.42it/s] 63%|██████▎   | 68/108 [00:50<00:28,  1.42it/s] 64%|██████▍   | 69/108 [00:50<00:27,  1.42it/s] 65%|██████▍   | 70/108 [00:51<00:26,  1.42it/s] 66%|██████▌   | 71/108 [00:52<00:26,  1.42it/s] 67%|██████▋   | 72/108 [00:52<00:25,  1.42it/s] 68%|██████▊   | 73/108 [00:53<00:24,  1.42it/s] 69%|██████▊   | 74/108 [00:54<00:24,  1.42it/s] 69%|██████▉   | 75/108 [00:55<00:23,  1.41it/s] 70%|███████   | 76/108 [00:55<00:22,  1.42it/s] 71%|███████▏  | 77/108 [00:56<00:21,  1.42it/s] 72%|███████▏  | 78/108 [00:57<00:21,  1.42it/s] 73%|███████▎  | 79/108 [00:57<00:20,  1.42it/s] 74%|███████▍  | 80/108 [00:58<00:19,  1.42it/s] 75%|███████▌  | 81/108 [00:59<00:19,  1.42it/s] 76%|███████▌  | 82/108 [00:59<00:18,  1.42it/s] 77%|███████▋  | 83/108 [01:00<00:17,  1.42it/s] 78%|███████▊  | 84/108 [01:01<00:16,  1.42it/s] 79%|███████▊  | 85/108 [01:02<00:16,  1.42it/s] 80%|███████▉  | 86/108 [01:02<00:15,  1.42it/s] 81%|████████  | 87/108 [01:03<00:14,  1.42it/s] 81%|████████▏ | 88/108 [01:04<00:14,  1.42it/s] 82%|████████▏ | 89/108 [01:04<00:13,  1.42it/s] 83%|████████▎ | 90/108 [01:05<00:12,  1.42it/s] 84%|████████▍ | 91/108 [01:06<00:11,  1.42it/s] 85%|████████▌ | 92/108 [01:07<00:11,  1.42it/s] 86%|████████▌ | 93/108 [01:07<00:10,  1.42it/s] 87%|████████▋ | 94/108 [01:08<00:09,  1.42it/s] 88%|████████▊ | 95/108 [01:09<00:09,  1.42it/s] 89%|████████▉ | 96/108 [01:09<00:08,  1.42it/s] 90%|████████▉ | 97/108 [01:10<00:07,  1.42it/s] 91%|█████████ | 98/108 [01:11<00:07,  1.42it/s] 92%|█████████▏| 99/108 [01:11<00:06,  1.42it/s] 93%|█████████▎| 100/108 [01:12<00:05,  1.42it/s] 94%|█████████▎| 101/108 [01:13<00:04,  1.42it/s] 94%|█████████▍| 102/108 [01:14<00:04,  1.42it/s] 95%|█████████▌| 103/108 [01:14<00:03,  1.42it/s] 96%|█████████▋| 104/108 [01:15<00:02,  1.42it/s] 97%|█████████▋| 105/108 [01:16<00:02,  1.42it/s] 98%|█████████▊| 106/108 [01:16<00:01,  1.42it/s] 99%|█████████▉| 107/108 [01:17<00:00,  1.42it/s]100%|██████████| 108/108 [01:17<00:00,  1.68it/s]100%|██████████| 108/108 [01:18<00:00,  1.38it/s]
Epoch 54/200, Train Loss: 2.4947, Valid Loss: 2.4801
  0%|          | 0/108 [00:00<?, ?it/s]  1%|          | 1/108 [00:03<05:28,  3.07s/it]  2%|▏         | 2/108 [00:03<02:58,  1.68s/it]  3%|▎         | 3/108 [00:04<02:10,  1.24s/it]  4%|▎         | 4/108 [00:05<01:47,  1.03s/it]  5%|▍         | 5/108 [00:05<01:34,  1.10it/s]  6%|▌         | 6/108 [00:06<01:25,  1.19it/s]  6%|▋         | 7/108 [00:07<01:20,  1.26it/s]  7%|▋         | 8/108 [00:08<01:16,  1.30it/s]  8%|▊         | 9/108 [00:08<01:14,  1.33it/s]  9%|▉         | 10/108 [00:09<01:12,  1.36it/s] 10%|█         | 11/108 [00:10<01:10,  1.38it/s] 11%|█         | 12/108 [00:10<01:09,  1.39it/s] 12%|█▏        | 13/108 [00:11<01:08,  1.40it/s] 13%|█▎        | 14/108 [00:12<01:06,  1.40it/s] 14%|█▍        | 15/108 [00:12<01:05,  1.41it/s] 15%|█▍        | 16/108 [00:13<01:05,  1.41it/s] 16%|█▌        | 17/108 [00:14<01:04,  1.41it/s] 17%|█▋        | 18/108 [00:15<01:03,  1.41it/s] 18%|█▊        | 19/108 [00:15<01:02,  1.41it/s] 19%|█▊        | 20/108 [00:16<01:02,  1.42it/s] 19%|█▉        | 21/108 [00:17<01:01,  1.42it/s] 20%|██        | 22/108 [00:17<01:00,  1.42it/s] 21%|██▏       | 23/108 [00:18<00:59,  1.42it/s] 22%|██▏       | 24/108 [00:19<00:59,  1.42it/s] 23%|██▎       | 25/108 [00:20<00:58,  1.42it/s] 24%|██▍       | 26/108 [00:20<00:57,  1.42it/s] 25%|██▌       | 27/108 [00:21<00:57,  1.42it/s] 26%|██▌       | 28/108 [00:22<00:56,  1.41it/s] 27%|██▋       | 29/108 [00:22<00:55,  1.41it/s] 28%|██▊       | 30/108 [00:23<00:55,  1.42it/s] 29%|██▊       | 31/108 [00:24<00:54,  1.42it/s] 30%|██▉       | 32/108 [00:24<00:53,  1.42it/s] 31%|███       | 33/108 [00:25<00:52,  1.42it/s] 31%|███▏      | 34/108 [00:26<00:52,  1.42it/s] 32%|███▏      | 35/108 [00:27<00:51,  1.42it/s] 33%|███▎      | 36/108 [00:27<00:50,  1.42it/s] 34%|███▍      | 37/108 [00:28<00:50,  1.42it/s] 35%|███▌      | 38/108 [00:29<00:49,  1.42it/s] 36%|███▌      | 39/108 [00:29<00:48,  1.42it/s] 37%|███▋      | 40/108 [00:30<00:47,  1.42it/s] 38%|███▊      | 41/108 [00:31<00:47,  1.42it/s] 39%|███▉      | 42/108 [00:31<00:46,  1.42it/s] 40%|███▉      | 43/108 [00:32<00:45,  1.42it/s] 41%|████      | 44/108 [00:33<00:45,  1.42it/s] 42%|████▏     | 45/108 [00:34<00:44,  1.42it/s] 43%|████▎     | 46/108 [00:34<00:43,  1.42it/s] 44%|████▎     | 47/108 [00:35<00:43,  1.42it/s] 44%|████▍     | 48/108 [00:36<00:42,  1.42it/s] 45%|████▌     | 49/108 [00:36<00:41,  1.42it/s] 46%|████▋     | 50/108 [00:37<00:40,  1.42it/s] 47%|████▋     | 51/108 [00:38<00:40,  1.42it/s] 48%|████▊     | 52/108 [00:39<00:39,  1.42it/s] 49%|████▉     | 53/108 [00:39<00:38,  1.42it/s] 50%|█████     | 54/108 [00:40<00:38,  1.42it/s] 51%|█████     | 55/108 [00:41<00:37,  1.41it/s] 52%|█████▏    | 56/108 [00:41<00:36,  1.41it/s] 53%|█████▎    | 57/108 [00:42<00:36,  1.41it/s] 54%|█████▎    | 58/108 [00:43<00:35,  1.41it/s] 55%|█████▍    | 59/108 [00:44<00:34,  1.41it/s] 56%|█████▌    | 60/108 [00:44<00:33,  1.41it/s] 56%|█████▋    | 61/108 [00:45<00:33,  1.41it/s] 57%|█████▋    | 62/108 [00:46<00:32,  1.41it/s] 58%|█████▊    | 63/108 [00:46<00:31,  1.41it/s] 59%|█████▉    | 64/108 [00:47<00:31,  1.41it/s] 60%|██████    | 65/108 [00:48<00:30,  1.41it/s] 61%|██████    | 66/108 [00:48<00:29,  1.41it/s] 62%|██████▏   | 67/108 [00:49<00:28,  1.42it/s] 63%|██████▎   | 68/108 [00:50<00:28,  1.41it/s] 64%|██████▍   | 69/108 [00:51<00:27,  1.42it/s] 65%|██████▍   | 70/108 [00:51<00:26,  1.42it/s] 66%|██████▌   | 71/108 [00:52<00:26,  1.41it/s] 67%|██████▋   | 72/108 [00:53<00:25,  1.41it/s] 68%|██████▊   | 73/108 [00:53<00:24,  1.41it/s] 69%|██████▊   | 74/108 [00:54<00:24,  1.41it/s] 69%|██████▉   | 75/108 [00:55<00:23,  1.41it/s] 70%|███████   | 76/108 [00:56<00:22,  1.42it/s] 71%|███████▏  | 77/108 [00:56<00:21,  1.42it/s] 72%|███████▏  | 78/108 [00:57<00:21,  1.42it/s] 73%|███████▎  | 79/108 [00:58<00:20,  1.42it/s] 74%|███████▍  | 80/108 [00:58<00:19,  1.42it/s] 75%|███████▌  | 81/108 [00:59<00:19,  1.42it/s] 76%|███████▌  | 82/108 [01:00<00:18,  1.42it/s] 77%|███████▋  | 83/108 [01:00<00:17,  1.42it/s] 78%|███████▊  | 84/108 [01:01<00:16,  1.42it/s] 79%|███████▊  | 85/108 [01:02<00:16,  1.42it/s] 80%|███████▉  | 86/108 [01:03<00:15,  1.42it/s] 81%|████████  | 87/108 [01:03<00:14,  1.42it/s] 81%|████████▏ | 88/108 [01:04<00:14,  1.42it/s] 82%|████████▏ | 89/108 [01:05<00:13,  1.42it/s] 83%|████████▎ | 90/108 [01:05<00:12,  1.42it/s] 84%|████████▍ | 91/108 [01:06<00:11,  1.42it/s] 85%|████████▌ | 92/108 [01:07<00:11,  1.42it/s] 86%|████████▌ | 93/108 [01:08<00:10,  1.42it/s] 87%|████████▋ | 94/108 [01:08<00:09,  1.42it/s] 88%|████████▊ | 95/108 [01:09<00:09,  1.42it/s] 89%|████████▉ | 96/108 [01:10<00:08,  1.42it/s] 90%|████████▉ | 97/108 [01:10<00:07,  1.42it/s] 91%|█████████ | 98/108 [01:11<00:07,  1.42it/s] 92%|█████████▏| 99/108 [01:12<00:06,  1.42it/s] 93%|█████████▎| 100/108 [01:12<00:05,  1.42it/s] 94%|█████████▎| 101/108 [01:13<00:04,  1.42it/s] 94%|█████████▍| 102/108 [01:14<00:04,  1.42it/s] 95%|█████████▌| 103/108 [01:15<00:03,  1.42it/s] 96%|█████████▋| 104/108 [01:15<00:02,  1.42it/s] 97%|█████████▋| 105/108 [01:16<00:02,  1.42it/s] 98%|█████████▊| 106/108 [01:17<00:01,  1.42it/s] 99%|█████████▉| 107/108 [01:17<00:00,  1.42it/s]100%|██████████| 108/108 [01:18<00:00,  1.68it/s]100%|██████████| 108/108 [01:18<00:00,  1.38it/s]
Epoch 55/200, Train Loss: 2.4836, Valid Loss: 2.4871
  0%|          | 0/108 [00:00<?, ?it/s]  1%|          | 1/108 [00:02<05:01,  2.81s/it]  2%|▏         | 2/108 [00:03<02:49,  1.60s/it]  3%|▎         | 3/108 [00:04<02:05,  1.19s/it]  4%|▎         | 4/108 [00:04<01:43,  1.00it/s]  5%|▍         | 5/108 [00:05<01:31,  1.12it/s]  6%|▌         | 6/108 [00:06<01:24,  1.21it/s]  6%|▋         | 7/108 [00:07<01:19,  1.27it/s]  7%|▋         | 8/108 [00:07<01:16,  1.31it/s]  8%|▊         | 9/108 [00:08<01:13,  1.34it/s]  9%|▉         | 10/108 [00:09<01:11,  1.37it/s] 10%|█         | 11/108 [00:09<01:10,  1.38it/s] 11%|█         | 12/108 [00:10<01:08,  1.39it/s] 12%|█▏        | 13/108 [00:11<01:07,  1.40it/s] 13%|█▎        | 14/108 [00:12<01:06,  1.41it/s] 14%|█▍        | 15/108 [00:12<01:05,  1.41it/s] 15%|█▍        | 16/108 [00:13<01:05,  1.41it/s] 16%|█▌        | 17/108 [00:14<01:04,  1.42it/s] 17%|█▋        | 18/108 [00:14<01:03,  1.42it/s] 18%|█▊        | 19/108 [00:15<01:02,  1.42it/s] 19%|█▊        | 20/108 [00:16<01:01,  1.42it/s] 19%|█▉        | 21/108 [00:16<01:01,  1.42it/s] 20%|██        | 22/108 [00:17<01:00,  1.42it/s] 21%|██▏       | 23/108 [00:18<00:59,  1.42it/s] 22%|██▏       | 24/108 [00:19<00:59,  1.42it/s] 23%|██▎       | 25/108 [00:19<00:58,  1.42it/s] 24%|██▍       | 26/108 [00:20<00:57,  1.42it/s] 25%|██▌       | 27/108 [00:21<00:57,  1.42it/s] 26%|██▌       | 28/108 [00:21<00:56,  1.42it/s] 27%|██▋       | 29/108 [00:22<00:55,  1.42it/s] 28%|██▊       | 30/108 [00:23<00:55,  1.42it/s] 29%|██▊       | 31/108 [00:24<00:54,  1.41it/s] 30%|██▉       | 32/108 [00:24<00:53,  1.41it/s] 31%|███       | 33/108 [00:25<00:53,  1.41it/s] 31%|███▏      | 34/108 [00:26<00:52,  1.42it/s] 32%|███▏      | 35/108 [00:26<00:51,  1.42it/s] 33%|███▎      | 36/108 [00:27<00:50,  1.42it/s] 34%|███▍      | 37/108 [00:28<00:50,  1.42it/s] 35%|███▌      | 38/108 [00:28<00:49,  1.42it/s] 36%|███▌      | 39/108 [00:29<00:48,  1.42it/s] 37%|███▋      | 40/108 [00:30<00:47,  1.42it/s] 38%|███▊      | 41/108 [00:31<00:47,  1.42it/s] 39%|███▉      | 42/108 [00:31<00:46,  1.42it/s] 40%|███▉      | 43/108 [00:32<00:45,  1.42it/s] 41%|████      | 44/108 [00:33<00:45,  1.42it/s] 42%|████▏     | 45/108 [00:33<00:44,  1.42it/s] 43%|████▎     | 46/108 [00:34<00:43,  1.42it/s] 44%|████▎     | 47/108 [00:35<00:42,  1.42it/s] 44%|████▍     | 48/108 [00:35<00:42,  1.42it/s] 45%|████▌     | 49/108 [00:36<00:41,  1.42it/s] 46%|████▋     | 50/108 [00:37<00:40,  1.42it/s] 47%|████▋     | 51/108 [00:38<00:40,  1.42it/s] 48%|████▊     | 52/108 [00:38<00:39,  1.42it/s] 49%|████▉     | 53/108 [00:39<00:38,  1.42it/s] 50%|█████     | 54/108 [00:40<00:38,  1.42it/s] 51%|█████     | 55/108 [00:40<00:37,  1.42it/s] 52%|█████▏    | 56/108 [00:41<00:36,  1.41it/s] 53%|█████▎    | 57/108 [00:42<00:36,  1.41it/s] 54%|█████▎    | 58/108 [00:43<00:35,  1.41it/s] 55%|█████▍    | 59/108 [00:43<00:34,  1.41it/s] 56%|█████▌    | 60/108 [00:44<00:33,  1.41it/s] 56%|█████▋    | 61/108 [00:45<00:33,  1.41it/s] 57%|█████▋    | 62/108 [00:45<00:32,  1.42it/s] 58%|█████▊    | 63/108 [00:46<00:31,  1.42it/s] 59%|█████▉    | 64/108 [00:47<00:31,  1.42it/s] 60%|██████    | 65/108 [00:47<00:30,  1.42it/s] 61%|██████    | 66/108 [00:48<00:29,  1.42it/s] 62%|██████▏   | 67/108 [00:49<00:28,  1.42it/s] 63%|██████▎   | 68/108 [00:50<00:28,  1.42it/s] 64%|██████▍   | 69/108 [00:50<00:27,  1.42it/s] 65%|██████▍   | 70/108 [00:51<00:26,  1.42it/s] 66%|██████▌   | 71/108 [00:52<00:26,  1.42it/s] 67%|██████▋   | 72/108 [00:52<00:25,  1.42it/s] 68%|██████▊   | 73/108 [00:53<00:24,  1.42it/s] 69%|██████▊   | 74/108 [00:54<00:23,  1.42it/s] 69%|██████▉   | 75/108 [00:55<00:23,  1.42it/s] 70%|███████   | 76/108 [00:55<00:22,  1.42it/s] 71%|███████▏  | 77/108 [00:56<00:21,  1.42it/s] 72%|███████▏  | 78/108 [00:57<00:21,  1.42it/s] 73%|███████▎  | 79/108 [00:57<00:20,  1.41it/s] 74%|███████▍  | 80/108 [00:58<00:19,  1.41it/s] 75%|███████▌  | 81/108 [00:59<00:19,  1.41it/s] 76%|███████▌  | 82/108 [00:59<00:18,  1.41it/s] 77%|███████▋  | 83/108 [01:00<00:17,  1.42it/s] 78%|███████▊  | 84/108 [01:01<00:16,  1.42it/s] 79%|███████▊  | 85/108 [01:02<00:16,  1.42it/s] 80%|███████▉  | 86/108 [01:02<00:15,  1.42it/s] 81%|████████  | 87/108 [01:03<00:14,  1.42it/s] 81%|████████▏ | 88/108 [01:04<00:14,  1.42it/s] 82%|████████▏ | 89/108 [01:04<00:13,  1.42it/s] 83%|████████▎ | 90/108 [01:05<00:12,  1.42it/s] 84%|████████▍ | 91/108 [01:06<00:11,  1.42it/s] 85%|████████▌ | 92/108 [01:07<00:11,  1.42it/s] 86%|████████▌ | 93/108 [01:07<00:10,  1.42it/s] 87%|████████▋ | 94/108 [01:08<00:09,  1.42it/s] 88%|████████▊ | 95/108 [01:09<00:09,  1.42it/s] 89%|████████▉ | 96/108 [01:09<00:08,  1.42it/s] 90%|████████▉ | 97/108 [01:10<00:07,  1.42it/s] 91%|█████████ | 98/108 [01:11<00:07,  1.42it/s] 92%|█████████▏| 99/108 [01:11<00:06,  1.42it/s] 93%|█████████▎| 100/108 [01:12<00:05,  1.42it/s] 94%|█████████▎| 101/108 [01:13<00:04,  1.42it/s] 94%|█████████▍| 102/108 [01:14<00:04,  1.42it/s] 95%|█████████▌| 103/108 [01:14<00:03,  1.42it/s] 96%|█████████▋| 104/108 [01:15<00:02,  1.42it/s] 97%|█████████▋| 105/108 [01:16<00:02,  1.42it/s] 98%|█████████▊| 106/108 [01:16<00:01,  1.42it/s] 99%|█████████▉| 107/108 [01:17<00:00,  1.42it/s]100%|██████████| 108/108 [01:17<00:00,  1.68it/s]100%|██████████| 108/108 [01:18<00:00,  1.38it/s]
Epoch 56/200, Train Loss: 2.4940, Valid Loss: 2.4807
  0%|          | 0/108 [00:00<?, ?it/s]  1%|          | 1/108 [00:03<05:45,  3.23s/it]  2%|▏         | 2/108 [00:03<03:08,  1.77s/it]  3%|▎         | 3/108 [00:04<02:14,  1.29s/it]  4%|▎         | 4/108 [00:05<01:49,  1.06s/it]  5%|▍         | 5/108 [00:06<01:35,  1.08it/s]  6%|▌         | 6/108 [00:06<01:26,  1.17it/s]  6%|▋         | 7/108 [00:07<01:21,  1.25it/s]  7%|▋         | 8/108 [00:08<01:17,  1.30it/s]  8%|▊         | 9/108 [00:08<01:14,  1.33it/s]  9%|▉         | 10/108 [00:09<01:12,  1.36it/s] 10%|█         | 11/108 [00:10<01:10,  1.38it/s] 11%|█         | 12/108 [00:11<01:09,  1.39it/s] 12%|█▏        | 13/108 [00:11<01:07,  1.40it/s] 13%|█▎        | 14/108 [00:12<01:06,  1.41it/s] 14%|█▍        | 15/108 [00:13<01:05,  1.41it/s] 15%|█▍        | 16/108 [00:13<01:05,  1.41it/s] 16%|█▌        | 17/108 [00:14<01:04,  1.42it/s] 17%|█▋        | 18/108 [00:15<01:03,  1.42it/s] 18%|█▊        | 19/108 [00:15<01:02,  1.42it/s] 19%|█▊        | 20/108 [00:16<01:01,  1.42it/s] 19%|█▉        | 21/108 [00:17<01:01,  1.42it/s] 20%|██        | 22/108 [00:18<01:00,  1.42it/s] 21%|██▏       | 23/108 [00:18<00:59,  1.42it/s] 22%|██▏       | 24/108 [00:19<00:59,  1.42it/s] 23%|██▎       | 25/108 [00:20<00:58,  1.42it/s] 24%|██▍       | 26/108 [00:20<00:58,  1.40it/s] 25%|██▌       | 27/108 [00:21<00:57,  1.41it/s] 26%|██▌       | 28/108 [00:22<00:56,  1.41it/s] 27%|██▋       | 29/108 [00:23<00:55,  1.42it/s] 28%|██▊       | 30/108 [00:23<00:55,  1.42it/s] 29%|██▊       | 31/108 [00:24<00:54,  1.42it/s] 30%|██▉       | 32/108 [00:25<00:53,  1.42it/s] 31%|███       | 33/108 [00:25<00:52,  1.42it/s] 31%|███▏      | 34/108 [00:26<00:52,  1.42it/s] 32%|███▏      | 35/108 [00:27<00:51,  1.42it/s] 33%|███▎      | 36/108 [00:27<00:50,  1.42it/s] 34%|███▍      | 37/108 [00:28<00:50,  1.42it/s] 35%|███▌      | 38/108 [00:29<00:49,  1.42it/s] 36%|███▌      | 39/108 [00:30<00:48,  1.42it/s] 37%|███▋      | 40/108 [00:30<00:47,  1.42it/s] 38%|███▊      | 41/108 [00:31<00:47,  1.42it/s] 39%|███▉      | 42/108 [00:32<00:46,  1.42it/s] 40%|███▉      | 43/108 [00:32<00:45,  1.42it/s] 41%|████      | 44/108 [00:33<00:45,  1.42it/s] 42%|████▏     | 45/108 [00:34<00:44,  1.42it/s] 43%|████▎     | 46/108 [00:34<00:43,  1.42it/s] 44%|████▎     | 47/108 [00:35<00:42,  1.42it/s] 44%|████▍     | 48/108 [00:36<00:42,  1.42it/s] 45%|████▌     | 49/108 [00:37<00:41,  1.42it/s] 46%|████▋     | 50/108 [00:37<00:40,  1.42it/s] 47%|████▋     | 51/108 [00:38<00:40,  1.42it/s] 48%|████▊     | 52/108 [00:39<00:39,  1.42it/s] 49%|████▉     | 53/108 [00:39<00:38,  1.42it/s] 50%|█████     | 54/108 [00:40<00:38,  1.42it/s] 51%|█████     | 55/108 [00:41<00:37,  1.42it/s] 52%|█████▏    | 56/108 [00:42<00:36,  1.42it/s] 53%|█████▎    | 57/108 [00:42<00:35,  1.42it/s] 54%|█████▎    | 58/108 [00:43<00:35,  1.42it/s] 55%|█████▍    | 59/108 [00:44<00:34,  1.41it/s] 56%|█████▌    | 60/108 [00:44<00:33,  1.41it/s] 56%|█████▋    | 61/108 [00:45<00:33,  1.41it/s] 57%|█████▋    | 62/108 [00:46<00:32,  1.42it/s] 58%|█████▊    | 63/108 [00:46<00:31,  1.42it/s] 59%|█████▉    | 64/108 [00:47<00:31,  1.42it/s] 60%|██████    | 65/108 [00:48<00:30,  1.42it/s] 61%|██████    | 66/108 [00:49<00:29,  1.42it/s] 62%|██████▏   | 67/108 [00:49<00:28,  1.42it/s] 63%|██████▎   | 68/108 [00:50<00:28,  1.42it/s] 64%|██████▍   | 69/108 [00:51<00:27,  1.42it/s] 65%|██████▍   | 70/108 [00:51<00:26,  1.42it/s] 66%|██████▌   | 71/108 [00:52<00:26,  1.42it/s] 67%|██████▋   | 72/108 [00:53<00:25,  1.42it/s] 68%|██████▊   | 73/108 [00:54<00:24,  1.42it/s] 69%|██████▊   | 74/108 [00:54<00:24,  1.41it/s] 69%|██████▉   | 75/108 [00:55<00:23,  1.41it/s] 70%|███████   | 76/108 [00:56<00:22,  1.42it/s] 71%|███████▏  | 77/108 [00:56<00:21,  1.42it/s] 72%|███████▏  | 78/108 [00:57<00:21,  1.42it/s] 73%|███████▎  | 79/108 [00:58<00:20,  1.42it/s] 74%|███████▍  | 80/108 [00:58<00:19,  1.42it/s] 75%|███████▌  | 81/108 [00:59<00:19,  1.42it/s] 76%|███████▌  | 82/108 [01:00<00:18,  1.42it/s] 77%|███████▋  | 83/108 [01:01<00:17,  1.42it/s] 78%|███████▊  | 84/108 [01:01<00:16,  1.42it/s] 79%|███████▊  | 85/108 [01:02<00:16,  1.42it/s] 80%|███████▉  | 86/108 [01:03<00:15,  1.42it/s] 81%|████████  | 87/108 [01:03<00:14,  1.42it/s] 81%|████████▏ | 88/108 [01:04<00:14,  1.42it/s] 82%|████████▏ | 89/108 [01:05<00:13,  1.42it/s] 83%|████████▎ | 90/108 [01:06<00:12,  1.42it/s] 84%|████████▍ | 91/108 [01:06<00:11,  1.42it/s] 85%|████████▌ | 92/108 [01:07<00:11,  1.42it/s] 86%|████████▌ | 93/108 [01:08<00:10,  1.42it/s] 87%|████████▋ | 94/108 [01:08<00:09,  1.42it/s] 88%|████████▊ | 95/108 [01:09<00:09,  1.42it/s] 89%|████████▉ | 96/108 [01:10<00:08,  1.42it/s] 90%|████████▉ | 97/108 [01:10<00:07,  1.42it/s] 91%|█████████ | 98/108 [01:11<00:07,  1.42it/s] 92%|█████████▏| 99/108 [01:12<00:06,  1.42it/s] 93%|█████████▎| 100/108 [01:13<00:05,  1.42it/s] 94%|█████████▎| 101/108 [01:13<00:04,  1.42it/s] 94%|█████████▍| 102/108 [01:14<00:04,  1.42it/s] 95%|█████████▌| 103/108 [01:15<00:03,  1.42it/s] 96%|█████████▋| 104/108 [01:15<00:02,  1.42it/s] 97%|█████████▋| 105/108 [01:16<00:02,  1.42it/s] 98%|█████████▊| 106/108 [01:17<00:01,  1.42it/s] 99%|█████████▉| 107/108 [01:18<00:00,  1.42it/s]100%|██████████| 108/108 [01:18<00:00,  1.68it/s]100%|██████████| 108/108 [01:18<00:00,  1.38it/s]
Epoch 57/200, Train Loss: 2.4825, Valid Loss: 2.4751
  0%|          | 0/108 [00:00<?, ?it/s]  1%|          | 1/108 [00:03<05:40,  3.18s/it]  2%|▏         | 2/108 [00:03<03:02,  1.72s/it]  3%|▎         | 3/108 [00:04<02:13,  1.27s/it]  4%|▎         | 4/108 [00:05<01:48,  1.05s/it]  5%|▍         | 5/108 [00:06<01:35,  1.08it/s]  6%|▌         | 6/108 [00:06<01:26,  1.18it/s]  6%|▋         | 7/108 [00:07<01:20,  1.25it/s]  7%|▋         | 8/108 [00:08<01:17,  1.30it/s]  8%|▊         | 9/108 [00:08<01:14,  1.33it/s]  9%|▉         | 10/108 [00:09<01:12,  1.36it/s] 10%|█         | 11/108 [00:10<01:10,  1.38it/s] 11%|█         | 12/108 [00:10<01:09,  1.39it/s] 12%|█▏        | 13/108 [00:11<01:07,  1.40it/s] 13%|█▎        | 14/108 [00:12<01:06,  1.41it/s] 14%|█▍        | 15/108 [00:13<01:06,  1.41it/s] 15%|█▍        | 16/108 [00:13<01:05,  1.41it/s] 16%|█▌        | 17/108 [00:14<01:04,  1.42it/s] 17%|█▋        | 18/108 [00:15<01:03,  1.42it/s] 18%|█▊        | 19/108 [00:15<01:02,  1.42it/s] 19%|█▊        | 20/108 [00:16<01:01,  1.42it/s] 19%|█▉        | 21/108 [00:17<01:01,  1.42it/s] 20%|██        | 22/108 [00:17<01:00,  1.42it/s] 21%|██▏       | 23/108 [00:18<00:59,  1.42it/s] 22%|██▏       | 24/108 [00:19<00:59,  1.42it/s] 23%|██▎       | 25/108 [00:20<00:58,  1.41it/s] 24%|██▍       | 26/108 [00:20<00:57,  1.42it/s] 25%|██▌       | 27/108 [00:21<00:57,  1.41it/s] 26%|██▌       | 28/108 [00:22<00:56,  1.41it/s] 27%|██▋       | 29/108 [00:22<00:55,  1.42it/s] 28%|██▊       | 30/108 [00:23<00:55,  1.42it/s] 29%|██▊       | 31/108 [00:24<00:54,  1.42it/s] 30%|██▉       | 32/108 [00:25<00:53,  1.42it/s] 31%|███       | 33/108 [00:25<00:52,  1.42it/s] 31%|███▏      | 34/108 [00:26<00:52,  1.42it/s] 32%|███▏      | 35/108 [00:27<00:51,  1.42it/s] 33%|███▎      | 36/108 [00:27<00:50,  1.42it/s] 34%|███▍      | 37/108 [00:28<00:49,  1.42it/s] 35%|███▌      | 38/108 [00:29<00:49,  1.42it/s] 36%|███▌      | 39/108 [00:29<00:48,  1.42it/s] 37%|███▋      | 40/108 [00:30<00:47,  1.42it/s] 38%|███▊      | 41/108 [00:31<00:47,  1.42it/s] 39%|███▉      | 42/108 [00:32<00:46,  1.42it/s] 40%|███▉      | 43/108 [00:32<00:45,  1.42it/s] 41%|████      | 44/108 [00:33<00:45,  1.42it/s] 42%|████▏     | 45/108 [00:34<00:44,  1.42it/s] 43%|████▎     | 46/108 [00:34<00:43,  1.42it/s] 44%|████▎     | 47/108 [00:35<00:42,  1.42it/s] 44%|████▍     | 48/108 [00:36<00:42,  1.42it/s] 45%|████▌     | 49/108 [00:37<00:41,  1.42it/s] 46%|████▋     | 50/108 [00:37<00:40,  1.42it/s] 47%|████▋     | 51/108 [00:38<00:40,  1.42it/s] 48%|████▊     | 52/108 [00:39<00:39,  1.42it/s] 49%|████▉     | 53/108 [00:39<00:38,  1.42it/s] 50%|█████     | 54/108 [00:40<00:38,  1.42it/s] 51%|█████     | 55/108 [00:41<00:37,  1.42it/s] 52%|█████▏    | 56/108 [00:41<00:36,  1.42it/s] 53%|█████▎    | 57/108 [00:42<00:36,  1.42it/s] 54%|█████▎    | 58/108 [00:43<00:35,  1.42it/s] 55%|█████▍    | 59/108 [00:44<00:34,  1.41it/s] 56%|█████▌    | 60/108 [00:44<00:34,  1.41it/s] 56%|█████▋    | 61/108 [00:45<00:33,  1.41it/s] 57%|█████▋    | 62/108 [00:46<00:32,  1.42it/s] 58%|█████▊    | 63/108 [00:46<00:31,  1.42it/s] 59%|█████▉    | 64/108 [00:47<00:31,  1.42it/s] 60%|██████    | 65/108 [00:48<00:30,  1.42it/s] 61%|██████    | 66/108 [00:49<00:29,  1.42it/s] 62%|██████▏   | 67/108 [00:49<00:28,  1.42it/s] 63%|██████▎   | 68/108 [00:50<00:28,  1.42it/s] 64%|██████▍   | 69/108 [00:51<00:27,  1.42it/s] 65%|██████▍   | 70/108 [00:51<00:26,  1.42it/s] 66%|██████▌   | 71/108 [00:52<00:26,  1.42it/s] 67%|██████▋   | 72/108 [00:53<00:25,  1.42it/s] 68%|██████▊   | 73/108 [00:53<00:24,  1.42it/s] 69%|██████▊   | 74/108 [00:54<00:23,  1.42it/s] 69%|██████▉   | 75/108 [00:55<00:23,  1.42it/s] 70%|███████   | 76/108 [00:56<00:22,  1.42it/s] 71%|███████▏  | 77/108 [00:56<00:21,  1.42it/s] 72%|███████▏  | 78/108 [00:57<00:21,  1.42it/s] 73%|███████▎  | 79/108 [00:58<00:20,  1.42it/s] 74%|███████▍  | 80/108 [00:58<00:19,  1.42it/s] 75%|███████▌  | 81/108 [00:59<00:19,  1.42it/s] 76%|███████▌  | 82/108 [01:00<00:18,  1.42it/s] 77%|███████▋  | 83/108 [01:01<00:17,  1.42it/s] 78%|███████▊  | 84/108 [01:01<00:16,  1.42it/s] 79%|███████▊  | 85/108 [01:02<00:16,  1.42it/s] 80%|███████▉  | 86/108 [01:03<00:15,  1.42it/s] 81%|████████  | 87/108 [01:03<00:14,  1.42it/s] 81%|████████▏ | 88/108 [01:04<00:14,  1.42it/s] 82%|████████▏ | 89/108 [01:05<00:13,  1.42it/s] 83%|████████▎ | 90/108 [01:05<00:12,  1.42it/s] 84%|████████▍ | 91/108 [01:06<00:11,  1.42it/s] 85%|████████▌ | 92/108 [01:07<00:11,  1.42it/s] 86%|████████▌ | 93/108 [01:08<00:10,  1.42it/s] 87%|████████▋ | 94/108 [01:08<00:09,  1.42it/s] 88%|████████▊ | 95/108 [01:09<00:09,  1.42it/s] 89%|████████▉ | 96/108 [01:10<00:08,  1.42it/s] 90%|████████▉ | 97/108 [01:10<00:07,  1.42it/s] 91%|█████████ | 98/108 [01:11<00:07,  1.42it/s] 92%|█████████▏| 99/108 [01:12<00:06,  1.42it/s] 93%|█████████▎| 100/108 [01:12<00:05,  1.42it/s] 94%|█████████▎| 101/108 [01:13<00:04,  1.42it/s] 94%|█████████▍| 102/108 [01:14<00:04,  1.42it/s] 95%|█████████▌| 103/108 [01:15<00:03,  1.42it/s] 96%|█████████▋| 104/108 [01:15<00:02,  1.42it/s] 97%|█████████▋| 105/108 [01:16<00:02,  1.42it/s] 98%|█████████▊| 106/108 [01:17<00:01,  1.42it/s] 99%|█████████▉| 107/108 [01:17<00:00,  1.42it/s]100%|██████████| 108/108 [01:18<00:00,  1.68it/s]100%|██████████| 108/108 [01:18<00:00,  1.38it/s]
Epoch 58/200, Train Loss: 2.4893, Valid Loss: 2.4482, save best model!
  0%|          | 0/108 [00:00<?, ?it/s]  1%|          | 1/108 [00:02<05:07,  2.88s/it]  2%|▏         | 2/108 [00:03<02:50,  1.61s/it]  3%|▎         | 3/108 [00:04<02:05,  1.20s/it]  4%|▎         | 4/108 [00:05<01:44,  1.00s/it]  5%|▍         | 5/108 [00:05<01:32,  1.12it/s]  6%|▌         | 6/108 [00:06<01:24,  1.20it/s]  6%|▋         | 7/108 [00:07<01:19,  1.27it/s]  7%|▋         | 8/108 [00:07<01:16,  1.31it/s]  8%|▊         | 9/108 [00:08<01:13,  1.34it/s]  9%|▉         | 10/108 [00:09<01:11,  1.37it/s] 10%|█         | 11/108 [00:09<01:10,  1.38it/s] 11%|█         | 12/108 [00:10<01:09,  1.39it/s] 12%|█▏        | 13/108 [00:11<01:07,  1.40it/s] 13%|█▎        | 14/108 [00:12<01:06,  1.41it/s] 14%|█▍        | 15/108 [00:12<01:05,  1.41it/s] 15%|█▍        | 16/108 [00:13<01:05,  1.41it/s] 16%|█▌        | 17/108 [00:14<01:04,  1.42it/s] 17%|█▋        | 18/108 [00:14<01:03,  1.42it/s] 18%|█▊        | 19/108 [00:15<01:02,  1.42it/s] 19%|█▊        | 20/108 [00:16<01:01,  1.42it/s] 19%|█▉        | 21/108 [00:16<01:01,  1.42it/s] 20%|██        | 22/108 [00:17<01:00,  1.42it/s] 21%|██▏       | 23/108 [00:18<00:59,  1.42it/s] 22%|██▏       | 24/108 [00:19<00:59,  1.42it/s] 23%|██▎       | 25/108 [00:19<00:58,  1.42it/s] 24%|██▍       | 26/108 [00:20<00:57,  1.42it/s] 25%|██▌       | 27/108 [00:21<00:57,  1.41it/s] 26%|██▌       | 28/108 [00:21<00:56,  1.41it/s] 27%|██▋       | 29/108 [00:22<00:55,  1.42it/s] 28%|██▊       | 30/108 [00:23<00:55,  1.42it/s] 29%|██▊       | 31/108 [00:24<00:54,  1.42it/s] 30%|██▉       | 32/108 [00:24<00:53,  1.42it/s] 31%|███       | 33/108 [00:25<00:52,  1.42it/s] 31%|███▏      | 34/108 [00:26<00:52,  1.42it/s] 32%|███▏      | 35/108 [00:26<00:51,  1.42it/s] 33%|███▎      | 36/108 [00:27<00:50,  1.42it/s] 34%|███▍      | 37/108 [00:28<00:50,  1.42it/s] 35%|███▌      | 38/108 [00:28<00:49,  1.42it/s] 36%|███▌      | 39/108 [00:29<00:48,  1.42it/s] 37%|███▋      | 40/108 [00:30<00:47,  1.42it/s] 38%|███▊      | 41/108 [00:31<00:47,  1.42it/s] 39%|███▉      | 42/108 [00:31<00:46,  1.42it/s] 40%|███▉      | 43/108 [00:32<00:45,  1.42it/s] 41%|████      | 44/108 [00:33<00:45,  1.42it/s] 42%|████▏     | 45/108 [00:33<00:44,  1.42it/s] 43%|████▎     | 46/108 [00:34<00:43,  1.42it/s] 44%|████▎     | 47/108 [00:35<00:42,  1.42it/s] 44%|████▍     | 48/108 [00:36<00:42,  1.42it/s] 45%|████▌     | 49/108 [00:36<00:41,  1.42it/s] 46%|████▋     | 50/108 [00:37<00:40,  1.42it/s] 47%|████▋     | 51/108 [00:38<00:40,  1.42it/s] 48%|████▊     | 52/108 [00:38<00:39,  1.42it/s] 49%|████▉     | 53/108 [00:39<00:38,  1.42it/s] 50%|█████     | 54/108 [00:40<00:38,  1.42it/s] 51%|█████     | 55/108 [00:40<00:37,  1.42it/s] 52%|█████▏    | 56/108 [00:41<00:36,  1.41it/s] 53%|█████▎    | 57/108 [00:42<00:36,  1.41it/s] 54%|█████▎    | 58/108 [00:43<00:35,  1.41it/s] 55%|█████▍    | 59/108 [00:43<00:34,  1.41it/s] 56%|█████▌    | 60/108 [00:44<00:33,  1.41it/s] 56%|█████▋    | 61/108 [00:45<00:33,  1.41it/s] 57%|█████▋    | 62/108 [00:45<00:32,  1.41it/s] 58%|█████▊    | 63/108 [00:46<00:31,  1.42it/s] 59%|█████▉    | 64/108 [00:47<00:31,  1.42it/s] 60%|██████    | 65/108 [00:48<00:30,  1.42it/s] 61%|██████    | 66/108 [00:48<00:29,  1.42it/s] 62%|██████▏   | 67/108 [00:49<00:28,  1.42it/s] 63%|██████▎   | 68/108 [00:50<00:28,  1.42it/s] 64%|██████▍   | 69/108 [00:50<00:27,  1.42it/s] 65%|██████▍   | 70/108 [00:51<00:26,  1.42it/s] 66%|██████▌   | 71/108 [00:52<00:26,  1.42it/s] 67%|██████▋   | 72/108 [00:52<00:25,  1.42it/s] 68%|██████▊   | 73/108 [00:53<00:24,  1.42it/s] 69%|██████▊   | 74/108 [00:54<00:24,  1.42it/s] 69%|██████▉   | 75/108 [00:55<00:23,  1.42it/s] 70%|███████   | 76/108 [00:55<00:22,  1.42it/s] 71%|███████▏  | 77/108 [00:56<00:21,  1.41it/s] 72%|███████▏  | 78/108 [00:57<00:21,  1.41it/s] 73%|███████▎  | 79/108 [00:57<00:20,  1.41it/s] 74%|███████▍  | 80/108 [00:58<00:19,  1.42it/s] 75%|███████▌  | 81/108 [00:59<00:19,  1.42it/s] 76%|███████▌  | 82/108 [01:00<00:18,  1.42it/s] 77%|███████▋  | 83/108 [01:00<00:17,  1.42it/s] 78%|███████▊  | 84/108 [01:01<00:16,  1.42it/s] 79%|███████▊  | 85/108 [01:02<00:16,  1.42it/s] 80%|███████▉  | 86/108 [01:02<00:15,  1.42it/s] 81%|████████  | 87/108 [01:03<00:14,  1.42it/s] 81%|████████▏ | 88/108 [01:04<00:14,  1.42it/s] 82%|████████▏ | 89/108 [01:04<00:13,  1.42it/s] 83%|████████▎ | 90/108 [01:05<00:12,  1.42it/s] 84%|████████▍ | 91/108 [01:06<00:11,  1.42it/s] 85%|████████▌ | 92/108 [01:07<00:11,  1.42it/s] 86%|████████▌ | 93/108 [01:07<00:10,  1.42it/s] 87%|████████▋ | 94/108 [01:08<00:09,  1.42it/s] 88%|████████▊ | 95/108 [01:09<00:09,  1.42it/s] 89%|████████▉ | 96/108 [01:09<00:08,  1.42it/s] 90%|████████▉ | 97/108 [01:10<00:07,  1.42it/s] 91%|█████████ | 98/108 [01:11<00:07,  1.42it/s] 92%|█████████▏| 99/108 [01:12<00:06,  1.42it/s] 93%|█████████▎| 100/108 [01:12<00:05,  1.42it/s] 94%|█████████▎| 101/108 [01:13<00:04,  1.42it/s] 94%|█████████▍| 102/108 [01:14<00:04,  1.42it/s] 95%|█████████▌| 103/108 [01:14<00:03,  1.42it/s] 96%|█████████▋| 104/108 [01:15<00:02,  1.42it/s] 97%|█████████▋| 105/108 [01:16<00:02,  1.42it/s] 98%|█████████▊| 106/108 [01:16<00:01,  1.42it/s] 99%|█████████▉| 107/108 [01:17<00:00,  1.42it/s]100%|██████████| 108/108 [01:17<00:00,  1.68it/s]100%|██████████| 108/108 [01:18<00:00,  1.38it/s]
Epoch 59/200, Train Loss: 2.4858, Valid Loss: 2.5279
  0%|          | 0/108 [00:00<?, ?it/s]  1%|          | 1/108 [00:03<05:30,  3.09s/it]  2%|▏         | 2/108 [00:03<02:58,  1.69s/it]  3%|▎         | 3/108 [00:04<02:09,  1.24s/it]  4%|▎         | 4/108 [00:05<01:46,  1.03s/it]  5%|▍         | 5/108 [00:05<01:33,  1.10it/s]  6%|▌         | 6/108 [00:06<01:25,  1.19it/s]  6%|▋         | 7/108 [00:07<01:20,  1.26it/s]  7%|▋         | 8/108 [00:08<01:16,  1.30it/s]  8%|▊         | 9/108 [00:08<01:14,  1.34it/s]  9%|▉         | 10/108 [00:09<01:12,  1.36it/s] 10%|█         | 11/108 [00:10<01:10,  1.38it/s] 11%|█         | 12/108 [00:10<01:09,  1.39it/s] 12%|█▏        | 13/108 [00:11<01:07,  1.40it/s] 13%|█▎        | 14/108 [00:12<01:06,  1.40it/s] 14%|█▍        | 15/108 [00:12<01:05,  1.41it/s] 15%|█▍        | 16/108 [00:13<01:05,  1.41it/s] 16%|█▌        | 17/108 [00:14<01:04,  1.42it/s] 17%|█▋        | 18/108 [00:15<01:03,  1.42it/s] 18%|█▊        | 19/108 [00:15<01:02,  1.42it/s] 19%|█▊        | 20/108 [00:16<01:02,  1.42it/s] 19%|█▉        | 21/108 [00:17<01:01,  1.42it/s] 20%|██        | 22/108 [00:17<01:00,  1.42it/s] 21%|██▏       | 23/108 [00:18<00:59,  1.42it/s] 22%|██▏       | 24/108 [00:19<00:59,  1.42it/s] 23%|██▎       | 25/108 [00:20<00:58,  1.42it/s] 24%|██▍       | 26/108 [00:20<00:57,  1.42it/s] 25%|██▌       | 27/108 [00:21<00:57,  1.42it/s] 26%|██▌       | 28/108 [00:22<00:56,  1.41it/s] 27%|██▋       | 29/108 [00:22<00:55,  1.42it/s] 28%|██▊       | 30/108 [00:23<00:55,  1.41it/s] 29%|██▊       | 31/108 [00:24<00:54,  1.42it/s] 30%|██▉       | 32/108 [00:24<00:53,  1.42it/s] 31%|███       | 33/108 [00:25<00:52,  1.42it/s] 31%|███▏      | 34/108 [00:26<00:52,  1.42it/s] 32%|███▏      | 35/108 [00:27<00:51,  1.42it/s] 33%|███▎      | 36/108 [00:27<00:50,  1.42it/s] 34%|███▍      | 37/108 [00:28<00:50,  1.42it/s] 35%|███▌      | 38/108 [00:29<00:49,  1.42it/s] 36%|███▌      | 39/108 [00:29<00:48,  1.42it/s] 37%|███▋      | 40/108 [00:30<00:47,  1.42it/s] 38%|███▊      | 41/108 [00:31<00:47,  1.42it/s] 39%|███▉      | 42/108 [00:31<00:46,  1.42it/s] 40%|███▉      | 43/108 [00:32<00:45,  1.42it/s] 41%|████      | 44/108 [00:33<00:45,  1.42it/s] 42%|████▏     | 45/108 [00:34<00:44,  1.42it/s] 43%|████▎     | 46/108 [00:34<00:43,  1.42it/s] 44%|████▎     | 47/108 [00:35<00:42,  1.42it/s] 44%|████▍     | 48/108 [00:36<00:42,  1.42it/s] 45%|████▌     | 49/108 [00:36<00:41,  1.42it/s] 46%|████▋     | 50/108 [00:37<00:40,  1.42it/s] 47%|████▋     | 51/108 [00:38<00:40,  1.42it/s] 48%|████▊     | 52/108 [00:39<00:39,  1.42it/s] 49%|████▉     | 53/108 [00:39<00:38,  1.42it/s] 50%|█████     | 54/108 [00:40<00:38,  1.42it/s] 51%|█████     | 55/108 [00:41<00:37,  1.42it/s] 52%|█████▏    | 56/108 [00:41<00:36,  1.42it/s] 53%|█████▎    | 57/108 [00:42<00:35,  1.42it/s] 54%|█████▎    | 58/108 [00:43<00:35,  1.42it/s] 55%|█████▍    | 59/108 [00:43<00:34,  1.42it/s] 56%|█████▌    | 60/108 [00:44<00:33,  1.42it/s] 56%|█████▋    | 61/108 [00:45<00:33,  1.42it/s] 57%|█████▋    | 62/108 [00:46<00:32,  1.42it/s] 58%|█████▊    | 63/108 [00:46<00:31,  1.42it/s] 59%|█████▉    | 64/108 [00:47<00:31,  1.42it/s] 60%|██████    | 65/108 [00:48<00:30,  1.42it/s] 61%|██████    | 66/108 [00:48<00:29,  1.42it/s] 62%|██████▏   | 67/108 [00:49<00:28,  1.42it/s] 63%|██████▎   | 68/108 [00:50<00:28,  1.42it/s] 64%|██████▍   | 69/108 [00:51<00:27,  1.42it/s] 65%|██████▍   | 70/108 [00:51<00:26,  1.42it/s] 66%|██████▌   | 71/108 [00:52<00:26,  1.42it/s] 67%|██████▋   | 72/108 [00:53<00:25,  1.42it/s] 68%|██████▊   | 73/108 [00:53<00:24,  1.42it/s] 69%|██████▊   | 74/108 [00:54<00:24,  1.42it/s] 69%|██████▉   | 75/108 [00:55<00:23,  1.42it/s] 70%|███████   | 76/108 [00:55<00:22,  1.41it/s] 71%|███████▏  | 77/108 [00:56<00:21,  1.42it/s] 72%|███████▏  | 78/108 [00:57<00:21,  1.42it/s] 73%|███████▎  | 79/108 [00:58<00:20,  1.42it/s] 74%|███████▍  | 80/108 [00:58<00:19,  1.42it/s] 75%|███████▌  | 81/108 [00:59<00:19,  1.42it/s] 76%|███████▌  | 82/108 [01:00<00:18,  1.42it/s] 77%|███████▋  | 83/108 [01:00<00:17,  1.42it/s] 78%|███████▊  | 84/108 [01:01<00:16,  1.42it/s] 79%|███████▊  | 85/108 [01:02<00:16,  1.42it/s] 80%|███████▉  | 86/108 [01:03<00:15,  1.42it/s] 81%|████████  | 87/108 [01:03<00:14,  1.42it/s] 81%|████████▏ | 88/108 [01:04<00:14,  1.42it/s] 82%|████████▏ | 89/108 [01:05<00:13,  1.42it/s] 83%|████████▎ | 90/108 [01:05<00:12,  1.42it/s] 84%|████████▍ | 91/108 [01:06<00:11,  1.42it/s] 85%|████████▌ | 92/108 [01:07<00:11,  1.42it/s] 86%|████████▌ | 93/108 [01:07<00:10,  1.42it/s] 87%|████████▋ | 94/108 [01:08<00:09,  1.42it/s] 88%|████████▊ | 95/108 [01:09<00:09,  1.42it/s] 89%|████████▉ | 96/108 [01:10<00:08,  1.42it/s] 90%|████████▉ | 97/108 [01:10<00:07,  1.42it/s] 91%|█████████ | 98/108 [01:11<00:07,  1.42it/s] 92%|█████████▏| 99/108 [01:12<00:06,  1.42it/s] 93%|█████████▎| 100/108 [01:12<00:05,  1.42it/s] 94%|█████████▎| 101/108 [01:13<00:04,  1.42it/s] 94%|█████████▍| 102/108 [01:14<00:04,  1.42it/s] 95%|█████████▌| 103/108 [01:15<00:03,  1.42it/s] 96%|█████████▋| 104/108 [01:15<00:02,  1.42it/s] 97%|█████████▋| 105/108 [01:16<00:02,  1.42it/s] 98%|█████████▊| 106/108 [01:17<00:01,  1.42it/s] 99%|█████████▉| 107/108 [01:17<00:00,  1.42it/s]100%|██████████| 108/108 [01:18<00:00,  1.68it/s]100%|██████████| 108/108 [01:18<00:00,  1.38it/s]
Epoch 60/200, Train Loss: 2.4896, Valid Loss: 2.4635
  0%|          | 0/108 [00:00<?, ?it/s]  1%|          | 1/108 [00:03<05:22,  3.01s/it]  2%|▏         | 2/108 [00:03<02:55,  1.66s/it]  3%|▎         | 3/108 [00:04<02:08,  1.22s/it]  4%|▎         | 4/108 [00:05<01:45,  1.02s/it]  5%|▍         | 5/108 [00:05<01:33,  1.11it/s]  6%|▌         | 6/108 [00:06<01:25,  1.19it/s]  6%|▋         | 7/108 [00:07<01:20,  1.26it/s]  7%|▋         | 8/108 [00:07<01:16,  1.31it/s]  8%|▊         | 9/108 [00:08<01:14,  1.33it/s]  9%|▉         | 10/108 [00:09<01:12,  1.36it/s] 10%|█         | 11/108 [00:10<01:10,  1.38it/s] 11%|█         | 12/108 [00:10<01:08,  1.39it/s] 12%|█▏        | 13/108 [00:11<01:07,  1.40it/s] 13%|█▎        | 14/108 [00:12<01:06,  1.41it/s] 14%|█▍        | 15/108 [00:12<01:05,  1.41it/s] 15%|█▍        | 16/108 [00:13<01:05,  1.41it/s] 16%|█▌        | 17/108 [00:14<01:04,  1.42it/s] 17%|█▋        | 18/108 [00:14<01:03,  1.42it/s] 18%|█▊        | 19/108 [00:15<01:02,  1.42it/s] 19%|█▊        | 20/108 [00:16<01:01,  1.42it/s] 19%|█▉        | 21/108 [00:17<01:01,  1.42it/s] 20%|██        | 22/108 [00:17<01:00,  1.42it/s] 21%|██▏       | 23/108 [00:18<00:59,  1.42it/s] 22%|██▏       | 24/108 [00:19<00:59,  1.42it/s] 23%|██▎       | 25/108 [00:19<00:58,  1.41it/s] 24%|██▍       | 26/108 [00:20<00:57,  1.42it/s] 25%|██▌       | 27/108 [00:21<00:57,  1.42it/s] 26%|██▌       | 28/108 [00:22<00:56,  1.42it/s] 27%|██▋       | 29/108 [00:22<00:55,  1.42it/s] 28%|██▊       | 30/108 [00:23<00:55,  1.42it/s] 29%|██▊       | 31/108 [00:24<00:54,  1.42it/s] 30%|██▉       | 32/108 [00:24<00:53,  1.42it/s] 31%|███       | 33/108 [00:25<00:52,  1.42it/s] 31%|███▏      | 34/108 [00:26<00:52,  1.42it/s] 32%|███▏      | 35/108 [00:26<00:51,  1.42it/s] 33%|███▎      | 36/108 [00:27<00:50,  1.42it/s] 34%|███▍      | 37/108 [00:28<00:50,  1.42it/s] 35%|███▌      | 38/108 [00:29<00:49,  1.42it/s] 36%|███▌      | 39/108 [00:29<00:48,  1.42it/s] 37%|███▋      | 40/108 [00:30<00:47,  1.42it/s] 38%|███▊      | 41/108 [00:31<00:47,  1.42it/s] 39%|███▉      | 42/108 [00:31<00:46,  1.42it/s] 40%|███▉      | 43/108 [00:32<00:45,  1.42it/s] 41%|████      | 44/108 [00:33<00:45,  1.42it/s] 42%|████▏     | 45/108 [00:34<00:44,  1.42it/s] 43%|████▎     | 46/108 [00:34<00:43,  1.42it/s] 44%|████▎     | 47/108 [00:35<00:42,  1.42it/s] 44%|████▍     | 48/108 [00:36<00:42,  1.42it/s] 45%|████▌     | 49/108 [00:36<00:41,  1.42it/s] 46%|████▋     | 50/108 [00:37<00:40,  1.42it/s] 47%|████▋     | 51/108 [00:38<00:40,  1.42it/s] 48%|████▊     | 52/108 [00:38<00:39,  1.42it/s] 49%|████▉     | 53/108 [00:39<00:38,  1.42it/s] 50%|█████     | 54/108 [00:40<00:38,  1.41it/s] 51%|█████     | 55/108 [00:41<00:37,  1.41it/s] 52%|█████▏    | 56/108 [00:41<00:36,  1.42it/s] 53%|█████▎    | 57/108 [00:42<00:36,  1.42it/s] 54%|█████▎    | 58/108 [00:43<00:35,  1.42it/s] 55%|█████▍    | 59/108 [00:43<00:34,  1.42it/s] 56%|█████▌    | 60/108 [00:44<00:33,  1.41it/s] 56%|█████▋    | 61/108 [00:45<00:33,  1.42it/s] 57%|█████▋    | 62/108 [00:46<00:32,  1.42it/s] 58%|█████▊    | 63/108 [00:46<00:31,  1.42it/s] 59%|█████▉    | 64/108 [00:47<00:31,  1.42it/s] 60%|██████    | 65/108 [00:48<00:30,  1.42it/s] 61%|██████    | 66/108 [00:48<00:29,  1.42it/s] 62%|██████▏   | 67/108 [00:49<00:28,  1.42it/s] 63%|██████▎   | 68/108 [00:50<00:28,  1.42it/s] 64%|██████▍   | 69/108 [00:50<00:27,  1.42it/s] 65%|██████▍   | 70/108 [00:51<00:26,  1.42it/s] 66%|██████▌   | 71/108 [00:52<00:26,  1.42it/s] 67%|██████▋   | 72/108 [00:53<00:25,  1.42it/s] 68%|██████▊   | 73/108 [00:53<00:24,  1.42it/s] 69%|██████▊   | 74/108 [00:54<00:24,  1.42it/s] 69%|██████▉   | 75/108 [00:55<00:23,  1.42it/s] 70%|███████   | 76/108 [00:55<00:22,  1.42it/s] 71%|███████▏  | 77/108 [00:56<00:21,  1.41it/s] 72%|███████▏  | 78/108 [00:57<00:21,  1.41it/s] 73%|███████▎  | 79/108 [00:58<00:20,  1.41it/s] 74%|███████▍  | 80/108 [00:58<00:19,  1.41it/s] 75%|███████▌  | 81/108 [00:59<00:19,  1.42it/s] 76%|███████▌  | 82/108 [01:00<00:18,  1.41it/s] 77%|███████▋  | 83/108 [01:00<00:17,  1.41it/s] 78%|███████▊  | 84/108 [01:01<00:16,  1.42it/s] 79%|███████▊  | 85/108 [01:02<00:16,  1.42it/s] 80%|███████▉  | 86/108 [01:02<00:15,  1.42it/s] 81%|████████  | 87/108 [01:03<00:14,  1.42it/s] 81%|████████▏ | 88/108 [01:04<00:14,  1.42it/s] 82%|████████▏ | 89/108 [01:05<00:13,  1.42it/s] 83%|████████▎ | 90/108 [01:05<00:12,  1.42it/s] 84%|████████▍ | 91/108 [01:06<00:11,  1.42it/s] 85%|████████▌ | 92/108 [01:07<00:11,  1.42it/s] 86%|████████▌ | 93/108 [01:07<00:10,  1.42it/s] 87%|████████▋ | 94/108 [01:08<00:09,  1.42it/s] 88%|████████▊ | 95/108 [01:09<00:09,  1.42it/s] 89%|████████▉ | 96/108 [01:09<00:08,  1.42it/s] 90%|████████▉ | 97/108 [01:10<00:07,  1.42it/s] 91%|█████████ | 98/108 [01:11<00:07,  1.42it/s] 92%|█████████▏| 99/108 [01:12<00:06,  1.42it/s] 93%|█████████▎| 100/108 [01:12<00:05,  1.42it/s] 94%|█████████▎| 101/108 [01:13<00:04,  1.42it/s] 94%|█████████▍| 102/108 [01:14<00:04,  1.42it/s] 95%|█████████▌| 103/108 [01:14<00:03,  1.42it/s] 96%|█████████▋| 104/108 [01:15<00:02,  1.42it/s] 97%|█████████▋| 105/108 [01:16<00:02,  1.42it/s] 98%|█████████▊| 106/108 [01:17<00:01,  1.42it/s] 99%|█████████▉| 107/108 [01:17<00:00,  1.42it/s]100%|██████████| 108/108 [01:18<00:00,  1.68it/s]100%|██████████| 108/108 [01:18<00:00,  1.38it/s]
Epoch 61/200, Train Loss: 2.4858, Valid Loss: 2.4597
  0%|          | 0/108 [00:00<?, ?it/s]  1%|          | 1/108 [00:03<06:21,  3.57s/it]  2%|▏         | 2/108 [00:04<03:20,  1.89s/it]  3%|▎         | 3/108 [00:04<02:21,  1.35s/it]  4%|▎         | 4/108 [00:05<01:53,  1.10s/it]  5%|▍         | 5/108 [00:06<01:38,  1.05it/s]  6%|▌         | 6/108 [00:07<01:28,  1.15it/s]  6%|▋         | 7/108 [00:07<01:22,  1.23it/s]  7%|▋         | 8/108 [00:08<01:18,  1.28it/s]  8%|▊         | 9/108 [00:09<01:14,  1.32it/s]  9%|▉         | 10/108 [00:09<01:12,  1.35it/s] 10%|█         | 11/108 [00:10<01:10,  1.37it/s] 11%|█         | 12/108 [00:11<01:09,  1.39it/s] 12%|█▏        | 13/108 [00:12<01:08,  1.40it/s] 13%|█▎        | 14/108 [00:12<01:07,  1.40it/s] 14%|█▍        | 15/108 [00:13<01:06,  1.41it/s] 15%|█▍        | 16/108 [00:14<01:05,  1.41it/s] 16%|█▌        | 17/108 [00:14<01:04,  1.42it/s] 17%|█▋        | 18/108 [00:15<01:03,  1.42it/s] 18%|█▊        | 19/108 [00:16<01:02,  1.42it/s] 19%|█▊        | 20/108 [00:16<01:02,  1.42it/s] 19%|█▉        | 21/108 [00:17<01:01,  1.42it/s] 20%|██        | 22/108 [00:18<01:00,  1.42it/s] 21%|██▏       | 23/108 [00:19<00:59,  1.42it/s] 22%|██▏       | 24/108 [00:19<00:59,  1.42it/s] 23%|██▎       | 25/108 [00:20<00:58,  1.41it/s] 24%|██▍       | 26/108 [00:21<00:58,  1.41it/s] 25%|██▌       | 27/108 [00:21<00:57,  1.41it/s] 26%|██▌       | 28/108 [00:22<00:56,  1.42it/s] 27%|██▋       | 29/108 [00:23<00:55,  1.42it/s] 28%|██▊       | 30/108 [00:24<00:54,  1.42it/s] 29%|██▊       | 31/108 [00:24<00:54,  1.42it/s] 30%|██▉       | 32/108 [00:25<00:53,  1.42it/s] 31%|███       | 33/108 [00:26<00:52,  1.42it/s] 31%|███▏      | 34/108 [00:26<00:52,  1.42it/s] 32%|███▏      | 35/108 [00:27<00:51,  1.42it/s] 33%|███▎      | 36/108 [00:28<00:50,  1.42it/s] 34%|███▍      | 37/108 [00:28<00:50,  1.42it/s] 35%|███▌      | 38/108 [00:29<00:49,  1.42it/s] 36%|███▌      | 39/108 [00:30<00:48,  1.42it/s] 37%|███▋      | 40/108 [00:31<00:47,  1.42it/s] 38%|███▊      | 41/108 [00:31<00:47,  1.42it/s] 39%|███▉      | 42/108 [00:32<00:46,  1.42it/s] 40%|███▉      | 43/108 [00:33<00:45,  1.42it/s] 41%|████      | 44/108 [00:33<00:45,  1.42it/s] 42%|████▏     | 45/108 [00:34<00:44,  1.42it/s] 43%|████▎     | 46/108 [00:35<00:43,  1.42it/s] 44%|████▎     | 47/108 [00:35<00:42,  1.42it/s] 44%|████▍     | 48/108 [00:36<00:42,  1.42it/s] 45%|████▌     | 49/108 [00:37<00:41,  1.42it/s] 46%|████▋     | 50/108 [00:38<00:40,  1.42it/s] 47%|████▋     | 51/108 [00:38<00:40,  1.42it/s] 48%|████▊     | 52/108 [00:39<00:39,  1.42it/s] 49%|████▉     | 53/108 [00:40<00:38,  1.42it/s] 50%|█████     | 54/108 [00:40<00:38,  1.42it/s] 51%|█████     | 55/108 [00:41<00:37,  1.42it/s] 52%|█████▏    | 56/108 [00:42<00:36,  1.42it/s] 53%|█████▎    | 57/108 [00:43<00:35,  1.42it/s] 54%|█████▎    | 58/108 [00:43<00:35,  1.42it/s] 55%|█████▍    | 59/108 [00:44<00:34,  1.42it/s] 56%|█████▌    | 60/108 [00:45<00:33,  1.42it/s] 56%|█████▋    | 61/108 [00:45<00:33,  1.42it/s] 57%|█████▋    | 62/108 [00:46<00:32,  1.42it/s] 58%|█████▊    | 63/108 [00:47<00:31,  1.42it/s] 59%|█████▉    | 64/108 [00:47<00:31,  1.42it/s] 60%|██████    | 65/108 [00:48<00:30,  1.42it/s] 61%|██████    | 66/108 [00:49<00:29,  1.42it/s] 62%|██████▏   | 67/108 [00:50<00:28,  1.42it/s] 63%|██████▎   | 68/108 [00:50<00:28,  1.42it/s] 64%|██████▍   | 69/108 [00:51<00:27,  1.42it/s] 65%|██████▍   | 70/108 [00:52<00:26,  1.42it/s] 66%|██████▌   | 71/108 [00:52<00:26,  1.42it/s] 67%|██████▋   | 72/108 [00:53<00:25,  1.42it/s] 68%|██████▊   | 73/108 [00:54<00:24,  1.42it/s] 69%|██████▊   | 74/108 [00:55<00:23,  1.42it/s] 69%|██████▉   | 75/108 [00:55<00:23,  1.42it/s] 70%|███████   | 76/108 [00:56<00:22,  1.42it/s] 71%|███████▏  | 77/108 [00:57<00:21,  1.42it/s] 72%|███████▏  | 78/108 [00:57<00:21,  1.42it/s] 73%|███████▎  | 79/108 [00:58<00:20,  1.42it/s] 74%|███████▍  | 80/108 [00:59<00:19,  1.42it/s] 75%|███████▌  | 81/108 [00:59<00:19,  1.42it/s] 76%|███████▌  | 82/108 [01:00<00:18,  1.42it/s] 77%|███████▋  | 83/108 [01:01<00:17,  1.42it/s] 78%|███████▊  | 84/108 [01:02<00:16,  1.42it/s] 79%|███████▊  | 85/108 [01:02<00:16,  1.42it/s] 80%|███████▉  | 86/108 [01:03<00:15,  1.42it/s] 81%|████████  | 87/108 [01:04<00:14,  1.42it/s] 81%|████████▏ | 88/108 [01:04<00:14,  1.42it/s] 82%|████████▏ | 89/108 [01:05<00:13,  1.42it/s] 83%|████████▎ | 90/108 [01:06<00:12,  1.42it/s] 84%|████████▍ | 91/108 [01:07<00:11,  1.42it/s] 85%|████████▌ | 92/108 [01:07<00:11,  1.42it/s] 86%|████████▌ | 93/108 [01:08<00:10,  1.42it/s] 87%|████████▋ | 94/108 [01:09<00:09,  1.42it/s] 88%|████████▊ | 95/108 [01:09<00:09,  1.42it/s] 89%|████████▉ | 96/108 [01:10<00:08,  1.42it/s] 90%|████████▉ | 97/108 [01:11<00:07,  1.42it/s] 91%|█████████ | 98/108 [01:11<00:07,  1.42it/s] 92%|█████████▏| 99/108 [01:12<00:06,  1.42it/s] 93%|█████████▎| 100/108 [01:13<00:05,  1.42it/s] 94%|█████████▎| 101/108 [01:14<00:04,  1.42it/s] 94%|█████████▍| 102/108 [01:14<00:04,  1.42it/s] 95%|█████████▌| 103/108 [01:15<00:03,  1.42it/s] 96%|█████████▋| 104/108 [01:16<00:02,  1.42it/s] 97%|█████████▋| 105/108 [01:16<00:02,  1.42it/s] 98%|█████████▊| 106/108 [01:17<00:01,  1.42it/s] 99%|█████████▉| 107/108 [01:18<00:00,  1.42it/s]100%|██████████| 108/108 [01:18<00:00,  1.68it/s]100%|██████████| 108/108 [01:18<00:00,  1.37it/s]
Epoch 62/200, Train Loss: 2.4861, Valid Loss: 2.4701
  0%|          | 0/108 [00:00<?, ?it/s]  1%|          | 1/108 [00:03<06:00,  3.37s/it]  2%|▏         | 2/108 [00:04<03:10,  1.80s/it]  3%|▎         | 3/108 [00:04<02:16,  1.30s/it]  4%|▎         | 4/108 [00:05<01:50,  1.07s/it]  5%|▍         | 5/108 [00:06<01:36,  1.07it/s]  6%|▌         | 6/108 [00:06<01:27,  1.17it/s]  6%|▋         | 7/108 [00:07<01:21,  1.24it/s]  7%|▋         | 8/108 [00:08<01:17,  1.29it/s]  8%|▊         | 9/108 [00:09<01:14,  1.33it/s]  9%|▉         | 10/108 [00:09<01:12,  1.36it/s] 10%|█         | 11/108 [00:10<01:10,  1.38it/s] 11%|█         | 12/108 [00:11<01:09,  1.39it/s] 12%|█▏        | 13/108 [00:11<01:07,  1.40it/s] 13%|█▎        | 14/108 [00:12<01:06,  1.41it/s] 14%|█▍        | 15/108 [00:13<01:05,  1.41it/s] 15%|█▍        | 16/108 [00:13<01:05,  1.41it/s] 16%|█▌        | 17/108 [00:14<01:04,  1.41it/s] 17%|█▋        | 18/108 [00:15<01:03,  1.42it/s] 18%|█▊        | 19/108 [00:16<01:02,  1.42it/s] 19%|█▊        | 20/108 [00:16<01:02,  1.42it/s] 19%|█▉        | 21/108 [00:17<01:01,  1.42it/s] 20%|██        | 22/108 [00:18<01:00,  1.42it/s] 21%|██▏       | 23/108 [00:18<00:59,  1.42it/s] 22%|██▏       | 24/108 [00:19<00:59,  1.42it/s] 23%|██▎       | 25/108 [00:20<00:58,  1.41it/s] 24%|██▍       | 26/108 [00:20<00:57,  1.42it/s] 25%|██▌       | 27/108 [00:21<00:57,  1.42it/s] 26%|██▌       | 28/108 [00:22<00:56,  1.42it/s] 27%|██▋       | 29/108 [00:23<00:55,  1.42it/s] 28%|██▊       | 30/108 [00:23<00:55,  1.42it/s] 29%|██▊       | 31/108 [00:24<00:54,  1.42it/s] 30%|██▉       | 32/108 [00:25<00:53,  1.42it/s] 31%|███       | 33/108 [00:25<00:52,  1.42it/s] 31%|███▏      | 34/108 [00:26<00:52,  1.42it/s] 32%|███▏      | 35/108 [00:27<00:51,  1.42it/s] 33%|███▎      | 36/108 [00:28<00:50,  1.42it/s] 34%|███▍      | 37/108 [00:28<00:50,  1.42it/s] 35%|███▌      | 38/108 [00:29<00:49,  1.42it/s] 36%|███▌      | 39/108 [00:30<00:48,  1.42it/s] 37%|███▋      | 40/108 [00:30<00:47,  1.42it/s] 38%|███▊      | 41/108 [00:31<00:47,  1.42it/s] 39%|███▉      | 42/108 [00:32<00:46,  1.42it/s] 40%|███▉      | 43/108 [00:32<00:45,  1.42it/s] 41%|████      | 44/108 [00:33<00:45,  1.42it/s] 42%|████▏     | 45/108 [00:34<00:44,  1.42it/s] 43%|████▎     | 46/108 [00:35<00:43,  1.42it/s] 44%|████▎     | 47/108 [00:35<00:42,  1.42it/s] 44%|████▍     | 48/108 [00:36<00:42,  1.42it/s] 45%|████▌     | 49/108 [00:37<00:41,  1.42it/s] 46%|████▋     | 50/108 [00:37<00:40,  1.42it/s] 47%|████▋     | 51/108 [00:38<00:40,  1.42it/s] 48%|████▊     | 52/108 [00:39<00:39,  1.42it/s] 49%|████▉     | 53/108 [00:40<00:38,  1.42it/s] 50%|█████     | 54/108 [00:40<00:38,  1.42it/s] 51%|█████     | 55/108 [00:41<00:37,  1.42it/s] 52%|█████▏    | 56/108 [00:42<00:36,  1.42it/s] 53%|█████▎    | 57/108 [00:42<00:35,  1.42it/s] 54%|█████▎    | 58/108 [00:43<00:35,  1.42it/s] 55%|█████▍    | 59/108 [00:44<00:34,  1.42it/s] 56%|█████▌    | 60/108 [00:44<00:34,  1.41it/s] 56%|█████▋    | 61/108 [00:45<00:33,  1.41it/s] 57%|█████▋    | 62/108 [00:46<00:32,  1.41it/s] 58%|█████▊    | 63/108 [00:47<00:31,  1.42it/s] 59%|█████▉    | 64/108 [00:47<00:31,  1.42it/s] 60%|██████    | 65/108 [00:48<00:30,  1.42it/s] 61%|██████    | 66/108 [00:49<00:29,  1.42it/s] 62%|██████▏   | 67/108 [00:49<00:28,  1.42it/s] 63%|██████▎   | 68/108 [00:50<00:28,  1.42it/s] 64%|██████▍   | 69/108 [00:51<00:27,  1.42it/s] 65%|██████▍   | 70/108 [00:52<00:26,  1.42it/s] 66%|██████▌   | 71/108 [00:52<00:26,  1.42it/s] 67%|██████▋   | 72/108 [00:53<00:25,  1.42it/s] 68%|██████▊   | 73/108 [00:54<00:24,  1.42it/s] 69%|██████▊   | 74/108 [00:54<00:24,  1.42it/s] 69%|██████▉   | 75/108 [00:55<00:23,  1.41it/s] 70%|███████   | 76/108 [00:56<00:22,  1.41it/s] 71%|███████▏  | 77/108 [00:56<00:21,  1.41it/s] 72%|███████▏  | 78/108 [00:57<00:21,  1.41it/s] 73%|███████▎  | 79/108 [00:58<00:20,  1.41it/s] 74%|███████▍  | 80/108 [00:59<00:19,  1.41it/s] 75%|███████▌  | 81/108 [00:59<00:19,  1.41it/s] 76%|███████▌  | 82/108 [01:00<00:18,  1.42it/s] 77%|███████▋  | 83/108 [01:01<00:17,  1.41it/s] 78%|███████▊  | 84/108 [01:01<00:16,  1.41it/s] 79%|███████▊  | 85/108 [01:02<00:16,  1.41it/s] 80%|███████▉  | 86/108 [01:03<00:15,  1.41it/s] 81%|████████  | 87/108 [01:04<00:14,  1.41it/s] 81%|████████▏ | 88/108 [01:04<00:14,  1.42it/s] 82%|████████▏ | 89/108 [01:05<00:13,  1.42it/s] 83%|████████▎ | 90/108 [01:06<00:12,  1.42it/s] 84%|████████▍ | 91/108 [01:06<00:11,  1.42it/s] 85%|████████▌ | 92/108 [01:07<00:11,  1.42it/s] 86%|████████▌ | 93/108 [01:08<00:10,  1.42it/s] 87%|████████▋ | 94/108 [01:08<00:09,  1.42it/s] 88%|████████▊ | 95/108 [01:09<00:09,  1.42it/s] 89%|████████▉ | 96/108 [01:10<00:08,  1.42it/s] 90%|████████▉ | 97/108 [01:11<00:07,  1.42it/s] 91%|█████████ | 98/108 [01:11<00:07,  1.42it/s] 92%|█████████▏| 99/108 [01:12<00:06,  1.42it/s] 93%|█████████▎| 100/108 [01:13<00:05,  1.42it/s] 94%|█████████▎| 101/108 [01:13<00:04,  1.42it/s] 94%|█████████▍| 102/108 [01:14<00:04,  1.42it/s] 95%|█████████▌| 103/108 [01:15<00:03,  1.42it/s] 96%|█████████▋| 104/108 [01:16<00:02,  1.42it/s] 97%|█████████▋| 105/108 [01:16<00:02,  1.42it/s] 98%|█████████▊| 106/108 [01:17<00:01,  1.42it/s] 99%|█████████▉| 107/108 [01:18<00:00,  1.42it/s]100%|██████████| 108/108 [01:18<00:00,  1.68it/s]100%|██████████| 108/108 [01:18<00:00,  1.37it/s]
Epoch 63/200, Train Loss: 2.4844, Valid Loss: 2.4620
  0%|          | 0/108 [00:00<?, ?it/s]  1%|          | 1/108 [00:02<05:01,  2.82s/it]  2%|▏         | 2/108 [00:03<02:48,  1.59s/it]  3%|▎         | 3/108 [00:04<02:04,  1.19s/it]  4%|▎         | 4/108 [00:04<01:43,  1.00it/s]  5%|▍         | 5/108 [00:05<01:32,  1.12it/s]  6%|▌         | 6/108 [00:06<01:24,  1.20it/s]  6%|▋         | 7/108 [00:07<01:19,  1.27it/s]  7%|▋         | 8/108 [00:07<01:16,  1.31it/s]  8%|▊         | 9/108 [00:08<01:13,  1.34it/s]  9%|▉         | 10/108 [00:09<01:11,  1.36it/s] 10%|█         | 11/108 [00:09<01:10,  1.38it/s] 11%|█         | 12/108 [00:10<01:08,  1.39it/s] 12%|█▏        | 13/108 [00:11<01:07,  1.40it/s] 13%|█▎        | 14/108 [00:12<01:06,  1.41it/s] 14%|█▍        | 15/108 [00:12<01:05,  1.41it/s] 15%|█▍        | 16/108 [00:13<01:05,  1.41it/s] 16%|█▌        | 17/108 [00:14<01:04,  1.42it/s] 17%|█▋        | 18/108 [00:14<01:03,  1.42it/s] 18%|█▊        | 19/108 [00:15<01:02,  1.42it/s] 19%|█▊        | 20/108 [00:16<01:01,  1.42it/s] 19%|█▉        | 21/108 [00:16<01:01,  1.42it/s] 20%|██        | 22/108 [00:17<01:00,  1.42it/s] 21%|██▏       | 23/108 [00:18<00:59,  1.42it/s] 22%|██▏       | 24/108 [00:19<00:59,  1.42it/s] 23%|██▎       | 25/108 [00:19<00:58,  1.42it/s] 24%|██▍       | 26/108 [00:20<00:58,  1.41it/s] 25%|██▌       | 27/108 [00:21<00:57,  1.41it/s] 26%|██▌       | 28/108 [00:21<00:56,  1.41it/s] 27%|██▋       | 29/108 [00:22<00:55,  1.42it/s] 28%|██▊       | 30/108 [00:23<00:55,  1.42it/s] 29%|██▊       | 31/108 [00:24<00:54,  1.42it/s] 30%|██▉       | 32/108 [00:24<00:53,  1.42it/s] 31%|███       | 33/108 [00:25<00:52,  1.42it/s] 31%|███▏      | 34/108 [00:26<00:52,  1.41it/s] 32%|███▏      | 35/108 [00:26<00:51,  1.42it/s] 33%|███▎      | 36/108 [00:27<00:50,  1.42it/s] 34%|███▍      | 37/108 [00:28<00:50,  1.42it/s] 35%|███▌      | 38/108 [00:28<00:49,  1.42it/s] 36%|███▌      | 39/108 [00:29<00:48,  1.42it/s] 37%|███▋      | 40/108 [00:30<00:47,  1.42it/s] 38%|███▊      | 41/108 [00:31<00:47,  1.42it/s] 39%|███▉      | 42/108 [00:31<00:46,  1.42it/s] 40%|███▉      | 43/108 [00:32<00:45,  1.42it/s] 41%|████      | 44/108 [00:33<00:45,  1.42it/s] 42%|████▏     | 45/108 [00:33<00:44,  1.42it/s] 43%|████▎     | 46/108 [00:34<00:43,  1.42it/s] 44%|████▎     | 47/108 [00:35<00:42,  1.42it/s] 44%|████▍     | 48/108 [00:35<00:42,  1.42it/s] 45%|████▌     | 49/108 [00:36<00:41,  1.42it/s] 46%|████▋     | 50/108 [00:37<00:40,  1.42it/s] 47%|████▋     | 51/108 [00:38<00:40,  1.42it/s] 48%|████▊     | 52/108 [00:38<00:39,  1.42it/s] 49%|████▉     | 53/108 [00:39<00:38,  1.42it/s] 50%|█████     | 54/108 [00:40<00:38,  1.41it/s] 51%|█████     | 55/108 [00:40<00:37,  1.41it/s] 52%|█████▏    | 56/108 [00:41<00:36,  1.41it/s] 53%|█████▎    | 57/108 [00:42<00:36,  1.41it/s] 54%|█████▎    | 58/108 [00:43<00:35,  1.41it/s] 55%|█████▍    | 59/108 [00:43<00:34,  1.41it/s] 56%|█████▌    | 60/108 [00:44<00:34,  1.41it/s] 56%|█████▋    | 61/108 [00:45<00:33,  1.41it/s] 57%|█████▋    | 62/108 [00:45<00:32,  1.41it/s] 58%|█████▊    | 63/108 [00:46<00:31,  1.42it/s] 59%|█████▉    | 64/108 [00:47<00:31,  1.42it/s] 60%|██████    | 65/108 [00:48<00:30,  1.42it/s] 61%|██████    | 66/108 [00:48<00:29,  1.42it/s] 62%|██████▏   | 67/108 [00:49<00:28,  1.42it/s] 63%|██████▎   | 68/108 [00:50<00:28,  1.42it/s] 64%|██████▍   | 69/108 [00:50<00:27,  1.42it/s] 65%|██████▍   | 70/108 [00:51<00:26,  1.41it/s] 66%|██████▌   | 71/108 [00:52<00:26,  1.41it/s] 67%|██████▋   | 72/108 [00:52<00:25,  1.41it/s] 68%|██████▊   | 73/108 [00:53<00:24,  1.41it/s] 69%|██████▊   | 74/108 [00:54<00:24,  1.41it/s] 69%|██████▉   | 75/108 [00:55<00:23,  1.42it/s] 70%|███████   | 76/108 [00:55<00:22,  1.42it/s] 71%|███████▏  | 77/108 [00:56<00:21,  1.42it/s] 72%|███████▏  | 78/108 [00:57<00:21,  1.42it/s] 73%|███████▎  | 79/108 [00:57<00:20,  1.42it/s] 74%|███████▍  | 80/108 [00:58<00:19,  1.42it/s] 75%|███████▌  | 81/108 [00:59<00:19,  1.42it/s] 76%|███████▌  | 82/108 [01:00<00:18,  1.42it/s] 77%|███████▋  | 83/108 [01:00<00:17,  1.42it/s] 78%|███████▊  | 84/108 [01:01<00:16,  1.42it/s] 79%|███████▊  | 85/108 [01:02<00:16,  1.41it/s] 80%|███████▉  | 86/108 [01:02<00:15,  1.41it/s] 81%|████████  | 87/108 [01:03<00:14,  1.42it/s] 81%|████████▏ | 88/108 [01:04<00:14,  1.41it/s] 82%|████████▏ | 89/108 [01:04<00:13,  1.42it/s] 83%|████████▎ | 90/108 [01:05<00:12,  1.42it/s] 84%|████████▍ | 91/108 [01:06<00:12,  1.42it/s] 85%|████████▌ | 92/108 [01:07<00:11,  1.42it/s] 86%|████████▌ | 93/108 [01:07<00:10,  1.42it/s] 87%|████████▋ | 94/108 [01:08<00:09,  1.42it/s] 88%|████████▊ | 95/108 [01:09<00:09,  1.42it/s] 89%|████████▉ | 96/108 [01:09<00:08,  1.42it/s] 90%|████████▉ | 97/108 [01:10<00:07,  1.42it/s] 91%|█████████ | 98/108 [01:11<00:07,  1.42it/s] 92%|█████████▏| 99/108 [01:12<00:06,  1.42it/s] 93%|█████████▎| 100/108 [01:12<00:05,  1.42it/s] 94%|█████████▎| 101/108 [01:13<00:04,  1.42it/s] 94%|█████████▍| 102/108 [01:14<00:04,  1.42it/s] 95%|█████████▌| 103/108 [01:14<00:03,  1.42it/s] 96%|█████████▋| 104/108 [01:15<00:02,  1.42it/s] 97%|█████████▋| 105/108 [01:16<00:02,  1.42it/s] 98%|█████████▊| 106/108 [01:16<00:01,  1.42it/s] 99%|█████████▉| 107/108 [01:17<00:00,  1.42it/s]100%|██████████| 108/108 [01:18<00:00,  1.68it/s]100%|██████████| 108/108 [01:18<00:00,  1.38it/s]
Epoch 64/200, Train Loss: 2.4860, Valid Loss: 2.4900
  0%|          | 0/108 [00:00<?, ?it/s]  1%|          | 1/108 [00:03<05:28,  3.07s/it]  2%|▏         | 2/108 [00:03<02:57,  1.68s/it]  3%|▎         | 3/108 [00:04<02:10,  1.24s/it]  4%|▎         | 4/108 [00:05<01:46,  1.03s/it]  5%|▍         | 5/108 [00:05<01:33,  1.10it/s]  6%|▌         | 6/108 [00:06<01:25,  1.19it/s]  6%|▋         | 7/108 [00:07<01:20,  1.26it/s]  7%|▋         | 8/108 [00:08<01:16,  1.30it/s]  8%|▊         | 9/108 [00:08<01:13,  1.34it/s]  9%|▉         | 10/108 [00:09<01:12,  1.35it/s] 10%|█         | 11/108 [00:10<01:10,  1.37it/s] 11%|█         | 12/108 [00:10<01:09,  1.39it/s] 12%|█▏        | 13/108 [00:11<01:07,  1.40it/s] 13%|█▎        | 14/108 [00:12<01:06,  1.41it/s] 14%|█▍        | 15/108 [00:12<01:05,  1.41it/s] 15%|█▍        | 16/108 [00:13<01:05,  1.41it/s] 16%|█▌        | 17/108 [00:14<01:04,  1.42it/s] 17%|█▋        | 18/108 [00:15<01:03,  1.42it/s] 18%|█▊        | 19/108 [00:15<01:02,  1.42it/s] 19%|█▊        | 20/108 [00:16<01:02,  1.42it/s] 19%|█▉        | 21/108 [00:17<01:01,  1.42it/s] 20%|██        | 22/108 [00:17<01:00,  1.42it/s] 21%|██▏       | 23/108 [00:18<00:59,  1.42it/s] 22%|██▏       | 24/108 [00:19<00:59,  1.42it/s] 23%|██▎       | 25/108 [00:19<00:58,  1.41it/s] 24%|██▍       | 26/108 [00:20<00:57,  1.42it/s] 25%|██▌       | 27/108 [00:21<00:57,  1.41it/s] 26%|██▌       | 28/108 [00:22<00:56,  1.42it/s] 27%|██▋       | 29/108 [00:22<00:55,  1.42it/s] 28%|██▊       | 30/108 [00:23<00:54,  1.42it/s] 29%|██▊       | 31/108 [00:24<00:54,  1.42it/s] 30%|██▉       | 32/108 [00:24<00:53,  1.41it/s] 31%|███       | 33/108 [00:25<00:52,  1.42it/s] 31%|███▏      | 34/108 [00:26<00:52,  1.41it/s] 32%|███▏      | 35/108 [00:27<00:51,  1.41it/s] 33%|███▎      | 36/108 [00:27<00:50,  1.41it/s] 34%|███▍      | 37/108 [00:28<00:50,  1.41it/s] 35%|███▌      | 38/108 [00:29<00:49,  1.41it/s] 36%|███▌      | 39/108 [00:29<00:48,  1.41it/s] 37%|███▋      | 40/108 [00:30<00:48,  1.41it/s] 38%|███▊      | 41/108 [00:31<00:47,  1.41it/s] 39%|███▉      | 42/108 [00:32<00:46,  1.41it/s] 40%|███▉      | 43/108 [00:32<00:45,  1.42it/s] 41%|████      | 44/108 [00:33<00:45,  1.42it/s] 42%|████▏     | 45/108 [00:34<00:44,  1.42it/s] 43%|████▎     | 46/108 [00:34<00:43,  1.42it/s] 44%|████▎     | 47/108 [00:35<00:42,  1.42it/s] 44%|████▍     | 48/108 [00:36<00:42,  1.42it/s] 45%|████▌     | 49/108 [00:36<00:41,  1.42it/s] 46%|████▋     | 50/108 [00:37<00:40,  1.42it/s] 47%|████▋     | 51/108 [00:38<00:40,  1.42it/s] 48%|████▊     | 52/108 [00:39<00:39,  1.42it/s] 49%|████▉     | 53/108 [00:39<00:38,  1.42it/s] 50%|█████     | 54/108 [00:40<00:38,  1.42it/s] 51%|█████     | 55/108 [00:41<00:37,  1.42it/s] 52%|█████▏    | 56/108 [00:41<00:36,  1.42it/s] 53%|█████▎    | 57/108 [00:42<00:36,  1.42it/s] 54%|█████▎    | 58/108 [00:43<00:35,  1.41it/s] 55%|█████▍    | 59/108 [00:44<00:34,  1.41it/s] 56%|█████▌    | 60/108 [00:44<00:34,  1.41it/s] 56%|█████▋    | 61/108 [00:45<00:33,  1.41it/s] 57%|█████▋    | 62/108 [00:46<00:32,  1.42it/s] 58%|█████▊    | 63/108 [00:46<00:31,  1.42it/s] 59%|█████▉    | 64/108 [00:47<00:31,  1.42it/s] 60%|██████    | 65/108 [00:48<00:30,  1.42it/s] 61%|██████    | 66/108 [00:48<00:29,  1.42it/s] 62%|██████▏   | 67/108 [00:49<00:28,  1.42it/s] 63%|██████▎   | 68/108 [00:50<00:28,  1.42it/s] 64%|██████▍   | 69/108 [00:51<00:27,  1.42it/s] 65%|██████▍   | 70/108 [00:51<00:26,  1.42it/s] 66%|██████▌   | 71/108 [00:52<00:26,  1.42it/s] 67%|██████▋   | 72/108 [00:53<00:25,  1.42it/s] 68%|██████▊   | 73/108 [00:53<00:24,  1.41it/s] 69%|██████▊   | 74/108 [00:54<00:24,  1.42it/s] 69%|██████▉   | 75/108 [00:55<00:23,  1.42it/s] 70%|███████   | 76/108 [00:56<00:22,  1.42it/s] 71%|███████▏  | 77/108 [00:56<00:21,  1.42it/s] 72%|███████▏  | 78/108 [00:57<00:21,  1.42it/s] 73%|███████▎  | 79/108 [00:58<00:20,  1.42it/s] 74%|███████▍  | 80/108 [00:58<00:19,  1.42it/s] 75%|███████▌  | 81/108 [00:59<00:19,  1.42it/s] 76%|███████▌  | 82/108 [01:00<00:18,  1.42it/s] 77%|███████▋  | 83/108 [01:00<00:17,  1.42it/s] 78%|███████▊  | 84/108 [01:01<00:16,  1.42it/s] 79%|███████▊  | 85/108 [01:02<00:16,  1.42it/s] 80%|███████▉  | 86/108 [01:03<00:15,  1.42it/s] 81%|████████  | 87/108 [01:03<00:14,  1.42it/s] 81%|████████▏ | 88/108 [01:04<00:14,  1.42it/s] 82%|████████▏ | 89/108 [01:05<00:13,  1.42it/s] 83%|████████▎ | 90/108 [01:05<00:12,  1.42it/s] 84%|████████▍ | 91/108 [01:06<00:11,  1.42it/s] 85%|████████▌ | 92/108 [01:07<00:11,  1.42it/s] 86%|████████▌ | 93/108 [01:07<00:10,  1.42it/s] 87%|████████▋ | 94/108 [01:08<00:09,  1.42it/s] 88%|████████▊ | 95/108 [01:09<00:09,  1.42it/s] 89%|████████▉ | 96/108 [01:10<00:08,  1.42it/s] 90%|████████▉ | 97/108 [01:10<00:07,  1.42it/s] 91%|█████████ | 98/108 [01:11<00:07,  1.42it/s] 92%|█████████▏| 99/108 [01:12<00:06,  1.42it/s] 93%|█████████▎| 100/108 [01:12<00:05,  1.42it/s] 94%|█████████▎| 101/108 [01:13<00:04,  1.42it/s] 94%|█████████▍| 102/108 [01:14<00:04,  1.42it/s] 95%|█████████▌| 103/108 [01:15<00:03,  1.42it/s] 96%|█████████▋| 104/108 [01:15<00:02,  1.42it/s] 97%|█████████▋| 105/108 [01:16<00:02,  1.42it/s] 98%|█████████▊| 106/108 [01:17<00:01,  1.42it/s] 99%|█████████▉| 107/108 [01:17<00:00,  1.42it/s]100%|██████████| 108/108 [01:18<00:00,  1.68it/s]100%|██████████| 108/108 [01:18<00:00,  1.38it/s]
Epoch 65/200, Train Loss: 2.4758, Valid Loss: 2.5043
  0%|          | 0/108 [00:00<?, ?it/s]  1%|          | 1/108 [00:03<05:36,  3.15s/it]  2%|▏         | 2/108 [00:03<03:01,  1.71s/it]  3%|▎         | 3/108 [00:04<02:11,  1.25s/it]  4%|▎         | 4/108 [00:05<01:48,  1.04s/it]  5%|▍         | 5/108 [00:05<01:34,  1.09it/s]  6%|▌         | 6/108 [00:06<01:26,  1.18it/s]  6%|▋         | 7/108 [00:07<01:20,  1.25it/s]  7%|▋         | 8/108 [00:08<01:16,  1.30it/s]  8%|▊         | 9/108 [00:08<01:14,  1.34it/s]  9%|▉         | 10/108 [00:09<01:11,  1.36it/s] 10%|█         | 11/108 [00:10<01:10,  1.38it/s] 11%|█         | 12/108 [00:10<01:09,  1.39it/s] 12%|█▏        | 13/108 [00:11<01:07,  1.40it/s] 13%|█▎        | 14/108 [00:12<01:06,  1.41it/s] 14%|█▍        | 15/108 [00:13<01:05,  1.41it/s] 15%|█▍        | 16/108 [00:13<01:05,  1.41it/s] 16%|█▌        | 17/108 [00:14<01:04,  1.42it/s] 17%|█▋        | 18/108 [00:15<01:03,  1.42it/s] 18%|█▊        | 19/108 [00:15<01:02,  1.42it/s] 19%|█▊        | 20/108 [00:16<01:02,  1.42it/s] 19%|█▉        | 21/108 [00:17<01:01,  1.42it/s] 20%|██        | 22/108 [00:17<01:00,  1.42it/s] 21%|██▏       | 23/108 [00:18<00:59,  1.42it/s] 22%|██▏       | 24/108 [00:19<00:59,  1.42it/s] 23%|██▎       | 25/108 [00:20<00:59,  1.40it/s] 24%|██▍       | 26/108 [00:20<00:58,  1.41it/s] 25%|██▌       | 27/108 [00:21<00:57,  1.41it/s] 26%|██▌       | 28/108 [00:22<00:56,  1.41it/s] 27%|██▋       | 29/108 [00:22<00:55,  1.41it/s] 28%|██▊       | 30/108 [00:23<00:55,  1.42it/s] 29%|██▊       | 31/108 [00:24<00:54,  1.42it/s] 30%|██▉       | 32/108 [00:25<00:53,  1.42it/s] 31%|███       | 33/108 [00:25<00:52,  1.42it/s] 31%|███▏      | 34/108 [00:26<00:52,  1.42it/s] 32%|███▏      | 35/108 [00:27<00:51,  1.42it/s] 33%|███▎      | 36/108 [00:27<00:50,  1.42it/s] 34%|███▍      | 37/108 [00:28<00:50,  1.42it/s] 35%|███▌      | 38/108 [00:29<00:49,  1.42it/s] 36%|███▌      | 39/108 [00:29<00:48,  1.42it/s] 37%|███▋      | 40/108 [00:30<00:47,  1.42it/s] 38%|███▊      | 41/108 [00:31<00:47,  1.42it/s] 39%|███▉      | 42/108 [00:32<00:46,  1.42it/s] 40%|███▉      | 43/108 [00:32<00:45,  1.42it/s] 41%|████      | 44/108 [00:33<00:45,  1.42it/s] 42%|████▏     | 45/108 [00:34<00:44,  1.42it/s] 43%|████▎     | 46/108 [00:34<00:43,  1.42it/s] 44%|████▎     | 47/108 [00:35<00:43,  1.42it/s] 44%|████▍     | 48/108 [00:36<00:42,  1.42it/s] 45%|████▌     | 49/108 [00:37<00:41,  1.42it/s] 46%|████▋     | 50/108 [00:37<00:40,  1.42it/s] 47%|████▋     | 51/108 [00:38<00:40,  1.42it/s] 48%|████▊     | 52/108 [00:39<00:39,  1.42it/s] 49%|████▉     | 53/108 [00:39<00:38,  1.42it/s] 50%|█████     | 54/108 [00:40<00:38,  1.41it/s] 51%|█████     | 55/108 [00:41<00:37,  1.42it/s] 52%|█████▏    | 56/108 [00:41<00:36,  1.42it/s] 53%|█████▎    | 57/108 [00:42<00:36,  1.41it/s] 54%|█████▎    | 58/108 [00:43<00:35,  1.42it/s] 55%|█████▍    | 59/108 [00:44<00:34,  1.41it/s] 56%|█████▌    | 60/108 [00:44<00:33,  1.41it/s] 56%|█████▋    | 61/108 [00:45<00:33,  1.41it/s] 57%|█████▋    | 62/108 [00:46<00:32,  1.41it/s] 58%|█████▊    | 63/108 [00:46<00:31,  1.41it/s] 59%|█████▉    | 64/108 [00:47<00:31,  1.41it/s] 60%|██████    | 65/108 [00:48<00:30,  1.41it/s] 61%|██████    | 66/108 [00:49<00:29,  1.41it/s] 62%|██████▏   | 67/108 [00:49<00:28,  1.41it/s] 63%|██████▎   | 68/108 [00:50<00:28,  1.41it/s] 64%|██████▍   | 69/108 [00:51<00:27,  1.41it/s] 65%|██████▍   | 70/108 [00:51<00:26,  1.42it/s] 66%|██████▌   | 71/108 [00:52<00:26,  1.42it/s] 67%|██████▋   | 72/108 [00:53<00:25,  1.42it/s] 68%|██████▊   | 73/108 [00:53<00:24,  1.42it/s] 69%|██████▊   | 74/108 [00:54<00:24,  1.42it/s] 69%|██████▉   | 75/108 [00:55<00:23,  1.42it/s] 70%|███████   | 76/108 [00:56<00:22,  1.42it/s] 71%|███████▏  | 77/108 [00:56<00:21,  1.42it/s] 72%|███████▏  | 78/108 [00:57<00:21,  1.41it/s] 73%|███████▎  | 79/108 [00:58<00:20,  1.42it/s] 74%|███████▍  | 80/108 [00:58<00:19,  1.42it/s] 75%|███████▌  | 81/108 [00:59<00:19,  1.42it/s] 76%|███████▌  | 82/108 [01:00<00:18,  1.42it/s] 77%|███████▋  | 83/108 [01:01<00:17,  1.42it/s] 78%|███████▊  | 84/108 [01:01<00:16,  1.42it/s] 79%|███████▊  | 85/108 [01:02<00:16,  1.42it/s] 80%|███████▉  | 86/108 [01:03<00:15,  1.42it/s] 81%|████████  | 87/108 [01:03<00:14,  1.42it/s] 81%|████████▏ | 88/108 [01:04<00:14,  1.42it/s] 82%|████████▏ | 89/108 [01:05<00:13,  1.42it/s] 83%|████████▎ | 90/108 [01:05<00:12,  1.42it/s] 84%|████████▍ | 91/108 [01:06<00:11,  1.42it/s] 85%|████████▌ | 92/108 [01:07<00:11,  1.42it/s] 86%|████████▌ | 93/108 [01:08<00:10,  1.42it/s] 87%|████████▋ | 94/108 [01:08<00:09,  1.42it/s] 88%|████████▊ | 95/108 [01:09<00:09,  1.42it/s] 89%|████████▉ | 96/108 [01:10<00:08,  1.42it/s] 90%|████████▉ | 97/108 [01:10<00:07,  1.42it/s] 91%|█████████ | 98/108 [01:11<00:07,  1.42it/s] 92%|█████████▏| 99/108 [01:12<00:06,  1.42it/s] 93%|█████████▎| 100/108 [01:13<00:05,  1.42it/s] 94%|█████████▎| 101/108 [01:13<00:04,  1.42it/s] 94%|█████████▍| 102/108 [01:14<00:04,  1.42it/s] 95%|█████████▌| 103/108 [01:15<00:03,  1.42it/s] 96%|█████████▋| 104/108 [01:15<00:02,  1.42it/s] 97%|█████████▋| 105/108 [01:16<00:02,  1.42it/s] 98%|█████████▊| 106/108 [01:17<00:01,  1.42it/s] 99%|█████████▉| 107/108 [01:17<00:00,  1.42it/s]100%|██████████| 108/108 [01:18<00:00,  1.68it/s]100%|██████████| 108/108 [01:18<00:00,  1.38it/s]
Epoch 66/200, Train Loss: 2.4830, Valid Loss: 2.4636
  0%|          | 0/108 [00:00<?, ?it/s]  1%|          | 1/108 [00:03<05:53,  3.30s/it]  2%|▏         | 2/108 [00:04<03:07,  1.77s/it]  3%|▎         | 3/108 [00:04<02:15,  1.29s/it]  4%|▎         | 4/108 [00:05<01:50,  1.06s/it]  5%|▍         | 5/108 [00:06<01:35,  1.07it/s]  6%|▌         | 6/108 [00:06<01:27,  1.17it/s]  6%|▋         | 7/108 [00:07<01:21,  1.24it/s]  7%|▋         | 8/108 [00:08<01:17,  1.29it/s]  8%|▊         | 9/108 [00:08<01:14,  1.33it/s]  9%|▉         | 10/108 [00:09<01:12,  1.36it/s] 10%|█         | 11/108 [00:10<01:10,  1.38it/s] 11%|█         | 12/108 [00:11<01:09,  1.39it/s] 12%|█▏        | 13/108 [00:11<01:07,  1.40it/s] 13%|█▎        | 14/108 [00:12<01:06,  1.41it/s] 14%|█▍        | 15/108 [00:13<01:05,  1.41it/s] 15%|█▍        | 16/108 [00:13<01:05,  1.41it/s] 16%|█▌        | 17/108 [00:14<01:04,  1.42it/s] 17%|█▋        | 18/108 [00:15<01:03,  1.42it/s] 18%|█▊        | 19/108 [00:15<01:02,  1.42it/s] 19%|█▊        | 20/108 [00:16<01:02,  1.42it/s] 19%|█▉        | 21/108 [00:17<01:01,  1.42it/s] 20%|██        | 22/108 [00:18<01:00,  1.42it/s] 21%|██▏       | 23/108 [00:18<00:59,  1.42it/s] 22%|██▏       | 24/108 [00:19<00:59,  1.42it/s] 23%|██▎       | 25/108 [00:20<00:58,  1.41it/s] 24%|██▍       | 26/108 [00:20<00:57,  1.42it/s] 25%|██▌       | 27/108 [00:21<00:57,  1.41it/s] 26%|██▌       | 28/108 [00:22<00:56,  1.41it/s] 27%|██▋       | 29/108 [00:23<00:55,  1.42it/s] 28%|██▊       | 30/108 [00:23<00:55,  1.42it/s] 29%|██▊       | 31/108 [00:24<00:54,  1.41it/s] 30%|██▉       | 32/108 [00:25<00:53,  1.41it/s] 31%|███       | 33/108 [00:25<00:52,  1.42it/s] 31%|███▏      | 34/108 [00:26<00:52,  1.42it/s] 32%|███▏      | 35/108 [00:27<00:51,  1.42it/s] 33%|███▎      | 36/108 [00:27<00:50,  1.42it/s] 34%|███▍      | 37/108 [00:28<00:49,  1.42it/s] 35%|███▌      | 38/108 [00:29<00:49,  1.42it/s] 36%|███▌      | 39/108 [00:30<00:48,  1.42it/s] 37%|███▋      | 40/108 [00:30<00:47,  1.42it/s] 38%|███▊      | 41/108 [00:31<00:47,  1.42it/s] 39%|███▉      | 42/108 [00:32<00:46,  1.42it/s] 40%|███▉      | 43/108 [00:32<00:45,  1.42it/s] 41%|████      | 44/108 [00:33<00:45,  1.42it/s] 42%|████▏     | 45/108 [00:34<00:44,  1.42it/s] 43%|████▎     | 46/108 [00:35<00:43,  1.42it/s] 44%|████▎     | 47/108 [00:35<00:42,  1.42it/s] 44%|████▍     | 48/108 [00:36<00:42,  1.42it/s] 45%|████▌     | 49/108 [00:37<00:41,  1.42it/s] 46%|████▋     | 50/108 [00:37<00:40,  1.42it/s] 47%|████▋     | 51/108 [00:38<00:40,  1.42it/s] 48%|████▊     | 52/108 [00:39<00:39,  1.42it/s] 49%|████▉     | 53/108 [00:39<00:38,  1.42it/s] 50%|█████     | 54/108 [00:40<00:38,  1.42it/s] 51%|█████     | 55/108 [00:41<00:37,  1.42it/s] 52%|█████▏    | 56/108 [00:42<00:36,  1.41it/s] 53%|█████▎    | 57/108 [00:42<00:36,  1.41it/s] 54%|█████▎    | 58/108 [00:43<00:35,  1.41it/s] 55%|█████▍    | 59/108 [00:44<00:34,  1.41it/s] 56%|█████▌    | 60/108 [00:44<00:34,  1.41it/s] 56%|█████▋    | 61/108 [00:45<00:33,  1.41it/s] 57%|█████▋    | 62/108 [00:46<00:32,  1.42it/s] 58%|█████▊    | 63/108 [00:47<00:31,  1.42it/s] 59%|█████▉    | 64/108 [00:47<00:31,  1.42it/s] 60%|██████    | 65/108 [00:48<00:30,  1.42it/s] 61%|██████    | 66/108 [00:49<00:29,  1.42it/s] 62%|██████▏   | 67/108 [00:49<00:28,  1.42it/s] 63%|██████▎   | 68/108 [00:50<00:28,  1.42it/s] 64%|██████▍   | 69/108 [00:51<00:27,  1.42it/s] 65%|██████▍   | 70/108 [00:51<00:26,  1.42it/s] 66%|██████▌   | 71/108 [00:52<00:26,  1.42it/s] 67%|██████▋   | 72/108 [00:53<00:25,  1.42it/s] 68%|██████▊   | 73/108 [00:54<00:24,  1.42it/s] 69%|██████▊   | 74/108 [00:54<00:23,  1.42it/s] 69%|██████▉   | 75/108 [00:55<00:23,  1.42it/s] 70%|███████   | 76/108 [00:56<00:22,  1.42it/s] 71%|███████▏  | 77/108 [00:56<00:21,  1.42it/s] 72%|███████▏  | 78/108 [00:57<00:21,  1.42it/s] 73%|███████▎  | 79/108 [00:58<00:20,  1.42it/s] 74%|███████▍  | 80/108 [00:59<00:19,  1.42it/s] 75%|███████▌  | 81/108 [00:59<00:19,  1.41it/s] 76%|███████▌  | 82/108 [01:00<00:18,  1.41it/s] 77%|███████▋  | 83/108 [01:01<00:17,  1.41it/s] 78%|███████▊  | 84/108 [01:01<00:16,  1.41it/s] 79%|███████▊  | 85/108 [01:02<00:16,  1.41it/s] 80%|███████▉  | 86/108 [01:03<00:15,  1.41it/s] 81%|████████  | 87/108 [01:03<00:14,  1.42it/s] 81%|████████▏ | 88/108 [01:04<00:14,  1.42it/s] 82%|████████▏ | 89/108 [01:05<00:13,  1.42it/s] 83%|████████▎ | 90/108 [01:06<00:12,  1.42it/s] 84%|████████▍ | 91/108 [01:06<00:11,  1.42it/s] 85%|████████▌ | 92/108 [01:07<00:11,  1.42it/s] 86%|████████▌ | 93/108 [01:08<00:10,  1.42it/s] 87%|████████▋ | 94/108 [01:08<00:09,  1.42it/s] 88%|████████▊ | 95/108 [01:09<00:09,  1.42it/s] 89%|████████▉ | 96/108 [01:10<00:08,  1.42it/s] 90%|████████▉ | 97/108 [01:11<00:07,  1.42it/s] 91%|█████████ | 98/108 [01:11<00:07,  1.42it/s] 92%|█████████▏| 99/108 [01:12<00:06,  1.42it/s] 93%|█████████▎| 100/108 [01:13<00:05,  1.42it/s] 94%|█████████▎| 101/108 [01:13<00:04,  1.42it/s] 94%|█████████▍| 102/108 [01:14<00:04,  1.42it/s] 95%|█████████▌| 103/108 [01:15<00:03,  1.42it/s] 96%|█████████▋| 104/108 [01:15<00:02,  1.42it/s] 97%|█████████▋| 105/108 [01:16<00:02,  1.42it/s] 98%|█████████▊| 106/108 [01:17<00:01,  1.42it/s] 99%|█████████▉| 107/108 [01:18<00:00,  1.42it/s]100%|██████████| 108/108 [01:18<00:00,  1.68it/s]100%|██████████| 108/108 [01:18<00:00,  1.38it/s]
Epoch 67/200, Train Loss: 2.4862, Valid Loss: 2.4664
  0%|          | 0/108 [00:00<?, ?it/s]  1%|          | 1/108 [00:03<06:08,  3.44s/it]  2%|▏         | 2/108 [00:04<03:14,  1.83s/it]  3%|▎         | 3/108 [00:04<02:19,  1.33s/it]  4%|▎         | 4/108 [00:05<01:52,  1.08s/it]  5%|▍         | 5/108 [00:06<01:37,  1.06it/s]  6%|▌         | 6/108 [00:06<01:27,  1.16it/s]  6%|▋         | 7/108 [00:07<01:21,  1.23it/s]  7%|▋         | 8/108 [00:08<01:17,  1.29it/s]  8%|▊         | 9/108 [00:09<01:14,  1.32it/s]  9%|▉         | 10/108 [00:09<01:12,  1.35it/s] 10%|█         | 11/108 [00:10<01:10,  1.37it/s] 11%|█         | 12/108 [00:11<01:09,  1.38it/s] 12%|█▏        | 13/108 [00:11<01:08,  1.40it/s] 13%|█▎        | 14/108 [00:12<01:06,  1.40it/s] 14%|█▍        | 15/108 [00:13<01:06,  1.41it/s] 15%|█▍        | 16/108 [00:14<01:05,  1.41it/s] 16%|█▌        | 17/108 [00:14<01:04,  1.42it/s] 17%|█▋        | 18/108 [00:15<01:03,  1.42it/s] 18%|█▊        | 19/108 [00:16<01:02,  1.42it/s] 19%|█▊        | 20/108 [00:16<01:01,  1.42it/s] 19%|█▉        | 21/108 [00:17<01:01,  1.42it/s] 20%|██        | 22/108 [00:18<01:00,  1.42it/s] 21%|██▏       | 23/108 [00:18<00:59,  1.42it/s] 22%|██▏       | 24/108 [00:19<00:59,  1.42it/s] 23%|██▎       | 25/108 [00:20<00:58,  1.41it/s] 24%|██▍       | 26/108 [00:21<00:57,  1.42it/s] 25%|██▌       | 27/108 [00:21<00:57,  1.41it/s] 26%|██▌       | 28/108 [00:22<00:56,  1.41it/s] 27%|██▋       | 29/108 [00:23<00:55,  1.41it/s] 28%|██▊       | 30/108 [00:23<00:55,  1.42it/s] 29%|██▊       | 31/108 [00:24<00:54,  1.42it/s] 30%|██▉       | 32/108 [00:25<00:53,  1.42it/s] 31%|███       | 33/108 [00:26<00:52,  1.42it/s] 31%|███▏      | 34/108 [00:26<00:52,  1.42it/s] 32%|███▏      | 35/108 [00:27<00:51,  1.42it/s] 33%|███▎      | 36/108 [00:28<00:50,  1.42it/s] 34%|███▍      | 37/108 [00:28<00:49,  1.42it/s] 35%|███▌      | 38/108 [00:29<00:49,  1.42it/s] 36%|███▌      | 39/108 [00:30<00:48,  1.42it/s] 37%|███▋      | 40/108 [00:30<00:47,  1.42it/s] 38%|███▊      | 41/108 [00:31<00:47,  1.42it/s] 39%|███▉      | 42/108 [00:32<00:46,  1.42it/s] 40%|███▉      | 43/108 [00:33<00:45,  1.42it/s] 41%|████      | 44/108 [00:33<00:45,  1.42it/s] 42%|████▏     | 45/108 [00:34<00:44,  1.42it/s] 43%|████▎     | 46/108 [00:35<00:43,  1.42it/s] 44%|████▎     | 47/108 [00:35<00:42,  1.42it/s] 44%|████▍     | 48/108 [00:36<00:42,  1.42it/s] 45%|████▌     | 49/108 [00:37<00:41,  1.42it/s] 46%|████▋     | 50/108 [00:37<00:40,  1.42it/s] 47%|████▋     | 51/108 [00:38<00:40,  1.42it/s] 48%|████▊     | 52/108 [00:39<00:39,  1.42it/s] 49%|████▉     | 53/108 [00:40<00:38,  1.42it/s] 50%|█████     | 54/108 [00:40<00:38,  1.42it/s] 51%|█████     | 55/108 [00:41<00:37,  1.41it/s] 52%|█████▏    | 56/108 [00:42<00:36,  1.41it/s] 53%|█████▎    | 57/108 [00:42<00:36,  1.41it/s] 54%|█████▎    | 58/108 [00:43<00:35,  1.41it/s] 55%|█████▍    | 59/108 [00:44<00:34,  1.41it/s] 56%|█████▌    | 60/108 [00:45<00:33,  1.41it/s] 56%|█████▋    | 61/108 [00:45<00:33,  1.41it/s] 57%|█████▋    | 62/108 [00:46<00:32,  1.41it/s] 58%|█████▊    | 63/108 [00:47<00:31,  1.42it/s] 59%|█████▉    | 64/108 [00:47<00:31,  1.42it/s] 60%|██████    | 65/108 [00:48<00:30,  1.42it/s] 61%|██████    | 66/108 [00:49<00:29,  1.42it/s] 62%|██████▏   | 67/108 [00:49<00:28,  1.42it/s] 63%|██████▎   | 68/108 [00:50<00:28,  1.42it/s] 64%|██████▍   | 69/108 [00:51<00:27,  1.42it/s] 65%|██████▍   | 70/108 [00:52<00:26,  1.42it/s] 66%|██████▌   | 71/108 [00:52<00:26,  1.42it/s] 67%|██████▋   | 72/108 [00:53<00:25,  1.42it/s] 68%|██████▊   | 73/108 [00:54<00:24,  1.42it/s] 69%|██████▊   | 74/108 [00:54<00:23,  1.42it/s] 69%|██████▉   | 75/108 [00:55<00:23,  1.42it/s] 70%|███████   | 76/108 [00:56<00:22,  1.42it/s] 71%|███████▏  | 77/108 [00:57<00:21,  1.42it/s] 72%|███████▏  | 78/108 [00:57<00:21,  1.42it/s] 73%|███████▎  | 79/108 [00:58<00:20,  1.42it/s] 74%|███████▍  | 80/108 [00:59<00:19,  1.42it/s] 75%|███████▌  | 81/108 [00:59<00:19,  1.42it/s] 76%|███████▌  | 82/108 [01:00<00:18,  1.42it/s] 77%|███████▋  | 83/108 [01:01<00:17,  1.41it/s] 78%|███████▊  | 84/108 [01:01<00:16,  1.42it/s] 79%|███████▊  | 85/108 [01:02<00:16,  1.42it/s] 80%|███████▉  | 86/108 [01:03<00:15,  1.42it/s] 81%|████████  | 87/108 [01:04<00:14,  1.42it/s] 81%|████████▏ | 88/108 [01:04<00:14,  1.42it/s] 82%|████████▏ | 89/108 [01:05<00:13,  1.42it/s] 83%|████████▎ | 90/108 [01:06<00:12,  1.42it/s] 84%|████████▍ | 91/108 [01:06<00:11,  1.42it/s] 85%|████████▌ | 92/108 [01:07<00:11,  1.42it/s] 86%|████████▌ | 93/108 [01:08<00:10,  1.42it/s] 87%|████████▋ | 94/108 [01:09<00:09,  1.42it/s] 88%|████████▊ | 95/108 [01:09<00:09,  1.42it/s] 89%|████████▉ | 96/108 [01:10<00:08,  1.42it/s] 90%|████████▉ | 97/108 [01:11<00:07,  1.42it/s] 91%|█████████ | 98/108 [01:11<00:07,  1.42it/s] 92%|█████████▏| 99/108 [01:12<00:06,  1.42it/s] 93%|█████████▎| 100/108 [01:13<00:05,  1.42it/s] 94%|█████████▎| 101/108 [01:13<00:04,  1.42it/s] 94%|█████████▍| 102/108 [01:14<00:04,  1.42it/s] 95%|█████████▌| 103/108 [01:15<00:03,  1.42it/s] 96%|█████████▋| 104/108 [01:16<00:02,  1.42it/s] 97%|█████████▋| 105/108 [01:16<00:02,  1.42it/s] 98%|█████████▊| 106/108 [01:17<00:01,  1.42it/s] 99%|█████████▉| 107/108 [01:18<00:00,  1.42it/s]100%|██████████| 108/108 [01:18<00:00,  1.68it/s]100%|██████████| 108/108 [01:18<00:00,  1.37it/s]
Epoch 68/200, Train Loss: 2.4780, Valid Loss: 2.4955
  0%|          | 0/108 [00:00<?, ?it/s]  1%|          | 1/108 [00:03<05:27,  3.06s/it]  2%|▏         | 2/108 [00:03<02:57,  1.67s/it]  3%|▎         | 3/108 [00:04<02:09,  1.23s/it]  4%|▎         | 4/108 [00:05<01:47,  1.03s/it]  5%|▍         | 5/108 [00:05<01:34,  1.10it/s]  6%|▌         | 6/108 [00:06<01:25,  1.19it/s]  6%|▋         | 7/108 [00:07<01:20,  1.26it/s]  7%|▋         | 8/108 [00:08<01:16,  1.30it/s]  8%|▊         | 9/108 [00:08<01:13,  1.34it/s]  9%|▉         | 10/108 [00:09<01:11,  1.36it/s] 10%|█         | 11/108 [00:10<01:10,  1.38it/s] 11%|█         | 12/108 [00:10<01:08,  1.39it/s] 12%|█▏        | 13/108 [00:11<01:07,  1.40it/s] 13%|█▎        | 14/108 [00:12<01:06,  1.41it/s] 14%|█▍        | 15/108 [00:12<01:05,  1.41it/s] 15%|█▍        | 16/108 [00:13<01:05,  1.42it/s] 16%|█▌        | 17/108 [00:14<01:04,  1.42it/s] 17%|█▋        | 18/108 [00:15<01:03,  1.42it/s] 18%|█▊        | 19/108 [00:15<01:02,  1.42it/s] 19%|█▊        | 20/108 [00:16<01:01,  1.42it/s] 19%|█▉        | 21/108 [00:17<01:01,  1.42it/s] 20%|██        | 22/108 [00:17<01:00,  1.42it/s] 21%|██▏       | 23/108 [00:18<00:59,  1.42it/s] 22%|██▏       | 24/108 [00:19<00:59,  1.42it/s] 23%|██▎       | 25/108 [00:19<00:58,  1.42it/s] 24%|██▍       | 26/108 [00:20<00:57,  1.42it/s] 25%|██▌       | 27/108 [00:21<00:57,  1.42it/s] 26%|██▌       | 28/108 [00:22<00:56,  1.41it/s] 27%|██▋       | 29/108 [00:22<00:55,  1.41it/s] 28%|██▊       | 30/108 [00:23<00:55,  1.41it/s] 29%|██▊       | 31/108 [00:24<00:54,  1.42it/s] 30%|██▉       | 32/108 [00:24<00:53,  1.42it/s] 31%|███       | 33/108 [00:25<00:52,  1.42it/s] 31%|███▏      | 34/108 [00:26<00:52,  1.42it/s] 32%|███▏      | 35/108 [00:27<00:51,  1.42it/s] 33%|███▎      | 36/108 [00:27<00:50,  1.42it/s] 34%|███▍      | 37/108 [00:28<00:49,  1.42it/s] 35%|███▌      | 38/108 [00:29<00:49,  1.42it/s] 36%|███▌      | 39/108 [00:29<00:48,  1.42it/s] 37%|███▋      | 40/108 [00:30<00:47,  1.42it/s] 38%|███▊      | 41/108 [00:31<00:47,  1.42it/s] 39%|███▉      | 42/108 [00:31<00:46,  1.42it/s] 40%|███▉      | 43/108 [00:32<00:45,  1.42it/s] 41%|████      | 44/108 [00:33<00:45,  1.42it/s] 42%|████▏     | 45/108 [00:34<00:44,  1.42it/s] 43%|████▎     | 46/108 [00:34<00:43,  1.42it/s] 44%|████▎     | 47/108 [00:35<00:42,  1.42it/s] 44%|████▍     | 48/108 [00:36<00:42,  1.42it/s] 45%|████▌     | 49/108 [00:36<00:41,  1.42it/s] 46%|████▋     | 50/108 [00:37<00:40,  1.42it/s] 47%|████▋     | 51/108 [00:38<00:40,  1.42it/s] 48%|████▊     | 52/108 [00:39<00:39,  1.42it/s] 49%|████▉     | 53/108 [00:39<00:38,  1.42it/s] 50%|█████     | 54/108 [00:40<00:38,  1.42it/s] 51%|█████     | 55/108 [00:41<00:37,  1.41it/s] 52%|█████▏    | 56/108 [00:41<00:36,  1.41it/s] 53%|█████▎    | 57/108 [00:42<00:36,  1.41it/s] 54%|█████▎    | 58/108 [00:43<00:35,  1.41it/s] 55%|█████▍    | 59/108 [00:43<00:34,  1.42it/s] 56%|█████▌    | 60/108 [00:44<00:33,  1.41it/s] 56%|█████▋    | 61/108 [00:45<00:33,  1.41it/s] 57%|█████▋    | 62/108 [00:46<00:32,  1.41it/s] 58%|█████▊    | 63/108 [00:46<00:31,  1.41it/s] 59%|█████▉    | 64/108 [00:47<00:31,  1.41it/s] 60%|██████    | 65/108 [00:48<00:30,  1.42it/s] 61%|██████    | 66/108 [00:48<00:29,  1.41it/s] 62%|██████▏   | 67/108 [00:49<00:29,  1.41it/s] 63%|██████▎   | 68/108 [00:50<00:28,  1.41it/s] 64%|██████▍   | 69/108 [00:51<00:27,  1.42it/s] 65%|██████▍   | 70/108 [00:51<00:26,  1.41it/s] 66%|██████▌   | 71/108 [00:52<00:26,  1.42it/s] 67%|██████▋   | 72/108 [00:53<00:25,  1.42it/s] 68%|██████▊   | 73/108 [00:53<00:24,  1.42it/s] 69%|██████▊   | 74/108 [00:54<00:23,  1.42it/s] 69%|██████▉   | 75/108 [00:55<00:23,  1.42it/s] 70%|███████   | 76/108 [00:55<00:22,  1.42it/s] 71%|███████▏  | 77/108 [00:56<00:21,  1.42it/s] 72%|███████▏  | 78/108 [00:57<00:21,  1.42it/s] 73%|███████▎  | 79/108 [00:58<00:20,  1.42it/s] 74%|███████▍  | 80/108 [00:58<00:19,  1.42it/s] 75%|███████▌  | 81/108 [00:59<00:19,  1.42it/s] 76%|███████▌  | 82/108 [01:00<00:18,  1.42it/s] 77%|███████▋  | 83/108 [01:00<00:17,  1.42it/s] 78%|███████▊  | 84/108 [01:01<00:16,  1.42it/s] 79%|███████▊  | 85/108 [01:02<00:16,  1.42it/s] 80%|███████▉  | 86/108 [01:03<00:15,  1.42it/s] 81%|████████  | 87/108 [01:03<00:14,  1.42it/s] 81%|████████▏ | 88/108 [01:04<00:14,  1.42it/s] 82%|████████▏ | 89/108 [01:05<00:13,  1.42it/s] 83%|████████▎ | 90/108 [01:05<00:12,  1.42it/s] 84%|████████▍ | 91/108 [01:06<00:12,  1.42it/s] 85%|████████▌ | 92/108 [01:07<00:11,  1.42it/s] 86%|████████▌ | 93/108 [01:07<00:10,  1.42it/s] 87%|████████▋ | 94/108 [01:08<00:09,  1.42it/s] 88%|████████▊ | 95/108 [01:09<00:09,  1.42it/s] 89%|████████▉ | 96/108 [01:10<00:08,  1.42it/s] 90%|████████▉ | 97/108 [01:10<00:07,  1.42it/s] 91%|█████████ | 98/108 [01:11<00:07,  1.42it/s] 92%|█████████▏| 99/108 [01:12<00:06,  1.42it/s] 93%|█████████▎| 100/108 [01:12<00:05,  1.42it/s] 94%|█████████▎| 101/108 [01:13<00:04,  1.42it/s] 94%|█████████▍| 102/108 [01:14<00:04,  1.42it/s] 95%|█████████▌| 103/108 [01:15<00:03,  1.42it/s] 96%|█████████▋| 104/108 [01:15<00:02,  1.42it/s] 97%|█████████▋| 105/108 [01:16<00:02,  1.42it/s] 98%|█████████▊| 106/108 [01:17<00:01,  1.42it/s] 99%|█████████▉| 107/108 [01:17<00:00,  1.42it/s]100%|██████████| 108/108 [01:18<00:00,  1.68it/s]100%|██████████| 108/108 [01:18<00:00,  1.38it/s]
Epoch 69/200, Train Loss: 2.4900, Valid Loss: 2.4708
  0%|          | 0/108 [00:00<?, ?it/s]  1%|          | 1/108 [00:03<05:27,  3.06s/it]  2%|▏         | 2/108 [00:03<02:58,  1.68s/it]  3%|▎         | 3/108 [00:04<02:09,  1.24s/it]  4%|▎         | 4/108 [00:05<01:46,  1.03s/it]  5%|▍         | 5/108 [00:05<01:33,  1.10it/s]  6%|▌         | 6/108 [00:06<01:25,  1.19it/s]  6%|▋         | 7/108 [00:07<01:20,  1.26it/s]  7%|▋         | 8/108 [00:08<01:16,  1.30it/s]  8%|▊         | 9/108 [00:08<01:14,  1.34it/s]  9%|▉         | 10/108 [00:09<01:11,  1.36it/s] 10%|█         | 11/108 [00:10<01:10,  1.38it/s] 11%|█         | 12/108 [00:10<01:08,  1.39it/s] 12%|█▏        | 13/108 [00:11<01:07,  1.40it/s] 13%|█▎        | 14/108 [00:12<01:06,  1.41it/s] 14%|█▍        | 15/108 [00:12<01:05,  1.41it/s] 15%|█▍        | 16/108 [00:13<01:05,  1.41it/s] 16%|█▌        | 17/108 [00:14<01:04,  1.42it/s] 17%|█▋        | 18/108 [00:15<01:03,  1.42it/s] 18%|█▊        | 19/108 [00:15<01:02,  1.42it/s] 19%|█▊        | 20/108 [00:16<01:02,  1.42it/s] 19%|█▉        | 21/108 [00:17<01:01,  1.42it/s] 20%|██        | 22/108 [00:17<01:00,  1.42it/s] 21%|██▏       | 23/108 [00:18<00:59,  1.42it/s] 22%|██▏       | 24/108 [00:19<00:59,  1.42it/s] 23%|██▎       | 25/108 [00:19<00:58,  1.42it/s] 24%|██▍       | 26/108 [00:20<00:57,  1.42it/s] 25%|██▌       | 27/108 [00:21<00:57,  1.42it/s] 26%|██▌       | 28/108 [00:22<00:56,  1.41it/s] 27%|██▋       | 29/108 [00:22<00:55,  1.41it/s] 28%|██▊       | 30/108 [00:23<00:55,  1.42it/s] 29%|██▊       | 31/108 [00:24<00:54,  1.42it/s] 30%|██▉       | 32/108 [00:24<00:53,  1.42it/s] 31%|███       | 33/108 [00:25<00:52,  1.42it/s] 31%|███▏      | 34/108 [00:26<00:52,  1.42it/s] 32%|███▏      | 35/108 [00:27<00:51,  1.42it/s] 33%|███▎      | 36/108 [00:27<00:50,  1.42it/s] 34%|███▍      | 37/108 [00:28<00:50,  1.42it/s] 35%|███▌      | 38/108 [00:29<00:49,  1.42it/s] 36%|███▌      | 39/108 [00:29<00:48,  1.42it/s] 37%|███▋      | 40/108 [00:30<00:47,  1.42it/s] 38%|███▊      | 41/108 [00:31<00:47,  1.42it/s] 39%|███▉      | 42/108 [00:31<00:46,  1.42it/s] 40%|███▉      | 43/108 [00:32<00:45,  1.42it/s] 41%|████      | 44/108 [00:33<00:45,  1.42it/s] 42%|████▏     | 45/108 [00:34<00:44,  1.42it/s] 43%|████▎     | 46/108 [00:34<00:43,  1.42it/s] 44%|████▎     | 47/108 [00:35<00:42,  1.42it/s] 44%|████▍     | 48/108 [00:36<00:42,  1.42it/s] 45%|████▌     | 49/108 [00:36<00:41,  1.42it/s] 46%|████▋     | 50/108 [00:37<00:40,  1.42it/s] 47%|████▋     | 51/108 [00:38<00:40,  1.42it/s] 48%|████▊     | 52/108 [00:39<00:39,  1.42it/s] 49%|████▉     | 53/108 [00:39<00:38,  1.42it/s] 50%|█████     | 54/108 [00:40<00:38,  1.42it/s] 51%|█████     | 55/108 [00:41<00:37,  1.42it/s] 52%|█████▏    | 56/108 [00:41<00:36,  1.41it/s] 53%|█████▎    | 57/108 [00:42<00:36,  1.41it/s] 54%|█████▎    | 58/108 [00:43<00:35,  1.41it/s] 55%|█████▍    | 59/108 [00:43<00:34,  1.41it/s] 56%|█████▌    | 60/108 [00:44<00:34,  1.41it/s] 56%|█████▋    | 61/108 [00:45<00:33,  1.41it/s] 57%|█████▋    | 62/108 [00:46<00:32,  1.41it/s] 58%|█████▊    | 63/108 [00:46<00:31,  1.42it/s] 59%|█████▉    | 64/108 [00:47<00:31,  1.42it/s] 60%|██████    | 65/108 [00:48<00:30,  1.42it/s] 61%|██████    | 66/108 [00:48<00:29,  1.42it/s] 62%|██████▏   | 67/108 [00:49<00:28,  1.42it/s] 63%|██████▎   | 68/108 [00:50<00:28,  1.42it/s] 64%|██████▍   | 69/108 [00:51<00:27,  1.42it/s] 65%|██████▍   | 70/108 [00:51<00:26,  1.42it/s] 66%|██████▌   | 71/108 [00:52<00:26,  1.42it/s] 67%|██████▋   | 72/108 [00:53<00:25,  1.42it/s] 68%|██████▊   | 73/108 [00:53<00:24,  1.42it/s] 69%|██████▊   | 74/108 [00:54<00:24,  1.42it/s] 69%|██████▉   | 75/108 [00:55<00:23,  1.41it/s] 70%|███████   | 76/108 [00:55<00:22,  1.42it/s] 71%|███████▏  | 77/108 [00:56<00:21,  1.42it/s] 72%|███████▏  | 78/108 [00:57<00:21,  1.42it/s] 73%|███████▎  | 79/108 [00:58<00:20,  1.42it/s] 74%|███████▍  | 80/108 [00:58<00:19,  1.42it/s] 75%|███████▌  | 81/108 [00:59<00:19,  1.42it/s] 76%|███████▌  | 82/108 [01:00<00:18,  1.42it/s] 77%|███████▋  | 83/108 [01:00<00:17,  1.42it/s] 78%|███████▊  | 84/108 [01:01<00:16,  1.41it/s] 79%|███████▊  | 85/108 [01:02<00:16,  1.41it/s] 80%|███████▉  | 86/108 [01:03<00:15,  1.41it/s] 81%|████████  | 87/108 [01:03<00:14,  1.41it/s] 81%|████████▏ | 88/108 [01:04<00:14,  1.42it/s] 82%|████████▏ | 89/108 [01:05<00:13,  1.42it/s] 83%|████████▎ | 90/108 [01:05<00:12,  1.42it/s] 84%|████████▍ | 91/108 [01:06<00:11,  1.42it/s] 85%|████████▌ | 92/108 [01:07<00:11,  1.42it/s] 86%|████████▌ | 93/108 [01:07<00:10,  1.42it/s] 87%|████████▋ | 94/108 [01:08<00:09,  1.42it/s] 88%|████████▊ | 95/108 [01:09<00:09,  1.42it/s] 89%|████████▉ | 96/108 [01:10<00:08,  1.42it/s] 90%|████████▉ | 97/108 [01:10<00:07,  1.42it/s] 91%|█████████ | 98/108 [01:11<00:07,  1.42it/s] 92%|█████████▏| 99/108 [01:12<00:06,  1.42it/s] 93%|█████████▎| 100/108 [01:12<00:05,  1.42it/s] 94%|█████████▎| 101/108 [01:13<00:04,  1.42it/s] 94%|█████████▍| 102/108 [01:14<00:04,  1.42it/s] 95%|█████████▌| 103/108 [01:15<00:03,  1.42it/s] 96%|█████████▋| 104/108 [01:15<00:02,  1.42it/s] 97%|█████████▋| 105/108 [01:16<00:02,  1.42it/s] 98%|█████████▊| 106/108 [01:17<00:01,  1.42it/s] 99%|█████████▉| 107/108 [01:17<00:00,  1.42it/s]100%|██████████| 108/108 [01:18<00:00,  1.68it/s]100%|██████████| 108/108 [01:18<00:00,  1.38it/s]
Epoch 70/200, Train Loss: 2.4925, Valid Loss: 2.4920
  0%|          | 0/108 [00:00<?, ?it/s]  1%|          | 1/108 [00:03<06:23,  3.58s/it]  2%|▏         | 2/108 [00:04<03:20,  1.89s/it]  3%|▎         | 3/108 [00:05<02:22,  1.36s/it]  4%|▎         | 4/108 [00:05<01:54,  1.10s/it]  5%|▍         | 5/108 [00:06<01:38,  1.05it/s]  6%|▌         | 6/108 [00:07<01:28,  1.15it/s]  6%|▋         | 7/108 [00:07<01:22,  1.23it/s]  7%|▋         | 8/108 [00:08<01:17,  1.28it/s]  8%|▊         | 9/108 [00:09<01:14,  1.32it/s]  9%|▉         | 10/108 [00:09<01:12,  1.35it/s] 10%|█         | 11/108 [00:10<01:10,  1.37it/s] 11%|█         | 12/108 [00:11<01:09,  1.38it/s] 12%|█▏        | 13/108 [00:12<01:08,  1.40it/s] 13%|█▎        | 14/108 [00:12<01:06,  1.40it/s] 14%|█▍        | 15/108 [00:13<01:05,  1.41it/s] 15%|█▍        | 16/108 [00:14<01:05,  1.41it/s] 16%|█▌        | 17/108 [00:14<01:04,  1.42it/s] 17%|█▋        | 18/108 [00:15<01:03,  1.42it/s] 18%|█▊        | 19/108 [00:16<01:02,  1.42it/s] 19%|█▊        | 20/108 [00:16<01:01,  1.42it/s] 19%|█▉        | 21/108 [00:17<01:01,  1.42it/s] 20%|██        | 22/108 [00:18<01:00,  1.42it/s] 21%|██▏       | 23/108 [00:19<00:59,  1.42it/s] 22%|██▏       | 24/108 [00:19<00:59,  1.42it/s] 23%|██▎       | 25/108 [00:20<00:59,  1.41it/s] 24%|██▍       | 26/108 [00:21<00:58,  1.41it/s] 25%|██▌       | 27/108 [00:21<00:57,  1.41it/s] 26%|██▌       | 28/108 [00:22<00:56,  1.41it/s] 27%|██▋       | 29/108 [00:23<00:55,  1.42it/s] 28%|██▊       | 30/108 [00:24<00:55,  1.42it/s] 29%|██▊       | 31/108 [00:24<00:54,  1.42it/s] 30%|██▉       | 32/108 [00:25<00:53,  1.42it/s] 31%|███       | 33/108 [00:26<00:52,  1.42it/s] 31%|███▏      | 34/108 [00:26<00:52,  1.42it/s] 32%|███▏      | 35/108 [00:27<00:51,  1.42it/s] 33%|███▎      | 36/108 [00:28<00:50,  1.42it/s] 34%|███▍      | 37/108 [00:28<00:49,  1.42it/s] 35%|███▌      | 38/108 [00:29<00:49,  1.42it/s] 36%|███▌      | 39/108 [00:30<00:48,  1.42it/s] 37%|███▋      | 40/108 [00:31<00:47,  1.42it/s] 38%|███▊      | 41/108 [00:31<00:47,  1.42it/s] 39%|███▉      | 42/108 [00:32<00:46,  1.42it/s] 40%|███▉      | 43/108 [00:33<00:45,  1.42it/s] 41%|████      | 44/108 [00:33<00:45,  1.42it/s] 42%|████▏     | 45/108 [00:34<00:44,  1.42it/s] 43%|████▎     | 46/108 [00:35<00:43,  1.42it/s] 44%|████▎     | 47/108 [00:36<00:43,  1.42it/s] 44%|████▍     | 48/108 [00:36<00:42,  1.42it/s] 45%|████▌     | 49/108 [00:37<00:41,  1.42it/s] 46%|████▋     | 50/108 [00:38<00:40,  1.42it/s] 47%|████▋     | 51/108 [00:38<00:40,  1.42it/s] 48%|████▊     | 52/108 [00:39<00:39,  1.42it/s] 49%|████▉     | 53/108 [00:40<00:38,  1.42it/s] 50%|█████     | 54/108 [00:40<00:38,  1.42it/s] 51%|█████     | 55/108 [00:41<00:37,  1.42it/s] 52%|█████▏    | 56/108 [00:42<00:36,  1.42it/s] 53%|█████▎    | 57/108 [00:43<00:36,  1.41it/s] 54%|█████▎    | 58/108 [00:43<00:35,  1.42it/s] 55%|█████▍    | 59/108 [00:44<00:34,  1.42it/s] 56%|█████▌    | 60/108 [00:45<00:33,  1.41it/s] 56%|█████▋    | 61/108 [00:45<00:33,  1.41it/s] 57%|█████▋    | 62/108 [00:46<00:32,  1.42it/s] 58%|█████▊    | 63/108 [00:47<00:31,  1.42it/s] 59%|█████▉    | 64/108 [00:48<00:31,  1.41it/s] 60%|██████    | 65/108 [00:48<00:30,  1.42it/s] 61%|██████    | 66/108 [00:49<00:29,  1.42it/s] 62%|██████▏   | 67/108 [00:50<00:28,  1.42it/s] 63%|██████▎   | 68/108 [00:50<00:28,  1.42it/s] 64%|██████▍   | 69/108 [00:51<00:27,  1.42it/s] 65%|██████▍   | 70/108 [00:52<00:26,  1.42it/s] 66%|██████▌   | 71/108 [00:52<00:26,  1.42it/s] 67%|██████▋   | 72/108 [00:53<00:25,  1.41it/s] 68%|██████▊   | 73/108 [00:54<00:24,  1.41it/s] 69%|██████▊   | 74/108 [00:55<00:24,  1.41it/s] 69%|██████▉   | 75/108 [00:55<00:23,  1.42it/s] 70%|███████   | 76/108 [00:56<00:22,  1.42it/s] 71%|███████▏  | 77/108 [00:57<00:21,  1.42it/s] 72%|███████▏  | 78/108 [00:57<00:21,  1.42it/s] 73%|███████▎  | 79/108 [00:58<00:20,  1.42it/s] 74%|███████▍  | 80/108 [00:59<00:19,  1.42it/s] 75%|███████▌  | 81/108 [01:00<00:19,  1.42it/s] 76%|███████▌  | 82/108 [01:00<00:18,  1.42it/s] 77%|███████▋  | 83/108 [01:01<00:17,  1.42it/s] 78%|███████▊  | 84/108 [01:02<00:16,  1.42it/s] 79%|███████▊  | 85/108 [01:02<00:16,  1.42it/s] 80%|███████▉  | 86/108 [01:03<00:15,  1.42it/s] 81%|████████  | 87/108 [01:04<00:14,  1.42it/s] 81%|████████▏ | 88/108 [01:04<00:14,  1.42it/s] 82%|████████▏ | 89/108 [01:05<00:13,  1.42it/s] 83%|████████▎ | 90/108 [01:06<00:12,  1.42it/s] 84%|████████▍ | 91/108 [01:07<00:11,  1.42it/s] 85%|████████▌ | 92/108 [01:07<00:11,  1.42it/s] 86%|████████▌ | 93/108 [01:08<00:10,  1.42it/s] 87%|████████▋ | 94/108 [01:09<00:09,  1.42it/s] 88%|████████▊ | 95/108 [01:09<00:09,  1.42it/s] 89%|████████▉ | 96/108 [01:10<00:08,  1.42it/s] 90%|████████▉ | 97/108 [01:11<00:07,  1.42it/s] 91%|█████████ | 98/108 [01:12<00:07,  1.42it/s] 92%|█████████▏| 99/108 [01:12<00:06,  1.42it/s] 93%|█████████▎| 100/108 [01:13<00:05,  1.42it/s] 94%|█████████▎| 101/108 [01:14<00:04,  1.42it/s] 94%|█████████▍| 102/108 [01:14<00:04,  1.42it/s] 95%|█████████▌| 103/108 [01:15<00:03,  1.42it/s] 96%|█████████▋| 104/108 [01:16<00:02,  1.42it/s] 97%|█████████▋| 105/108 [01:16<00:02,  1.42it/s] 98%|█████████▊| 106/108 [01:17<00:01,  1.42it/s] 99%|█████████▉| 107/108 [01:18<00:00,  1.42it/s]100%|██████████| 108/108 [01:18<00:00,  1.68it/s]100%|██████████| 108/108 [01:18<00:00,  1.37it/s]
Epoch 71/200, Train Loss: 2.4888, Valid Loss: 2.5267
  0%|          | 0/108 [00:00<?, ?it/s]  1%|          | 1/108 [00:02<05:08,  2.89s/it]  2%|▏         | 2/108 [00:03<02:49,  1.60s/it]  3%|▎         | 3/108 [00:04<02:05,  1.19s/it]  4%|▎         | 4/108 [00:04<01:43,  1.00it/s]  5%|▍         | 5/108 [00:05<01:32,  1.12it/s]  6%|▌         | 6/108 [00:06<01:24,  1.20it/s]  6%|▋         | 7/108 [00:07<01:19,  1.26it/s]  7%|▋         | 8/108 [00:07<01:16,  1.31it/s]  8%|▊         | 9/108 [00:08<01:13,  1.34it/s]  9%|▉         | 10/108 [00:09<01:11,  1.36it/s] 10%|█         | 11/108 [00:09<01:10,  1.38it/s] 11%|█         | 12/108 [00:10<01:08,  1.39it/s] 12%|█▏        | 13/108 [00:11<01:07,  1.40it/s] 13%|█▎        | 14/108 [00:12<01:06,  1.41it/s] 14%|█▍        | 15/108 [00:12<01:05,  1.41it/s] 15%|█▍        | 16/108 [00:13<01:04,  1.42it/s] 16%|█▌        | 17/108 [00:14<01:04,  1.42it/s] 17%|█▋        | 18/108 [00:14<01:03,  1.42it/s] 18%|█▊        | 19/108 [00:15<01:02,  1.42it/s] 19%|█▊        | 20/108 [00:16<01:01,  1.42it/s] 19%|█▉        | 21/108 [00:16<01:01,  1.42it/s] 20%|██        | 22/108 [00:17<01:00,  1.42it/s] 21%|██▏       | 23/108 [00:18<00:59,  1.42it/s] 22%|██▏       | 24/108 [00:19<00:59,  1.42it/s] 23%|██▎       | 25/108 [00:19<00:58,  1.42it/s] 24%|██▍       | 26/108 [00:20<00:57,  1.42it/s] 25%|██▌       | 27/108 [00:21<00:57,  1.42it/s] 26%|██▌       | 28/108 [00:21<00:56,  1.42it/s] 27%|██▋       | 29/108 [00:22<00:55,  1.42it/s] 28%|██▊       | 30/108 [00:23<00:55,  1.41it/s] 29%|██▊       | 31/108 [00:24<00:54,  1.41it/s] 30%|██▉       | 32/108 [00:24<00:53,  1.41it/s] 31%|███       | 33/108 [00:25<00:52,  1.42it/s] 31%|███▏      | 34/108 [00:26<00:52,  1.42it/s] 32%|███▏      | 35/108 [00:26<00:51,  1.42it/s] 33%|███▎      | 36/108 [00:27<00:50,  1.42it/s] 34%|███▍      | 37/108 [00:28<00:50,  1.42it/s] 35%|███▌      | 38/108 [00:28<00:49,  1.42it/s] 36%|███▌      | 39/108 [00:29<00:48,  1.42it/s] 37%|███▋      | 40/108 [00:30<00:47,  1.42it/s] 38%|███▊      | 41/108 [00:31<00:47,  1.42it/s] 39%|███▉      | 42/108 [00:31<00:46,  1.42it/s] 40%|███▉      | 43/108 [00:32<00:45,  1.42it/s] 41%|████      | 44/108 [00:33<00:45,  1.42it/s] 42%|████▏     | 45/108 [00:33<00:44,  1.42it/s] 43%|████▎     | 46/108 [00:34<00:43,  1.42it/s] 44%|████▎     | 47/108 [00:35<00:42,  1.42it/s] 44%|████▍     | 48/108 [00:35<00:42,  1.42it/s] 45%|████▌     | 49/108 [00:36<00:41,  1.42it/s] 46%|████▋     | 50/108 [00:37<00:40,  1.42it/s] 47%|████▋     | 51/108 [00:38<00:40,  1.42it/s] 48%|████▊     | 52/108 [00:38<00:39,  1.42it/s] 49%|████▉     | 53/108 [00:39<00:38,  1.42it/s] 50%|█████     | 54/108 [00:40<00:38,  1.42it/s] 51%|█████     | 55/108 [00:40<00:37,  1.42it/s] 52%|█████▏    | 56/108 [00:41<00:36,  1.42it/s] 53%|█████▎    | 57/108 [00:42<00:35,  1.42it/s] 54%|█████▎    | 58/108 [00:43<00:35,  1.42it/s] 55%|█████▍    | 59/108 [00:43<00:34,  1.42it/s] 56%|█████▌    | 60/108 [00:44<00:33,  1.42it/s] 56%|█████▋    | 61/108 [00:45<00:33,  1.42it/s] 57%|█████▋    | 62/108 [00:45<00:32,  1.42it/s] 58%|█████▊    | 63/108 [00:46<00:31,  1.42it/s] 59%|█████▉    | 64/108 [00:47<00:31,  1.42it/s] 60%|██████    | 65/108 [00:47<00:30,  1.42it/s] 61%|██████    | 66/108 [00:48<00:29,  1.42it/s] 62%|██████▏   | 67/108 [00:49<00:28,  1.42it/s] 63%|██████▎   | 68/108 [00:50<00:28,  1.42it/s] 64%|██████▍   | 69/108 [00:50<00:27,  1.42it/s] 65%|██████▍   | 70/108 [00:51<00:26,  1.42it/s] 66%|██████▌   | 71/108 [00:52<00:26,  1.42it/s] 67%|██████▋   | 72/108 [00:52<00:25,  1.42it/s] 68%|██████▊   | 73/108 [00:53<00:24,  1.42it/s] 69%|██████▊   | 74/108 [00:54<00:24,  1.42it/s] 69%|██████▉   | 75/108 [00:55<00:23,  1.41it/s] 70%|███████   | 76/108 [00:55<00:22,  1.42it/s] 71%|███████▏  | 77/108 [00:56<00:21,  1.42it/s] 72%|███████▏  | 78/108 [00:57<00:21,  1.42it/s] 73%|███████▎  | 79/108 [00:57<00:20,  1.42it/s] 74%|███████▍  | 80/108 [00:58<00:19,  1.42it/s] 75%|███████▌  | 81/108 [00:59<00:19,  1.42it/s] 76%|███████▌  | 82/108 [00:59<00:18,  1.42it/s] 77%|███████▋  | 83/108 [01:00<00:17,  1.42it/s] 78%|███████▊  | 84/108 [01:01<00:16,  1.42it/s] 79%|███████▊  | 85/108 [01:02<00:16,  1.42it/s] 80%|███████▉  | 86/108 [01:02<00:15,  1.42it/s] 81%|████████  | 87/108 [01:03<00:14,  1.42it/s] 81%|████████▏ | 88/108 [01:04<00:14,  1.42it/s] 82%|████████▏ | 89/108 [01:04<00:13,  1.42it/s] 83%|████████▎ | 90/108 [01:05<00:12,  1.42it/s] 84%|████████▍ | 91/108 [01:06<00:11,  1.42it/s] 85%|████████▌ | 92/108 [01:07<00:11,  1.42it/s] 86%|████████▌ | 93/108 [01:07<00:10,  1.42it/s] 87%|████████▋ | 94/108 [01:08<00:09,  1.42it/s] 88%|████████▊ | 95/108 [01:09<00:09,  1.42it/s] 89%|████████▉ | 96/108 [01:09<00:08,  1.42it/s] 90%|████████▉ | 97/108 [01:10<00:07,  1.42it/s] 91%|█████████ | 98/108 [01:11<00:07,  1.42it/s] 92%|█████████▏| 99/108 [01:11<00:06,  1.42it/s] 93%|█████████▎| 100/108 [01:12<00:05,  1.42it/s] 94%|█████████▎| 101/108 [01:13<00:04,  1.42it/s] 94%|█████████▍| 102/108 [01:14<00:04,  1.42it/s] 95%|█████████▌| 103/108 [01:14<00:03,  1.42it/s] 96%|█████████▋| 104/108 [01:15<00:02,  1.42it/s] 97%|█████████▋| 105/108 [01:16<00:02,  1.42it/s] 98%|█████████▊| 106/108 [01:16<00:01,  1.42it/s] 99%|█████████▉| 107/108 [01:17<00:00,  1.42it/s]100%|██████████| 108/108 [01:17<00:00,  1.68it/s]100%|██████████| 108/108 [01:18<00:00,  1.38it/s]
Epoch 72/200, Train Loss: 2.4834, Valid Loss: 2.4687
  0%|          | 0/108 [00:00<?, ?it/s]  1%|          | 1/108 [00:03<06:22,  3.57s/it]  2%|▏         | 2/108 [00:04<03:19,  1.88s/it]  3%|▎         | 3/108 [00:04<02:21,  1.34s/it]  4%|▎         | 4/108 [00:05<01:53,  1.09s/it]  5%|▍         | 5/108 [00:06<01:37,  1.05it/s]  6%|▌         | 6/108 [00:07<01:28,  1.15it/s]  6%|▋         | 7/108 [00:07<01:22,  1.23it/s]  7%|▋         | 8/108 [00:08<01:17,  1.28it/s]  8%|▊         | 9/108 [00:09<01:14,  1.33it/s]  9%|▉         | 10/108 [00:09<01:12,  1.35it/s] 10%|█         | 11/108 [00:10<01:10,  1.37it/s] 11%|█         | 12/108 [00:11<01:09,  1.39it/s] 12%|█▏        | 13/108 [00:12<01:07,  1.40it/s] 13%|█▎        | 14/108 [00:12<01:06,  1.40it/s] 14%|█▍        | 15/108 [00:13<01:05,  1.41it/s] 15%|█▍        | 16/108 [00:14<01:05,  1.41it/s] 16%|█▌        | 17/108 [00:14<01:04,  1.42it/s] 17%|█▋        | 18/108 [00:15<01:03,  1.42it/s] 18%|█▊        | 19/108 [00:16<01:02,  1.42it/s] 19%|█▊        | 20/108 [00:16<01:02,  1.42it/s] 19%|█▉        | 21/108 [00:17<01:01,  1.42it/s] 20%|██        | 22/108 [00:18<01:00,  1.42it/s] 21%|██▏       | 23/108 [00:19<00:59,  1.42it/s] 22%|██▏       | 24/108 [00:19<00:59,  1.42it/s] 23%|██▎       | 25/108 [00:20<00:58,  1.41it/s] 24%|██▍       | 26/108 [00:21<00:58,  1.41it/s] 25%|██▌       | 27/108 [00:21<00:57,  1.41it/s] 26%|██▌       | 28/108 [00:22<00:56,  1.42it/s] 27%|██▋       | 29/108 [00:23<00:55,  1.42it/s] 28%|██▊       | 30/108 [00:23<00:54,  1.42it/s] 29%|██▊       | 31/108 [00:24<00:54,  1.42it/s] 30%|██▉       | 32/108 [00:25<00:53,  1.42it/s] 31%|███       | 33/108 [00:26<00:52,  1.42it/s] 31%|███▏      | 34/108 [00:26<00:52,  1.42it/s] 32%|███▏      | 35/108 [00:27<00:51,  1.42it/s] 33%|███▎      | 36/108 [00:28<00:50,  1.42it/s] 34%|███▍      | 37/108 [00:28<00:49,  1.42it/s] 35%|███▌      | 38/108 [00:29<00:49,  1.42it/s] 36%|███▌      | 39/108 [00:30<00:48,  1.42it/s] 37%|███▋      | 40/108 [00:31<00:47,  1.42it/s] 38%|███▊      | 41/108 [00:31<00:47,  1.42it/s] 39%|███▉      | 42/108 [00:32<00:46,  1.42it/s] 40%|███▉      | 43/108 [00:33<00:45,  1.42it/s] 41%|████      | 44/108 [00:33<00:45,  1.42it/s] 42%|████▏     | 45/108 [00:34<00:44,  1.42it/s] 43%|████▎     | 46/108 [00:35<00:43,  1.42it/s] 44%|████▎     | 47/108 [00:35<00:42,  1.42it/s] 44%|████▍     | 48/108 [00:36<00:42,  1.42it/s] 45%|████▌     | 49/108 [00:37<00:41,  1.42it/s] 46%|████▋     | 50/108 [00:38<00:40,  1.42it/s] 47%|████▋     | 51/108 [00:38<00:40,  1.42it/s] 48%|████▊     | 52/108 [00:39<00:39,  1.42it/s] 49%|████▉     | 53/108 [00:40<00:38,  1.42it/s] 50%|█████     | 54/108 [00:40<00:38,  1.42it/s] 51%|█████     | 55/108 [00:41<00:37,  1.42it/s] 52%|█████▏    | 56/108 [00:42<00:36,  1.42it/s] 53%|█████▎    | 57/108 [00:43<00:35,  1.42it/s] 54%|█████▎    | 58/108 [00:43<00:35,  1.42it/s] 55%|█████▍    | 59/108 [00:44<00:34,  1.42it/s] 56%|█████▌    | 60/108 [00:45<00:33,  1.42it/s] 56%|█████▋    | 61/108 [00:45<00:33,  1.42it/s] 57%|█████▋    | 62/108 [00:46<00:32,  1.42it/s] 58%|█████▊    | 63/108 [00:47<00:31,  1.42it/s] 59%|█████▉    | 64/108 [00:47<00:31,  1.42it/s] 60%|██████    | 65/108 [00:48<00:30,  1.42it/s] 61%|██████    | 66/108 [00:49<00:29,  1.42it/s] 62%|██████▏   | 67/108 [00:50<00:28,  1.42it/s] 63%|██████▎   | 68/108 [00:50<00:28,  1.42it/s] 64%|██████▍   | 69/108 [00:51<00:27,  1.42it/s] 65%|██████▍   | 70/108 [00:52<00:26,  1.42it/s] 66%|██████▌   | 71/108 [00:52<00:26,  1.42it/s] 67%|██████▋   | 72/108 [00:53<00:25,  1.42it/s] 68%|██████▊   | 73/108 [00:54<00:24,  1.42it/s] 69%|██████▊   | 74/108 [00:54<00:23,  1.42it/s] 69%|██████▉   | 75/108 [00:55<00:23,  1.42it/s] 70%|███████   | 76/108 [00:56<00:22,  1.42it/s] 71%|███████▏  | 77/108 [00:57<00:21,  1.42it/s] 72%|███████▏  | 78/108 [00:57<00:21,  1.42it/s] 73%|███████▎  | 79/108 [00:58<00:20,  1.41it/s] 74%|███████▍  | 80/108 [00:59<00:19,  1.42it/s] 75%|███████▌  | 81/108 [00:59<00:19,  1.42it/s] 76%|███████▌  | 82/108 [01:00<00:18,  1.42it/s] 77%|███████▋  | 83/108 [01:01<00:17,  1.42it/s] 78%|███████▊  | 84/108 [01:02<00:16,  1.42it/s] 79%|███████▊  | 85/108 [01:02<00:16,  1.42it/s] 80%|███████▉  | 86/108 [01:03<00:15,  1.42it/s] 81%|████████  | 87/108 [01:04<00:14,  1.42it/s] 81%|████████▏ | 88/108 [01:04<00:14,  1.42it/s] 82%|████████▏ | 89/108 [01:05<00:13,  1.42it/s] 83%|████████▎ | 90/108 [01:06<00:12,  1.42it/s] 84%|████████▍ | 91/108 [01:06<00:11,  1.42it/s] 85%|████████▌ | 92/108 [01:07<00:11,  1.42it/s] 86%|████████▌ | 93/108 [01:08<00:10,  1.42it/s] 87%|████████▋ | 94/108 [01:09<00:09,  1.42it/s] 88%|████████▊ | 95/108 [01:09<00:09,  1.42it/s] 89%|████████▉ | 96/108 [01:10<00:08,  1.42it/s] 90%|████████▉ | 97/108 [01:11<00:07,  1.42it/s] 91%|█████████ | 98/108 [01:11<00:07,  1.42it/s] 92%|█████████▏| 99/108 [01:12<00:06,  1.42it/s] 93%|█████████▎| 100/108 [01:13<00:05,  1.42it/s] 94%|█████████▎| 101/108 [01:14<00:04,  1.42it/s] 94%|█████████▍| 102/108 [01:14<00:04,  1.42it/s] 95%|█████████▌| 103/108 [01:15<00:03,  1.42it/s] 96%|█████████▋| 104/108 [01:16<00:02,  1.42it/s] 97%|█████████▋| 105/108 [01:16<00:02,  1.42it/s] 98%|█████████▊| 106/108 [01:17<00:01,  1.42it/s] 99%|█████████▉| 107/108 [01:18<00:00,  1.42it/s]100%|██████████| 108/108 [01:18<00:00,  1.68it/s]100%|██████████| 108/108 [01:18<00:00,  1.37it/s]
Epoch 73/200, Train Loss: 2.4713, Valid Loss: 2.4419, save best model!
  0%|          | 0/108 [00:00<?, ?it/s]  1%|          | 1/108 [00:03<05:41,  3.19s/it]  2%|▏         | 2/108 [00:03<03:03,  1.73s/it]  3%|▎         | 3/108 [00:04<02:12,  1.26s/it]  4%|▎         | 4/108 [00:05<01:48,  1.04s/it]  5%|▍         | 5/108 [00:06<01:34,  1.09it/s]  6%|▌         | 6/108 [00:06<01:26,  1.18it/s]  6%|▋         | 7/108 [00:07<01:20,  1.25it/s]  7%|▋         | 8/108 [00:08<01:16,  1.30it/s]  8%|▊         | 9/108 [00:08<01:14,  1.34it/s]  9%|▉         | 10/108 [00:09<01:12,  1.36it/s] 10%|█         | 11/108 [00:10<01:10,  1.38it/s] 11%|█         | 12/108 [00:10<01:09,  1.39it/s] 12%|█▏        | 13/108 [00:11<01:08,  1.40it/s] 13%|█▎        | 14/108 [00:12<01:07,  1.40it/s] 14%|█▍        | 15/108 [00:13<01:06,  1.41it/s] 15%|█▍        | 16/108 [00:13<01:05,  1.41it/s] 16%|█▌        | 17/108 [00:14<01:04,  1.42it/s] 17%|█▋        | 18/108 [00:15<01:03,  1.42it/s] 18%|█▊        | 19/108 [00:15<01:02,  1.42it/s] 19%|█▊        | 20/108 [00:16<01:01,  1.42it/s] 19%|█▉        | 21/108 [00:17<01:01,  1.42it/s] 20%|██        | 22/108 [00:17<01:00,  1.42it/s] 21%|██▏       | 23/108 [00:18<00:59,  1.42it/s] 22%|██▏       | 24/108 [00:19<00:59,  1.42it/s] 23%|██▎       | 25/108 [00:20<00:58,  1.42it/s] 24%|██▍       | 26/108 [00:20<00:57,  1.42it/s] 25%|██▌       | 27/108 [00:21<00:57,  1.42it/s] 26%|██▌       | 28/108 [00:22<00:56,  1.42it/s] 27%|██▋       | 29/108 [00:22<00:55,  1.42it/s] 28%|██▊       | 30/108 [00:23<00:55,  1.42it/s] 29%|██▊       | 31/108 [00:24<00:54,  1.42it/s] 30%|██▉       | 32/108 [00:25<00:53,  1.42it/s] 31%|███       | 33/108 [00:25<00:52,  1.42it/s] 31%|███▏      | 34/108 [00:26<00:52,  1.42it/s] 32%|███▏      | 35/108 [00:27<00:51,  1.42it/s] 33%|███▎      | 36/108 [00:27<00:50,  1.42it/s] 34%|███▍      | 37/108 [00:28<00:50,  1.42it/s] 35%|███▌      | 38/108 [00:29<00:49,  1.42it/s] 36%|███▌      | 39/108 [00:29<00:48,  1.42it/s] 37%|███▋      | 40/108 [00:30<00:47,  1.42it/s] 38%|███▊      | 41/108 [00:31<00:47,  1.42it/s] 39%|███▉      | 42/108 [00:32<00:46,  1.42it/s] 40%|███▉      | 43/108 [00:32<00:45,  1.42it/s] 41%|████      | 44/108 [00:33<00:45,  1.42it/s] 42%|████▏     | 45/108 [00:34<00:44,  1.42it/s] 43%|████▎     | 46/108 [00:34<00:43,  1.42it/s] 44%|████▎     | 47/108 [00:35<00:42,  1.42it/s] 44%|████▍     | 48/108 [00:36<00:42,  1.42it/s] 45%|████▌     | 49/108 [00:37<00:41,  1.42it/s] 46%|████▋     | 50/108 [00:37<00:40,  1.42it/s] 47%|████▋     | 51/108 [00:38<00:40,  1.42it/s] 48%|████▊     | 52/108 [00:39<00:39,  1.42it/s] 49%|████▉     | 53/108 [00:39<00:38,  1.42it/s] 50%|█████     | 54/108 [00:40<00:38,  1.42it/s] 51%|█████     | 55/108 [00:41<00:37,  1.42it/s] 52%|█████▏    | 56/108 [00:41<00:36,  1.42it/s] 53%|█████▎    | 57/108 [00:42<00:35,  1.42it/s] 54%|█████▎    | 58/108 [00:43<00:35,  1.42it/s] 55%|█████▍    | 59/108 [00:44<00:34,  1.42it/s] 56%|█████▌    | 60/108 [00:44<00:33,  1.41it/s] 56%|█████▋    | 61/108 [00:45<00:33,  1.42it/s] 57%|█████▋    | 62/108 [00:46<00:32,  1.42it/s] 58%|█████▊    | 63/108 [00:46<00:31,  1.42it/s] 59%|█████▉    | 64/108 [00:47<00:31,  1.42it/s] 60%|██████    | 65/108 [00:48<00:30,  1.42it/s] 61%|██████    | 66/108 [00:48<00:29,  1.42it/s] 62%|██████▏   | 67/108 [00:49<00:28,  1.42it/s] 63%|██████▎   | 68/108 [00:50<00:28,  1.42it/s] 64%|██████▍   | 69/108 [00:51<00:27,  1.42it/s] 65%|██████▍   | 70/108 [00:51<00:26,  1.42it/s] 66%|██████▌   | 71/108 [00:52<00:26,  1.42it/s] 67%|██████▋   | 72/108 [00:53<00:25,  1.42it/s] 68%|██████▊   | 73/108 [00:53<00:24,  1.42it/s] 69%|██████▊   | 74/108 [00:54<00:23,  1.42it/s] 69%|██████▉   | 75/108 [00:55<00:23,  1.42it/s] 70%|███████   | 76/108 [00:56<00:22,  1.42it/s] 71%|███████▏  | 77/108 [00:56<00:21,  1.42it/s] 72%|███████▏  | 78/108 [00:57<00:21,  1.42it/s] 73%|███████▎  | 79/108 [00:58<00:20,  1.42it/s] 74%|███████▍  | 80/108 [00:58<00:19,  1.42it/s] 75%|███████▌  | 81/108 [00:59<00:19,  1.42it/s] 76%|███████▌  | 82/108 [01:00<00:18,  1.42it/s] 77%|███████▋  | 83/108 [01:00<00:17,  1.42it/s] 78%|███████▊  | 84/108 [01:01<00:16,  1.42it/s] 79%|███████▊  | 85/108 [01:02<00:16,  1.42it/s] 80%|███████▉  | 86/108 [01:03<00:15,  1.42it/s] 81%|████████  | 87/108 [01:03<00:14,  1.42it/s] 81%|████████▏ | 88/108 [01:04<00:14,  1.42it/s] 82%|████████▏ | 89/108 [01:05<00:13,  1.42it/s] 83%|████████▎ | 90/108 [01:05<00:12,  1.42it/s] 84%|████████▍ | 91/108 [01:06<00:11,  1.42it/s] 85%|████████▌ | 92/108 [01:07<00:11,  1.42it/s] 86%|████████▌ | 93/108 [01:08<00:10,  1.42it/s] 87%|████████▋ | 94/108 [01:08<00:09,  1.42it/s] 88%|████████▊ | 95/108 [01:09<00:09,  1.42it/s] 89%|████████▉ | 96/108 [01:10<00:08,  1.42it/s] 90%|████████▉ | 97/108 [01:10<00:07,  1.42it/s] 91%|█████████ | 98/108 [01:11<00:07,  1.42it/s] 92%|█████████▏| 99/108 [01:12<00:06,  1.42it/s] 93%|█████████▎| 100/108 [01:12<00:05,  1.42it/s] 94%|█████████▎| 101/108 [01:13<00:04,  1.42it/s] 94%|█████████▍| 102/108 [01:14<00:04,  1.42it/s] 95%|█████████▌| 103/108 [01:15<00:03,  1.42it/s] 96%|█████████▋| 104/108 [01:15<00:02,  1.42it/s] 97%|█████████▋| 105/108 [01:16<00:02,  1.42it/s] 98%|█████████▊| 106/108 [01:17<00:01,  1.42it/s] 99%|█████████▉| 107/108 [01:17<00:00,  1.42it/s]100%|██████████| 108/108 [01:18<00:00,  1.68it/s]100%|██████████| 108/108 [01:18<00:00,  1.38it/s]
Epoch 74/200, Train Loss: 2.4881, Valid Loss: 2.4668
  0%|          | 0/108 [00:00<?, ?it/s]  1%|          | 1/108 [00:02<05:16,  2.96s/it]  2%|▏         | 2/108 [00:03<02:53,  1.63s/it]  3%|▎         | 3/108 [00:04<02:06,  1.21s/it]  4%|▎         | 4/108 [00:05<01:44,  1.01s/it]  5%|▍         | 5/108 [00:05<01:33,  1.11it/s]  6%|▌         | 6/108 [00:06<01:25,  1.20it/s]  6%|▋         | 7/108 [00:07<01:19,  1.26it/s]  7%|▋         | 8/108 [00:07<01:16,  1.31it/s]  8%|▊         | 9/108 [00:08<01:13,  1.34it/s]  9%|▉         | 10/108 [00:09<01:11,  1.37it/s] 10%|█         | 11/108 [00:10<01:10,  1.38it/s] 11%|█         | 12/108 [00:10<01:08,  1.40it/s] 12%|█▏        | 13/108 [00:11<01:07,  1.40it/s] 13%|█▎        | 14/108 [00:12<01:06,  1.41it/s] 14%|█▍        | 15/108 [00:12<01:05,  1.41it/s] 15%|█▍        | 16/108 [00:13<01:05,  1.41it/s] 16%|█▌        | 17/108 [00:14<01:04,  1.42it/s] 17%|█▋        | 18/108 [00:14<01:03,  1.42it/s] 18%|█▊        | 19/108 [00:15<01:02,  1.42it/s] 19%|█▊        | 20/108 [00:16<01:01,  1.42it/s] 19%|█▉        | 21/108 [00:17<01:01,  1.42it/s] 20%|██        | 22/108 [00:17<01:00,  1.42it/s] 21%|██▏       | 23/108 [00:18<00:59,  1.42it/s] 22%|██▏       | 24/108 [00:19<00:59,  1.42it/s] 23%|██▎       | 25/108 [00:19<00:58,  1.42it/s] 24%|██▍       | 26/108 [00:20<00:57,  1.42it/s] 25%|██▌       | 27/108 [00:21<00:56,  1.42it/s] 26%|██▌       | 28/108 [00:21<00:56,  1.42it/s] 27%|██▋       | 29/108 [00:22<00:56,  1.41it/s] 28%|██▊       | 30/108 [00:23<00:55,  1.41it/s] 29%|██▊       | 31/108 [00:24<00:54,  1.42it/s] 30%|██▉       | 32/108 [00:24<00:53,  1.42it/s] 31%|███       | 33/108 [00:25<00:52,  1.42it/s] 31%|███▏      | 34/108 [00:26<00:52,  1.42it/s] 32%|███▏      | 35/108 [00:26<00:51,  1.42it/s] 33%|███▎      | 36/108 [00:27<00:50,  1.42it/s] 34%|███▍      | 37/108 [00:28<00:49,  1.42it/s] 35%|███▌      | 38/108 [00:29<00:49,  1.42it/s] 36%|███▌      | 39/108 [00:29<00:48,  1.42it/s] 37%|███▋      | 40/108 [00:30<00:47,  1.42it/s] 38%|███▊      | 41/108 [00:31<00:47,  1.42it/s] 39%|███▉      | 42/108 [00:31<00:46,  1.42it/s] 40%|███▉      | 43/108 [00:32<00:45,  1.42it/s] 41%|████      | 44/108 [00:33<00:45,  1.42it/s] 42%|████▏     | 45/108 [00:33<00:44,  1.42it/s] 43%|████▎     | 46/108 [00:34<00:43,  1.42it/s] 44%|████▎     | 47/108 [00:35<00:42,  1.42it/s] 44%|████▍     | 48/108 [00:36<00:42,  1.42it/s] 45%|████▌     | 49/108 [00:36<00:41,  1.42it/s] 46%|████▋     | 50/108 [00:37<00:40,  1.42it/s] 47%|████▋     | 51/108 [00:38<00:40,  1.42it/s] 48%|████▊     | 52/108 [00:38<00:39,  1.42it/s] 49%|████▉     | 53/108 [00:39<00:38,  1.42it/s] 50%|█████     | 54/108 [00:40<00:38,  1.42it/s] 51%|█████     | 55/108 [00:40<00:37,  1.42it/s] 52%|█████▏    | 56/108 [00:41<00:36,  1.41it/s] 53%|█████▎    | 57/108 [00:42<00:36,  1.42it/s] 54%|█████▎    | 58/108 [00:43<00:35,  1.42it/s] 55%|█████▍    | 59/108 [00:43<00:34,  1.42it/s] 56%|█████▌    | 60/108 [00:44<00:33,  1.42it/s] 56%|█████▋    | 61/108 [00:45<00:33,  1.42it/s] 57%|█████▋    | 62/108 [00:45<00:32,  1.42it/s] 58%|█████▊    | 63/108 [00:46<00:31,  1.42it/s] 59%|█████▉    | 64/108 [00:47<00:31,  1.42it/s] 60%|██████    | 65/108 [00:48<00:30,  1.42it/s] 61%|██████    | 66/108 [00:48<00:29,  1.42it/s] 62%|██████▏   | 67/108 [00:49<00:28,  1.42it/s] 63%|██████▎   | 68/108 [00:50<00:28,  1.42it/s] 64%|██████▍   | 69/108 [00:50<00:27,  1.42it/s] 65%|██████▍   | 70/108 [00:51<00:26,  1.42it/s] 66%|██████▌   | 71/108 [00:52<00:26,  1.42it/s] 67%|██████▋   | 72/108 [00:52<00:25,  1.42it/s] 68%|██████▊   | 73/108 [00:53<00:24,  1.42it/s] 69%|██████▊   | 74/108 [00:54<00:23,  1.42it/s] 69%|██████▉   | 75/108 [00:55<00:23,  1.42it/s] 70%|███████   | 76/108 [00:55<00:22,  1.42it/s] 71%|███████▏  | 77/108 [00:56<00:21,  1.42it/s] 72%|███████▏  | 78/108 [00:57<00:21,  1.42it/s] 73%|███████▎  | 79/108 [00:57<00:20,  1.42it/s] 74%|███████▍  | 80/108 [00:58<00:19,  1.42it/s] 75%|███████▌  | 81/108 [00:59<00:19,  1.42it/s] 76%|███████▌  | 82/108 [01:00<00:18,  1.42it/s] 77%|███████▋  | 83/108 [01:00<00:17,  1.42it/s] 78%|███████▊  | 84/108 [01:01<00:16,  1.42it/s] 79%|███████▊  | 85/108 [01:02<00:16,  1.42it/s] 80%|███████▉  | 86/108 [01:02<00:15,  1.42it/s] 81%|████████  | 87/108 [01:03<00:14,  1.42it/s] 81%|████████▏ | 88/108 [01:04<00:14,  1.42it/s] 82%|████████▏ | 89/108 [01:04<00:13,  1.42it/s] 83%|████████▎ | 90/108 [01:05<00:12,  1.42it/s] 84%|████████▍ | 91/108 [01:06<00:11,  1.42it/s] 85%|████████▌ | 92/108 [01:07<00:11,  1.42it/s] 86%|████████▌ | 93/108 [01:07<00:10,  1.42it/s] 87%|████████▋ | 94/108 [01:08<00:09,  1.42it/s] 88%|████████▊ | 95/108 [01:09<00:09,  1.42it/s] 89%|████████▉ | 96/108 [01:09<00:08,  1.42it/s] 90%|████████▉ | 97/108 [01:10<00:07,  1.42it/s] 91%|█████████ | 98/108 [01:11<00:07,  1.42it/s] 92%|█████████▏| 99/108 [01:11<00:06,  1.42it/s] 93%|█████████▎| 100/108 [01:12<00:05,  1.42it/s] 94%|█████████▎| 101/108 [01:13<00:04,  1.42it/s] 94%|█████████▍| 102/108 [01:14<00:04,  1.42it/s] 95%|█████████▌| 103/108 [01:14<00:03,  1.42it/s] 96%|█████████▋| 104/108 [01:15<00:02,  1.42it/s] 97%|█████████▋| 105/108 [01:16<00:02,  1.42it/s] 98%|█████████▊| 106/108 [01:16<00:01,  1.42it/s] 99%|█████████▉| 107/108 [01:17<00:00,  1.42it/s]100%|██████████| 108/108 [01:17<00:00,  1.68it/s]100%|██████████| 108/108 [01:18<00:00,  1.38it/s]
Epoch 75/200, Train Loss: 2.4806, Valid Loss: 2.5565
  0%|          | 0/108 [00:00<?, ?it/s]  1%|          | 1/108 [00:02<05:15,  2.95s/it]  2%|▏         | 2/108 [00:03<02:52,  1.63s/it]  3%|▎         | 3/108 [00:04<02:06,  1.20s/it]  4%|▎         | 4/108 [00:05<01:45,  1.01s/it]  5%|▍         | 5/108 [00:05<01:32,  1.11it/s]  6%|▌         | 6/108 [00:06<01:24,  1.20it/s]  6%|▋         | 7/108 [00:07<01:19,  1.27it/s]  7%|▋         | 8/108 [00:07<01:16,  1.31it/s]  8%|▊         | 9/108 [00:08<01:13,  1.35it/s]  9%|▉         | 10/108 [00:09<01:11,  1.37it/s] 10%|█         | 11/108 [00:09<01:10,  1.38it/s] 11%|█         | 12/108 [00:10<01:08,  1.40it/s] 12%|█▏        | 13/108 [00:11<01:07,  1.41it/s] 13%|█▎        | 14/108 [00:12<01:06,  1.41it/s] 14%|█▍        | 15/108 [00:12<01:05,  1.41it/s] 15%|█▍        | 16/108 [00:13<01:04,  1.42it/s] 16%|█▌        | 17/108 [00:14<01:04,  1.42it/s] 17%|█▋        | 18/108 [00:14<01:03,  1.42it/s] 18%|█▊        | 19/108 [00:15<01:02,  1.42it/s] 19%|█▊        | 20/108 [00:16<01:01,  1.42it/s] 19%|█▉        | 21/108 [00:17<01:01,  1.42it/s] 20%|██        | 22/108 [00:17<01:00,  1.42it/s] 21%|██▏       | 23/108 [00:18<00:59,  1.42it/s] 22%|██▏       | 24/108 [00:19<00:58,  1.42it/s] 23%|██▎       | 25/108 [00:19<00:58,  1.42it/s] 24%|██▍       | 26/108 [00:20<00:57,  1.42it/s] 25%|██▌       | 27/108 [00:21<00:56,  1.42it/s] 26%|██▌       | 28/108 [00:21<00:56,  1.42it/s] 27%|██▋       | 29/108 [00:22<00:55,  1.42it/s] 28%|██▊       | 30/108 [00:23<00:54,  1.42it/s] 29%|██▊       | 31/108 [00:24<00:54,  1.42it/s] 30%|██▉       | 32/108 [00:24<00:53,  1.42it/s] 31%|███       | 33/108 [00:25<00:52,  1.42it/s] 31%|███▏      | 34/108 [00:26<00:52,  1.42it/s] 32%|███▏      | 35/108 [00:26<00:51,  1.42it/s] 33%|███▎      | 36/108 [00:27<00:50,  1.42it/s] 34%|███▍      | 37/108 [00:28<00:49,  1.42it/s] 35%|███▌      | 38/108 [00:28<00:49,  1.42it/s] 36%|███▌      | 39/108 [00:29<00:48,  1.42it/s] 37%|███▋      | 40/108 [00:30<00:47,  1.42it/s] 38%|███▊      | 41/108 [00:31<00:47,  1.42it/s] 39%|███▉      | 42/108 [00:31<00:46,  1.42it/s] 40%|███▉      | 43/108 [00:32<00:45,  1.42it/s] 41%|████      | 44/108 [00:33<00:45,  1.42it/s] 42%|████▏     | 45/108 [00:33<00:44,  1.42it/s] 43%|████▎     | 46/108 [00:34<00:43,  1.42it/s] 44%|████▎     | 47/108 [00:35<00:42,  1.42it/s] 44%|████▍     | 48/108 [00:36<00:42,  1.42it/s] 45%|████▌     | 49/108 [00:36<00:41,  1.42it/s] 46%|████▋     | 50/108 [00:37<00:40,  1.42it/s] 47%|████▋     | 51/108 [00:38<00:40,  1.42it/s] 48%|████▊     | 52/108 [00:38<00:39,  1.42it/s] 49%|████▉     | 53/108 [00:39<00:38,  1.42it/s] 50%|█████     | 54/108 [00:40<00:38,  1.42it/s] 51%|█████     | 55/108 [00:40<00:37,  1.42it/s] 52%|█████▏    | 56/108 [00:41<00:36,  1.42it/s] 53%|█████▎    | 57/108 [00:42<00:35,  1.42it/s] 54%|█████▎    | 58/108 [00:43<00:35,  1.42it/s] 55%|█████▍    | 59/108 [00:43<00:34,  1.42it/s] 56%|█████▌    | 60/108 [00:44<00:33,  1.42it/s] 56%|█████▋    | 61/108 [00:45<00:33,  1.42it/s] 57%|█████▋    | 62/108 [00:45<00:32,  1.42it/s] 58%|█████▊    | 63/108 [00:46<00:31,  1.42it/s] 59%|█████▉    | 64/108 [00:47<00:30,  1.42it/s] 60%|██████    | 65/108 [00:47<00:30,  1.42it/s] 61%|██████    | 66/108 [00:48<00:29,  1.42it/s] 62%|██████▏   | 67/108 [00:49<00:28,  1.42it/s] 63%|██████▎   | 68/108 [00:50<00:28,  1.42it/s] 64%|██████▍   | 69/108 [00:50<00:27,  1.42it/s] 65%|██████▍   | 70/108 [00:51<00:26,  1.42it/s] 66%|██████▌   | 71/108 [00:52<00:26,  1.42it/s] 67%|██████▋   | 72/108 [00:52<00:25,  1.42it/s] 68%|██████▊   | 73/108 [00:53<00:24,  1.42it/s] 69%|██████▊   | 74/108 [00:54<00:23,  1.42it/s] 69%|██████▉   | 75/108 [00:55<00:23,  1.42it/s] 70%|███████   | 76/108 [00:55<00:22,  1.42it/s] 71%|███████▏  | 77/108 [00:56<00:21,  1.42it/s] 72%|███████▏  | 78/108 [00:57<00:21,  1.42it/s] 73%|███████▎  | 79/108 [00:57<00:20,  1.42it/s] 74%|███████▍  | 80/108 [00:58<00:19,  1.42it/s] 75%|███████▌  | 81/108 [00:59<00:18,  1.42it/s] 76%|███████▌  | 82/108 [00:59<00:18,  1.42it/s] 77%|███████▋  | 83/108 [01:00<00:17,  1.42it/s] 78%|███████▊  | 84/108 [01:01<00:16,  1.42it/s] 79%|███████▊  | 85/108 [01:02<00:16,  1.42it/s] 80%|███████▉  | 86/108 [01:02<00:15,  1.42it/s] 81%|████████  | 87/108 [01:03<00:14,  1.42it/s] 81%|████████▏ | 88/108 [01:04<00:14,  1.42it/s] 82%|████████▏ | 89/108 [01:04<00:13,  1.42it/s] 83%|████████▎ | 90/108 [01:05<00:12,  1.42it/s] 84%|████████▍ | 91/108 [01:06<00:11,  1.42it/s] 85%|████████▌ | 92/108 [01:06<00:11,  1.42it/s] 86%|████████▌ | 93/108 [01:07<00:10,  1.42it/s] 87%|████████▋ | 94/108 [01:08<00:09,  1.42it/s] 88%|████████▊ | 95/108 [01:09<00:09,  1.42it/s] 89%|████████▉ | 96/108 [01:09<00:08,  1.42it/s] 90%|████████▉ | 97/108 [01:10<00:07,  1.42it/s] 91%|█████████ | 98/108 [01:11<00:07,  1.42it/s] 92%|█████████▏| 99/108 [01:11<00:06,  1.42it/s] 93%|█████████▎| 100/108 [01:12<00:05,  1.42it/s] 94%|█████████▎| 101/108 [01:13<00:04,  1.42it/s] 94%|█████████▍| 102/108 [01:14<00:04,  1.42it/s] 95%|█████████▌| 103/108 [01:14<00:03,  1.42it/s] 96%|█████████▋| 104/108 [01:15<00:02,  1.42it/s] 97%|█████████▋| 105/108 [01:16<00:02,  1.42it/s] 98%|█████████▊| 106/108 [01:16<00:01,  1.42it/s] 99%|█████████▉| 107/108 [01:17<00:00,  1.42it/s]100%|██████████| 108/108 [01:17<00:00,  1.68it/s]100%|██████████| 108/108 [01:17<00:00,  1.38it/s]
Epoch 76/200, Train Loss: 2.4859, Valid Loss: 2.4633
  0%|          | 0/108 [00:00<?, ?it/s]  1%|          | 1/108 [00:02<05:04,  2.85s/it]  2%|▏         | 2/108 [00:03<02:48,  1.59s/it]  3%|▎         | 3/108 [00:04<02:04,  1.18s/it]  4%|▎         | 4/108 [00:04<01:43,  1.01it/s]  5%|▍         | 5/108 [00:05<01:31,  1.12it/s]  6%|▌         | 6/108 [00:06<01:24,  1.20it/s]  6%|▋         | 7/108 [00:07<01:19,  1.27it/s]  7%|▋         | 8/108 [00:07<01:16,  1.31it/s]  8%|▊         | 9/108 [00:08<01:13,  1.35it/s]  9%|▉         | 10/108 [00:09<01:11,  1.37it/s] 10%|█         | 11/108 [00:09<01:10,  1.38it/s] 11%|█         | 12/108 [00:10<01:08,  1.40it/s] 12%|█▏        | 13/108 [00:11<01:07,  1.41it/s] 13%|█▎        | 14/108 [00:11<01:06,  1.41it/s] 14%|█▍        | 15/108 [00:12<01:05,  1.42it/s] 15%|█▍        | 16/108 [00:13<01:04,  1.42it/s] 16%|█▌        | 17/108 [00:14<01:04,  1.42it/s] 17%|█▋        | 18/108 [00:14<01:03,  1.42it/s] 18%|█▊        | 19/108 [00:15<01:02,  1.42it/s] 19%|█▊        | 20/108 [00:16<01:01,  1.42it/s] 19%|█▉        | 21/108 [00:16<01:01,  1.42it/s] 20%|██        | 22/108 [00:17<01:00,  1.42it/s] 21%|██▏       | 23/108 [00:18<00:59,  1.42it/s] 22%|██▏       | 24/108 [00:19<00:59,  1.42it/s] 23%|██▎       | 25/108 [00:19<00:58,  1.42it/s] 24%|██▍       | 26/108 [00:20<00:57,  1.42it/s] 25%|██▌       | 27/108 [00:21<00:56,  1.42it/s] 26%|██▌       | 28/108 [00:21<00:56,  1.42it/s] 27%|██▋       | 29/108 [00:22<00:55,  1.42it/s] 28%|██▊       | 30/108 [00:23<00:55,  1.41it/s] 29%|██▊       | 31/108 [00:23<00:54,  1.41it/s] 30%|██▉       | 32/108 [00:24<00:53,  1.42it/s] 31%|███       | 33/108 [00:25<00:52,  1.42it/s] 31%|███▏      | 34/108 [00:26<00:52,  1.42it/s] 32%|███▏      | 35/108 [00:26<00:51,  1.42it/s] 33%|███▎      | 36/108 [00:27<00:50,  1.42it/s] 34%|███▍      | 37/108 [00:28<00:49,  1.42it/s] 35%|███▌      | 38/108 [00:28<00:49,  1.42it/s] 36%|███▌      | 39/108 [00:29<00:48,  1.42it/s] 37%|███▋      | 40/108 [00:30<00:47,  1.42it/s] 38%|███▊      | 41/108 [00:31<00:47,  1.42it/s] 39%|███▉      | 42/108 [00:31<00:46,  1.42it/s] 40%|███▉      | 43/108 [00:32<00:45,  1.42it/s] 41%|████      | 44/108 [00:33<00:45,  1.42it/s] 42%|████▏     | 45/108 [00:33<00:44,  1.42it/s] 43%|████▎     | 46/108 [00:34<00:43,  1.42it/s] 44%|████▎     | 47/108 [00:35<00:42,  1.42it/s] 44%|████▍     | 48/108 [00:35<00:42,  1.42it/s] 45%|████▌     | 49/108 [00:36<00:41,  1.42it/s] 46%|████▋     | 50/108 [00:37<00:40,  1.42it/s] 47%|████▋     | 51/108 [00:38<00:40,  1.42it/s] 48%|████▊     | 52/108 [00:38<00:39,  1.42it/s] 49%|████▉     | 53/108 [00:39<00:38,  1.42it/s] 50%|█████     | 54/108 [00:40<00:38,  1.42it/s] 51%|█████     | 55/108 [00:40<00:37,  1.42it/s] 52%|█████▏    | 56/108 [00:41<00:36,  1.42it/s] 53%|█████▎    | 57/108 [00:42<00:35,  1.42it/s] 54%|█████▎    | 58/108 [00:42<00:35,  1.42it/s] 55%|█████▍    | 59/108 [00:43<00:34,  1.42it/s] 56%|█████▌    | 60/108 [00:44<00:33,  1.42it/s] 56%|█████▋    | 61/108 [00:45<00:33,  1.42it/s] 57%|█████▋    | 62/108 [00:45<00:32,  1.42it/s] 58%|█████▊    | 63/108 [00:46<00:31,  1.42it/s] 59%|█████▉    | 64/108 [00:47<00:30,  1.42it/s] 60%|██████    | 65/108 [00:47<00:30,  1.42it/s] 61%|██████    | 66/108 [00:48<00:29,  1.42it/s] 62%|██████▏   | 67/108 [00:49<00:28,  1.42it/s] 63%|██████▎   | 68/108 [00:50<00:28,  1.42it/s] 64%|██████▍   | 69/108 [00:50<00:27,  1.42it/s] 65%|██████▍   | 70/108 [00:51<00:26,  1.42it/s] 66%|██████▌   | 71/108 [00:52<00:26,  1.42it/s] 67%|██████▋   | 72/108 [00:52<00:25,  1.42it/s] 68%|██████▊   | 73/108 [00:53<00:24,  1.42it/s] 69%|██████▊   | 74/108 [00:54<00:23,  1.42it/s] 69%|██████▉   | 75/108 [00:54<00:23,  1.42it/s] 70%|███████   | 76/108 [00:55<00:22,  1.42it/s] 71%|███████▏  | 77/108 [00:56<00:21,  1.42it/s] 72%|███████▏  | 78/108 [00:57<00:21,  1.42it/s] 73%|███████▎  | 79/108 [00:57<00:20,  1.42it/s] 74%|███████▍  | 80/108 [00:58<00:19,  1.42it/s] 75%|███████▌  | 81/108 [00:59<00:19,  1.42it/s] 76%|███████▌  | 82/108 [00:59<00:18,  1.42it/s] 77%|███████▋  | 83/108 [01:00<00:17,  1.42it/s] 78%|███████▊  | 84/108 [01:01<00:16,  1.42it/s] 79%|███████▊  | 85/108 [01:01<00:16,  1.42it/s] 80%|███████▉  | 86/108 [01:02<00:15,  1.42it/s] 81%|████████  | 87/108 [01:03<00:14,  1.42it/s] 81%|████████▏ | 88/108 [01:04<00:14,  1.42it/s] 82%|████████▏ | 89/108 [01:04<00:13,  1.42it/s] 83%|████████▎ | 90/108 [01:05<00:12,  1.42it/s] 84%|████████▍ | 91/108 [01:06<00:11,  1.42it/s] 85%|████████▌ | 92/108 [01:06<00:11,  1.42it/s] 86%|████████▌ | 93/108 [01:07<00:10,  1.42it/s] 87%|████████▋ | 94/108 [01:08<00:09,  1.42it/s] 88%|████████▊ | 95/108 [01:09<00:09,  1.42it/s] 89%|████████▉ | 96/108 [01:09<00:08,  1.42it/s] 90%|████████▉ | 97/108 [01:10<00:07,  1.42it/s] 91%|█████████ | 98/108 [01:11<00:07,  1.42it/s] 92%|█████████▏| 99/108 [01:11<00:06,  1.42it/s] 93%|█████████▎| 100/108 [01:12<00:05,  1.42it/s] 94%|█████████▎| 101/108 [01:13<00:04,  1.42it/s] 94%|█████████▍| 102/108 [01:13<00:04,  1.42it/s] 95%|█████████▌| 103/108 [01:14<00:03,  1.42it/s] 96%|█████████▋| 104/108 [01:15<00:02,  1.42it/s] 97%|█████████▋| 105/108 [01:16<00:02,  1.42it/s] 98%|█████████▊| 106/108 [01:16<00:01,  1.42it/s] 99%|█████████▉| 107/108 [01:17<00:00,  1.42it/s]100%|██████████| 108/108 [01:17<00:00,  1.68it/s]100%|██████████| 108/108 [01:17<00:00,  1.39it/s]
Epoch 77/200, Train Loss: 2.4769, Valid Loss: 2.4632
  0%|          | 0/108 [00:00<?, ?it/s]  1%|          | 1/108 [00:03<06:15,  3.51s/it]  2%|▏         | 2/108 [00:04<03:16,  1.86s/it]  3%|▎         | 3/108 [00:04<02:19,  1.33s/it]  4%|▎         | 4/108 [00:05<01:52,  1.08s/it]  5%|▍         | 5/108 [00:06<01:37,  1.06it/s]  6%|▌         | 6/108 [00:07<01:28,  1.16it/s]  6%|▋         | 7/108 [00:07<01:21,  1.23it/s]  7%|▋         | 8/108 [00:08<01:17,  1.29it/s]  8%|▊         | 9/108 [00:09<01:14,  1.33it/s]  9%|▉         | 10/108 [00:09<01:12,  1.36it/s] 10%|█         | 11/108 [00:10<01:10,  1.37it/s] 11%|█         | 12/108 [00:11<01:09,  1.39it/s] 12%|█▏        | 13/108 [00:11<01:07,  1.40it/s] 13%|█▎        | 14/108 [00:12<01:06,  1.41it/s] 14%|█▍        | 15/108 [00:13<01:05,  1.41it/s] 15%|█▍        | 16/108 [00:14<01:04,  1.42it/s] 16%|█▌        | 17/108 [00:14<01:04,  1.42it/s] 17%|█▋        | 18/108 [00:15<01:03,  1.42it/s] 18%|█▊        | 19/108 [00:16<01:02,  1.42it/s] 19%|█▊        | 20/108 [00:16<01:01,  1.42it/s] 19%|█▉        | 21/108 [00:17<01:01,  1.42it/s] 20%|██        | 22/108 [00:18<01:00,  1.42it/s] 21%|██▏       | 23/108 [00:18<00:59,  1.42it/s] 22%|██▏       | 24/108 [00:19<00:59,  1.42it/s] 23%|██▎       | 25/108 [00:20<00:58,  1.41it/s] 24%|██▍       | 26/108 [00:21<00:58,  1.41it/s] 25%|██▌       | 27/108 [00:21<00:57,  1.42it/s] 26%|██▌       | 28/108 [00:22<00:56,  1.42it/s] 27%|██▋       | 29/108 [00:23<00:55,  1.42it/s] 28%|██▊       | 30/108 [00:23<00:54,  1.42it/s] 29%|██▊       | 31/108 [00:24<00:54,  1.42it/s] 30%|██▉       | 32/108 [00:25<00:53,  1.42it/s] 31%|███       | 33/108 [00:26<00:52,  1.42it/s] 31%|███▏      | 34/108 [00:26<00:52,  1.42it/s] 32%|███▏      | 35/108 [00:27<00:51,  1.42it/s] 33%|███▎      | 36/108 [00:28<00:50,  1.42it/s] 34%|███▍      | 37/108 [00:28<00:50,  1.42it/s] 35%|███▌      | 38/108 [00:29<00:49,  1.42it/s] 36%|███▌      | 39/108 [00:30<00:48,  1.42it/s] 37%|███▋      | 40/108 [00:30<00:47,  1.42it/s] 38%|███▊      | 41/108 [00:31<00:47,  1.42it/s] 39%|███▉      | 42/108 [00:32<00:46,  1.42it/s] 40%|███▉      | 43/108 [00:33<00:45,  1.42it/s] 41%|████      | 44/108 [00:33<00:45,  1.42it/s] 42%|████▏     | 45/108 [00:34<00:44,  1.42it/s] 43%|████▎     | 46/108 [00:35<00:43,  1.42it/s] 44%|████▎     | 47/108 [00:35<00:42,  1.42it/s] 44%|████▍     | 48/108 [00:36<00:42,  1.42it/s] 45%|████▌     | 49/108 [00:37<00:41,  1.42it/s] 46%|████▋     | 50/108 [00:38<00:40,  1.42it/s] 47%|████▋     | 51/108 [00:38<00:40,  1.42it/s] 48%|████▊     | 52/108 [00:39<00:39,  1.42it/s] 49%|████▉     | 53/108 [00:40<00:38,  1.42it/s] 50%|█████     | 54/108 [00:40<00:38,  1.42it/s] 51%|█████     | 55/108 [00:41<00:37,  1.42it/s] 52%|█████▏    | 56/108 [00:42<00:36,  1.42it/s] 53%|█████▎    | 57/108 [00:42<00:35,  1.42it/s] 54%|█████▎    | 58/108 [00:43<00:35,  1.42it/s] 55%|█████▍    | 59/108 [00:44<00:34,  1.42it/s] 56%|█████▌    | 60/108 [00:45<00:33,  1.42it/s] 56%|█████▋    | 61/108 [00:45<00:33,  1.42it/s] 57%|█████▋    | 62/108 [00:46<00:32,  1.42it/s] 58%|█████▊    | 63/108 [00:47<00:31,  1.42it/s] 59%|█████▉    | 64/108 [00:47<00:30,  1.42it/s] 60%|██████    | 65/108 [00:48<00:30,  1.42it/s] 61%|██████    | 66/108 [00:49<00:29,  1.42it/s] 62%|██████▏   | 67/108 [00:49<00:28,  1.42it/s] 63%|██████▎   | 68/108 [00:50<00:28,  1.42it/s] 64%|██████▍   | 69/108 [00:51<00:27,  1.42it/s] 65%|██████▍   | 70/108 [00:52<00:26,  1.42it/s] 66%|██████▌   | 71/108 [00:52<00:26,  1.42it/s] 67%|██████▋   | 72/108 [00:53<00:25,  1.42it/s] 68%|██████▊   | 73/108 [00:54<00:24,  1.42it/s] 69%|██████▊   | 74/108 [00:54<00:23,  1.42it/s] 69%|██████▉   | 75/108 [00:55<00:23,  1.42it/s] 70%|███████   | 76/108 [00:56<00:22,  1.42it/s] 71%|███████▏  | 77/108 [00:57<00:21,  1.42it/s] 72%|███████▏  | 78/108 [00:57<00:21,  1.42it/s] 73%|███████▎  | 79/108 [00:58<00:20,  1.42it/s] 74%|███████▍  | 80/108 [00:59<00:19,  1.42it/s] 75%|███████▌  | 81/108 [00:59<00:19,  1.42it/s] 76%|███████▌  | 82/108 [01:00<00:18,  1.42it/s] 77%|███████▋  | 83/108 [01:01<00:17,  1.42it/s] 78%|███████▊  | 84/108 [01:01<00:16,  1.42it/s] 79%|███████▊  | 85/108 [01:02<00:16,  1.42it/s] 80%|███████▉  | 86/108 [01:03<00:15,  1.42it/s] 81%|████████  | 87/108 [01:04<00:14,  1.42it/s] 81%|████████▏ | 88/108 [01:04<00:14,  1.42it/s] 82%|████████▏ | 89/108 [01:05<00:13,  1.42it/s] 83%|████████▎ | 90/108 [01:06<00:12,  1.42it/s] 84%|████████▍ | 91/108 [01:06<00:11,  1.42it/s] 85%|████████▌ | 92/108 [01:07<00:11,  1.42it/s] 86%|████████▌ | 93/108 [01:08<00:10,  1.42it/s] 87%|████████▋ | 94/108 [01:09<00:09,  1.42it/s] 88%|████████▊ | 95/108 [01:09<00:09,  1.42it/s] 89%|████████▉ | 96/108 [01:10<00:08,  1.42it/s] 90%|████████▉ | 97/108 [01:11<00:07,  1.42it/s] 91%|█████████ | 98/108 [01:11<00:07,  1.42it/s] 92%|█████████▏| 99/108 [01:12<00:06,  1.42it/s] 93%|█████████▎| 100/108 [01:13<00:05,  1.42it/s] 94%|█████████▎| 101/108 [01:13<00:04,  1.42it/s] 94%|█████████▍| 102/108 [01:14<00:04,  1.42it/s] 95%|█████████▌| 103/108 [01:15<00:03,  1.42it/s] 96%|█████████▋| 104/108 [01:16<00:02,  1.42it/s] 97%|█████████▋| 105/108 [01:16<00:02,  1.42it/s] 98%|█████████▊| 106/108 [01:17<00:01,  1.42it/s] 99%|█████████▉| 107/108 [01:18<00:00,  1.42it/s]100%|██████████| 108/108 [01:18<00:00,  1.68it/s]100%|██████████| 108/108 [01:18<00:00,  1.37it/s]
Epoch 78/200, Train Loss: 2.4710, Valid Loss: 2.4598
  0%|          | 0/108 [00:00<?, ?it/s]  1%|          | 1/108 [00:03<05:33,  3.12s/it]  2%|▏         | 2/108 [00:03<02:59,  1.70s/it]  3%|▎         | 3/108 [00:04<02:10,  1.24s/it]  4%|▎         | 4/108 [00:05<01:47,  1.03s/it]  5%|▍         | 5/108 [00:05<01:33,  1.10it/s]  6%|▌         | 6/108 [00:06<01:26,  1.18it/s]  6%|▋         | 7/108 [00:07<01:20,  1.25it/s]  7%|▋         | 8/108 [00:08<01:16,  1.30it/s]  8%|▊         | 9/108 [00:08<01:14,  1.34it/s]  9%|▉         | 10/108 [00:09<01:11,  1.36it/s] 10%|█         | 11/108 [00:10<01:10,  1.38it/s] 11%|█         | 12/108 [00:10<01:08,  1.39it/s] 12%|█▏        | 13/108 [00:11<01:07,  1.40it/s] 13%|█▎        | 14/108 [00:12<01:06,  1.41it/s] 14%|█▍        | 15/108 [00:12<01:05,  1.41it/s] 15%|█▍        | 16/108 [00:13<01:05,  1.41it/s] 16%|█▌        | 17/108 [00:14<01:04,  1.42it/s] 17%|█▋        | 18/108 [00:15<01:03,  1.42it/s] 18%|█▊        | 19/108 [00:15<01:02,  1.42it/s] 19%|█▊        | 20/108 [00:16<01:01,  1.42it/s] 19%|█▉        | 21/108 [00:17<01:01,  1.42it/s] 20%|██        | 22/108 [00:17<01:00,  1.42it/s] 21%|██▏       | 23/108 [00:18<00:59,  1.42it/s] 22%|██▏       | 24/108 [00:19<00:59,  1.42it/s] 23%|██▎       | 25/108 [00:20<00:58,  1.42it/s] 24%|██▍       | 26/108 [00:20<00:57,  1.42it/s] 25%|██▌       | 27/108 [00:21<00:57,  1.42it/s] 26%|██▌       | 28/108 [00:22<00:56,  1.42it/s] 27%|██▋       | 29/108 [00:22<00:55,  1.42it/s] 28%|██▊       | 30/108 [00:23<00:55,  1.42it/s] 29%|██▊       | 31/108 [00:24<00:54,  1.42it/s] 30%|██▉       | 32/108 [00:24<00:53,  1.42it/s] 31%|███       | 33/108 [00:25<00:52,  1.42it/s] 31%|███▏      | 34/108 [00:26<00:52,  1.42it/s] 32%|███▏      | 35/108 [00:27<00:51,  1.42it/s] 33%|███▎      | 36/108 [00:27<00:50,  1.42it/s] 34%|███▍      | 37/108 [00:28<00:50,  1.41it/s] 35%|███▌      | 38/108 [00:29<00:49,  1.42it/s] 36%|███▌      | 39/108 [00:29<00:48,  1.42it/s] 37%|███▋      | 40/108 [00:30<00:47,  1.42it/s] 38%|███▊      | 41/108 [00:31<00:47,  1.42it/s] 39%|███▉      | 42/108 [00:32<00:46,  1.42it/s] 40%|███▉      | 43/108 [00:32<00:45,  1.42it/s] 41%|████      | 44/108 [00:33<00:45,  1.42it/s] 42%|████▏     | 45/108 [00:34<00:44,  1.42it/s] 43%|████▎     | 46/108 [00:34<00:43,  1.42it/s] 44%|████▎     | 47/108 [00:35<00:42,  1.42it/s] 44%|████▍     | 48/108 [00:36<00:42,  1.42it/s] 45%|████▌     | 49/108 [00:36<00:41,  1.42it/s] 46%|████▋     | 50/108 [00:37<00:40,  1.42it/s] 47%|████▋     | 51/108 [00:38<00:40,  1.42it/s] 48%|████▊     | 52/108 [00:39<00:39,  1.42it/s] 49%|████▉     | 53/108 [00:39<00:38,  1.42it/s] 50%|█████     | 54/108 [00:40<00:38,  1.42it/s] 51%|█████     | 55/108 [00:41<00:37,  1.42it/s] 52%|█████▏    | 56/108 [00:41<00:36,  1.42it/s] 53%|█████▎    | 57/108 [00:42<00:35,  1.42it/s] 54%|█████▎    | 58/108 [00:43<00:35,  1.42it/s] 55%|█████▍    | 59/108 [00:43<00:34,  1.42it/s] 56%|█████▌    | 60/108 [00:44<00:33,  1.42it/s] 56%|█████▋    | 61/108 [00:45<00:33,  1.42it/s] 57%|█████▋    | 62/108 [00:46<00:32,  1.42it/s] 58%|█████▊    | 63/108 [00:46<00:31,  1.42it/s] 59%|█████▉    | 64/108 [00:47<00:31,  1.42it/s] 60%|██████    | 65/108 [00:48<00:30,  1.42it/s] 61%|██████    | 66/108 [00:48<00:29,  1.42it/s] 62%|██████▏   | 67/108 [00:49<00:28,  1.42it/s] 63%|██████▎   | 68/108 [00:50<00:28,  1.42it/s] 64%|██████▍   | 69/108 [00:51<00:27,  1.42it/s] 65%|██████▍   | 70/108 [00:51<00:26,  1.42it/s] 66%|██████▌   | 71/108 [00:52<00:26,  1.42it/s] 67%|██████▋   | 72/108 [00:53<00:25,  1.42it/s] 68%|██████▊   | 73/108 [00:53<00:24,  1.42it/s] 69%|██████▊   | 74/108 [00:54<00:24,  1.42it/s] 69%|██████▉   | 75/108 [00:55<00:23,  1.41it/s] 70%|███████   | 76/108 [00:55<00:22,  1.41it/s] 71%|███████▏  | 77/108 [00:56<00:21,  1.42it/s] 72%|███████▏  | 78/108 [00:57<00:21,  1.41it/s] 73%|███████▎  | 79/108 [00:58<00:20,  1.42it/s] 74%|███████▍  | 80/108 [00:58<00:19,  1.42it/s] 75%|███████▌  | 81/108 [00:59<00:19,  1.42it/s] 76%|███████▌  | 82/108 [01:00<00:18,  1.42it/s] 77%|███████▋  | 83/108 [01:00<00:17,  1.42it/s] 78%|███████▊  | 84/108 [01:01<00:16,  1.42it/s] 79%|███████▊  | 85/108 [01:02<00:16,  1.42it/s] 80%|███████▉  | 86/108 [01:03<00:15,  1.42it/s] 81%|████████  | 87/108 [01:03<00:14,  1.42it/s] 81%|████████▏ | 88/108 [01:04<00:14,  1.42it/s] 82%|████████▏ | 89/108 [01:05<00:13,  1.42it/s] 83%|████████▎ | 90/108 [01:05<00:12,  1.42it/s] 84%|████████▍ | 91/108 [01:06<00:11,  1.42it/s] 85%|████████▌ | 92/108 [01:07<00:11,  1.42it/s] 86%|████████▌ | 93/108 [01:07<00:10,  1.42it/s] 87%|████████▋ | 94/108 [01:08<00:09,  1.42it/s] 88%|████████▊ | 95/108 [01:09<00:09,  1.42it/s] 89%|████████▉ | 96/108 [01:10<00:08,  1.42it/s] 90%|████████▉ | 97/108 [01:10<00:07,  1.42it/s] 91%|█████████ | 98/108 [01:11<00:07,  1.42it/s] 92%|█████████▏| 99/108 [01:12<00:06,  1.42it/s] 93%|█████████▎| 100/108 [01:12<00:05,  1.42it/s] 94%|█████████▎| 101/108 [01:13<00:04,  1.42it/s] 94%|█████████▍| 102/108 [01:14<00:04,  1.42it/s] 95%|█████████▌| 103/108 [01:14<00:03,  1.42it/s] 96%|█████████▋| 104/108 [01:15<00:02,  1.42it/s] 97%|█████████▋| 105/108 [01:16<00:02,  1.42it/s] 98%|█████████▊| 106/108 [01:17<00:01,  1.42it/s] 99%|█████████▉| 107/108 [01:17<00:00,  1.42it/s]100%|██████████| 108/108 [01:18<00:00,  1.68it/s]100%|██████████| 108/108 [01:18<00:00,  1.38it/s]
Epoch 79/200, Train Loss: 2.4823, Valid Loss: 2.5274
  0%|          | 0/108 [00:00<?, ?it/s]  1%|          | 1/108 [00:03<05:35,  3.14s/it]  2%|▏         | 2/108 [00:03<03:00,  1.71s/it]  3%|▎         | 3/108 [00:04<02:11,  1.25s/it]  4%|▎         | 4/108 [00:05<01:47,  1.03s/it]  5%|▍         | 5/108 [00:05<01:34,  1.09it/s]  6%|▌         | 6/108 [00:06<01:26,  1.18it/s]  6%|▋         | 7/108 [00:07<01:20,  1.25it/s]  7%|▋         | 8/108 [00:08<01:16,  1.30it/s]  8%|▊         | 9/108 [00:08<01:14,  1.34it/s]  9%|▉         | 10/108 [00:09<01:12,  1.36it/s] 10%|█         | 11/108 [00:10<01:10,  1.38it/s] 11%|█         | 12/108 [00:10<01:08,  1.39it/s] 12%|█▏        | 13/108 [00:11<01:07,  1.40it/s] 13%|█▎        | 14/108 [00:12<01:06,  1.41it/s] 14%|█▍        | 15/108 [00:12<01:05,  1.41it/s] 15%|█▍        | 16/108 [00:13<01:05,  1.42it/s] 16%|█▌        | 17/108 [00:14<01:04,  1.42it/s] 17%|█▋        | 18/108 [00:15<01:03,  1.42it/s] 18%|█▊        | 19/108 [00:15<01:02,  1.42it/s] 19%|█▊        | 20/108 [00:16<01:01,  1.42it/s] 19%|█▉        | 21/108 [00:17<01:01,  1.42it/s] 20%|██        | 22/108 [00:17<01:00,  1.42it/s] 21%|██▏       | 23/108 [00:18<00:59,  1.42it/s] 22%|██▏       | 24/108 [00:19<00:59,  1.42it/s] 23%|██▎       | 25/108 [00:20<00:58,  1.42it/s] 24%|██▍       | 26/108 [00:20<00:57,  1.42it/s] 25%|██▌       | 27/108 [00:21<00:57,  1.42it/s] 26%|██▌       | 28/108 [00:22<00:56,  1.42it/s] 27%|██▋       | 29/108 [00:22<00:55,  1.42it/s] 28%|██▊       | 30/108 [00:23<00:55,  1.41it/s] 29%|██▊       | 31/108 [00:24<00:54,  1.41it/s] 30%|██▉       | 32/108 [00:24<00:53,  1.42it/s] 31%|███       | 33/108 [00:25<00:52,  1.42it/s] 31%|███▏      | 34/108 [00:26<00:52,  1.42it/s] 32%|███▏      | 35/108 [00:27<00:51,  1.42it/s] 33%|███▎      | 36/108 [00:27<00:50,  1.42it/s] 34%|███▍      | 37/108 [00:28<00:49,  1.42it/s] 35%|███▌      | 38/108 [00:29<00:49,  1.42it/s] 36%|███▌      | 39/108 [00:29<00:48,  1.42it/s] 37%|███▋      | 40/108 [00:30<00:47,  1.42it/s] 38%|███▊      | 41/108 [00:31<00:47,  1.42it/s] 39%|███▉      | 42/108 [00:31<00:46,  1.42it/s] 40%|███▉      | 43/108 [00:32<00:45,  1.42it/s] 41%|████      | 44/108 [00:33<00:44,  1.42it/s] 42%|████▏     | 45/108 [00:34<00:44,  1.42it/s] 43%|████▎     | 46/108 [00:34<00:43,  1.42it/s] 44%|████▎     | 47/108 [00:35<00:42,  1.42it/s] 44%|████▍     | 48/108 [00:36<00:42,  1.42it/s] 45%|████▌     | 49/108 [00:36<00:41,  1.42it/s] 46%|████▋     | 50/108 [00:37<00:40,  1.42it/s] 47%|████▋     | 51/108 [00:38<00:40,  1.42it/s] 48%|████▊     | 52/108 [00:39<00:39,  1.42it/s] 49%|████▉     | 53/108 [00:39<00:38,  1.42it/s] 50%|█████     | 54/108 [00:40<00:38,  1.42it/s] 51%|█████     | 55/108 [00:41<00:37,  1.42it/s] 52%|█████▏    | 56/108 [00:41<00:36,  1.42it/s] 53%|█████▎    | 57/108 [00:42<00:36,  1.42it/s] 54%|█████▎    | 58/108 [00:43<00:35,  1.42it/s] 55%|█████▍    | 59/108 [00:43<00:34,  1.41it/s] 56%|█████▌    | 60/108 [00:44<00:33,  1.41it/s] 56%|█████▋    | 61/108 [00:45<00:33,  1.41it/s] 57%|█████▋    | 62/108 [00:46<00:32,  1.42it/s] 58%|█████▊    | 63/108 [00:46<00:31,  1.42it/s] 59%|█████▉    | 64/108 [00:47<00:30,  1.42it/s] 60%|██████    | 65/108 [00:48<00:30,  1.42it/s] 61%|██████    | 66/108 [00:48<00:29,  1.42it/s] 62%|██████▏   | 67/108 [00:49<00:28,  1.42it/s] 63%|██████▎   | 68/108 [00:50<00:28,  1.42it/s] 64%|██████▍   | 69/108 [00:51<00:27,  1.42it/s] 65%|██████▍   | 70/108 [00:51<00:26,  1.42it/s] 66%|██████▌   | 71/108 [00:52<00:26,  1.42it/s] 67%|██████▋   | 72/108 [00:53<00:25,  1.42it/s] 68%|██████▊   | 73/108 [00:53<00:24,  1.42it/s] 69%|██████▊   | 74/108 [00:54<00:23,  1.42it/s] 69%|██████▉   | 75/108 [00:55<00:23,  1.42it/s] 70%|███████   | 76/108 [00:55<00:22,  1.42it/s] 71%|███████▏  | 77/108 [00:56<00:21,  1.42it/s] 72%|███████▏  | 78/108 [00:57<00:21,  1.42it/s] 73%|███████▎  | 79/108 [00:58<00:20,  1.42it/s] 74%|███████▍  | 80/108 [00:58<00:19,  1.42it/s] 75%|███████▌  | 81/108 [00:59<00:19,  1.42it/s] 76%|███████▌  | 82/108 [01:00<00:18,  1.42it/s] 77%|███████▋  | 83/108 [01:00<00:17,  1.42it/s] 78%|███████▊  | 84/108 [01:01<00:16,  1.42it/s] 79%|███████▊  | 85/108 [01:02<00:16,  1.42it/s] 80%|███████▉  | 86/108 [01:03<00:15,  1.42it/s] 81%|████████  | 87/108 [01:03<00:14,  1.42it/s] 81%|████████▏ | 88/108 [01:04<00:14,  1.42it/s] 82%|████████▏ | 89/108 [01:05<00:13,  1.42it/s] 83%|████████▎ | 90/108 [01:05<00:12,  1.42it/s] 84%|████████▍ | 91/108 [01:06<00:11,  1.42it/s] 85%|████████▌ | 92/108 [01:07<00:11,  1.42it/s] 86%|████████▌ | 93/108 [01:07<00:10,  1.42it/s] 87%|████████▋ | 94/108 [01:08<00:09,  1.42it/s] 88%|████████▊ | 95/108 [01:09<00:09,  1.42it/s] 89%|████████▉ | 96/108 [01:10<00:08,  1.42it/s] 90%|████████▉ | 97/108 [01:10<00:07,  1.42it/s] 91%|█████████ | 98/108 [01:11<00:07,  1.42it/s] 92%|█████████▏| 99/108 [01:12<00:06,  1.42it/s] 93%|█████████▎| 100/108 [01:12<00:05,  1.42it/s] 94%|█████████▎| 101/108 [01:13<00:04,  1.42it/s] 94%|█████████▍| 102/108 [01:14<00:04,  1.42it/s] 95%|█████████▌| 103/108 [01:14<00:03,  1.42it/s] 96%|█████████▋| 104/108 [01:15<00:02,  1.42it/s] 97%|█████████▋| 105/108 [01:16<00:02,  1.42it/s] 98%|█████████▊| 106/108 [01:17<00:01,  1.42it/s] 99%|█████████▉| 107/108 [01:17<00:00,  1.42it/s]100%|██████████| 108/108 [01:18<00:00,  1.68it/s]100%|██████████| 108/108 [01:18<00:00,  1.38it/s]
Epoch 80/200, Train Loss: 2.4687, Valid Loss: 2.4541
  0%|          | 0/108 [00:00<?, ?it/s]  1%|          | 1/108 [00:02<05:10,  2.90s/it]  2%|▏         | 2/108 [00:03<02:50,  1.61s/it]  3%|▎         | 3/108 [00:04<02:06,  1.20s/it]  4%|▎         | 4/108 [00:05<01:44,  1.01s/it]  5%|▍         | 5/108 [00:05<01:32,  1.11it/s]  6%|▌         | 6/108 [00:06<01:24,  1.20it/s]  6%|▋         | 7/108 [00:07<01:19,  1.27it/s]  7%|▋         | 8/108 [00:07<01:16,  1.31it/s]  8%|▊         | 9/108 [00:08<01:13,  1.34it/s]  9%|▉         | 10/108 [00:09<01:11,  1.36it/s] 10%|█         | 11/108 [00:09<01:10,  1.38it/s] 11%|█         | 12/108 [00:10<01:08,  1.39it/s] 12%|█▏        | 13/108 [00:11<01:07,  1.40it/s] 13%|█▎        | 14/108 [00:12<01:06,  1.41it/s] 14%|█▍        | 15/108 [00:12<01:05,  1.41it/s] 15%|█▍        | 16/108 [00:13<01:04,  1.42it/s] 16%|█▌        | 17/108 [00:14<01:04,  1.42it/s] 17%|█▋        | 18/108 [00:14<01:03,  1.42it/s] 18%|█▊        | 19/108 [00:15<01:02,  1.42it/s] 19%|█▊        | 20/108 [00:16<01:01,  1.42it/s] 19%|█▉        | 21/108 [00:16<01:01,  1.42it/s] 20%|██        | 22/108 [00:17<01:00,  1.42it/s] 21%|██▏       | 23/108 [00:18<00:59,  1.42it/s] 22%|██▏       | 24/108 [00:19<00:59,  1.42it/s] 23%|██▎       | 25/108 [00:19<00:58,  1.42it/s] 24%|██▍       | 26/108 [00:20<00:57,  1.42it/s] 25%|██▌       | 27/108 [00:21<00:57,  1.42it/s] 26%|██▌       | 28/108 [00:21<00:56,  1.42it/s] 27%|██▋       | 29/108 [00:22<00:55,  1.41it/s] 28%|██▊       | 30/108 [00:23<00:55,  1.42it/s] 29%|██▊       | 31/108 [00:24<00:54,  1.42it/s] 30%|██▉       | 32/108 [00:24<00:53,  1.42it/s] 31%|███       | 33/108 [00:25<00:52,  1.42it/s] 31%|███▏      | 34/108 [00:26<00:52,  1.42it/s] 32%|███▏      | 35/108 [00:26<00:51,  1.42it/s] 33%|███▎      | 36/108 [00:27<00:50,  1.42it/s] 34%|███▍      | 37/108 [00:28<00:50,  1.42it/s] 35%|███▌      | 38/108 [00:28<00:49,  1.42it/s] 36%|███▌      | 39/108 [00:29<00:48,  1.42it/s] 37%|███▋      | 40/108 [00:30<00:47,  1.42it/s] 38%|███▊      | 41/108 [00:31<00:47,  1.42it/s] 39%|███▉      | 42/108 [00:31<00:46,  1.42it/s] 40%|███▉      | 43/108 [00:32<00:45,  1.42it/s] 41%|████      | 44/108 [00:33<00:45,  1.42it/s] 42%|████▏     | 45/108 [00:33<00:44,  1.42it/s] 43%|████▎     | 46/108 [00:34<00:43,  1.42it/s] 44%|████▎     | 47/108 [00:35<00:42,  1.42it/s] 44%|████▍     | 48/108 [00:36<00:42,  1.42it/s] 45%|████▌     | 49/108 [00:36<00:41,  1.42it/s] 46%|████▋     | 50/108 [00:37<00:40,  1.42it/s] 47%|████▋     | 51/108 [00:38<00:40,  1.42it/s] 48%|████▊     | 52/108 [00:38<00:39,  1.42it/s] 49%|████▉     | 53/108 [00:39<00:38,  1.42it/s] 50%|█████     | 54/108 [00:40<00:38,  1.42it/s] 51%|█████     | 55/108 [00:40<00:37,  1.42it/s] 52%|█████▏    | 56/108 [00:41<00:36,  1.42it/s] 53%|█████▎    | 57/108 [00:42<00:35,  1.42it/s] 54%|█████▎    | 58/108 [00:43<00:35,  1.42it/s] 55%|█████▍    | 59/108 [00:43<00:34,  1.42it/s] 56%|█████▌    | 60/108 [00:44<00:33,  1.41it/s] 56%|█████▋    | 61/108 [00:45<00:33,  1.42it/s] 57%|█████▋    | 62/108 [00:45<00:32,  1.42it/s] 58%|█████▊    | 63/108 [00:46<00:31,  1.42it/s] 59%|█████▉    | 64/108 [00:47<00:30,  1.42it/s] 60%|██████    | 65/108 [00:47<00:30,  1.42it/s] 61%|██████    | 66/108 [00:48<00:29,  1.42it/s] 62%|██████▏   | 67/108 [00:49<00:28,  1.42it/s] 63%|██████▎   | 68/108 [00:50<00:28,  1.42it/s] 64%|██████▍   | 69/108 [00:50<00:27,  1.42it/s] 65%|██████▍   | 70/108 [00:51<00:26,  1.42it/s] 66%|██████▌   | 71/108 [00:52<00:26,  1.42it/s] 67%|██████▋   | 72/108 [00:52<00:25,  1.42it/s] 68%|██████▊   | 73/108 [00:53<00:24,  1.42it/s] 69%|██████▊   | 74/108 [00:54<00:23,  1.42it/s] 69%|██████▉   | 75/108 [00:55<00:23,  1.42it/s] 70%|███████   | 76/108 [00:55<00:22,  1.42it/s] 71%|███████▏  | 77/108 [00:56<00:21,  1.42it/s] 72%|███████▏  | 78/108 [00:57<00:21,  1.42it/s] 73%|███████▎  | 79/108 [00:57<00:20,  1.42it/s] 74%|███████▍  | 80/108 [00:58<00:19,  1.42it/s] 75%|███████▌  | 81/108 [00:59<00:19,  1.42it/s] 76%|███████▌  | 82/108 [00:59<00:18,  1.42it/s] 77%|███████▋  | 83/108 [01:00<00:17,  1.42it/s] 78%|███████▊  | 84/108 [01:01<00:16,  1.42it/s] 79%|███████▊  | 85/108 [01:02<00:16,  1.42it/s] 80%|███████▉  | 86/108 [01:02<00:15,  1.42it/s] 81%|████████  | 87/108 [01:03<00:14,  1.42it/s] 81%|████████▏ | 88/108 [01:04<00:14,  1.42it/s] 82%|████████▏ | 89/108 [01:04<00:13,  1.42it/s] 83%|████████▎ | 90/108 [01:05<00:12,  1.42it/s] 84%|████████▍ | 91/108 [01:06<00:11,  1.42it/s] 85%|████████▌ | 92/108 [01:07<00:11,  1.42it/s] 86%|████████▌ | 93/108 [01:07<00:10,  1.42it/s] 87%|████████▋ | 94/108 [01:08<00:09,  1.42it/s] 88%|████████▊ | 95/108 [01:09<00:09,  1.42it/s] 89%|████████▉ | 96/108 [01:09<00:08,  1.42it/s] 90%|████████▉ | 97/108 [01:10<00:07,  1.42it/s] 91%|█████████ | 98/108 [01:11<00:07,  1.42it/s] 92%|█████████▏| 99/108 [01:11<00:06,  1.42it/s] 93%|█████████▎| 100/108 [01:12<00:05,  1.42it/s] 94%|█████████▎| 101/108 [01:13<00:04,  1.42it/s] 94%|█████████▍| 102/108 [01:14<00:04,  1.42it/s] 95%|█████████▌| 103/108 [01:14<00:03,  1.42it/s] 96%|█████████▋| 104/108 [01:15<00:02,  1.42it/s] 97%|█████████▋| 105/108 [01:16<00:02,  1.42it/s] 98%|█████████▊| 106/108 [01:16<00:01,  1.42it/s] 99%|█████████▉| 107/108 [01:17<00:00,  1.42it/s]100%|██████████| 108/108 [01:17<00:00,  1.68it/s]100%|██████████| 108/108 [01:18<00:00,  1.38it/s]
Epoch 81/200, Train Loss: 2.4872, Valid Loss: 2.4585
  0%|          | 0/108 [00:00<?, ?it/s]  1%|          | 1/108 [00:02<05:10,  2.90s/it]  2%|▏         | 2/108 [00:03<02:50,  1.61s/it]  3%|▎         | 3/108 [00:04<02:05,  1.20s/it]  4%|▎         | 4/108 [00:05<01:44,  1.01s/it]  5%|▍         | 5/108 [00:05<01:32,  1.11it/s]  6%|▌         | 6/108 [00:06<01:24,  1.20it/s]  6%|▋         | 7/108 [00:07<01:19,  1.27it/s]  7%|▋         | 8/108 [00:07<01:16,  1.31it/s]  8%|▊         | 9/108 [00:08<01:13,  1.34it/s]  9%|▉         | 10/108 [00:09<01:11,  1.36it/s] 10%|█         | 11/108 [00:09<01:10,  1.38it/s] 11%|█         | 12/108 [00:10<01:08,  1.39it/s] 12%|█▏        | 13/108 [00:11<01:07,  1.40it/s] 13%|█▎        | 14/108 [00:12<01:06,  1.41it/s] 14%|█▍        | 15/108 [00:12<01:05,  1.41it/s] 15%|█▍        | 16/108 [00:13<01:04,  1.42it/s] 16%|█▌        | 17/108 [00:14<01:04,  1.42it/s] 17%|█▋        | 18/108 [00:14<01:03,  1.42it/s] 18%|█▊        | 19/108 [00:15<01:02,  1.42it/s] 19%|█▊        | 20/108 [00:16<01:01,  1.42it/s] 19%|█▉        | 21/108 [00:16<01:01,  1.42it/s] 20%|██        | 22/108 [00:17<01:00,  1.42it/s] 21%|██▏       | 23/108 [00:18<00:59,  1.42it/s] 22%|██▏       | 24/108 [00:19<00:59,  1.42it/s] 23%|██▎       | 25/108 [00:19<00:58,  1.42it/s] 24%|██▍       | 26/108 [00:20<00:57,  1.42it/s] 25%|██▌       | 27/108 [00:21<00:57,  1.42it/s] 26%|██▌       | 28/108 [00:21<00:56,  1.41it/s] 27%|██▋       | 29/108 [00:22<00:55,  1.41it/s] 28%|██▊       | 30/108 [00:23<00:55,  1.42it/s] 29%|██▊       | 31/108 [00:24<00:54,  1.42it/s] 30%|██▉       | 32/108 [00:24<00:53,  1.42it/s] 31%|███       | 33/108 [00:25<00:52,  1.42it/s] 31%|███▏      | 34/108 [00:26<00:52,  1.42it/s] 32%|███▏      | 35/108 [00:26<00:51,  1.42it/s] 33%|███▎      | 36/108 [00:27<00:50,  1.42it/s] 34%|███▍      | 37/108 [00:28<00:49,  1.42it/s] 35%|███▌      | 38/108 [00:28<00:49,  1.42it/s] 36%|███▌      | 39/108 [00:29<00:48,  1.42it/s] 37%|███▋      | 40/108 [00:30<00:47,  1.42it/s] 38%|███▊      | 41/108 [00:31<00:47,  1.42it/s] 39%|███▉      | 42/108 [00:31<00:46,  1.42it/s] 40%|███▉      | 43/108 [00:32<00:45,  1.42it/s] 41%|████      | 44/108 [00:33<00:44,  1.42it/s] 42%|████▏     | 45/108 [00:33<00:44,  1.42it/s] 43%|████▎     | 46/108 [00:34<00:43,  1.42it/s] 44%|████▎     | 47/108 [00:35<00:42,  1.42it/s] 44%|████▍     | 48/108 [00:36<00:42,  1.42it/s] 45%|████▌     | 49/108 [00:36<00:41,  1.42it/s] 46%|████▋     | 50/108 [00:37<00:40,  1.42it/s] 47%|████▋     | 51/108 [00:38<00:40,  1.42it/s] 48%|████▊     | 52/108 [00:38<00:39,  1.42it/s] 49%|████▉     | 53/108 [00:39<00:38,  1.42it/s] 50%|█████     | 54/108 [00:40<00:38,  1.42it/s] 51%|█████     | 55/108 [00:40<00:37,  1.42it/s] 52%|█████▏    | 56/108 [00:41<00:36,  1.42it/s] 53%|█████▎    | 57/108 [00:42<00:35,  1.42it/s] 54%|█████▎    | 58/108 [00:43<00:35,  1.42it/s] 55%|█████▍    | 59/108 [00:43<00:34,  1.42it/s] 56%|█████▌    | 60/108 [00:44<00:33,  1.42it/s] 56%|█████▋    | 61/108 [00:45<00:33,  1.42it/s] 57%|█████▋    | 62/108 [00:45<00:32,  1.42it/s] 58%|█████▊    | 63/108 [00:46<00:31,  1.42it/s] 59%|█████▉    | 64/108 [00:47<00:30,  1.42it/s] 60%|██████    | 65/108 [00:47<00:30,  1.42it/s] 61%|██████    | 66/108 [00:48<00:29,  1.42it/s] 62%|██████▏   | 67/108 [00:49<00:28,  1.42it/s] 63%|██████▎   | 68/108 [00:50<00:28,  1.42it/s] 64%|██████▍   | 69/108 [00:50<00:27,  1.42it/s] 65%|██████▍   | 70/108 [00:51<00:26,  1.42it/s] 66%|██████▌   | 71/108 [00:52<00:26,  1.42it/s] 67%|██████▋   | 72/108 [00:52<00:25,  1.42it/s] 68%|██████▊   | 73/108 [00:53<00:24,  1.42it/s] 69%|██████▊   | 74/108 [00:54<00:23,  1.42it/s] 69%|██████▉   | 75/108 [00:55<00:23,  1.42it/s] 70%|███████   | 76/108 [00:55<00:22,  1.42it/s] 71%|███████▏  | 77/108 [00:56<00:21,  1.42it/s] 72%|███████▏  | 78/108 [00:57<00:21,  1.42it/s] 73%|███████▎  | 79/108 [00:57<00:20,  1.42it/s] 74%|███████▍  | 80/108 [00:58<00:19,  1.42it/s] 75%|███████▌  | 81/108 [00:59<00:19,  1.42it/s] 76%|███████▌  | 82/108 [00:59<00:18,  1.42it/s] 77%|███████▋  | 83/108 [01:00<00:17,  1.42it/s] 78%|███████▊  | 84/108 [01:01<00:16,  1.42it/s] 79%|███████▊  | 85/108 [01:02<00:16,  1.42it/s] 80%|███████▉  | 86/108 [01:02<00:15,  1.42it/s] 81%|████████  | 87/108 [01:03<00:14,  1.42it/s] 81%|████████▏ | 88/108 [01:04<00:14,  1.42it/s] 82%|████████▏ | 89/108 [01:04<00:13,  1.42it/s] 83%|████████▎ | 90/108 [01:05<00:12,  1.42it/s] 84%|████████▍ | 91/108 [01:06<00:11,  1.42it/s] 85%|████████▌ | 92/108 [01:07<00:11,  1.42it/s] 86%|████████▌ | 93/108 [01:07<00:10,  1.42it/s] 87%|████████▋ | 94/108 [01:08<00:09,  1.42it/s] 88%|████████▊ | 95/108 [01:09<00:09,  1.42it/s] 89%|████████▉ | 96/108 [01:09<00:08,  1.42it/s] 90%|████████▉ | 97/108 [01:10<00:07,  1.42it/s] 91%|█████████ | 98/108 [01:11<00:07,  1.42it/s] 92%|█████████▏| 99/108 [01:11<00:06,  1.42it/s] 93%|█████████▎| 100/108 [01:12<00:05,  1.42it/s] 94%|█████████▎| 101/108 [01:13<00:04,  1.42it/s] 94%|█████████▍| 102/108 [01:14<00:04,  1.42it/s] 95%|█████████▌| 103/108 [01:14<00:03,  1.42it/s] 96%|█████████▋| 104/108 [01:15<00:02,  1.42it/s] 97%|█████████▋| 105/108 [01:16<00:02,  1.42it/s] 98%|█████████▊| 106/108 [01:16<00:01,  1.42it/s] 99%|█████████▉| 107/108 [01:17<00:00,  1.42it/s]100%|██████████| 108/108 [01:17<00:00,  1.68it/s]100%|██████████| 108/108 [01:17<00:00,  1.38it/s]
Epoch 82/200, Train Loss: 2.4748, Valid Loss: 2.4757
  0%|          | 0/108 [00:00<?, ?it/s]  1%|          | 1/108 [00:02<04:58,  2.79s/it]  2%|▏         | 2/108 [00:03<02:47,  1.58s/it]  3%|▎         | 3/108 [00:04<02:03,  1.18s/it]  4%|▎         | 4/108 [00:04<01:42,  1.01it/s]  5%|▍         | 5/108 [00:05<01:31,  1.13it/s]  6%|▌         | 6/108 [00:06<01:23,  1.21it/s]  6%|▋         | 7/108 [00:07<01:19,  1.27it/s]  7%|▋         | 8/108 [00:07<01:16,  1.32it/s]  8%|▊         | 9/108 [00:08<01:13,  1.35it/s]  9%|▉         | 10/108 [00:09<01:11,  1.37it/s] 10%|█         | 11/108 [00:09<01:10,  1.39it/s] 11%|█         | 12/108 [00:10<01:08,  1.40it/s] 12%|█▏        | 13/108 [00:11<01:07,  1.40it/s] 13%|█▎        | 14/108 [00:11<01:06,  1.41it/s] 14%|█▍        | 15/108 [00:12<01:05,  1.41it/s] 15%|█▍        | 16/108 [00:13<01:04,  1.42it/s] 16%|█▌        | 17/108 [00:14<01:04,  1.42it/s] 17%|█▋        | 18/108 [00:14<01:03,  1.42it/s] 18%|█▊        | 19/108 [00:15<01:02,  1.42it/s] 19%|█▊        | 20/108 [00:16<01:01,  1.42it/s] 19%|█▉        | 21/108 [00:16<01:01,  1.42it/s] 20%|██        | 22/108 [00:17<01:00,  1.42it/s] 21%|██▏       | 23/108 [00:18<00:59,  1.42it/s] 22%|██▏       | 24/108 [00:18<00:59,  1.42it/s] 23%|██▎       | 25/108 [00:19<00:58,  1.42it/s] 24%|██▍       | 26/108 [00:20<00:58,  1.41it/s] 25%|██▌       | 27/108 [00:21<00:57,  1.42it/s] 26%|██▌       | 28/108 [00:21<00:56,  1.42it/s] 27%|██▋       | 29/108 [00:22<00:55,  1.42it/s] 28%|██▊       | 30/108 [00:23<00:54,  1.42it/s] 29%|██▊       | 31/108 [00:23<00:54,  1.42it/s] 30%|██▉       | 32/108 [00:24<00:53,  1.42it/s] 31%|███       | 33/108 [00:25<00:52,  1.42it/s] 31%|███▏      | 34/108 [00:26<00:52,  1.42it/s] 32%|███▏      | 35/108 [00:26<00:51,  1.42it/s] 33%|███▎      | 36/108 [00:27<00:50,  1.42it/s] 34%|███▍      | 37/108 [00:28<00:50,  1.42it/s] 35%|███▌      | 38/108 [00:28<00:49,  1.42it/s] 36%|███▌      | 39/108 [00:29<00:48,  1.42it/s] 37%|███▋      | 40/108 [00:30<00:47,  1.42it/s] 38%|███▊      | 41/108 [00:30<00:47,  1.42it/s] 39%|███▉      | 42/108 [00:31<00:46,  1.42it/s] 40%|███▉      | 43/108 [00:32<00:45,  1.42it/s] 41%|████      | 44/108 [00:33<00:45,  1.42it/s] 42%|████▏     | 45/108 [00:33<00:44,  1.42it/s] 43%|████▎     | 46/108 [00:34<00:43,  1.42it/s] 44%|████▎     | 47/108 [00:35<00:42,  1.42it/s] 44%|████▍     | 48/108 [00:35<00:42,  1.42it/s] 45%|████▌     | 49/108 [00:36<00:41,  1.42it/s] 46%|████▋     | 50/108 [00:37<00:40,  1.42it/s] 47%|████▋     | 51/108 [00:37<00:40,  1.42it/s] 48%|████▊     | 52/108 [00:38<00:39,  1.42it/s] 49%|████▉     | 53/108 [00:39<00:38,  1.42it/s] 50%|█████     | 54/108 [00:40<00:38,  1.42it/s] 51%|█████     | 55/108 [00:40<00:37,  1.42it/s] 52%|█████▏    | 56/108 [00:41<00:36,  1.42it/s] 53%|█████▎    | 57/108 [00:42<00:35,  1.42it/s] 54%|█████▎    | 58/108 [00:42<00:35,  1.42it/s] 55%|█████▍    | 59/108 [00:43<00:34,  1.42it/s] 56%|█████▌    | 60/108 [00:44<00:33,  1.42it/s] 56%|█████▋    | 61/108 [00:45<00:33,  1.42it/s] 57%|█████▋    | 62/108 [00:45<00:32,  1.42it/s] 58%|█████▊    | 63/108 [00:46<00:31,  1.42it/s] 59%|█████▉    | 64/108 [00:47<00:31,  1.42it/s] 60%|██████    | 65/108 [00:47<00:30,  1.42it/s] 61%|██████    | 66/108 [00:48<00:29,  1.42it/s] 62%|██████▏   | 67/108 [00:49<00:28,  1.42it/s] 63%|██████▎   | 68/108 [00:49<00:28,  1.42it/s] 64%|██████▍   | 69/108 [00:50<00:27,  1.42it/s] 65%|██████▍   | 70/108 [00:51<00:26,  1.42it/s] 66%|██████▌   | 71/108 [00:52<00:26,  1.42it/s] 67%|██████▋   | 72/108 [00:52<00:25,  1.42it/s] 68%|██████▊   | 73/108 [00:53<00:24,  1.42it/s] 69%|██████▊   | 74/108 [00:54<00:23,  1.42it/s] 69%|██████▉   | 75/108 [00:54<00:23,  1.42it/s] 70%|███████   | 76/108 [00:55<00:22,  1.42it/s] 71%|███████▏  | 77/108 [00:56<00:21,  1.42it/s] 72%|███████▏  | 78/108 [00:57<00:21,  1.42it/s] 73%|███████▎  | 79/108 [00:57<00:20,  1.42it/s] 74%|███████▍  | 80/108 [00:58<00:19,  1.42it/s] 75%|███████▌  | 81/108 [00:59<00:19,  1.42it/s] 76%|███████▌  | 82/108 [00:59<00:18,  1.42it/s] 77%|███████▋  | 83/108 [01:00<00:17,  1.42it/s] 78%|███████▊  | 84/108 [01:01<00:16,  1.42it/s] 79%|███████▊  | 85/108 [01:01<00:16,  1.42it/s] 80%|███████▉  | 86/108 [01:02<00:15,  1.42it/s] 81%|████████  | 87/108 [01:03<00:14,  1.42it/s] 81%|████████▏ | 88/108 [01:04<00:14,  1.42it/s] 82%|████████▏ | 89/108 [01:04<00:13,  1.42it/s] 83%|████████▎ | 90/108 [01:05<00:12,  1.42it/s] 84%|████████▍ | 91/108 [01:06<00:11,  1.42it/s] 85%|████████▌ | 92/108 [01:06<00:11,  1.42it/s] 86%|████████▌ | 93/108 [01:07<00:10,  1.42it/s] 87%|████████▋ | 94/108 [01:08<00:09,  1.42it/s] 88%|████████▊ | 95/108 [01:08<00:09,  1.42it/s] 89%|████████▉ | 96/108 [01:09<00:08,  1.42it/s] 90%|████████▉ | 97/108 [01:10<00:07,  1.42it/s] 91%|█████████ | 98/108 [01:11<00:07,  1.42it/s] 92%|█████████▏| 99/108 [01:11<00:06,  1.42it/s] 93%|█████████▎| 100/108 [01:12<00:05,  1.42it/s] 94%|█████████▎| 101/108 [01:13<00:04,  1.42it/s] 94%|█████████▍| 102/108 [01:13<00:04,  1.42it/s] 95%|█████████▌| 103/108 [01:14<00:03,  1.42it/s] 96%|█████████▋| 104/108 [01:15<00:02,  1.42it/s] 97%|█████████▋| 105/108 [01:16<00:02,  1.42it/s] 98%|█████████▊| 106/108 [01:16<00:01,  1.42it/s] 99%|█████████▉| 107/108 [01:17<00:00,  1.42it/s]100%|██████████| 108/108 [01:17<00:00,  1.68it/s]100%|██████████| 108/108 [01:17<00:00,  1.39it/s]
Epoch 83/200, Train Loss: 2.4864, Valid Loss: 2.5240
  0%|          | 0/108 [00:00<?, ?it/s]  1%|          | 1/108 [00:02<05:00,  2.81s/it]  2%|▏         | 2/108 [00:03<02:52,  1.63s/it]  3%|▎         | 3/108 [00:04<02:06,  1.20s/it]  4%|▎         | 4/108 [00:05<01:44,  1.01s/it]  5%|▍         | 5/108 [00:05<01:32,  1.12it/s]  6%|▌         | 6/108 [00:06<01:24,  1.20it/s]  6%|▋         | 7/108 [00:07<01:19,  1.27it/s]  7%|▋         | 8/108 [00:07<01:16,  1.32it/s]  8%|▊         | 9/108 [00:08<01:13,  1.35it/s]  9%|▉         | 10/108 [00:09<01:11,  1.37it/s] 10%|█         | 11/108 [00:09<01:09,  1.39it/s] 11%|█         | 12/108 [00:10<01:08,  1.40it/s] 12%|█▏        | 13/108 [00:11<01:07,  1.41it/s] 13%|█▎        | 14/108 [00:12<01:06,  1.41it/s] 14%|█▍        | 15/108 [00:12<01:05,  1.41it/s] 15%|█▍        | 16/108 [00:13<01:04,  1.42it/s] 16%|█▌        | 17/108 [00:14<01:04,  1.42it/s] 17%|█▋        | 18/108 [00:14<01:03,  1.42it/s] 18%|█▊        | 19/108 [00:15<01:02,  1.42it/s] 19%|█▊        | 20/108 [00:16<01:01,  1.42it/s] 19%|█▉        | 21/108 [00:16<01:01,  1.42it/s] 20%|██        | 22/108 [00:17<01:00,  1.42it/s] 21%|██▏       | 23/108 [00:18<00:59,  1.42it/s] 22%|██▏       | 24/108 [00:19<00:58,  1.42it/s] 23%|██▎       | 25/108 [00:19<00:58,  1.42it/s] 24%|██▍       | 26/108 [00:20<00:58,  1.41it/s] 25%|██▌       | 27/108 [00:21<00:57,  1.41it/s] 26%|██▌       | 28/108 [00:21<00:56,  1.42it/s] 27%|██▋       | 29/108 [00:22<00:55,  1.42it/s] 28%|██▊       | 30/108 [00:23<00:54,  1.42it/s] 29%|██▊       | 31/108 [00:23<00:54,  1.42it/s] 30%|██▉       | 32/108 [00:24<00:53,  1.42it/s] 31%|███       | 33/108 [00:25<00:52,  1.42it/s] 31%|███▏      | 34/108 [00:26<00:51,  1.43it/s] 32%|███▏      | 35/108 [00:26<00:51,  1.42it/s] 33%|███▎      | 36/108 [00:27<00:50,  1.42it/s] 34%|███▍      | 37/108 [00:28<00:49,  1.42it/s] 35%|███▌      | 38/108 [00:28<00:49,  1.43it/s] 36%|███▌      | 39/108 [00:29<00:48,  1.42it/s] 37%|███▋      | 40/108 [00:30<00:47,  1.42it/s] 38%|███▊      | 41/108 [00:31<00:47,  1.42it/s] 39%|███▉      | 42/108 [00:31<00:46,  1.42it/s] 40%|███▉      | 43/108 [00:32<00:45,  1.42it/s] 41%|████      | 44/108 [00:33<00:44,  1.42it/s] 42%|████▏     | 45/108 [00:33<00:44,  1.42it/s] 43%|████▎     | 46/108 [00:34<00:43,  1.43it/s] 44%|████▎     | 47/108 [00:35<00:42,  1.43it/s] 44%|████▍     | 48/108 [00:35<00:42,  1.42it/s] 45%|████▌     | 49/108 [00:36<00:41,  1.42it/s] 46%|████▋     | 50/108 [00:37<00:40,  1.42it/s] 47%|████▋     | 51/108 [00:38<00:40,  1.42it/s] 48%|████▊     | 52/108 [00:38<00:39,  1.42it/s] 49%|████▉     | 53/108 [00:39<00:38,  1.42it/s] 50%|█████     | 54/108 [00:40<00:37,  1.42it/s] 51%|█████     | 55/108 [00:40<00:37,  1.42it/s] 52%|█████▏    | 56/108 [00:41<00:36,  1.42it/s] 53%|█████▎    | 57/108 [00:42<00:35,  1.42it/s] 54%|█████▎    | 58/108 [00:42<00:35,  1.42it/s] 55%|█████▍    | 59/108 [00:43<00:34,  1.42it/s] 56%|█████▌    | 60/108 [00:44<00:33,  1.41it/s] 56%|█████▋    | 61/108 [00:45<00:33,  1.42it/s] 57%|█████▋    | 62/108 [00:45<00:32,  1.42it/s] 58%|█████▊    | 63/108 [00:46<00:31,  1.42it/s] 59%|█████▉    | 64/108 [00:47<00:31,  1.42it/s] 60%|██████    | 65/108 [00:47<00:30,  1.42it/s] 61%|██████    | 66/108 [00:48<00:29,  1.42it/s] 62%|██████▏   | 67/108 [00:49<00:28,  1.42it/s] 63%|██████▎   | 68/108 [00:50<00:28,  1.42it/s] 64%|██████▍   | 69/108 [00:50<00:27,  1.42it/s] 65%|██████▍   | 70/108 [00:51<00:26,  1.42it/s] 66%|██████▌   | 71/108 [00:52<00:26,  1.42it/s] 67%|██████▋   | 72/108 [00:52<00:25,  1.42it/s] 68%|██████▊   | 73/108 [00:53<00:24,  1.42it/s] 69%|██████▊   | 74/108 [00:54<00:23,  1.42it/s] 69%|██████▉   | 75/108 [00:54<00:23,  1.42it/s] 70%|███████   | 76/108 [00:55<00:22,  1.42it/s] 71%|███████▏  | 77/108 [00:56<00:21,  1.42it/s] 72%|███████▏  | 78/108 [00:57<00:21,  1.42it/s] 73%|███████▎  | 79/108 [00:57<00:20,  1.42it/s] 74%|███████▍  | 80/108 [00:58<00:19,  1.42it/s] 75%|███████▌  | 81/108 [00:59<00:19,  1.42it/s] 76%|███████▌  | 82/108 [00:59<00:18,  1.42it/s] 77%|███████▋  | 83/108 [01:00<00:17,  1.42it/s] 78%|███████▊  | 84/108 [01:01<00:16,  1.42it/s] 79%|███████▊  | 85/108 [01:01<00:16,  1.42it/s] 80%|███████▉  | 86/108 [01:02<00:15,  1.42it/s] 81%|████████  | 87/108 [01:03<00:14,  1.42it/s] 81%|████████▏ | 88/108 [01:04<00:14,  1.42it/s] 82%|████████▏ | 89/108 [01:04<00:13,  1.42it/s] 83%|████████▎ | 90/108 [01:05<00:12,  1.42it/s] 84%|████████▍ | 91/108 [01:06<00:11,  1.42it/s] 85%|████████▌ | 92/108 [01:06<00:11,  1.42it/s] 86%|████████▌ | 93/108 [01:07<00:10,  1.42it/s] 87%|████████▋ | 94/108 [01:08<00:09,  1.42it/s] 88%|████████▊ | 95/108 [01:09<00:09,  1.42it/s] 89%|████████▉ | 96/108 [01:09<00:08,  1.42it/s] 90%|████████▉ | 97/108 [01:10<00:07,  1.42it/s] 91%|█████████ | 98/108 [01:11<00:07,  1.42it/s] 92%|█████████▏| 99/108 [01:11<00:06,  1.42it/s] 93%|█████████▎| 100/108 [01:12<00:05,  1.42it/s] 94%|█████████▎| 101/108 [01:13<00:04,  1.42it/s] 94%|█████████▍| 102/108 [01:13<00:04,  1.42it/s] 95%|█████████▌| 103/108 [01:14<00:03,  1.42it/s] 96%|█████████▋| 104/108 [01:15<00:02,  1.42it/s] 97%|█████████▋| 105/108 [01:16<00:02,  1.42it/s] 98%|█████████▊| 106/108 [01:16<00:01,  1.42it/s] 99%|█████████▉| 107/108 [01:17<00:00,  1.42it/s]100%|██████████| 108/108 [01:17<00:00,  1.68it/s]100%|██████████| 108/108 [01:17<00:00,  1.39it/s]
Epoch 84/200, Train Loss: 2.4736, Valid Loss: 2.4711
  0%|          | 0/108 [00:00<?, ?it/s]  1%|          | 1/108 [00:03<05:28,  3.07s/it]  2%|▏         | 2/108 [00:03<02:57,  1.68s/it]  3%|▎         | 3/108 [00:04<02:09,  1.23s/it]  4%|▎         | 4/108 [00:05<01:46,  1.02s/it]  5%|▍         | 5/108 [00:05<01:33,  1.10it/s]  6%|▌         | 6/108 [00:06<01:25,  1.19it/s]  6%|▋         | 7/108 [00:07<01:20,  1.26it/s]  7%|▋         | 8/108 [00:07<01:16,  1.31it/s]  8%|▊         | 9/108 [00:08<01:13,  1.34it/s]  9%|▉         | 10/108 [00:09<01:11,  1.37it/s] 10%|█         | 11/108 [00:10<01:10,  1.38it/s] 11%|█         | 12/108 [00:10<01:08,  1.40it/s] 12%|█▏        | 13/108 [00:11<01:07,  1.41it/s] 13%|█▎        | 14/108 [00:12<01:06,  1.41it/s] 14%|█▍        | 15/108 [00:12<01:05,  1.42it/s] 15%|█▍        | 16/108 [00:13<01:04,  1.42it/s] 16%|█▌        | 17/108 [00:14<01:04,  1.42it/s] 17%|█▋        | 18/108 [00:15<01:03,  1.42it/s] 18%|█▊        | 19/108 [00:15<01:02,  1.42it/s] 19%|█▊        | 20/108 [00:16<01:01,  1.42it/s] 19%|█▉        | 21/108 [00:17<01:01,  1.42it/s] 20%|██        | 22/108 [00:17<01:00,  1.43it/s] 21%|██▏       | 23/108 [00:18<00:59,  1.42it/s] 22%|██▏       | 24/108 [00:19<00:58,  1.42it/s] 23%|██▎       | 25/108 [00:19<00:58,  1.42it/s] 24%|██▍       | 26/108 [00:20<00:57,  1.42it/s] 25%|██▌       | 27/108 [00:21<00:56,  1.42it/s] 26%|██▌       | 28/108 [00:22<00:56,  1.42it/s] 27%|██▋       | 29/108 [00:22<00:55,  1.42it/s] 28%|██▊       | 30/108 [00:23<00:54,  1.42it/s] 29%|██▊       | 31/108 [00:24<00:54,  1.41it/s] 30%|██▉       | 32/108 [00:24<00:53,  1.42it/s] 31%|███       | 33/108 [00:25<00:52,  1.42it/s] 31%|███▏      | 34/108 [00:26<00:52,  1.42it/s] 32%|███▏      | 35/108 [00:26<00:51,  1.42it/s] 33%|███▎      | 36/108 [00:27<00:50,  1.42it/s] 34%|███▍      | 37/108 [00:28<00:49,  1.42it/s] 35%|███▌      | 38/108 [00:29<00:49,  1.42it/s] 36%|███▌      | 39/108 [00:29<00:48,  1.42it/s] 37%|███▋      | 40/108 [00:30<00:47,  1.42it/s] 38%|███▊      | 41/108 [00:31<00:47,  1.42it/s] 39%|███▉      | 42/108 [00:31<00:46,  1.42it/s] 40%|███▉      | 43/108 [00:32<00:45,  1.42it/s] 41%|████      | 44/108 [00:33<00:44,  1.42it/s] 42%|████▏     | 45/108 [00:33<00:44,  1.42it/s] 43%|████▎     | 46/108 [00:34<00:43,  1.42it/s] 44%|████▎     | 47/108 [00:35<00:42,  1.42it/s] 44%|████▍     | 48/108 [00:36<00:42,  1.42it/s] 45%|████▌     | 49/108 [00:36<00:41,  1.42it/s] 46%|████▋     | 50/108 [00:37<00:40,  1.42it/s] 47%|████▋     | 51/108 [00:38<00:40,  1.42it/s] 48%|████▊     | 52/108 [00:38<00:39,  1.42it/s] 49%|████▉     | 53/108 [00:39<00:38,  1.42it/s] 50%|█████     | 54/108 [00:40<00:37,  1.42it/s] 51%|█████     | 55/108 [00:41<00:37,  1.42it/s] 52%|█████▏    | 56/108 [00:41<00:36,  1.42it/s] 53%|█████▎    | 57/108 [00:42<00:35,  1.42it/s] 54%|█████▎    | 58/108 [00:43<00:35,  1.42it/s] 55%|█████▍    | 59/108 [00:43<00:34,  1.42it/s] 56%|█████▌    | 60/108 [00:44<00:33,  1.41it/s] 56%|█████▋    | 61/108 [00:45<00:33,  1.42it/s] 57%|█████▋    | 62/108 [00:45<00:32,  1.42it/s] 58%|█████▊    | 63/108 [00:46<00:31,  1.42it/s] 59%|█████▉    | 64/108 [00:47<00:31,  1.42it/s] 60%|██████    | 65/108 [00:48<00:30,  1.42it/s] 61%|██████    | 66/108 [00:48<00:29,  1.42it/s] 62%|██████▏   | 67/108 [00:49<00:28,  1.42it/s] 63%|██████▎   | 68/108 [00:50<00:28,  1.42it/s] 64%|██████▍   | 69/108 [00:50<00:27,  1.42it/s] 65%|██████▍   | 70/108 [00:51<00:26,  1.42it/s] 66%|██████▌   | 71/108 [00:52<00:26,  1.42it/s] 67%|██████▋   | 72/108 [00:53<00:25,  1.42it/s] 68%|██████▊   | 73/108 [00:53<00:24,  1.42it/s] 69%|██████▊   | 74/108 [00:54<00:23,  1.42it/s] 69%|██████▉   | 75/108 [00:55<00:23,  1.42it/s] 70%|███████   | 76/108 [00:55<00:22,  1.42it/s] 71%|███████▏  | 77/108 [00:56<00:21,  1.42it/s] 72%|███████▏  | 78/108 [00:57<00:21,  1.42it/s] 73%|███████▎  | 79/108 [00:57<00:20,  1.42it/s] 74%|███████▍  | 80/108 [00:58<00:19,  1.42it/s] 75%|███████▌  | 81/108 [00:59<00:19,  1.42it/s] 76%|███████▌  | 82/108 [01:00<00:18,  1.42it/s] 77%|███████▋  | 83/108 [01:00<00:17,  1.42it/s] 78%|███████▊  | 84/108 [01:01<00:16,  1.42it/s] 79%|███████▊  | 85/108 [01:02<00:16,  1.42it/s] 80%|███████▉  | 86/108 [01:02<00:15,  1.42it/s] 81%|████████  | 87/108 [01:03<00:14,  1.42it/s] 81%|████████▏ | 88/108 [01:04<00:14,  1.42it/s] 82%|████████▏ | 89/108 [01:04<00:13,  1.42it/s] 83%|████████▎ | 90/108 [01:05<00:12,  1.42it/s] 84%|████████▍ | 91/108 [01:06<00:11,  1.42it/s] 85%|████████▌ | 92/108 [01:07<00:11,  1.42it/s] 86%|████████▌ | 93/108 [01:07<00:10,  1.42it/s] 87%|████████▋ | 94/108 [01:08<00:09,  1.42it/s] 88%|████████▊ | 95/108 [01:09<00:09,  1.42it/s] 89%|████████▉ | 96/108 [01:09<00:08,  1.42it/s] 90%|████████▉ | 97/108 [01:10<00:07,  1.42it/s] 91%|█████████ | 98/108 [01:11<00:07,  1.42it/s] 92%|█████████▏| 99/108 [01:12<00:06,  1.42it/s] 93%|█████████▎| 100/108 [01:12<00:05,  1.42it/s] 94%|█████████▎| 101/108 [01:13<00:04,  1.42it/s] 94%|█████████▍| 102/108 [01:14<00:04,  1.42it/s] 95%|█████████▌| 103/108 [01:14<00:03,  1.42it/s] 96%|█████████▋| 104/108 [01:15<00:02,  1.42it/s] 97%|█████████▋| 105/108 [01:16<00:02,  1.42it/s] 98%|█████████▊| 106/108 [01:16<00:01,  1.42it/s] 99%|█████████▉| 107/108 [01:17<00:00,  1.42it/s]100%|██████████| 108/108 [01:17<00:00,  1.68it/s]100%|██████████| 108/108 [01:18<00:00,  1.38it/s]
Epoch 85/200, Train Loss: 2.4784, Valid Loss: 2.4641
  0%|          | 0/108 [00:00<?, ?it/s]  1%|          | 1/108 [00:03<05:42,  3.20s/it]  2%|▏         | 2/108 [00:03<03:03,  1.73s/it]  3%|▎         | 3/108 [00:04<02:12,  1.26s/it]  4%|▎         | 4/108 [00:05<01:48,  1.04s/it]  5%|▍         | 5/108 [00:06<01:34,  1.09it/s]  6%|▌         | 6/108 [00:06<01:26,  1.19it/s]  6%|▋         | 7/108 [00:07<01:20,  1.25it/s]  7%|▋         | 8/108 [00:08<01:16,  1.30it/s]  8%|▊         | 9/108 [00:08<01:14,  1.34it/s]  9%|▉         | 10/108 [00:09<01:11,  1.36it/s] 10%|█         | 11/108 [00:10<01:10,  1.38it/s] 11%|█         | 12/108 [00:10<01:08,  1.39it/s] 12%|█▏        | 13/108 [00:11<01:07,  1.40it/s] 13%|█▎        | 14/108 [00:12<01:06,  1.41it/s] 14%|█▍        | 15/108 [00:13<01:05,  1.41it/s] 15%|█▍        | 16/108 [00:13<01:04,  1.42it/s] 16%|█▌        | 17/108 [00:14<01:04,  1.42it/s] 17%|█▋        | 18/108 [00:15<01:03,  1.42it/s] 18%|█▊        | 19/108 [00:15<01:02,  1.42it/s] 19%|█▊        | 20/108 [00:16<01:01,  1.42it/s] 19%|█▉        | 21/108 [00:17<01:01,  1.42it/s] 20%|██        | 22/108 [00:17<01:00,  1.42it/s] 21%|██▏       | 23/108 [00:18<00:59,  1.43it/s] 22%|██▏       | 24/108 [00:19<00:58,  1.43it/s] 23%|██▎       | 25/108 [00:20<00:58,  1.41it/s] 24%|██▍       | 26/108 [00:20<00:57,  1.42it/s] 25%|██▌       | 27/108 [00:21<00:57,  1.42it/s] 26%|██▌       | 28/108 [00:22<00:56,  1.42it/s] 27%|██▋       | 29/108 [00:22<00:55,  1.42it/s] 28%|██▊       | 30/108 [00:23<00:54,  1.42it/s] 29%|██▊       | 31/108 [00:24<00:54,  1.42it/s] 30%|██▉       | 32/108 [00:24<00:53,  1.42it/s] 31%|███       | 33/108 [00:25<00:52,  1.42it/s] 31%|███▏      | 34/108 [00:26<00:52,  1.42it/s] 32%|███▏      | 35/108 [00:27<00:51,  1.42it/s] 33%|███▎      | 36/108 [00:27<00:50,  1.42it/s] 34%|███▍      | 37/108 [00:28<00:49,  1.42it/s] 35%|███▌      | 38/108 [00:29<00:49,  1.42it/s] 36%|███▌      | 39/108 [00:29<00:48,  1.42it/s] 37%|███▋      | 40/108 [00:30<00:47,  1.42it/s] 38%|███▊      | 41/108 [00:31<00:47,  1.42it/s] 39%|███▉      | 42/108 [00:32<00:46,  1.42it/s] 40%|███▉      | 43/108 [00:32<00:45,  1.42it/s] 41%|████      | 44/108 [00:33<00:44,  1.42it/s] 42%|████▏     | 45/108 [00:34<00:44,  1.42it/s] 43%|████▎     | 46/108 [00:34<00:43,  1.43it/s] 44%|████▎     | 47/108 [00:35<00:42,  1.43it/s] 44%|████▍     | 48/108 [00:36<00:42,  1.43it/s] 45%|████▌     | 49/108 [00:36<00:41,  1.42it/s] 46%|████▋     | 50/108 [00:37<00:40,  1.42it/s] 47%|████▋     | 51/108 [00:38<00:40,  1.42it/s] 48%|████▊     | 52/108 [00:39<00:39,  1.42it/s] 49%|████▉     | 53/108 [00:39<00:38,  1.42it/s] 50%|█████     | 54/108 [00:40<00:37,  1.42it/s] 51%|█████     | 55/108 [00:41<00:37,  1.42it/s] 52%|█████▏    | 56/108 [00:41<00:36,  1.42it/s] 53%|█████▎    | 57/108 [00:42<00:35,  1.42it/s] 54%|█████▎    | 58/108 [00:43<00:35,  1.42it/s] 55%|█████▍    | 59/108 [00:43<00:34,  1.42it/s] 56%|█████▌    | 60/108 [00:44<00:33,  1.41it/s] 56%|█████▋    | 61/108 [00:45<00:33,  1.42it/s] 57%|█████▋    | 62/108 [00:46<00:32,  1.42it/s] 58%|█████▊    | 63/108 [00:46<00:31,  1.42it/s] 59%|█████▉    | 64/108 [00:47<00:31,  1.42it/s] 60%|██████    | 65/108 [00:48<00:30,  1.42it/s] 61%|██████    | 66/108 [00:48<00:29,  1.42it/s] 62%|██████▏   | 67/108 [00:49<00:28,  1.42it/s] 63%|██████▎   | 68/108 [00:50<00:28,  1.42it/s] 64%|██████▍   | 69/108 [00:51<00:27,  1.42it/s] 65%|██████▍   | 70/108 [00:51<00:26,  1.42it/s] 66%|██████▌   | 71/108 [00:52<00:26,  1.42it/s] 67%|██████▋   | 72/108 [00:53<00:25,  1.42it/s] 68%|██████▊   | 73/108 [00:53<00:24,  1.42it/s] 69%|██████▊   | 74/108 [00:54<00:23,  1.42it/s] 69%|██████▉   | 75/108 [00:55<00:23,  1.42it/s] 70%|███████   | 76/108 [00:55<00:22,  1.42it/s] 71%|███████▏  | 77/108 [00:56<00:21,  1.42it/s] 72%|███████▏  | 78/108 [00:57<00:21,  1.42it/s] 73%|███████▎  | 79/108 [00:58<00:20,  1.42it/s] 74%|███████▍  | 80/108 [00:58<00:19,  1.42it/s] 75%|███████▌  | 81/108 [00:59<00:18,  1.42it/s] 76%|███████▌  | 82/108 [01:00<00:18,  1.42it/s] 77%|███████▋  | 83/108 [01:00<00:17,  1.42it/s] 78%|███████▊  | 84/108 [01:01<00:16,  1.42it/s] 79%|███████▊  | 85/108 [01:02<00:16,  1.42it/s] 80%|███████▉  | 86/108 [01:02<00:15,  1.42it/s] 81%|████████  | 87/108 [01:03<00:14,  1.42it/s] 81%|████████▏ | 88/108 [01:04<00:14,  1.42it/s] 82%|████████▏ | 89/108 [01:05<00:13,  1.42it/s] 83%|████████▎ | 90/108 [01:05<00:12,  1.42it/s] 84%|████████▍ | 91/108 [01:06<00:11,  1.42it/s] 85%|████████▌ | 92/108 [01:07<00:11,  1.42it/s] 86%|████████▌ | 93/108 [01:07<00:10,  1.42it/s] 87%|████████▋ | 94/108 [01:08<00:09,  1.42it/s] 88%|████████▊ | 95/108 [01:09<00:09,  1.42it/s] 89%|████████▉ | 96/108 [01:10<00:08,  1.42it/s] 90%|████████▉ | 97/108 [01:10<00:07,  1.42it/s] 91%|█████████ | 98/108 [01:11<00:07,  1.42it/s] 92%|█████████▏| 99/108 [01:12<00:06,  1.42it/s] 93%|█████████▎| 100/108 [01:12<00:05,  1.42it/s] 94%|█████████▎| 101/108 [01:13<00:04,  1.42it/s] 94%|█████████▍| 102/108 [01:14<00:04,  1.42it/s] 95%|█████████▌| 103/108 [01:14<00:03,  1.42it/s] 96%|█████████▋| 104/108 [01:15<00:02,  1.42it/s] 97%|█████████▋| 105/108 [01:16<00:02,  1.42it/s] 98%|█████████▊| 106/108 [01:17<00:01,  1.42it/s] 99%|█████████▉| 107/108 [01:17<00:00,  1.42it/s]100%|██████████| 108/108 [01:18<00:00,  1.68it/s]100%|██████████| 108/108 [01:18<00:00,  1.38it/s]
Epoch 86/200, Train Loss: 2.4736, Valid Loss: 2.4506
  0%|          | 0/108 [00:00<?, ?it/s]  1%|          | 1/108 [00:03<05:28,  3.07s/it]  2%|▏         | 2/108 [00:03<02:57,  1.68s/it]  3%|▎         | 3/108 [00:04<02:09,  1.23s/it]  4%|▎         | 4/108 [00:05<01:46,  1.02s/it]  5%|▍         | 5/108 [00:05<01:33,  1.10it/s]  6%|▌         | 6/108 [00:06<01:25,  1.19it/s]  6%|▋         | 7/108 [00:07<01:20,  1.26it/s]  7%|▋         | 8/108 [00:07<01:16,  1.31it/s]  8%|▊         | 9/108 [00:08<01:14,  1.34it/s]  9%|▉         | 10/108 [00:09<01:11,  1.36it/s] 10%|█         | 11/108 [00:10<01:10,  1.38it/s] 11%|█         | 12/108 [00:10<01:08,  1.39it/s] 12%|█▏        | 13/108 [00:11<01:07,  1.40it/s] 13%|█▎        | 14/108 [00:12<01:06,  1.41it/s] 14%|█▍        | 15/108 [00:12<01:05,  1.41it/s] 15%|█▍        | 16/108 [00:13<01:04,  1.42it/s] 16%|█▌        | 17/108 [00:14<01:04,  1.42it/s] 17%|█▋        | 18/108 [00:15<01:03,  1.42it/s] 18%|█▊        | 19/108 [00:15<01:02,  1.42it/s] 19%|█▊        | 20/108 [00:16<01:01,  1.42it/s] 19%|█▉        | 21/108 [00:17<01:01,  1.42it/s] 20%|██        | 22/108 [00:17<01:00,  1.42it/s] 21%|██▏       | 23/108 [00:18<00:59,  1.43it/s] 22%|██▏       | 24/108 [00:19<00:58,  1.43it/s] 23%|██▎       | 25/108 [00:19<00:58,  1.42it/s] 24%|██▍       | 26/108 [00:20<00:57,  1.42it/s] 25%|██▌       | 27/108 [00:21<00:56,  1.42it/s] 26%|██▌       | 28/108 [00:22<00:56,  1.42it/s] 27%|██▋       | 29/108 [00:22<00:55,  1.42it/s] 28%|██▊       | 30/108 [00:23<00:54,  1.42it/s] 29%|██▊       | 31/108 [00:24<00:54,  1.42it/s] 30%|██▉       | 32/108 [00:24<00:53,  1.42it/s] 31%|███       | 33/108 [00:25<00:52,  1.42it/s] 31%|███▏      | 34/108 [00:26<00:52,  1.42it/s] 32%|███▏      | 35/108 [00:26<00:51,  1.42it/s] 33%|███▎      | 36/108 [00:27<00:50,  1.42it/s] 34%|███▍      | 37/108 [00:28<00:49,  1.42it/s] 35%|███▌      | 38/108 [00:29<00:49,  1.42it/s] 36%|███▌      | 39/108 [00:29<00:48,  1.42it/s] 37%|███▋      | 40/108 [00:30<00:47,  1.42it/s] 38%|███▊      | 41/108 [00:31<00:47,  1.42it/s] 39%|███▉      | 42/108 [00:31<00:46,  1.42it/s] 40%|███▉      | 43/108 [00:32<00:45,  1.42it/s] 41%|████      | 44/108 [00:33<00:44,  1.42it/s] 42%|████▏     | 45/108 [00:34<00:44,  1.42it/s] 43%|████▎     | 46/108 [00:34<00:43,  1.42it/s] 44%|████▎     | 47/108 [00:35<00:42,  1.42it/s] 44%|████▍     | 48/108 [00:36<00:42,  1.42it/s] 45%|████▌     | 49/108 [00:36<00:41,  1.42it/s] 46%|████▋     | 50/108 [00:37<00:40,  1.42it/s] 47%|████▋     | 51/108 [00:38<00:40,  1.42it/s] 48%|████▊     | 52/108 [00:38<00:39,  1.42it/s] 49%|████▉     | 53/108 [00:39<00:38,  1.42it/s] 50%|█████     | 54/108 [00:40<00:38,  1.42it/s] 51%|█████     | 55/108 [00:41<00:37,  1.42it/s] 52%|█████▏    | 56/108 [00:41<00:36,  1.42it/s] 53%|█████▎    | 57/108 [00:42<00:35,  1.42it/s] 54%|█████▎    | 58/108 [00:43<00:35,  1.42it/s] 55%|█████▍    | 59/108 [00:43<00:34,  1.42it/s] 56%|█████▌    | 60/108 [00:44<00:33,  1.41it/s] 56%|█████▋    | 61/108 [00:45<00:33,  1.42it/s] 57%|█████▋    | 62/108 [00:45<00:32,  1.42it/s] 58%|█████▊    | 63/108 [00:46<00:31,  1.42it/s] 59%|█████▉    | 64/108 [00:47<00:30,  1.42it/s] 60%|██████    | 65/108 [00:48<00:30,  1.42it/s] 61%|██████    | 66/108 [00:48<00:29,  1.42it/s] 62%|██████▏   | 67/108 [00:49<00:28,  1.42it/s] 63%|██████▎   | 68/108 [00:50<00:28,  1.42it/s] 64%|██████▍   | 69/108 [00:50<00:27,  1.42it/s] 65%|██████▍   | 70/108 [00:51<00:26,  1.42it/s] 66%|██████▌   | 71/108 [00:52<00:26,  1.42it/s] 67%|██████▋   | 72/108 [00:53<00:25,  1.42it/s] 68%|██████▊   | 73/108 [00:53<00:24,  1.42it/s] 69%|██████▊   | 74/108 [00:54<00:23,  1.42it/s] 69%|██████▉   | 75/108 [00:55<00:23,  1.42it/s] 70%|███████   | 76/108 [00:55<00:22,  1.42it/s] 71%|███████▏  | 77/108 [00:56<00:21,  1.42it/s] 72%|███████▏  | 78/108 [00:57<00:21,  1.42it/s] 73%|███████▎  | 79/108 [00:57<00:20,  1.42it/s] 74%|███████▍  | 80/108 [00:58<00:19,  1.42it/s] 75%|███████▌  | 81/108 [00:59<00:18,  1.42it/s] 76%|███████▌  | 82/108 [01:00<00:18,  1.42it/s] 77%|███████▋  | 83/108 [01:00<00:17,  1.42it/s] 78%|███████▊  | 84/108 [01:01<00:16,  1.42it/s] 79%|███████▊  | 85/108 [01:02<00:16,  1.42it/s] 80%|███████▉  | 86/108 [01:02<00:15,  1.42it/s] 81%|████████  | 87/108 [01:03<00:14,  1.42it/s] 81%|████████▏ | 88/108 [01:04<00:14,  1.42it/s] 82%|████████▏ | 89/108 [01:04<00:13,  1.42it/s] 83%|████████▎ | 90/108 [01:05<00:12,  1.42it/s] 84%|████████▍ | 91/108 [01:06<00:11,  1.42it/s] 85%|████████▌ | 92/108 [01:07<00:11,  1.42it/s] 86%|████████▌ | 93/108 [01:07<00:10,  1.42it/s] 87%|████████▋ | 94/108 [01:08<00:09,  1.42it/s] 88%|████████▊ | 95/108 [01:09<00:09,  1.42it/s] 89%|████████▉ | 96/108 [01:09<00:08,  1.42it/s] 90%|████████▉ | 97/108 [01:10<00:07,  1.42it/s] 91%|█████████ | 98/108 [01:11<00:07,  1.42it/s] 92%|█████████▏| 99/108 [01:12<00:06,  1.42it/s] 93%|█████████▎| 100/108 [01:12<00:05,  1.42it/s] 94%|█████████▎| 101/108 [01:13<00:04,  1.42it/s] 94%|█████████▍| 102/108 [01:14<00:04,  1.42it/s] 95%|█████████▌| 103/108 [01:14<00:03,  1.42it/s] 96%|█████████▋| 104/108 [01:15<00:02,  1.42it/s] 97%|█████████▋| 105/108 [01:16<00:02,  1.42it/s] 98%|█████████▊| 106/108 [01:16<00:01,  1.42it/s] 99%|█████████▉| 107/108 [01:17<00:00,  1.42it/s]100%|██████████| 108/108 [01:17<00:00,  1.68it/s]100%|██████████| 108/108 [01:18<00:00,  1.38it/s]
Epoch 87/200, Train Loss: 2.4676, Valid Loss: 2.5150
  0%|          | 0/108 [00:00<?, ?it/s]  1%|          | 1/108 [00:02<05:05,  2.85s/it]  2%|▏         | 2/108 [00:03<02:50,  1.60s/it]  3%|▎         | 3/108 [00:04<02:05,  1.19s/it]  4%|▎         | 4/108 [00:04<01:43,  1.00it/s]  5%|▍         | 5/108 [00:05<01:32,  1.12it/s]  6%|▌         | 6/108 [00:06<01:24,  1.21it/s]  6%|▋         | 7/108 [00:07<01:19,  1.27it/s]  7%|▋         | 8/108 [00:07<01:16,  1.31it/s]  8%|▊         | 9/108 [00:08<01:13,  1.35it/s]  9%|▉         | 10/108 [00:09<01:11,  1.37it/s] 10%|█         | 11/108 [00:09<01:09,  1.39it/s] 11%|█         | 12/108 [00:10<01:08,  1.40it/s] 12%|█▏        | 13/108 [00:11<01:07,  1.41it/s] 13%|█▎        | 14/108 [00:12<01:06,  1.41it/s] 14%|█▍        | 15/108 [00:12<01:05,  1.41it/s] 15%|█▍        | 16/108 [00:13<01:04,  1.42it/s] 16%|█▌        | 17/108 [00:14<01:04,  1.42it/s] 17%|█▋        | 18/108 [00:14<01:03,  1.42it/s] 18%|█▊        | 19/108 [00:15<01:02,  1.42it/s] 19%|█▊        | 20/108 [00:16<01:01,  1.42it/s] 19%|█▉        | 21/108 [00:16<01:01,  1.42it/s] 20%|██        | 22/108 [00:17<01:00,  1.43it/s] 21%|██▏       | 23/108 [00:18<00:59,  1.43it/s] 22%|██▏       | 24/108 [00:19<00:58,  1.42it/s] 23%|██▎       | 25/108 [00:19<00:58,  1.41it/s] 24%|██▍       | 26/108 [00:20<00:57,  1.42it/s] 25%|██▌       | 27/108 [00:21<00:57,  1.42it/s] 26%|██▌       | 28/108 [00:21<00:56,  1.42it/s] 27%|██▋       | 29/108 [00:22<00:55,  1.42it/s] 28%|██▊       | 30/108 [00:23<00:54,  1.42it/s] 29%|██▊       | 31/108 [00:23<00:54,  1.42it/s] 30%|██▉       | 32/108 [00:24<00:53,  1.42it/s] 31%|███       | 33/108 [00:25<00:52,  1.42it/s] 31%|███▏      | 34/108 [00:26<00:52,  1.42it/s] 32%|███▏      | 35/108 [00:26<00:51,  1.42it/s] 33%|███▎      | 36/108 [00:27<00:50,  1.42it/s] 34%|███▍      | 37/108 [00:28<00:49,  1.42it/s] 35%|███▌      | 38/108 [00:28<00:49,  1.42it/s] 36%|███▌      | 39/108 [00:29<00:48,  1.42it/s] 37%|███▋      | 40/108 [00:30<00:47,  1.42it/s] 38%|███▊      | 41/108 [00:31<00:47,  1.42it/s] 39%|███▉      | 42/108 [00:31<00:46,  1.42it/s] 40%|███▉      | 43/108 [00:32<00:45,  1.42it/s] 41%|████      | 44/108 [00:33<00:45,  1.42it/s] 42%|████▏     | 45/108 [00:33<00:44,  1.42it/s] 43%|████▎     | 46/108 [00:34<00:43,  1.42it/s] 44%|████▎     | 47/108 [00:35<00:42,  1.42it/s] 44%|████▍     | 48/108 [00:35<00:42,  1.42it/s] 45%|████▌     | 49/108 [00:36<00:41,  1.42it/s] 46%|████▋     | 50/108 [00:37<00:40,  1.42it/s] 47%|████▋     | 51/108 [00:38<00:40,  1.42it/s] 48%|████▊     | 52/108 [00:38<00:39,  1.42it/s] 49%|████▉     | 53/108 [00:39<00:38,  1.42it/s] 50%|█████     | 54/108 [00:40<00:38,  1.42it/s] 51%|█████     | 55/108 [00:40<00:37,  1.42it/s] 52%|█████▏    | 56/108 [00:41<00:36,  1.42it/s] 53%|█████▎    | 57/108 [00:42<00:35,  1.42it/s] 54%|█████▎    | 58/108 [00:42<00:35,  1.42it/s] 55%|█████▍    | 59/108 [00:43<00:34,  1.42it/s] 56%|█████▌    | 60/108 [00:44<00:33,  1.42it/s] 56%|█████▋    | 61/108 [00:45<00:33,  1.42it/s] 57%|█████▋    | 62/108 [00:45<00:32,  1.42it/s] 58%|█████▊    | 63/108 [00:46<00:31,  1.42it/s] 59%|█████▉    | 64/108 [00:47<00:31,  1.42it/s] 60%|██████    | 65/108 [00:47<00:30,  1.42it/s] 61%|██████    | 66/108 [00:48<00:29,  1.42it/s] 62%|██████▏   | 67/108 [00:49<00:28,  1.42it/s] 63%|██████▎   | 68/108 [00:50<00:28,  1.42it/s] 64%|██████▍   | 69/108 [00:50<00:27,  1.42it/s] 65%|██████▍   | 70/108 [00:51<00:26,  1.42it/s] 66%|██████▌   | 71/108 [00:52<00:26,  1.42it/s] 67%|██████▋   | 72/108 [00:52<00:25,  1.42it/s] 68%|██████▊   | 73/108 [00:53<00:24,  1.42it/s] 69%|██████▊   | 74/108 [00:54<00:23,  1.42it/s] 69%|██████▉   | 75/108 [00:54<00:23,  1.42it/s] 70%|███████   | 76/108 [00:55<00:22,  1.42it/s] 71%|███████▏  | 77/108 [00:56<00:21,  1.42it/s] 72%|███████▏  | 78/108 [00:57<00:21,  1.42it/s] 73%|███████▎  | 79/108 [00:57<00:20,  1.42it/s] 74%|███████▍  | 80/108 [00:58<00:19,  1.42it/s] 75%|███████▌  | 81/108 [00:59<00:19,  1.42it/s] 76%|███████▌  | 82/108 [00:59<00:18,  1.42it/s] 77%|███████▋  | 83/108 [01:00<00:17,  1.42it/s] 78%|███████▊  | 84/108 [01:01<00:16,  1.42it/s] 79%|███████▊  | 85/108 [01:02<00:16,  1.42it/s] 80%|███████▉  | 86/108 [01:02<00:15,  1.42it/s] 81%|████████  | 87/108 [01:03<00:14,  1.42it/s] 81%|████████▏ | 88/108 [01:04<00:14,  1.42it/s] 82%|████████▏ | 89/108 [01:04<00:13,  1.42it/s] 83%|████████▎ | 90/108 [01:05<00:12,  1.42it/s] 84%|████████▍ | 91/108 [01:06<00:11,  1.42it/s] 85%|████████▌ | 92/108 [01:06<00:11,  1.42it/s] 86%|████████▌ | 93/108 [01:07<00:10,  1.42it/s] 87%|████████▋ | 94/108 [01:08<00:09,  1.42it/s] 88%|████████▊ | 95/108 [01:09<00:09,  1.42it/s] 89%|████████▉ | 96/108 [01:09<00:08,  1.42it/s] 90%|████████▉ | 97/108 [01:10<00:07,  1.42it/s] 91%|█████████ | 98/108 [01:11<00:07,  1.42it/s] 92%|█████████▏| 99/108 [01:11<00:06,  1.42it/s] 93%|█████████▎| 100/108 [01:12<00:05,  1.42it/s] 94%|█████████▎| 101/108 [01:13<00:04,  1.42it/s] 94%|█████████▍| 102/108 [01:13<00:04,  1.42it/s] 95%|█████████▌| 103/108 [01:14<00:03,  1.42it/s] 96%|█████████▋| 104/108 [01:15<00:02,  1.42it/s] 97%|█████████▋| 105/108 [01:16<00:02,  1.42it/s] 98%|█████████▊| 106/108 [01:16<00:01,  1.42it/s] 99%|█████████▉| 107/108 [01:17<00:00,  1.42it/s]100%|██████████| 108/108 [01:17<00:00,  1.68it/s]100%|██████████| 108/108 [01:17<00:00,  1.39it/s]
Epoch 88/200, Train Loss: 2.4741, Valid Loss: 2.4541
  0%|          | 0/108 [00:00<?, ?it/s]  1%|          | 1/108 [00:02<05:09,  2.89s/it]  2%|▏         | 2/108 [00:03<02:50,  1.60s/it]  3%|▎         | 3/108 [00:04<02:05,  1.19s/it]  4%|▎         | 4/108 [00:05<01:43,  1.00it/s]  5%|▍         | 5/108 [00:05<01:31,  1.12it/s]  6%|▌         | 6/108 [00:06<01:24,  1.20it/s]  6%|▋         | 7/108 [00:07<01:19,  1.27it/s]  7%|▋         | 8/108 [00:07<01:16,  1.32it/s]  8%|▊         | 9/108 [00:08<01:13,  1.35it/s]  9%|▉         | 10/108 [00:09<01:11,  1.37it/s] 10%|█         | 11/108 [00:09<01:10,  1.38it/s] 11%|█         | 12/108 [00:10<01:08,  1.39it/s] 12%|█▏        | 13/108 [00:11<01:07,  1.41it/s] 13%|█▎        | 14/108 [00:12<01:06,  1.41it/s] 14%|█▍        | 15/108 [00:12<01:05,  1.41it/s] 15%|█▍        | 16/108 [00:13<01:04,  1.42it/s] 16%|█▌        | 17/108 [00:14<01:04,  1.42it/s] 17%|█▋        | 18/108 [00:14<01:03,  1.42it/s] 18%|█▊        | 19/108 [00:15<01:02,  1.42it/s] 19%|█▊        | 20/108 [00:16<01:01,  1.42it/s] 19%|█▉        | 21/108 [00:16<01:01,  1.42it/s] 20%|██        | 22/108 [00:17<01:00,  1.42it/s] 21%|██▏       | 23/108 [00:18<00:59,  1.42it/s] 22%|██▏       | 24/108 [00:19<00:58,  1.43it/s] 23%|██▎       | 25/108 [00:19<00:58,  1.42it/s] 24%|██▍       | 26/108 [00:20<00:57,  1.42it/s] 25%|██▌       | 27/108 [00:21<00:57,  1.42it/s] 26%|██▌       | 28/108 [00:21<00:56,  1.42it/s] 27%|██▋       | 29/108 [00:22<00:55,  1.42it/s] 28%|██▊       | 30/108 [00:23<00:55,  1.42it/s] 29%|██▊       | 31/108 [00:23<00:54,  1.42it/s] 30%|██▉       | 32/108 [00:24<00:53,  1.42it/s] 31%|███       | 33/108 [00:25<00:52,  1.42it/s] 31%|███▏      | 34/108 [00:26<00:52,  1.42it/s] 32%|███▏      | 35/108 [00:26<00:51,  1.42it/s] 33%|███▎      | 36/108 [00:27<00:50,  1.42it/s] 34%|███▍      | 37/108 [00:28<00:49,  1.42it/s] 35%|███▌      | 38/108 [00:28<00:49,  1.42it/s] 36%|███▌      | 39/108 [00:29<00:48,  1.42it/s] 37%|███▋      | 40/108 [00:30<00:47,  1.42it/s] 38%|███▊      | 41/108 [00:31<00:47,  1.42it/s] 39%|███▉      | 42/108 [00:31<00:46,  1.42it/s] 40%|███▉      | 43/108 [00:32<00:45,  1.42it/s] 41%|████      | 44/108 [00:33<00:44,  1.42it/s] 42%|████▏     | 45/108 [00:33<00:44,  1.42it/s] 43%|████▎     | 46/108 [00:34<00:43,  1.42it/s] 44%|████▎     | 47/108 [00:35<00:42,  1.42it/s] 44%|████▍     | 48/108 [00:35<00:42,  1.42it/s] 45%|████▌     | 49/108 [00:36<00:41,  1.42it/s] 46%|████▋     | 50/108 [00:37<00:40,  1.42it/s] 47%|████▋     | 51/108 [00:38<00:40,  1.42it/s] 48%|████▊     | 52/108 [00:38<00:39,  1.42it/s] 49%|████▉     | 53/108 [00:39<00:38,  1.42it/s] 50%|█████     | 54/108 [00:40<00:38,  1.42it/s] 51%|█████     | 55/108 [00:40<00:37,  1.42it/s] 52%|█████▏    | 56/108 [00:41<00:36,  1.42it/s] 53%|█████▎    | 57/108 [00:42<00:35,  1.42it/s] 54%|█████▎    | 58/108 [00:42<00:35,  1.42it/s] 55%|█████▍    | 59/108 [00:43<00:34,  1.42it/s] 56%|█████▌    | 60/108 [00:44<00:33,  1.41it/s] 56%|█████▋    | 61/108 [00:45<00:33,  1.42it/s] 57%|█████▋    | 62/108 [00:45<00:32,  1.42it/s] 58%|█████▊    | 63/108 [00:46<00:31,  1.42it/s] 59%|█████▉    | 64/108 [00:47<00:30,  1.42it/s] 60%|██████    | 65/108 [00:47<00:30,  1.42it/s] 61%|██████    | 66/108 [00:48<00:29,  1.42it/s] 62%|██████▏   | 67/108 [00:49<00:28,  1.42it/s] 63%|██████▎   | 68/108 [00:50<00:28,  1.42it/s] 64%|██████▍   | 69/108 [00:50<00:27,  1.42it/s] 65%|██████▍   | 70/108 [00:51<00:26,  1.42it/s] 66%|██████▌   | 71/108 [00:52<00:26,  1.42it/s] 67%|██████▋   | 72/108 [00:52<00:25,  1.42it/s] 68%|██████▊   | 73/108 [00:53<00:24,  1.42it/s] 69%|██████▊   | 74/108 [00:54<00:23,  1.42it/s] 69%|██████▉   | 75/108 [00:54<00:23,  1.42it/s] 70%|███████   | 76/108 [00:55<00:22,  1.42it/s] 71%|███████▏  | 77/108 [00:56<00:21,  1.42it/s] 72%|███████▏  | 78/108 [00:57<00:21,  1.42it/s] 73%|███████▎  | 79/108 [00:57<00:20,  1.42it/s] 74%|███████▍  | 80/108 [00:58<00:19,  1.42it/s] 75%|███████▌  | 81/108 [00:59<00:19,  1.42it/s] 76%|███████▌  | 82/108 [00:59<00:18,  1.42it/s] 77%|███████▋  | 83/108 [01:00<00:17,  1.42it/s] 78%|███████▊  | 84/108 [01:01<00:16,  1.42it/s] 79%|███████▊  | 85/108 [01:02<00:16,  1.42it/s] 80%|███████▉  | 86/108 [01:02<00:15,  1.42it/s] 81%|████████  | 87/108 [01:03<00:14,  1.42it/s] 81%|████████▏ | 88/108 [01:04<00:14,  1.42it/s] 82%|████████▏ | 89/108 [01:04<00:13,  1.42it/s] 83%|████████▎ | 90/108 [01:05<00:12,  1.42it/s] 84%|████████▍ | 91/108 [01:06<00:11,  1.42it/s] 85%|████████▌ | 92/108 [01:06<00:11,  1.42it/s] 86%|████████▌ | 93/108 [01:07<00:10,  1.42it/s] 87%|████████▋ | 94/108 [01:08<00:09,  1.42it/s] 88%|████████▊ | 95/108 [01:09<00:09,  1.42it/s] 89%|████████▉ | 96/108 [01:09<00:08,  1.42it/s] 90%|████████▉ | 97/108 [01:10<00:07,  1.42it/s] 91%|█████████ | 98/108 [01:11<00:07,  1.42it/s] 92%|█████████▏| 99/108 [01:11<00:06,  1.42it/s] 93%|█████████▎| 100/108 [01:12<00:05,  1.42it/s] 94%|█████████▎| 101/108 [01:13<00:04,  1.42it/s] 94%|█████████▍| 102/108 [01:13<00:04,  1.42it/s] 95%|█████████▌| 103/108 [01:14<00:03,  1.42it/s] 96%|█████████▋| 104/108 [01:15<00:02,  1.42it/s] 97%|█████████▋| 105/108 [01:16<00:02,  1.42it/s] 98%|█████████▊| 106/108 [01:16<00:01,  1.42it/s] 99%|█████████▉| 107/108 [01:17<00:00,  1.42it/s]100%|██████████| 108/108 [01:17<00:00,  1.68it/s]100%|██████████| 108/108 [01:17<00:00,  1.39it/s]
Epoch 89/200, Train Loss: 2.4858, Valid Loss: 2.4645
  0%|          | 0/108 [00:00<?, ?it/s]  1%|          | 1/108 [00:02<05:10,  2.90s/it]  2%|▏         | 2/108 [00:03<02:50,  1.61s/it]  3%|▎         | 3/108 [00:04<02:06,  1.21s/it]  4%|▎         | 4/108 [00:05<01:44,  1.01s/it]  5%|▍         | 5/108 [00:05<01:32,  1.11it/s]  6%|▌         | 6/108 [00:06<01:24,  1.20it/s]  6%|▋         | 7/108 [00:07<01:19,  1.26it/s]  7%|▋         | 8/108 [00:07<01:16,  1.31it/s]  8%|▊         | 9/108 [00:08<01:13,  1.34it/s]  9%|▉         | 10/108 [00:09<01:11,  1.37it/s] 10%|█         | 11/108 [00:09<01:10,  1.38it/s] 11%|█         | 12/108 [00:10<01:08,  1.40it/s] 12%|█▏        | 13/108 [00:11<01:07,  1.40it/s] 13%|█▎        | 14/108 [00:12<01:06,  1.41it/s] 14%|█▍        | 15/108 [00:12<01:05,  1.41it/s] 15%|█▍        | 16/108 [00:13<01:04,  1.42it/s] 16%|█▌        | 17/108 [00:14<01:04,  1.42it/s] 17%|█▋        | 18/108 [00:14<01:03,  1.42it/s] 18%|█▊        | 19/108 [00:15<01:02,  1.42it/s] 19%|█▊        | 20/108 [00:16<01:01,  1.42it/s] 19%|█▉        | 21/108 [00:16<01:01,  1.42it/s] 20%|██        | 22/108 [00:17<01:00,  1.42it/s] 21%|██▏       | 23/108 [00:18<00:59,  1.42it/s] 22%|██▏       | 24/108 [00:19<00:58,  1.42it/s] 23%|██▎       | 25/108 [00:19<00:58,  1.42it/s] 24%|██▍       | 26/108 [00:20<00:57,  1.42it/s] 25%|██▌       | 27/108 [00:21<00:57,  1.42it/s] 26%|██▌       | 28/108 [00:21<00:56,  1.42it/s] 27%|██▋       | 29/108 [00:22<00:55,  1.42it/s] 28%|██▊       | 30/108 [00:23<00:54,  1.42it/s] 29%|██▊       | 31/108 [00:24<00:54,  1.41it/s] 30%|██▉       | 32/108 [00:24<00:53,  1.42it/s] 31%|███       | 33/108 [00:25<00:52,  1.42it/s] 31%|███▏      | 34/108 [00:26<00:52,  1.42it/s] 32%|███▏      | 35/108 [00:26<00:51,  1.42it/s] 33%|███▎      | 36/108 [00:27<00:50,  1.42it/s] 34%|███▍      | 37/108 [00:28<00:49,  1.42it/s] 35%|███▌      | 38/108 [00:28<00:49,  1.42it/s] 36%|███▌      | 39/108 [00:29<00:48,  1.42it/s] 37%|███▋      | 40/108 [00:30<00:47,  1.42it/s] 38%|███▊      | 41/108 [00:31<00:47,  1.42it/s] 39%|███▉      | 42/108 [00:31<00:46,  1.42it/s] 40%|███▉      | 43/108 [00:32<00:45,  1.42it/s] 41%|████      | 44/108 [00:33<00:45,  1.42it/s] 42%|████▏     | 45/108 [00:33<00:44,  1.42it/s] 43%|████▎     | 46/108 [00:34<00:43,  1.42it/s] 44%|████▎     | 47/108 [00:35<00:42,  1.42it/s] 44%|████▍     | 48/108 [00:35<00:42,  1.42it/s] 45%|████▌     | 49/108 [00:36<00:41,  1.42it/s] 46%|████▋     | 50/108 [00:37<00:40,  1.42it/s] 47%|████▋     | 51/108 [00:38<00:40,  1.42it/s] 48%|████▊     | 52/108 [00:38<00:39,  1.42it/s] 49%|████▉     | 53/108 [00:39<00:38,  1.42it/s] 50%|█████     | 54/108 [00:40<00:38,  1.42it/s] 51%|█████     | 55/108 [00:40<00:37,  1.42it/s] 52%|█████▏    | 56/108 [00:41<00:36,  1.42it/s] 53%|█████▎    | 57/108 [00:42<00:35,  1.42it/s] 54%|█████▎    | 58/108 [00:43<00:35,  1.42it/s] 55%|█████▍    | 59/108 [00:43<00:34,  1.42it/s] 56%|█████▌    | 60/108 [00:44<00:33,  1.41it/s] 56%|█████▋    | 61/108 [00:45<00:33,  1.42it/s] 57%|█████▋    | 62/108 [00:45<00:32,  1.42it/s] 58%|█████▊    | 63/108 [00:46<00:31,  1.42it/s] 59%|█████▉    | 64/108 [00:47<00:30,  1.42it/s] 60%|██████    | 65/108 [00:47<00:30,  1.42it/s] 61%|██████    | 66/108 [00:48<00:29,  1.42it/s] 62%|██████▏   | 67/108 [00:49<00:28,  1.42it/s] 63%|██████▎   | 68/108 [00:50<00:28,  1.42it/s] 64%|██████▍   | 69/108 [00:50<00:27,  1.42it/s] 65%|██████▍   | 70/108 [00:51<00:26,  1.42it/s] 66%|██████▌   | 71/108 [00:52<00:26,  1.42it/s] 67%|██████▋   | 72/108 [00:52<00:25,  1.42it/s] 68%|██████▊   | 73/108 [00:53<00:24,  1.42it/s] 69%|██████▊   | 74/108 [00:54<00:23,  1.42it/s] 69%|██████▉   | 75/108 [00:55<00:23,  1.42it/s] 70%|███████   | 76/108 [00:55<00:22,  1.42it/s] 71%|███████▏  | 77/108 [00:56<00:21,  1.42it/s] 72%|███████▏  | 78/108 [00:57<00:21,  1.42it/s] 73%|███████▎  | 79/108 [00:57<00:20,  1.42it/s] 74%|███████▍  | 80/108 [00:58<00:19,  1.42it/s] 75%|███████▌  | 81/108 [00:59<00:19,  1.42it/s] 76%|███████▌  | 82/108 [00:59<00:18,  1.42it/s] 77%|███████▋  | 83/108 [01:00<00:17,  1.42it/s] 78%|███████▊  | 84/108 [01:01<00:16,  1.42it/s] 79%|███████▊  | 85/108 [01:02<00:16,  1.42it/s] 80%|███████▉  | 86/108 [01:02<00:15,  1.42it/s] 81%|████████  | 87/108 [01:03<00:14,  1.42it/s] 81%|████████▏ | 88/108 [01:04<00:14,  1.42it/s] 82%|████████▏ | 89/108 [01:04<00:13,  1.42it/s] 83%|████████▎ | 90/108 [01:05<00:12,  1.42it/s] 84%|████████▍ | 91/108 [01:06<00:11,  1.42it/s] 85%|████████▌ | 92/108 [01:06<00:11,  1.42it/s] 86%|████████▌ | 93/108 [01:07<00:10,  1.42it/s] 87%|████████▋ | 94/108 [01:08<00:09,  1.42it/s] 88%|████████▊ | 95/108 [01:09<00:09,  1.42it/s] 89%|████████▉ | 96/108 [01:09<00:08,  1.42it/s] 90%|████████▉ | 97/108 [01:10<00:07,  1.42it/s] 91%|█████████ | 98/108 [01:11<00:07,  1.42it/s] 92%|█████████▏| 99/108 [01:11<00:06,  1.42it/s] 93%|█████████▎| 100/108 [01:12<00:05,  1.42it/s] 94%|█████████▎| 101/108 [01:13<00:04,  1.42it/s] 94%|█████████▍| 102/108 [01:14<00:04,  1.42it/s] 95%|█████████▌| 103/108 [01:14<00:03,  1.42it/s] 96%|█████████▋| 104/108 [01:15<00:02,  1.42it/s] 97%|█████████▋| 105/108 [01:16<00:02,  1.42it/s] 98%|█████████▊| 106/108 [01:16<00:01,  1.42it/s] 99%|█████████▉| 107/108 [01:17<00:00,  1.42it/s]100%|██████████| 108/108 [01:17<00:00,  1.68it/s]100%|██████████| 108/108 [01:17<00:00,  1.38it/s]
Epoch 90/200, Train Loss: 2.4716, Valid Loss: 2.4625
  0%|          | 0/108 [00:00<?, ?it/s]  1%|          | 1/108 [00:03<05:23,  3.02s/it]  2%|▏         | 2/108 [00:03<02:55,  1.66s/it]  3%|▎         | 3/108 [00:04<02:08,  1.22s/it]  4%|▎         | 4/108 [00:05<01:45,  1.01s/it]  5%|▍         | 5/108 [00:05<01:33,  1.11it/s]  6%|▌         | 6/108 [00:06<01:25,  1.20it/s]  6%|▋         | 7/108 [00:07<01:20,  1.26it/s]  7%|▋         | 8/108 [00:07<01:16,  1.31it/s]  8%|▊         | 9/108 [00:08<01:13,  1.34it/s]  9%|▉         | 10/108 [00:09<01:11,  1.37it/s] 10%|█         | 11/108 [00:10<01:10,  1.38it/s] 11%|█         | 12/108 [00:10<01:08,  1.40it/s] 12%|█▏        | 13/108 [00:11<01:07,  1.41it/s] 13%|█▎        | 14/108 [00:12<01:06,  1.41it/s] 14%|█▍        | 15/108 [00:12<01:05,  1.41it/s] 15%|█▍        | 16/108 [00:13<01:04,  1.42it/s] 16%|█▌        | 17/108 [00:14<01:04,  1.42it/s] 17%|█▋        | 18/108 [00:14<01:03,  1.42it/s] 18%|█▊        | 19/108 [00:15<01:02,  1.42it/s] 19%|█▊        | 20/108 [00:16<01:01,  1.42it/s] 19%|█▉        | 21/108 [00:17<01:01,  1.42it/s] 20%|██        | 22/108 [00:17<01:00,  1.42it/s] 21%|██▏       | 23/108 [00:18<00:59,  1.42it/s] 22%|██▏       | 24/108 [00:19<00:58,  1.42it/s] 23%|██▎       | 25/108 [00:19<00:58,  1.41it/s] 24%|██▍       | 26/108 [00:20<00:57,  1.42it/s] 25%|██▌       | 27/108 [00:21<00:57,  1.42it/s] 26%|██▌       | 28/108 [00:22<00:56,  1.42it/s] 27%|██▋       | 29/108 [00:22<00:55,  1.41it/s] 28%|██▊       | 30/108 [00:23<00:55,  1.42it/s] 29%|██▊       | 31/108 [00:24<00:54,  1.41it/s] 30%|██▉       | 32/108 [00:24<00:53,  1.41it/s] 31%|███       | 33/108 [00:25<00:52,  1.42it/s] 31%|███▏      | 34/108 [00:26<00:52,  1.42it/s] 32%|███▏      | 35/108 [00:26<00:51,  1.42it/s] 33%|███▎      | 36/108 [00:27<00:50,  1.42it/s] 34%|███▍      | 37/108 [00:28<00:49,  1.42it/s] 35%|███▌      | 38/108 [00:29<00:49,  1.42it/s] 36%|███▌      | 39/108 [00:29<00:48,  1.42it/s] 37%|███▋      | 40/108 [00:30<00:47,  1.42it/s] 38%|███▊      | 41/108 [00:31<00:47,  1.42it/s] 39%|███▉      | 42/108 [00:31<00:46,  1.42it/s] 40%|███▉      | 43/108 [00:32<00:45,  1.42it/s] 41%|████      | 44/108 [00:33<00:44,  1.42it/s] 42%|████▏     | 45/108 [00:33<00:44,  1.43it/s] 43%|████▎     | 46/108 [00:34<00:43,  1.42it/s] 44%|████▎     | 47/108 [00:35<00:42,  1.42it/s] 44%|████▍     | 48/108 [00:36<00:42,  1.42it/s] 45%|████▌     | 49/108 [00:36<00:41,  1.42it/s] 46%|████▋     | 50/108 [00:37<00:40,  1.42it/s] 47%|████▋     | 51/108 [00:38<00:40,  1.42it/s] 48%|████▊     | 52/108 [00:38<00:39,  1.42it/s] 49%|████▉     | 53/108 [00:39<00:38,  1.42it/s] 50%|█████     | 54/108 [00:40<00:38,  1.42it/s] 51%|█████     | 55/108 [00:41<00:37,  1.42it/s] 52%|█████▏    | 56/108 [00:41<00:36,  1.42it/s] 53%|█████▎    | 57/108 [00:42<00:35,  1.42it/s] 54%|█████▎    | 58/108 [00:43<00:35,  1.42it/s] 55%|█████▍    | 59/108 [00:43<00:34,  1.42it/s] 56%|█████▌    | 60/108 [00:44<00:33,  1.42it/s] 56%|█████▋    | 61/108 [00:45<00:33,  1.42it/s] 57%|█████▋    | 62/108 [00:45<00:32,  1.42it/s] 58%|█████▊    | 63/108 [00:46<00:31,  1.42it/s] 59%|█████▉    | 64/108 [00:47<00:30,  1.42it/s] 60%|██████    | 65/108 [00:48<00:30,  1.42it/s] 61%|██████    | 66/108 [00:48<00:29,  1.42it/s] 62%|██████▏   | 67/108 [00:49<00:28,  1.42it/s] 63%|██████▎   | 68/108 [00:50<00:28,  1.42it/s] 64%|██████▍   | 69/108 [00:50<00:27,  1.42it/s] 65%|██████▍   | 70/108 [00:51<00:26,  1.42it/s] 66%|██████▌   | 71/108 [00:52<00:26,  1.42it/s] 67%|██████▋   | 72/108 [00:52<00:25,  1.42it/s] 68%|██████▊   | 73/108 [00:53<00:24,  1.42it/s] 69%|██████▊   | 74/108 [00:54<00:23,  1.42it/s] 69%|██████▉   | 75/108 [00:55<00:23,  1.42it/s] 70%|███████   | 76/108 [00:55<00:22,  1.42it/s] 71%|███████▏  | 77/108 [00:56<00:21,  1.42it/s] 72%|███████▏  | 78/108 [00:57<00:21,  1.42it/s] 73%|███████▎  | 79/108 [00:57<00:20,  1.42it/s] 74%|███████▍  | 80/108 [00:58<00:19,  1.42it/s] 75%|███████▌  | 81/108 [00:59<00:19,  1.42it/s] 76%|███████▌  | 82/108 [01:00<00:18,  1.42it/s] 77%|███████▋  | 83/108 [01:00<00:17,  1.42it/s] 78%|███████▊  | 84/108 [01:01<00:16,  1.42it/s] 79%|███████▊  | 85/108 [01:02<00:16,  1.42it/s] 80%|███████▉  | 86/108 [01:02<00:15,  1.42it/s] 81%|████████  | 87/108 [01:03<00:14,  1.42it/s] 81%|████████▏ | 88/108 [01:04<00:14,  1.42it/s] 82%|████████▏ | 89/108 [01:04<00:13,  1.42it/s] 83%|████████▎ | 90/108 [01:05<00:12,  1.42it/s] 84%|████████▍ | 91/108 [01:06<00:11,  1.42it/s] 85%|████████▌ | 92/108 [01:07<00:11,  1.42it/s] 86%|████████▌ | 93/108 [01:07<00:10,  1.42it/s] 87%|████████▋ | 94/108 [01:08<00:09,  1.42it/s] 88%|████████▊ | 95/108 [01:09<00:09,  1.42it/s] 89%|████████▉ | 96/108 [01:09<00:08,  1.42it/s] 90%|████████▉ | 97/108 [01:10<00:07,  1.42it/s] 91%|█████████ | 98/108 [01:11<00:07,  1.42it/s] 92%|█████████▏| 99/108 [01:11<00:06,  1.42it/s] 93%|█████████▎| 100/108 [01:12<00:05,  1.42it/s] 94%|█████████▎| 101/108 [01:13<00:04,  1.42it/s] 94%|█████████▍| 102/108 [01:14<00:04,  1.42it/s] 95%|█████████▌| 103/108 [01:14<00:03,  1.42it/s] 96%|█████████▋| 104/108 [01:15<00:02,  1.42it/s] 97%|█████████▋| 105/108 [01:16<00:02,  1.42it/s] 98%|█████████▊| 106/108 [01:16<00:01,  1.42it/s] 99%|█████████▉| 107/108 [01:17<00:00,  1.42it/s]100%|██████████| 108/108 [01:17<00:00,  1.68it/s]100%|██████████| 108/108 [01:18<00:00,  1.38it/s]
Epoch 91/200, Train Loss: 2.4786, Valid Loss: 2.4938
  0%|          | 0/108 [00:00<?, ?it/s]  1%|          | 1/108 [00:03<05:25,  3.04s/it]  2%|▏         | 2/108 [00:03<02:57,  1.67s/it]  3%|▎         | 3/108 [00:04<02:12,  1.27s/it]  4%|▎         | 4/108 [00:05<01:48,  1.04s/it]  5%|▍         | 5/108 [00:05<01:34,  1.09it/s]  6%|▌         | 6/108 [00:06<01:26,  1.18it/s]  6%|▋         | 7/108 [00:07<01:20,  1.25it/s]  7%|▋         | 8/108 [00:08<01:16,  1.30it/s]  8%|▊         | 9/108 [00:08<01:14,  1.34it/s]  9%|▉         | 10/108 [00:09<01:11,  1.36it/s] 10%|█         | 11/108 [00:10<01:10,  1.38it/s] 11%|█         | 12/108 [00:10<01:08,  1.39it/s] 12%|█▏        | 13/108 [00:11<01:07,  1.40it/s] 13%|█▎        | 14/108 [00:12<01:06,  1.41it/s] 14%|█▍        | 15/108 [00:12<01:05,  1.41it/s] 15%|█▍        | 16/108 [00:13<01:04,  1.42it/s] 16%|█▌        | 17/108 [00:14<01:04,  1.42it/s] 17%|█▋        | 18/108 [00:15<01:03,  1.42it/s] 18%|█▊        | 19/108 [00:15<01:02,  1.42it/s] 19%|█▊        | 20/108 [00:16<01:01,  1.42it/s] 19%|█▉        | 21/108 [00:17<01:01,  1.42it/s] 20%|██        | 22/108 [00:17<01:00,  1.42it/s] 21%|██▏       | 23/108 [00:18<00:59,  1.42it/s] 22%|██▏       | 24/108 [00:19<00:59,  1.42it/s] 23%|██▎       | 25/108 [00:19<00:58,  1.42it/s] 24%|██▍       | 26/108 [00:20<00:57,  1.42it/s] 25%|██▌       | 27/108 [00:21<00:57,  1.40it/s] 26%|██▌       | 28/108 [00:22<00:56,  1.41it/s] 27%|██▋       | 29/108 [00:22<00:55,  1.42it/s] 28%|██▊       | 30/108 [00:23<00:55,  1.42it/s] 29%|██▊       | 31/108 [00:24<00:54,  1.42it/s] 30%|██▉       | 32/108 [00:24<00:53,  1.42it/s] 31%|███       | 33/108 [00:25<00:52,  1.42it/s] 31%|███▏      | 34/108 [00:26<00:52,  1.42it/s] 32%|███▏      | 35/108 [00:27<00:51,  1.42it/s] 33%|███▎      | 36/108 [00:27<00:50,  1.42it/s] 34%|███▍      | 37/108 [00:28<00:49,  1.42it/s] 35%|███▌      | 38/108 [00:29<00:49,  1.42it/s] 36%|███▌      | 39/108 [00:29<00:48,  1.42it/s] 37%|███▋      | 40/108 [00:30<00:47,  1.42it/s] 38%|███▊      | 41/108 [00:31<00:47,  1.42it/s] 39%|███▉      | 42/108 [00:31<00:46,  1.42it/s] 40%|███▉      | 43/108 [00:32<00:45,  1.42it/s] 41%|████      | 44/108 [00:33<00:44,  1.42it/s] 42%|████▏     | 45/108 [00:34<00:44,  1.42it/s] 43%|████▎     | 46/108 [00:34<00:43,  1.42it/s] 44%|████▎     | 47/108 [00:35<00:42,  1.42it/s] 44%|████▍     | 48/108 [00:36<00:42,  1.42it/s] 45%|████▌     | 49/108 [00:36<00:41,  1.42it/s] 46%|████▋     | 50/108 [00:37<00:40,  1.42it/s] 47%|████▋     | 51/108 [00:38<00:40,  1.42it/s] 48%|████▊     | 52/108 [00:38<00:39,  1.42it/s] 49%|████▉     | 53/108 [00:39<00:38,  1.42it/s] 50%|█████     | 54/108 [00:40<00:38,  1.42it/s] 51%|█████     | 55/108 [00:41<00:37,  1.42it/s] 52%|█████▏    | 56/108 [00:41<00:36,  1.42it/s] 53%|█████▎    | 57/108 [00:42<00:35,  1.42it/s] 54%|█████▎    | 58/108 [00:43<00:35,  1.42it/s] 55%|█████▍    | 59/108 [00:43<00:34,  1.42it/s] 56%|█████▌    | 60/108 [00:44<00:33,  1.42it/s] 56%|█████▋    | 61/108 [00:45<00:33,  1.42it/s] 57%|█████▋    | 62/108 [00:46<00:32,  1.42it/s] 58%|█████▊    | 63/108 [00:46<00:31,  1.42it/s] 59%|█████▉    | 64/108 [00:47<00:30,  1.42it/s] 60%|██████    | 65/108 [00:48<00:30,  1.42it/s] 61%|██████    | 66/108 [00:48<00:29,  1.42it/s] 62%|██████▏   | 67/108 [00:49<00:28,  1.42it/s] 63%|██████▎   | 68/108 [00:50<00:28,  1.42it/s] 64%|██████▍   | 69/108 [00:50<00:27,  1.42it/s] 65%|██████▍   | 70/108 [00:51<00:26,  1.42it/s] 66%|██████▌   | 71/108 [00:52<00:26,  1.42it/s] 67%|██████▋   | 72/108 [00:53<00:25,  1.42it/s] 68%|██████▊   | 73/108 [00:53<00:24,  1.42it/s] 69%|██████▊   | 74/108 [00:54<00:23,  1.42it/s] 69%|██████▉   | 75/108 [00:55<00:23,  1.42it/s] 70%|███████   | 76/108 [00:55<00:22,  1.42it/s] 71%|███████▏  | 77/108 [00:56<00:21,  1.42it/s] 72%|███████▏  | 78/108 [00:57<00:21,  1.42it/s] 73%|███████▎  | 79/108 [00:58<00:20,  1.42it/s] 74%|███████▍  | 80/108 [00:58<00:19,  1.42it/s] 75%|███████▌  | 81/108 [00:59<00:19,  1.42it/s] 76%|███████▌  | 82/108 [01:00<00:18,  1.42it/s] 77%|███████▋  | 83/108 [01:00<00:17,  1.42it/s] 78%|███████▊  | 84/108 [01:01<00:16,  1.42it/s] 79%|███████▊  | 85/108 [01:02<00:16,  1.42it/s] 80%|███████▉  | 86/108 [01:02<00:15,  1.42it/s] 81%|████████  | 87/108 [01:03<00:14,  1.42it/s] 81%|████████▏ | 88/108 [01:04<00:14,  1.42it/s] 82%|████████▏ | 89/108 [01:05<00:13,  1.42it/s] 83%|████████▎ | 90/108 [01:05<00:12,  1.42it/s] 84%|████████▍ | 91/108 [01:06<00:11,  1.42it/s] 85%|████████▌ | 92/108 [01:07<00:11,  1.42it/s] 86%|████████▌ | 93/108 [01:07<00:10,  1.42it/s] 87%|████████▋ | 94/108 [01:08<00:09,  1.42it/s] 88%|████████▊ | 95/108 [01:09<00:09,  1.42it/s] 89%|████████▉ | 96/108 [01:09<00:08,  1.42it/s] 90%|████████▉ | 97/108 [01:10<00:07,  1.42it/s] 91%|█████████ | 98/108 [01:11<00:07,  1.42it/s] 92%|█████████▏| 99/108 [01:12<00:06,  1.42it/s] 93%|█████████▎| 100/108 [01:12<00:05,  1.42it/s] 94%|█████████▎| 101/108 [01:13<00:04,  1.42it/s] 94%|█████████▍| 102/108 [01:14<00:04,  1.42it/s] 95%|█████████▌| 103/108 [01:14<00:03,  1.42it/s] 96%|█████████▋| 104/108 [01:15<00:02,  1.42it/s] 97%|█████████▋| 105/108 [01:16<00:02,  1.42it/s] 98%|█████████▊| 106/108 [01:16<00:01,  1.42it/s] 99%|█████████▉| 107/108 [01:17<00:00,  1.42it/s]100%|██████████| 108/108 [01:18<00:00,  1.68it/s]100%|██████████| 108/108 [01:18<00:00,  1.38it/s]
Epoch 92/200, Train Loss: 2.4853, Valid Loss: 2.4839
  0%|          | 0/108 [00:00<?, ?it/s]  1%|          | 1/108 [00:03<05:31,  3.10s/it]  2%|▏         | 2/108 [00:03<02:58,  1.69s/it]  3%|▎         | 3/108 [00:04<02:11,  1.25s/it]  4%|▎         | 4/108 [00:05<01:48,  1.04s/it]  5%|▍         | 5/108 [00:05<01:34,  1.09it/s]  6%|▌         | 6/108 [00:06<01:26,  1.19it/s]  6%|▋         | 7/108 [00:07<01:20,  1.26it/s]  7%|▋         | 8/108 [00:08<01:16,  1.30it/s]  8%|▊         | 9/108 [00:08<01:13,  1.34it/s]  9%|▉         | 10/108 [00:09<01:11,  1.37it/s] 10%|█         | 11/108 [00:10<01:10,  1.38it/s] 11%|█         | 12/108 [00:10<01:08,  1.40it/s] 12%|█▏        | 13/108 [00:11<01:07,  1.41it/s] 13%|█▎        | 14/108 [00:12<01:06,  1.41it/s] 14%|█▍        | 15/108 [00:12<01:05,  1.41it/s] 15%|█▍        | 16/108 [00:13<01:05,  1.41it/s] 16%|█▌        | 17/108 [00:14<01:04,  1.42it/s] 17%|█▋        | 18/108 [00:15<01:03,  1.42it/s] 18%|█▊        | 19/108 [00:15<01:02,  1.42it/s] 19%|█▊        | 20/108 [00:16<01:01,  1.42it/s] 19%|█▉        | 21/108 [00:17<01:01,  1.42it/s] 20%|██        | 22/108 [00:17<01:00,  1.43it/s] 21%|██▏       | 23/108 [00:18<00:59,  1.42it/s] 22%|██▏       | 24/108 [00:19<00:58,  1.42it/s] 23%|██▎       | 25/108 [00:19<00:58,  1.42it/s] 24%|██▍       | 26/108 [00:20<00:57,  1.42it/s] 25%|██▌       | 27/108 [00:21<00:57,  1.42it/s] 26%|██▌       | 28/108 [00:22<00:56,  1.41it/s] 27%|██▋       | 29/108 [00:22<00:55,  1.42it/s] 28%|██▊       | 30/108 [00:23<00:54,  1.42it/s] 29%|██▊       | 31/108 [00:24<00:54,  1.42it/s] 30%|██▉       | 32/108 [00:24<00:53,  1.42it/s] 31%|███       | 33/108 [00:25<00:52,  1.42it/s] 31%|███▏      | 34/108 [00:26<00:51,  1.42it/s] 32%|███▏      | 35/108 [00:27<00:51,  1.43it/s] 33%|███▎      | 36/108 [00:27<00:50,  1.43it/s] 34%|███▍      | 37/108 [00:28<00:49,  1.43it/s] 35%|███▌      | 38/108 [00:29<00:49,  1.43it/s] 36%|███▌      | 39/108 [00:29<00:48,  1.42it/s] 37%|███▋      | 40/108 [00:30<00:47,  1.42it/s] 38%|███▊      | 41/108 [00:31<00:47,  1.42it/s] 39%|███▉      | 42/108 [00:31<00:46,  1.42it/s] 40%|███▉      | 43/108 [00:32<00:45,  1.42it/s] 41%|████      | 44/108 [00:33<00:44,  1.43it/s] 42%|████▏     | 45/108 [00:34<00:44,  1.43it/s] 43%|████▎     | 46/108 [00:34<00:43,  1.42it/s] 44%|████▎     | 47/108 [00:35<00:42,  1.42it/s] 44%|████▍     | 48/108 [00:36<00:42,  1.43it/s] 45%|████▌     | 49/108 [00:36<00:41,  1.42it/s] 46%|████▋     | 50/108 [00:37<00:40,  1.42it/s] 47%|████▋     | 51/108 [00:38<00:40,  1.42it/s] 48%|████▊     | 52/108 [00:38<00:39,  1.42it/s] 49%|████▉     | 53/108 [00:39<00:38,  1.42it/s] 50%|█████     | 54/108 [00:40<00:37,  1.42it/s] 51%|█████     | 55/108 [00:41<00:37,  1.42it/s] 52%|█████▏    | 56/108 [00:41<00:36,  1.42it/s] 53%|█████▎    | 57/108 [00:42<00:35,  1.42it/s] 54%|█████▎    | 58/108 [00:43<00:35,  1.42it/s] 55%|█████▍    | 59/108 [00:43<00:34,  1.42it/s] 56%|█████▌    | 60/108 [00:44<00:33,  1.42it/s] 56%|█████▋    | 61/108 [00:45<00:33,  1.42it/s] 57%|█████▋    | 62/108 [00:46<00:32,  1.42it/s] 58%|█████▊    | 63/108 [00:46<00:31,  1.42it/s] 59%|█████▉    | 64/108 [00:47<00:30,  1.42it/s] 60%|██████    | 65/108 [00:48<00:30,  1.42it/s] 61%|██████    | 66/108 [00:48<00:29,  1.42it/s] 62%|██████▏   | 67/108 [00:49<00:28,  1.42it/s] 63%|██████▎   | 68/108 [00:50<00:28,  1.42it/s] 64%|██████▍   | 69/108 [00:50<00:27,  1.42it/s] 65%|██████▍   | 70/108 [00:51<00:26,  1.42it/s] 66%|██████▌   | 71/108 [00:52<00:26,  1.42it/s] 67%|██████▋   | 72/108 [00:53<00:25,  1.42it/s] 68%|██████▊   | 73/108 [00:53<00:24,  1.42it/s] 69%|██████▊   | 74/108 [00:54<00:23,  1.42it/s] 69%|██████▉   | 75/108 [00:55<00:23,  1.42it/s] 70%|███████   | 76/108 [00:55<00:22,  1.42it/s] 71%|███████▏  | 77/108 [00:56<00:21,  1.42it/s] 72%|███████▏  | 78/108 [00:57<00:21,  1.42it/s] 73%|███████▎  | 79/108 [00:57<00:20,  1.42it/s] 74%|███████▍  | 80/108 [00:58<00:19,  1.42it/s] 75%|███████▌  | 81/108 [00:59<00:18,  1.42it/s] 76%|███████▌  | 82/108 [01:00<00:18,  1.42it/s] 77%|███████▋  | 83/108 [01:00<00:17,  1.42it/s] 78%|███████▊  | 84/108 [01:01<00:16,  1.42it/s] 79%|███████▊  | 85/108 [01:02<00:16,  1.42it/s] 80%|███████▉  | 86/108 [01:02<00:15,  1.42it/s] 81%|████████  | 87/108 [01:03<00:14,  1.42it/s] 81%|████████▏ | 88/108 [01:04<00:14,  1.42it/s] 82%|████████▏ | 89/108 [01:05<00:13,  1.42it/s] 83%|████████▎ | 90/108 [01:05<00:12,  1.42it/s] 84%|████████▍ | 91/108 [01:06<00:11,  1.42it/s] 85%|████████▌ | 92/108 [01:07<00:11,  1.42it/s] 86%|████████▌ | 93/108 [01:07<00:10,  1.42it/s] 87%|████████▋ | 94/108 [01:08<00:09,  1.42it/s] 88%|████████▊ | 95/108 [01:09<00:09,  1.42it/s] 89%|████████▉ | 96/108 [01:09<00:08,  1.42it/s] 90%|████████▉ | 97/108 [01:10<00:07,  1.42it/s] 91%|█████████ | 98/108 [01:11<00:07,  1.42it/s] 92%|█████████▏| 99/108 [01:12<00:06,  1.42it/s] 93%|█████████▎| 100/108 [01:12<00:05,  1.42it/s] 94%|█████████▎| 101/108 [01:13<00:04,  1.42it/s] 94%|█████████▍| 102/108 [01:14<00:04,  1.42it/s] 95%|█████████▌| 103/108 [01:14<00:03,  1.42it/s] 96%|█████████▋| 104/108 [01:15<00:02,  1.42it/s] 97%|█████████▋| 105/108 [01:16<00:02,  1.42it/s] 98%|█████████▊| 106/108 [01:16<00:01,  1.42it/s] 99%|█████████▉| 107/108 [01:17<00:00,  1.42it/s]100%|██████████| 108/108 [01:17<00:00,  1.68it/s]100%|██████████| 108/108 [01:18<00:00,  1.38it/s]
Epoch 93/200, Train Loss: 2.4691, Valid Loss: 2.4621
  0%|          | 0/108 [00:00<?, ?it/s]  1%|          | 1/108 [00:02<05:18,  2.98s/it]  2%|▏         | 2/108 [00:03<02:56,  1.66s/it]  3%|▎         | 3/108 [00:04<02:08,  1.22s/it]  4%|▎         | 4/108 [00:05<01:45,  1.02s/it]  5%|▍         | 5/108 [00:05<01:32,  1.11it/s]  6%|▌         | 6/108 [00:06<01:25,  1.20it/s]  6%|▋         | 7/108 [00:07<01:19,  1.26it/s]  7%|▋         | 8/108 [00:07<01:16,  1.31it/s]  8%|▊         | 9/108 [00:08<01:13,  1.34it/s]  9%|▉         | 10/108 [00:09<01:11,  1.37it/s] 10%|█         | 11/108 [00:10<01:10,  1.38it/s] 11%|█         | 12/108 [00:10<01:08,  1.40it/s] 12%|█▏        | 13/108 [00:11<01:07,  1.40it/s] 13%|█▎        | 14/108 [00:12<01:06,  1.41it/s] 14%|█▍        | 15/108 [00:12<01:05,  1.41it/s] 15%|█▍        | 16/108 [00:13<01:04,  1.42it/s] 16%|█▌        | 17/108 [00:14<01:03,  1.42it/s] 17%|█▋        | 18/108 [00:14<01:03,  1.42it/s] 18%|█▊        | 19/108 [00:15<01:02,  1.42it/s] 19%|█▊        | 20/108 [00:16<01:01,  1.42it/s] 19%|█▉        | 21/108 [00:17<01:01,  1.43it/s] 20%|██        | 22/108 [00:17<01:00,  1.42it/s] 21%|██▏       | 23/108 [00:18<00:59,  1.42it/s] 22%|██▏       | 24/108 [00:19<00:58,  1.43it/s] 23%|██▎       | 25/108 [00:19<00:58,  1.43it/s] 24%|██▍       | 26/108 [00:20<00:58,  1.41it/s] 25%|██▌       | 27/108 [00:21<00:57,  1.42it/s] 26%|██▌       | 28/108 [00:21<00:56,  1.42it/s] 27%|██▋       | 29/108 [00:22<00:55,  1.42it/s] 28%|██▊       | 30/108 [00:23<00:54,  1.42it/s] 29%|██▊       | 31/108 [00:24<00:54,  1.42it/s] 30%|██▉       | 32/108 [00:24<00:53,  1.42it/s] 31%|███       | 33/108 [00:25<00:52,  1.42it/s] 31%|███▏      | 34/108 [00:26<00:51,  1.42it/s] 32%|███▏      | 35/108 [00:26<00:51,  1.42it/s] 33%|███▎      | 36/108 [00:27<00:50,  1.42it/s] 34%|███▍      | 37/108 [00:28<00:49,  1.42it/s] 35%|███▌      | 38/108 [00:29<00:49,  1.42it/s] 36%|███▌      | 39/108 [00:29<00:48,  1.42it/s] 37%|███▋      | 40/108 [00:30<00:47,  1.42it/s] 38%|███▊      | 41/108 [00:31<00:47,  1.42it/s] 39%|███▉      | 42/108 [00:31<00:46,  1.42it/s] 40%|███▉      | 43/108 [00:32<00:45,  1.42it/s] 41%|████      | 44/108 [00:33<00:44,  1.42it/s] 42%|████▏     | 45/108 [00:33<00:44,  1.42it/s] 43%|████▎     | 46/108 [00:34<00:43,  1.42it/s] 44%|████▎     | 47/108 [00:35<00:42,  1.42it/s] 44%|████▍     | 48/108 [00:36<00:42,  1.42it/s] 45%|████▌     | 49/108 [00:36<00:41,  1.42it/s] 46%|████▋     | 50/108 [00:37<00:40,  1.42it/s] 47%|████▋     | 51/108 [00:38<00:40,  1.42it/s] 48%|████▊     | 52/108 [00:38<00:39,  1.42it/s] 49%|████▉     | 53/108 [00:39<00:38,  1.42it/s] 50%|█████     | 54/108 [00:40<00:38,  1.42it/s] 51%|█████     | 55/108 [00:40<00:37,  1.42it/s] 52%|█████▏    | 56/108 [00:41<00:36,  1.42it/s] 53%|█████▎    | 57/108 [00:42<00:35,  1.42it/s] 54%|█████▎    | 58/108 [00:43<00:35,  1.42it/s] 55%|█████▍    | 59/108 [00:43<00:34,  1.42it/s] 56%|█████▌    | 60/108 [00:44<00:33,  1.42it/s] 56%|█████▋    | 61/108 [00:45<00:33,  1.42it/s] 57%|█████▋    | 62/108 [00:45<00:32,  1.42it/s] 58%|█████▊    | 63/108 [00:46<00:31,  1.42it/s] 59%|█████▉    | 64/108 [00:47<00:30,  1.42it/s] 60%|██████    | 65/108 [00:48<00:30,  1.42it/s] 61%|██████    | 66/108 [00:48<00:29,  1.42it/s] 62%|██████▏   | 67/108 [00:49<00:28,  1.42it/s] 63%|██████▎   | 68/108 [00:50<00:28,  1.42it/s] 64%|██████▍   | 69/108 [00:50<00:27,  1.42it/s] 65%|██████▍   | 70/108 [00:51<00:26,  1.42it/s] 66%|██████▌   | 71/108 [00:52<00:26,  1.42it/s] 67%|██████▋   | 72/108 [00:52<00:25,  1.42it/s] 68%|██████▊   | 73/108 [00:53<00:24,  1.42it/s] 69%|██████▊   | 74/108 [00:54<00:23,  1.42it/s] 69%|██████▉   | 75/108 [00:55<00:23,  1.42it/s] 70%|███████   | 76/108 [00:55<00:22,  1.42it/s] 71%|███████▏  | 77/108 [00:56<00:21,  1.42it/s] 72%|███████▏  | 78/108 [00:57<00:21,  1.42it/s] 73%|███████▎  | 79/108 [00:57<00:20,  1.42it/s] 74%|███████▍  | 80/108 [00:58<00:19,  1.42it/s] 75%|███████▌  | 81/108 [00:59<00:19,  1.42it/s] 76%|███████▌  | 82/108 [00:59<00:18,  1.42it/s] 77%|███████▋  | 83/108 [01:00<00:17,  1.42it/s] 78%|███████▊  | 84/108 [01:01<00:16,  1.42it/s] 79%|███████▊  | 85/108 [01:02<00:16,  1.42it/s] 80%|███████▉  | 86/108 [01:02<00:15,  1.42it/s] 81%|████████  | 87/108 [01:03<00:14,  1.42it/s] 81%|████████▏ | 88/108 [01:04<00:14,  1.42it/s] 82%|████████▏ | 89/108 [01:04<00:13,  1.42it/s] 83%|████████▎ | 90/108 [01:05<00:12,  1.42it/s] 84%|████████▍ | 91/108 [01:06<00:11,  1.42it/s] 85%|████████▌ | 92/108 [01:07<00:11,  1.42it/s] 86%|████████▌ | 93/108 [01:07<00:10,  1.42it/s] 87%|████████▋ | 94/108 [01:08<00:09,  1.42it/s] 88%|████████▊ | 95/108 [01:09<00:09,  1.42it/s] 89%|████████▉ | 96/108 [01:09<00:08,  1.42it/s] 90%|████████▉ | 97/108 [01:10<00:07,  1.42it/s] 91%|█████████ | 98/108 [01:11<00:07,  1.42it/s] 92%|█████████▏| 99/108 [01:11<00:06,  1.42it/s] 93%|█████████▎| 100/108 [01:12<00:05,  1.42it/s] 94%|█████████▎| 101/108 [01:13<00:04,  1.42it/s] 94%|█████████▍| 102/108 [01:14<00:04,  1.42it/s] 95%|█████████▌| 103/108 [01:14<00:03,  1.42it/s] 96%|█████████▋| 104/108 [01:15<00:02,  1.42it/s] 97%|█████████▋| 105/108 [01:16<00:02,  1.42it/s] 98%|█████████▊| 106/108 [01:16<00:01,  1.42it/s] 99%|█████████▉| 107/108 [01:17<00:00,  1.42it/s]100%|██████████| 108/108 [01:17<00:00,  1.68it/s]100%|██████████| 108/108 [01:17<00:00,  1.38it/s]
Epoch 94/200, Train Loss: 2.4762, Valid Loss: 2.4653
  0%|          | 0/108 [00:00<?, ?it/s]  1%|          | 1/108 [00:02<05:13,  2.93s/it]  2%|▏         | 2/108 [00:03<02:52,  1.62s/it]  3%|▎         | 3/108 [00:04<02:06,  1.20s/it]  4%|▎         | 4/108 [00:05<01:44,  1.01s/it]  5%|▍         | 5/108 [00:05<01:32,  1.11it/s]  6%|▌         | 6/108 [00:06<01:24,  1.20it/s]  6%|▋         | 7/108 [00:07<01:20,  1.26it/s]  7%|▋         | 8/108 [00:07<01:16,  1.31it/s]  8%|▊         | 9/108 [00:08<01:13,  1.34it/s]  9%|▉         | 10/108 [00:09<01:11,  1.37it/s] 10%|█         | 11/108 [00:09<01:10,  1.38it/s] 11%|█         | 12/108 [00:10<01:08,  1.40it/s] 12%|█▏        | 13/108 [00:11<01:07,  1.41it/s] 13%|█▎        | 14/108 [00:12<01:06,  1.41it/s] 14%|█▍        | 15/108 [00:12<01:05,  1.42it/s] 15%|█▍        | 16/108 [00:13<01:04,  1.42it/s] 16%|█▌        | 17/108 [00:14<01:04,  1.42it/s] 17%|█▋        | 18/108 [00:14<01:03,  1.42it/s] 18%|█▊        | 19/108 [00:15<01:02,  1.42it/s] 19%|█▊        | 20/108 [00:16<01:01,  1.42it/s] 19%|█▉        | 21/108 [00:16<01:01,  1.42it/s] 20%|██        | 22/108 [00:17<01:00,  1.42it/s] 21%|██▏       | 23/108 [00:18<00:59,  1.42it/s] 22%|██▏       | 24/108 [00:19<00:58,  1.43it/s] 23%|██▎       | 25/108 [00:19<00:58,  1.43it/s] 24%|██▍       | 26/108 [00:20<00:57,  1.42it/s] 25%|██▌       | 27/108 [00:21<00:56,  1.42it/s] 26%|██▌       | 28/108 [00:21<00:56,  1.42it/s] 27%|██▋       | 29/108 [00:22<00:55,  1.42it/s] 28%|██▊       | 30/108 [00:23<00:54,  1.42it/s] 29%|██▊       | 31/108 [00:24<00:54,  1.41it/s] 30%|██▉       | 32/108 [00:24<00:53,  1.42it/s] 31%|███       | 33/108 [00:25<00:52,  1.42it/s] 31%|███▏      | 34/108 [00:26<00:52,  1.42it/s] 32%|███▏      | 35/108 [00:26<00:51,  1.42it/s] 33%|███▎      | 36/108 [00:27<00:50,  1.42it/s] 34%|███▍      | 37/108 [00:28<00:49,  1.42it/s] 35%|███▌      | 38/108 [00:28<00:49,  1.42it/s] 36%|███▌      | 39/108 [00:29<00:48,  1.42it/s] 37%|███▋      | 40/108 [00:30<00:47,  1.42it/s] 38%|███▊      | 41/108 [00:31<00:47,  1.42it/s] 39%|███▉      | 42/108 [00:31<00:46,  1.42it/s] 40%|███▉      | 43/108 [00:32<00:45,  1.42it/s] 41%|████      | 44/108 [00:33<00:44,  1.42it/s] 42%|████▏     | 45/108 [00:33<00:44,  1.42it/s] 43%|████▎     | 46/108 [00:34<00:43,  1.42it/s] 44%|████▎     | 47/108 [00:35<00:42,  1.42it/s] 44%|████▍     | 48/108 [00:35<00:42,  1.42it/s] 45%|████▌     | 49/108 [00:36<00:41,  1.42it/s] 46%|████▋     | 50/108 [00:37<00:40,  1.42it/s] 47%|████▋     | 51/108 [00:38<00:40,  1.42it/s] 48%|████▊     | 52/108 [00:38<00:39,  1.42it/s] 49%|████▉     | 53/108 [00:39<00:38,  1.42it/s] 50%|█████     | 54/108 [00:40<00:37,  1.42it/s] 51%|█████     | 55/108 [00:40<00:37,  1.42it/s] 52%|█████▏    | 56/108 [00:41<00:36,  1.42it/s] 53%|█████▎    | 57/108 [00:42<00:35,  1.42it/s] 54%|█████▎    | 58/108 [00:43<00:35,  1.42it/s] 55%|█████▍    | 59/108 [00:43<00:34,  1.42it/s] 56%|█████▌    | 60/108 [00:44<00:33,  1.42it/s] 56%|█████▋    | 61/108 [00:45<00:33,  1.42it/s] 57%|█████▋    | 62/108 [00:45<00:32,  1.42it/s] 58%|█████▊    | 63/108 [00:46<00:31,  1.42it/s] 59%|█████▉    | 64/108 [00:47<00:30,  1.42it/s] 60%|██████    | 65/108 [00:47<00:30,  1.42it/s] 61%|██████    | 66/108 [00:48<00:29,  1.42it/s] 62%|██████▏   | 67/108 [00:49<00:28,  1.42it/s] 63%|██████▎   | 68/108 [00:50<00:28,  1.42it/s] 64%|██████▍   | 69/108 [00:50<00:27,  1.42it/s] 65%|██████▍   | 70/108 [00:51<00:26,  1.42it/s] 66%|██████▌   | 71/108 [00:52<00:26,  1.42it/s] 67%|██████▋   | 72/108 [00:52<00:25,  1.42it/s] 68%|██████▊   | 73/108 [00:53<00:24,  1.42it/s] 69%|██████▊   | 74/108 [00:54<00:23,  1.42it/s] 69%|██████▉   | 75/108 [00:54<00:23,  1.42it/s] 70%|███████   | 76/108 [00:55<00:22,  1.42it/s] 71%|███████▏  | 77/108 [00:56<00:21,  1.42it/s] 72%|███████▏  | 78/108 [00:57<00:21,  1.42it/s] 73%|███████▎  | 79/108 [00:57<00:20,  1.42it/s] 74%|███████▍  | 80/108 [00:58<00:19,  1.42it/s] 75%|███████▌  | 81/108 [00:59<00:18,  1.42it/s] 76%|███████▌  | 82/108 [00:59<00:18,  1.42it/s] 77%|███████▋  | 83/108 [01:00<00:17,  1.42it/s] 78%|███████▊  | 84/108 [01:01<00:16,  1.42it/s] 79%|███████▊  | 85/108 [01:02<00:16,  1.42it/s] 80%|███████▉  | 86/108 [01:02<00:15,  1.42it/s] 81%|████████  | 87/108 [01:03<00:14,  1.42it/s] 81%|████████▏ | 88/108 [01:04<00:14,  1.42it/s] 82%|████████▏ | 89/108 [01:04<00:13,  1.42it/s] 83%|████████▎ | 90/108 [01:05<00:12,  1.42it/s] 84%|████████▍ | 91/108 [01:06<00:11,  1.42it/s] 85%|████████▌ | 92/108 [01:06<00:11,  1.42it/s] 86%|████████▌ | 93/108 [01:07<00:10,  1.42it/s] 87%|████████▋ | 94/108 [01:08<00:09,  1.42it/s] 88%|████████▊ | 95/108 [01:09<00:09,  1.42it/s] 89%|████████▉ | 96/108 [01:09<00:08,  1.42it/s] 90%|████████▉ | 97/108 [01:10<00:07,  1.42it/s] 91%|█████████ | 98/108 [01:11<00:07,  1.42it/s] 92%|█████████▏| 99/108 [01:11<00:06,  1.42it/s] 93%|█████████▎| 100/108 [01:12<00:05,  1.42it/s] 94%|█████████▎| 101/108 [01:13<00:04,  1.42it/s] 94%|█████████▍| 102/108 [01:13<00:04,  1.42it/s] 95%|█████████▌| 103/108 [01:14<00:03,  1.42it/s] 96%|█████████▋| 104/108 [01:15<00:02,  1.42it/s] 97%|█████████▋| 105/108 [01:16<00:02,  1.42it/s] 98%|█████████▊| 106/108 [01:16<00:01,  1.42it/s] 99%|█████████▉| 107/108 [01:17<00:00,  1.42it/s]100%|██████████| 108/108 [01:17<00:00,  1.69it/s]100%|██████████| 108/108 [01:17<00:00,  1.39it/s]
Epoch 95/200, Train Loss: 2.4683, Valid Loss: 2.4564
  0%|          | 0/108 [00:00<?, ?it/s]  1%|          | 1/108 [00:03<05:31,  3.10s/it]  2%|▏         | 2/108 [00:03<02:58,  1.69s/it]  3%|▎         | 3/108 [00:04<02:11,  1.25s/it]  4%|▎         | 4/108 [00:05<01:47,  1.04s/it]  5%|▍         | 5/108 [00:05<01:34,  1.09it/s]  6%|▌         | 6/108 [00:06<01:25,  1.19it/s]  6%|▋         | 7/108 [00:07<01:20,  1.25it/s]  7%|▋         | 8/108 [00:08<01:16,  1.30it/s]  8%|▊         | 9/108 [00:08<01:13,  1.34it/s]  9%|▉         | 10/108 [00:09<01:11,  1.36it/s] 10%|█         | 11/108 [00:10<01:10,  1.38it/s] 11%|█         | 12/108 [00:10<01:08,  1.39it/s] 12%|█▏        | 13/108 [00:11<01:07,  1.40it/s] 13%|█▎        | 14/108 [00:12<01:06,  1.41it/s] 14%|█▍        | 15/108 [00:12<01:05,  1.42it/s] 15%|█▍        | 16/108 [00:13<01:04,  1.42it/s] 16%|█▌        | 17/108 [00:14<01:04,  1.42it/s] 17%|█▋        | 18/108 [00:15<01:03,  1.42it/s] 18%|█▊        | 19/108 [00:15<01:02,  1.42it/s] 19%|█▊        | 20/108 [00:16<01:01,  1.42it/s] 19%|█▉        | 21/108 [00:17<01:01,  1.42it/s] 20%|██        | 22/108 [00:17<01:00,  1.42it/s] 21%|██▏       | 23/108 [00:18<00:59,  1.42it/s] 22%|██▏       | 24/108 [00:19<00:58,  1.42it/s] 23%|██▎       | 25/108 [00:19<00:58,  1.42it/s] 24%|██▍       | 26/108 [00:20<00:57,  1.42it/s] 25%|██▌       | 27/108 [00:21<00:57,  1.42it/s] 26%|██▌       | 28/108 [00:22<00:56,  1.42it/s] 27%|██▋       | 29/108 [00:22<00:55,  1.42it/s] 28%|██▊       | 30/108 [00:23<00:54,  1.43it/s] 29%|██▊       | 31/108 [00:24<00:54,  1.41it/s] 30%|██▉       | 32/108 [00:24<00:53,  1.42it/s] 31%|███       | 33/108 [00:25<00:52,  1.42it/s] 31%|███▏      | 34/108 [00:26<00:52,  1.42it/s] 32%|███▏      | 35/108 [00:27<00:51,  1.42it/s] 33%|███▎      | 36/108 [00:27<00:50,  1.42it/s] 34%|███▍      | 37/108 [00:28<00:49,  1.42it/s] 35%|███▌      | 38/108 [00:29<00:49,  1.42it/s] 36%|███▌      | 39/108 [00:29<00:48,  1.42it/s] 37%|███▋      | 40/108 [00:30<00:47,  1.42it/s] 38%|███▊      | 41/108 [00:31<00:47,  1.42it/s] 39%|███▉      | 42/108 [00:31<00:46,  1.42it/s] 40%|███▉      | 43/108 [00:32<00:45,  1.42it/s] 41%|████      | 44/108 [00:33<00:44,  1.42it/s] 42%|████▏     | 45/108 [00:34<00:44,  1.43it/s] 43%|████▎     | 46/108 [00:34<00:43,  1.42it/s] 44%|████▎     | 47/108 [00:35<00:42,  1.43it/s] 44%|████▍     | 48/108 [00:36<00:42,  1.42it/s] 45%|████▌     | 49/108 [00:36<00:41,  1.42it/s] 46%|████▋     | 50/108 [00:37<00:40,  1.42it/s] 47%|████▋     | 51/108 [00:38<00:40,  1.42it/s] 48%|████▊     | 52/108 [00:38<00:39,  1.42it/s] 49%|████▉     | 53/108 [00:39<00:38,  1.42it/s] 50%|█████     | 54/108 [00:40<00:37,  1.42it/s] 51%|█████     | 55/108 [00:41<00:37,  1.42it/s] 52%|█████▏    | 56/108 [00:41<00:36,  1.42it/s] 53%|█████▎    | 57/108 [00:42<00:35,  1.42it/s] 54%|█████▎    | 58/108 [00:43<00:35,  1.42it/s] 55%|█████▍    | 59/108 [00:43<00:34,  1.42it/s] 56%|█████▌    | 60/108 [00:44<00:33,  1.42it/s] 56%|█████▋    | 61/108 [00:45<00:33,  1.42it/s] 57%|█████▋    | 62/108 [00:46<00:32,  1.42it/s] 58%|█████▊    | 63/108 [00:46<00:31,  1.42it/s] 59%|█████▉    | 64/108 [00:47<00:31,  1.42it/s] 60%|██████    | 65/108 [00:48<00:30,  1.42it/s] 61%|██████    | 66/108 [00:48<00:29,  1.42it/s] 62%|██████▏   | 67/108 [00:49<00:28,  1.42it/s] 63%|██████▎   | 68/108 [00:50<00:28,  1.42it/s] 64%|██████▍   | 69/108 [00:50<00:27,  1.42it/s] 65%|██████▍   | 70/108 [00:51<00:26,  1.42it/s] 66%|██████▌   | 71/108 [00:52<00:26,  1.42it/s] 67%|██████▋   | 72/108 [00:53<00:25,  1.42it/s] 68%|██████▊   | 73/108 [00:53<00:24,  1.42it/s] 69%|██████▊   | 74/108 [00:54<00:23,  1.42it/s] 69%|██████▉   | 75/108 [00:55<00:23,  1.42it/s] 70%|███████   | 76/108 [00:55<00:22,  1.42it/s] 71%|███████▏  | 77/108 [00:56<00:21,  1.42it/s] 72%|███████▏  | 78/108 [00:57<00:21,  1.42it/s] 73%|███████▎  | 79/108 [00:57<00:20,  1.42it/s] 74%|███████▍  | 80/108 [00:58<00:19,  1.42it/s] 75%|███████▌  | 81/108 [00:59<00:19,  1.42it/s] 76%|███████▌  | 82/108 [01:00<00:18,  1.42it/s] 77%|███████▋  | 83/108 [01:00<00:17,  1.42it/s] 78%|███████▊  | 84/108 [01:01<00:16,  1.42it/s] 79%|███████▊  | 85/108 [01:02<00:16,  1.42it/s] 80%|███████▉  | 86/108 [01:02<00:15,  1.42it/s] 81%|████████  | 87/108 [01:03<00:14,  1.42it/s] 81%|████████▏ | 88/108 [01:04<00:14,  1.42it/s] 82%|████████▏ | 89/108 [01:05<00:13,  1.42it/s] 83%|████████▎ | 90/108 [01:05<00:12,  1.42it/s] 84%|████████▍ | 91/108 [01:06<00:11,  1.42it/s] 85%|████████▌ | 92/108 [01:07<00:11,  1.42it/s] 86%|████████▌ | 93/108 [01:07<00:10,  1.42it/s] 87%|████████▋ | 94/108 [01:08<00:09,  1.42it/s] 88%|████████▊ | 95/108 [01:09<00:09,  1.42it/s] 89%|████████▉ | 96/108 [01:09<00:08,  1.42it/s] 90%|████████▉ | 97/108 [01:10<00:07,  1.42it/s] 91%|█████████ | 98/108 [01:11<00:07,  1.42it/s] 92%|█████████▏| 99/108 [01:12<00:06,  1.42it/s] 93%|█████████▎| 100/108 [01:12<00:05,  1.42it/s] 94%|█████████▎| 101/108 [01:13<00:04,  1.42it/s] 94%|█████████▍| 102/108 [01:14<00:04,  1.42it/s] 95%|█████████▌| 103/108 [01:14<00:03,  1.42it/s] 96%|█████████▋| 104/108 [01:15<00:02,  1.42it/s] 97%|█████████▋| 105/108 [01:16<00:02,  1.42it/s] 98%|█████████▊| 106/108 [01:16<00:01,  1.42it/s] 99%|█████████▉| 107/108 [01:17<00:00,  1.42it/s]100%|██████████| 108/108 [01:18<00:00,  1.68it/s]100%|██████████| 108/108 [01:18<00:00,  1.38it/s]
Epoch 96/200, Train Loss: 2.4777, Valid Loss: 2.4579
  0%|          | 0/108 [00:00<?, ?it/s]  1%|          | 1/108 [00:02<05:12,  2.92s/it]  2%|▏         | 2/108 [00:03<02:51,  1.62s/it]  3%|▎         | 3/108 [00:04<02:07,  1.21s/it]  4%|▎         | 4/108 [00:05<01:45,  1.01s/it]  5%|▍         | 5/108 [00:05<01:32,  1.11it/s]  6%|▌         | 6/108 [00:06<01:25,  1.20it/s]  6%|▋         | 7/108 [00:07<01:19,  1.27it/s]  7%|▋         | 8/108 [00:07<01:16,  1.31it/s]  8%|▊         | 9/108 [00:08<01:13,  1.34it/s]  9%|▉         | 10/108 [00:09<01:11,  1.37it/s] 10%|█         | 11/108 [00:09<01:09,  1.39it/s] 11%|█         | 12/108 [00:10<01:08,  1.40it/s] 12%|█▏        | 13/108 [00:11<01:07,  1.41it/s] 13%|█▎        | 14/108 [00:12<01:06,  1.41it/s] 14%|█▍        | 15/108 [00:12<01:05,  1.42it/s] 15%|█▍        | 16/108 [00:13<01:04,  1.42it/s] 16%|█▌        | 17/108 [00:14<01:03,  1.42it/s] 17%|█▋        | 18/108 [00:14<01:03,  1.42it/s] 18%|█▊        | 19/108 [00:15<01:02,  1.43it/s] 19%|█▊        | 20/108 [00:16<01:01,  1.43it/s] 19%|█▉        | 21/108 [00:16<01:01,  1.43it/s] 20%|██        | 22/108 [00:17<01:00,  1.43it/s] 21%|██▏       | 23/108 [00:18<00:59,  1.43it/s] 22%|██▏       | 24/108 [00:19<00:58,  1.43it/s] 23%|██▎       | 25/108 [00:19<00:58,  1.42it/s] 24%|██▍       | 26/108 [00:20<00:57,  1.42it/s] 25%|██▌       | 27/108 [00:21<00:57,  1.42it/s] 26%|██▌       | 28/108 [00:21<00:56,  1.42it/s] 27%|██▋       | 29/108 [00:22<00:55,  1.42it/s] 28%|██▊       | 30/108 [00:23<00:54,  1.42it/s] 29%|██▊       | 31/108 [00:24<00:54,  1.42it/s] 30%|██▉       | 32/108 [00:24<00:53,  1.42it/s] 31%|███       | 33/108 [00:25<00:52,  1.42it/s] 31%|███▏      | 34/108 [00:26<00:52,  1.42it/s] 32%|███▏      | 35/108 [00:26<00:51,  1.42it/s] 33%|███▎      | 36/108 [00:27<00:50,  1.42it/s] 34%|███▍      | 37/108 [00:28<00:49,  1.43it/s] 35%|███▌      | 38/108 [00:28<00:49,  1.43it/s] 36%|███▌      | 39/108 [00:29<00:48,  1.43it/s] 37%|███▋      | 40/108 [00:30<00:47,  1.43it/s] 38%|███▊      | 41/108 [00:31<00:47,  1.43it/s] 39%|███▉      | 42/108 [00:31<00:46,  1.43it/s] 40%|███▉      | 43/108 [00:32<00:45,  1.43it/s] 41%|████      | 44/108 [00:33<00:44,  1.43it/s] 42%|████▏     | 45/108 [00:33<00:44,  1.43it/s] 43%|████▎     | 46/108 [00:34<00:43,  1.43it/s] 44%|████▎     | 47/108 [00:35<00:42,  1.43it/s] 44%|████▍     | 48/108 [00:35<00:42,  1.43it/s] 45%|████▌     | 49/108 [00:36<00:41,  1.43it/s] 46%|████▋     | 50/108 [00:37<00:40,  1.43it/s] 47%|████▋     | 51/108 [00:38<00:40,  1.42it/s] 48%|████▊     | 52/108 [00:38<00:39,  1.42it/s] 49%|████▉     | 53/108 [00:39<00:38,  1.42it/s] 50%|█████     | 54/108 [00:40<00:37,  1.42it/s] 51%|█████     | 55/108 [00:40<00:37,  1.42it/s] 52%|█████▏    | 56/108 [00:41<00:36,  1.42it/s] 53%|█████▎    | 57/108 [00:42<00:35,  1.42it/s] 54%|█████▎    | 58/108 [00:42<00:35,  1.42it/s] 55%|█████▍    | 59/108 [00:43<00:34,  1.42it/s] 56%|█████▌    | 60/108 [00:44<00:33,  1.42it/s] 56%|█████▋    | 61/108 [00:45<00:33,  1.42it/s] 57%|█████▋    | 62/108 [00:45<00:32,  1.42it/s] 58%|█████▊    | 63/108 [00:46<00:31,  1.42it/s] 59%|█████▉    | 64/108 [00:47<00:30,  1.42it/s] 60%|██████    | 65/108 [00:47<00:30,  1.42it/s] 61%|██████    | 66/108 [00:48<00:29,  1.42it/s] 62%|██████▏   | 67/108 [00:49<00:28,  1.42it/s] 63%|██████▎   | 68/108 [00:50<00:28,  1.42it/s] 64%|██████▍   | 69/108 [00:50<00:27,  1.43it/s] 65%|██████▍   | 70/108 [00:51<00:26,  1.43it/s] 66%|██████▌   | 71/108 [00:52<00:25,  1.42it/s] 67%|██████▋   | 72/108 [00:52<00:25,  1.42it/s] 68%|██████▊   | 73/108 [00:53<00:24,  1.42it/s] 69%|██████▊   | 74/108 [00:54<00:23,  1.42it/s] 69%|██████▉   | 75/108 [00:54<00:23,  1.42it/s] 70%|███████   | 76/108 [00:55<00:22,  1.42it/s] 71%|███████▏  | 77/108 [00:56<00:21,  1.42it/s] 72%|███████▏  | 78/108 [00:57<00:21,  1.42it/s] 73%|███████▎  | 79/108 [00:57<00:20,  1.42it/s] 74%|███████▍  | 80/108 [00:58<00:19,  1.42it/s] 75%|███████▌  | 81/108 [00:59<00:19,  1.42it/s] 76%|███████▌  | 82/108 [00:59<00:18,  1.42it/s] 77%|███████▋  | 83/108 [01:00<00:17,  1.42it/s] 78%|███████▊  | 84/108 [01:01<00:16,  1.42it/s] 79%|███████▊  | 85/108 [01:01<00:16,  1.42it/s] 80%|███████▉  | 86/108 [01:02<00:15,  1.42it/s] 81%|████████  | 87/108 [01:03<00:14,  1.42it/s] 81%|████████▏ | 88/108 [01:04<00:14,  1.42it/s] 82%|████████▏ | 89/108 [01:04<00:13,  1.42it/s] 83%|████████▎ | 90/108 [01:05<00:12,  1.42it/s] 84%|████████▍ | 91/108 [01:06<00:11,  1.42it/s] 85%|████████▌ | 92/108 [01:06<00:11,  1.42it/s] 86%|████████▌ | 93/108 [01:07<00:10,  1.42it/s] 87%|████████▋ | 94/108 [01:08<00:09,  1.42it/s] 88%|████████▊ | 95/108 [01:08<00:09,  1.42it/s] 89%|████████▉ | 96/108 [01:09<00:08,  1.42it/s] 90%|████████▉ | 97/108 [01:10<00:07,  1.42it/s] 91%|█████████ | 98/108 [01:11<00:07,  1.42it/s] 92%|█████████▏| 99/108 [01:11<00:06,  1.42it/s] 93%|█████████▎| 100/108 [01:12<00:05,  1.42it/s] 94%|█████████▎| 101/108 [01:13<00:04,  1.42it/s] 94%|█████████▍| 102/108 [01:13<00:04,  1.42it/s] 95%|█████████▌| 103/108 [01:14<00:03,  1.42it/s] 96%|█████████▋| 104/108 [01:15<00:02,  1.42it/s] 97%|█████████▋| 105/108 [01:16<00:02,  1.42it/s] 98%|█████████▊| 106/108 [01:16<00:01,  1.42it/s] 99%|█████████▉| 107/108 [01:17<00:00,  1.42it/s]100%|██████████| 108/108 [01:17<00:00,  1.68it/s]100%|██████████| 108/108 [01:17<00:00,  1.39it/s]
Epoch 97/200, Train Loss: 2.4772, Valid Loss: 2.4703
  0%|          | 0/108 [00:00<?, ?it/s]  1%|          | 1/108 [00:02<05:19,  2.98s/it]  2%|▏         | 2/108 [00:03<02:55,  1.65s/it]  3%|▎         | 3/108 [00:04<02:07,  1.22s/it]  4%|▎         | 4/108 [00:05<01:45,  1.01s/it]  5%|▍         | 5/108 [00:05<01:33,  1.10it/s]  6%|▌         | 6/108 [00:06<01:25,  1.20it/s]  6%|▋         | 7/108 [00:07<01:19,  1.26it/s]  7%|▋         | 8/108 [00:07<01:16,  1.31it/s]  8%|▊         | 9/108 [00:08<01:13,  1.35it/s]  9%|▉         | 10/108 [00:09<01:11,  1.37it/s] 10%|█         | 11/108 [00:10<01:09,  1.39it/s] 11%|█         | 12/108 [00:10<01:08,  1.40it/s] 12%|█▏        | 13/108 [00:11<01:07,  1.41it/s] 13%|█▎        | 14/108 [00:12<01:06,  1.41it/s] 14%|█▍        | 15/108 [00:12<01:05,  1.42it/s] 15%|█▍        | 16/108 [00:13<01:04,  1.42it/s] 16%|█▌        | 17/108 [00:14<01:03,  1.42it/s] 17%|█▋        | 18/108 [00:14<01:03,  1.42it/s] 18%|█▊        | 19/108 [00:15<01:02,  1.43it/s] 19%|█▊        | 20/108 [00:16<01:01,  1.43it/s] 19%|█▉        | 21/108 [00:17<01:00,  1.43it/s] 20%|██        | 22/108 [00:17<01:00,  1.43it/s] 21%|██▏       | 23/108 [00:18<00:59,  1.42it/s] 22%|██▏       | 24/108 [00:19<00:58,  1.43it/s] 23%|██▎       | 25/108 [00:19<00:58,  1.43it/s] 24%|██▍       | 26/108 [00:20<00:57,  1.42it/s] 25%|██▌       | 27/108 [00:21<00:56,  1.42it/s] 26%|██▌       | 28/108 [00:21<00:56,  1.42it/s] 27%|██▋       | 29/108 [00:22<00:55,  1.42it/s] 28%|██▊       | 30/108 [00:23<00:54,  1.42it/s] 29%|██▊       | 31/108 [00:24<00:54,  1.42it/s] 30%|██▉       | 32/108 [00:24<00:53,  1.42it/s] 31%|███       | 33/108 [00:25<00:52,  1.42it/s] 31%|███▏      | 34/108 [00:26<00:52,  1.42it/s] 32%|███▏      | 35/108 [00:26<00:51,  1.42it/s] 33%|███▎      | 36/108 [00:27<00:50,  1.42it/s] 34%|███▍      | 37/108 [00:28<00:49,  1.42it/s] 35%|███▌      | 38/108 [00:28<00:49,  1.42it/s] 36%|███▌      | 39/108 [00:29<00:48,  1.42it/s] 37%|███▋      | 40/108 [00:30<00:47,  1.42it/s] 38%|███▊      | 41/108 [00:31<00:47,  1.42it/s] 39%|███▉      | 42/108 [00:31<00:46,  1.43it/s] 40%|███▉      | 43/108 [00:32<00:45,  1.43it/s] 41%|████      | 44/108 [00:33<00:44,  1.42it/s] 42%|████▏     | 45/108 [00:33<00:44,  1.43it/s] 43%|████▎     | 46/108 [00:34<00:43,  1.43it/s] 44%|████▎     | 47/108 [00:35<00:42,  1.43it/s] 44%|████▍     | 48/108 [00:35<00:42,  1.43it/s] 45%|████▌     | 49/108 [00:36<00:41,  1.43it/s] 46%|████▋     | 50/108 [00:37<00:40,  1.43it/s] 47%|████▋     | 51/108 [00:38<00:40,  1.42it/s] 48%|████▊     | 52/108 [00:38<00:39,  1.42it/s] 49%|████▉     | 53/108 [00:39<00:38,  1.42it/s] 50%|█████     | 54/108 [00:40<00:37,  1.42it/s] 51%|█████     | 55/108 [00:40<00:37,  1.42it/s] 52%|█████▏    | 56/108 [00:41<00:36,  1.42it/s] 53%|█████▎    | 57/108 [00:42<00:35,  1.42it/s] 54%|█████▎    | 58/108 [00:43<00:35,  1.42it/s] 55%|█████▍    | 59/108 [00:43<00:34,  1.42it/s] 56%|█████▌    | 60/108 [00:44<00:33,  1.42it/s] 56%|█████▋    | 61/108 [00:45<00:33,  1.42it/s] 57%|█████▋    | 62/108 [00:45<00:32,  1.42it/s] 58%|█████▊    | 63/108 [00:46<00:31,  1.42it/s] 59%|█████▉    | 64/108 [00:47<00:30,  1.42it/s] 60%|██████    | 65/108 [00:47<00:30,  1.42it/s] 61%|██████    | 66/108 [00:48<00:29,  1.42it/s] 62%|██████▏   | 67/108 [00:49<00:28,  1.42it/s] 63%|██████▎   | 68/108 [00:50<00:28,  1.42it/s] 64%|██████▍   | 69/108 [00:50<00:27,  1.42it/s] 65%|██████▍   | 70/108 [00:51<00:26,  1.42it/s] 66%|██████▌   | 71/108 [00:52<00:26,  1.42it/s] 67%|██████▋   | 72/108 [00:52<00:25,  1.42it/s] 68%|██████▊   | 73/108 [00:53<00:24,  1.42it/s] 69%|██████▊   | 74/108 [00:54<00:23,  1.42it/s] 69%|██████▉   | 75/108 [00:54<00:23,  1.42it/s] 70%|███████   | 76/108 [00:55<00:22,  1.42it/s] 71%|███████▏  | 77/108 [00:56<00:21,  1.42it/s] 72%|███████▏  | 78/108 [00:57<00:21,  1.42it/s] 73%|███████▎  | 79/108 [00:57<00:20,  1.42it/s] 74%|███████▍  | 80/108 [00:58<00:19,  1.42it/s] 75%|███████▌  | 81/108 [00:59<00:19,  1.42it/s] 76%|███████▌  | 82/108 [00:59<00:18,  1.42it/s] 77%|███████▋  | 83/108 [01:00<00:17,  1.42it/s] 78%|███████▊  | 84/108 [01:01<00:16,  1.42it/s] 79%|███████▊  | 85/108 [01:02<00:16,  1.42it/s] 80%|███████▉  | 86/108 [01:02<00:15,  1.42it/s] 81%|████████  | 87/108 [01:03<00:14,  1.42it/s] 81%|████████▏ | 88/108 [01:04<00:14,  1.42it/s] 82%|████████▏ | 89/108 [01:04<00:13,  1.42it/s] 83%|████████▎ | 90/108 [01:05<00:12,  1.42it/s] 84%|████████▍ | 91/108 [01:06<00:11,  1.42it/s] 85%|████████▌ | 92/108 [01:06<00:11,  1.42it/s] 86%|████████▌ | 93/108 [01:07<00:10,  1.42it/s] 87%|████████▋ | 94/108 [01:08<00:09,  1.42it/s] 88%|████████▊ | 95/108 [01:09<00:09,  1.42it/s] 89%|████████▉ | 96/108 [01:09<00:08,  1.42it/s] 90%|████████▉ | 97/108 [01:10<00:07,  1.42it/s] 91%|█████████ | 98/108 [01:11<00:07,  1.43it/s] 92%|█████████▏| 99/108 [01:11<00:06,  1.42it/s] 93%|█████████▎| 100/108 [01:12<00:05,  1.42it/s] 94%|█████████▎| 101/108 [01:13<00:04,  1.42it/s] 94%|█████████▍| 102/108 [01:13<00:04,  1.42it/s] 95%|█████████▌| 103/108 [01:14<00:03,  1.42it/s] 96%|█████████▋| 104/108 [01:15<00:02,  1.42it/s] 97%|█████████▋| 105/108 [01:16<00:02,  1.42it/s] 98%|█████████▊| 106/108 [01:16<00:01,  1.42it/s] 99%|█████████▉| 107/108 [01:17<00:00,  1.42it/s]100%|██████████| 108/108 [01:17<00:00,  1.69it/s]100%|██████████| 108/108 [01:17<00:00,  1.39it/s]
Epoch 98/200, Train Loss: 2.4712, Valid Loss: 2.4418, save best model!
  0%|          | 0/108 [00:00<?, ?it/s]  1%|          | 1/108 [00:03<05:43,  3.21s/it]  2%|▏         | 2/108 [00:03<03:03,  1.73s/it]  3%|▎         | 3/108 [00:04<02:12,  1.26s/it]  4%|▎         | 4/108 [00:05<01:48,  1.05s/it]  5%|▍         | 5/108 [00:06<01:34,  1.09it/s]  6%|▌         | 6/108 [00:06<01:26,  1.18it/s]  6%|▋         | 7/108 [00:07<01:20,  1.25it/s]  7%|▋         | 8/108 [00:08<01:16,  1.30it/s]  8%|▊         | 9/108 [00:08<01:13,  1.34it/s]  9%|▉         | 10/108 [00:09<01:11,  1.36it/s] 10%|█         | 11/108 [00:10<01:10,  1.38it/s] 11%|█         | 12/108 [00:10<01:08,  1.40it/s] 12%|█▏        | 13/108 [00:11<01:07,  1.41it/s] 13%|█▎        | 14/108 [00:12<01:06,  1.41it/s] 14%|█▍        | 15/108 [00:13<01:05,  1.42it/s] 15%|█▍        | 16/108 [00:13<01:04,  1.42it/s] 16%|█▌        | 17/108 [00:14<01:04,  1.42it/s] 17%|█▋        | 18/108 [00:15<01:03,  1.42it/s] 18%|█▊        | 19/108 [00:15<01:02,  1.42it/s] 19%|█▊        | 20/108 [00:16<01:01,  1.42it/s] 19%|█▉        | 21/108 [00:17<01:01,  1.42it/s] 20%|██        | 22/108 [00:17<01:00,  1.43it/s] 21%|██▏       | 23/108 [00:18<00:59,  1.42it/s] 22%|██▏       | 24/108 [00:19<00:58,  1.42it/s] 23%|██▎       | 25/108 [00:20<00:58,  1.42it/s] 24%|██▍       | 26/108 [00:20<00:57,  1.42it/s] 25%|██▌       | 27/108 [00:21<00:56,  1.42it/s] 26%|██▌       | 28/108 [00:22<00:56,  1.42it/s] 27%|██▋       | 29/108 [00:22<00:55,  1.42it/s] 28%|██▊       | 30/108 [00:23<00:54,  1.42it/s] 29%|██▊       | 31/108 [00:24<00:54,  1.42it/s] 30%|██▉       | 32/108 [00:24<00:53,  1.42it/s] 31%|███       | 33/108 [00:25<00:52,  1.42it/s] 31%|███▏      | 34/108 [00:26<00:51,  1.43it/s] 32%|███▏      | 35/108 [00:27<00:51,  1.43it/s] 33%|███▎      | 36/108 [00:27<00:50,  1.42it/s] 34%|███▍      | 37/108 [00:28<00:49,  1.42it/s] 35%|███▌      | 38/108 [00:29<00:49,  1.43it/s] 36%|███▌      | 39/108 [00:29<00:48,  1.43it/s] 37%|███▋      | 40/108 [00:30<00:47,  1.42it/s] 38%|███▊      | 41/108 [00:31<00:47,  1.42it/s] 39%|███▉      | 42/108 [00:31<00:46,  1.43it/s] 40%|███▉      | 43/108 [00:32<00:45,  1.42it/s] 41%|████      | 44/108 [00:33<00:44,  1.42it/s] 42%|████▏     | 45/108 [00:34<00:44,  1.42it/s] 43%|████▎     | 46/108 [00:34<00:43,  1.43it/s] 44%|████▎     | 47/108 [00:35<00:42,  1.42it/s] 44%|████▍     | 48/108 [00:36<00:42,  1.42it/s] 45%|████▌     | 49/108 [00:36<00:41,  1.42it/s] 46%|████▋     | 50/108 [00:37<00:40,  1.42it/s] 47%|████▋     | 51/108 [00:38<00:40,  1.42it/s] 48%|████▊     | 52/108 [00:39<00:39,  1.42it/s] 49%|████▉     | 53/108 [00:39<00:38,  1.42it/s] 50%|█████     | 54/108 [00:40<00:37,  1.42it/s] 51%|█████     | 55/108 [00:41<00:37,  1.42it/s] 52%|█████▏    | 56/108 [00:41<00:36,  1.42it/s] 53%|█████▎    | 57/108 [00:42<00:35,  1.42it/s] 54%|█████▎    | 58/108 [00:43<00:35,  1.42it/s] 55%|█████▍    | 59/108 [00:43<00:34,  1.42it/s] 56%|█████▌    | 60/108 [00:44<00:33,  1.42it/s] 56%|█████▋    | 61/108 [00:45<00:33,  1.42it/s] 57%|█████▋    | 62/108 [00:46<00:32,  1.42it/s] 58%|█████▊    | 63/108 [00:46<00:31,  1.43it/s] 59%|█████▉    | 64/108 [00:47<00:30,  1.42it/s] 60%|██████    | 65/108 [00:48<00:30,  1.42it/s] 61%|██████    | 66/108 [00:48<00:29,  1.43it/s] 62%|██████▏   | 67/108 [00:49<00:28,  1.43it/s] 63%|██████▎   | 68/108 [00:50<00:28,  1.42it/s] 64%|██████▍   | 69/108 [00:50<00:27,  1.43it/s] 65%|██████▍   | 70/108 [00:51<00:26,  1.42it/s] 66%|██████▌   | 71/108 [00:52<00:25,  1.42it/s] 67%|██████▋   | 72/108 [00:53<00:25,  1.42it/s] 68%|██████▊   | 73/108 [00:53<00:24,  1.42it/s] 69%|██████▊   | 74/108 [00:54<00:23,  1.42it/s] 69%|██████▉   | 75/108 [00:55<00:23,  1.42it/s] 70%|███████   | 76/108 [00:55<00:22,  1.42it/s] 71%|███████▏  | 77/108 [00:56<00:21,  1.42it/s] 72%|███████▏  | 78/108 [00:57<00:21,  1.42it/s] 73%|███████▎  | 79/108 [00:58<00:20,  1.42it/s] 74%|███████▍  | 80/108 [00:58<00:19,  1.42it/s] 75%|███████▌  | 81/108 [00:59<00:19,  1.42it/s] 76%|███████▌  | 82/108 [01:00<00:18,  1.42it/s] 77%|███████▋  | 83/108 [01:00<00:17,  1.42it/s] 78%|███████▊  | 84/108 [01:01<00:16,  1.42it/s] 79%|███████▊  | 85/108 [01:02<00:16,  1.42it/s] 80%|███████▉  | 86/108 [01:02<00:15,  1.42it/s] 81%|████████  | 87/108 [01:03<00:14,  1.42it/s] 81%|████████▏ | 88/108 [01:04<00:14,  1.42it/s] 82%|████████▏ | 89/108 [01:05<00:13,  1.42it/s] 83%|████████▎ | 90/108 [01:05<00:12,  1.42it/s] 84%|████████▍ | 91/108 [01:06<00:11,  1.42it/s] 85%|████████▌ | 92/108 [01:07<00:11,  1.42it/s] 86%|████████▌ | 93/108 [01:07<00:10,  1.42it/s] 87%|████████▋ | 94/108 [01:08<00:09,  1.42it/s] 88%|████████▊ | 95/108 [01:09<00:09,  1.42it/s] 89%|████████▉ | 96/108 [01:09<00:08,  1.42it/s] 90%|████████▉ | 97/108 [01:10<00:07,  1.42it/s] 91%|█████████ | 98/108 [01:11<00:07,  1.42it/s] 92%|█████████▏| 99/108 [01:12<00:06,  1.42it/s] 93%|█████████▎| 100/108 [01:12<00:05,  1.42it/s] 94%|█████████▎| 101/108 [01:13<00:04,  1.42it/s] 94%|█████████▍| 102/108 [01:14<00:04,  1.42it/s] 95%|█████████▌| 103/108 [01:14<00:03,  1.43it/s] 96%|█████████▋| 104/108 [01:15<00:02,  1.42it/s] 97%|█████████▋| 105/108 [01:16<00:02,  1.42it/s] 98%|█████████▊| 106/108 [01:16<00:01,  1.42it/s] 99%|█████████▉| 107/108 [01:17<00:00,  1.42it/s]100%|██████████| 108/108 [01:18<00:00,  1.69it/s]100%|██████████| 108/108 [01:18<00:00,  1.38it/s]
Epoch 99/200, Train Loss: 2.4747, Valid Loss: 2.4548
  0%|          | 0/108 [00:00<?, ?it/s]  1%|          | 1/108 [00:03<05:28,  3.07s/it]  2%|▏         | 2/108 [00:03<02:57,  1.68s/it]  3%|▎         | 3/108 [00:04<02:09,  1.23s/it]  4%|▎         | 4/108 [00:05<01:46,  1.02s/it]  5%|▍         | 5/108 [00:05<01:33,  1.10it/s]  6%|▌         | 6/108 [00:06<01:25,  1.19it/s]  6%|▋         | 7/108 [00:07<01:20,  1.26it/s]  7%|▋         | 8/108 [00:07<01:16,  1.31it/s]  8%|▊         | 9/108 [00:08<01:13,  1.34it/s]  9%|▉         | 10/108 [00:09<01:11,  1.36it/s] 10%|█         | 11/108 [00:10<01:10,  1.38it/s] 11%|█         | 12/108 [00:10<01:08,  1.40it/s] 12%|█▏        | 13/108 [00:11<01:07,  1.41it/s] 13%|█▎        | 14/108 [00:12<01:06,  1.41it/s] 14%|█▍        | 15/108 [00:12<01:05,  1.42it/s] 15%|█▍        | 16/108 [00:13<01:04,  1.42it/s] 16%|█▌        | 17/108 [00:14<01:04,  1.42it/s] 17%|█▋        | 18/108 [00:14<01:03,  1.42it/s] 18%|█▊        | 19/108 [00:15<01:02,  1.42it/s] 19%|█▊        | 20/108 [00:16<01:01,  1.43it/s] 19%|█▉        | 21/108 [00:17<01:01,  1.42it/s] 20%|██        | 22/108 [00:17<01:00,  1.43it/s] 21%|██▏       | 23/108 [00:18<00:59,  1.43it/s] 22%|██▏       | 24/108 [00:19<00:58,  1.43it/s] 23%|██▎       | 25/108 [00:19<00:58,  1.42it/s] 24%|██▍       | 26/108 [00:20<00:57,  1.42it/s] 25%|██▌       | 27/108 [00:21<00:56,  1.42it/s] 26%|██▌       | 28/108 [00:22<00:56,  1.42it/s] 27%|██▋       | 29/108 [00:22<00:55,  1.42it/s] 28%|██▊       | 30/108 [00:23<00:55,  1.42it/s] 29%|██▊       | 31/108 [00:24<00:54,  1.42it/s] 30%|██▉       | 32/108 [00:24<00:53,  1.42it/s] 31%|███       | 33/108 [00:25<00:52,  1.42it/s] 31%|███▏      | 34/108 [00:26<00:52,  1.42it/s] 32%|███▏      | 35/108 [00:26<00:51,  1.42it/s] 33%|███▎      | 36/108 [00:27<00:50,  1.42it/s] 34%|███▍      | 37/108 [00:28<00:49,  1.42it/s] 35%|███▌      | 38/108 [00:29<00:49,  1.42it/s] 36%|███▌      | 39/108 [00:29<00:48,  1.43it/s] 37%|███▋      | 40/108 [00:30<00:47,  1.43it/s] 38%|███▊      | 41/108 [00:31<00:47,  1.42it/s] 39%|███▉      | 42/108 [00:31<00:46,  1.43it/s] 40%|███▉      | 43/108 [00:32<00:45,  1.43it/s] 41%|████      | 44/108 [00:33<00:44,  1.42it/s] 42%|████▏     | 45/108 [00:33<00:44,  1.42it/s] 43%|████▎     | 46/108 [00:34<00:43,  1.42it/s] 44%|████▎     | 47/108 [00:35<00:42,  1.42it/s] 44%|████▍     | 48/108 [00:36<00:42,  1.42it/s] 45%|████▌     | 49/108 [00:36<00:41,  1.42it/s] 46%|████▋     | 50/108 [00:37<00:40,  1.42it/s] 47%|████▋     | 51/108 [00:38<00:40,  1.42it/s] 48%|████▊     | 52/108 [00:38<00:39,  1.42it/s] 49%|████▉     | 53/108 [00:39<00:38,  1.42it/s] 50%|█████     | 54/108 [00:40<00:37,  1.42it/s] 51%|█████     | 55/108 [00:40<00:37,  1.42it/s] 52%|█████▏    | 56/108 [00:41<00:36,  1.42it/s] 53%|█████▎    | 57/108 [00:42<00:35,  1.42it/s] 54%|█████▎    | 58/108 [00:43<00:35,  1.42it/s] 55%|█████▍    | 59/108 [00:43<00:34,  1.42it/s] 56%|█████▌    | 60/108 [00:44<00:33,  1.41it/s] 56%|█████▋    | 61/108 [00:45<00:33,  1.42it/s] 57%|█████▋    | 62/108 [00:45<00:32,  1.42it/s] 58%|█████▊    | 63/108 [00:46<00:31,  1.42it/s] 59%|█████▉    | 64/108 [00:47<00:30,  1.42it/s] 60%|██████    | 65/108 [00:48<00:30,  1.42it/s] 61%|██████    | 66/108 [00:48<00:29,  1.42it/s] 62%|██████▏   | 67/108 [00:49<00:28,  1.42it/s] 63%|██████▎   | 68/108 [00:50<00:28,  1.42it/s] 64%|██████▍   | 69/108 [00:50<00:27,  1.42it/s] 65%|██████▍   | 70/108 [00:51<00:26,  1.42it/s] 66%|██████▌   | 71/108 [00:52<00:26,  1.42it/s] 67%|██████▋   | 72/108 [00:52<00:25,  1.42it/s] 68%|██████▊   | 73/108 [00:53<00:24,  1.42it/s] 69%|██████▊   | 74/108 [00:54<00:23,  1.42it/s] 69%|██████▉   | 75/108 [00:55<00:23,  1.42it/s] 70%|███████   | 76/108 [00:55<00:22,  1.42it/s] 71%|███████▏  | 77/108 [00:56<00:21,  1.42it/s] 72%|███████▏  | 78/108 [00:57<00:21,  1.42it/s] 73%|███████▎  | 79/108 [00:57<00:20,  1.42it/s] 74%|███████▍  | 80/108 [00:58<00:19,  1.42it/s] 75%|███████▌  | 81/108 [00:59<00:19,  1.42it/s] 76%|███████▌  | 82/108 [01:00<00:18,  1.42it/s] 77%|███████▋  | 83/108 [01:00<00:17,  1.42it/s] 78%|███████▊  | 84/108 [01:01<00:16,  1.42it/s] 79%|███████▊  | 85/108 [01:02<00:16,  1.42it/s] 80%|███████▉  | 86/108 [01:02<00:15,  1.42it/s] 81%|████████  | 87/108 [01:03<00:14,  1.42it/s] 81%|████████▏ | 88/108 [01:04<00:14,  1.42it/s] 82%|████████▏ | 89/108 [01:04<00:13,  1.42it/s] 83%|████████▎ | 90/108 [01:05<00:12,  1.42it/s] 84%|████████▍ | 91/108 [01:06<00:11,  1.42it/s] 85%|████████▌ | 92/108 [01:07<00:11,  1.42it/s] 86%|████████▌ | 93/108 [01:07<00:10,  1.42it/s] 87%|████████▋ | 94/108 [01:08<00:09,  1.42it/s] 88%|████████▊ | 95/108 [01:09<00:09,  1.42it/s] 89%|████████▉ | 96/108 [01:09<00:08,  1.42it/s] 90%|████████▉ | 97/108 [01:10<00:07,  1.42it/s] 91%|█████████ | 98/108 [01:11<00:07,  1.42it/s] 92%|█████████▏| 99/108 [01:12<00:06,  1.42it/s] 93%|█████████▎| 100/108 [01:12<00:05,  1.42it/s] 94%|█████████▎| 101/108 [01:13<00:04,  1.42it/s] 94%|█████████▍| 102/108 [01:14<00:04,  1.42it/s] 95%|█████████▌| 103/108 [01:14<00:03,  1.42it/s] 96%|█████████▋| 104/108 [01:15<00:02,  1.42it/s] 97%|█████████▋| 105/108 [01:16<00:02,  1.42it/s] 98%|█████████▊| 106/108 [01:16<00:01,  1.42it/s] 99%|█████████▉| 107/108 [01:17<00:00,  1.42it/s]100%|██████████| 108/108 [01:17<00:00,  1.68it/s]100%|██████████| 108/108 [01:18<00:00,  1.38it/s]
Epoch 100/200, Train Loss: 2.4713, Valid Loss: 2.4653
  0%|          | 0/108 [00:00<?, ?it/s]  1%|          | 1/108 [00:03<05:59,  3.36s/it]  2%|▏         | 2/108 [00:04<03:12,  1.82s/it]  3%|▎         | 3/108 [00:04<02:17,  1.31s/it]  4%|▎         | 4/108 [00:05<01:51,  1.08s/it]  5%|▍         | 5/108 [00:06<01:37,  1.06it/s]  6%|▌         | 6/108 [00:06<01:27,  1.16it/s]  6%|▋         | 7/108 [00:07<01:21,  1.24it/s]  7%|▋         | 8/108 [00:08<01:17,  1.29it/s]  8%|▊         | 9/108 [00:09<01:14,  1.33it/s]  9%|▉         | 10/108 [00:09<01:12,  1.36it/s] 10%|█         | 11/108 [00:10<01:10,  1.38it/s] 11%|█         | 12/108 [00:11<01:09,  1.39it/s] 12%|█▏        | 13/108 [00:11<01:07,  1.40it/s] 13%|█▎        | 14/108 [00:12<01:06,  1.41it/s] 14%|█▍        | 15/108 [00:13<01:05,  1.41it/s] 15%|█▍        | 16/108 [00:13<01:05,  1.41it/s] 16%|█▌        | 17/108 [00:14<01:04,  1.42it/s] 17%|█▋        | 18/108 [00:15<01:03,  1.42it/s] 18%|█▊        | 19/108 [00:16<01:02,  1.42it/s] 19%|█▊        | 20/108 [00:16<01:01,  1.42it/s] 19%|█▉        | 21/108 [00:17<01:01,  1.42it/s] 20%|██        | 22/108 [00:18<01:00,  1.42it/s] 21%|██▏       | 23/108 [00:18<00:59,  1.42it/s] 22%|██▏       | 24/108 [00:19<00:59,  1.42it/s] 23%|██▎       | 25/108 [00:20<00:58,  1.42it/s] 24%|██▍       | 26/108 [00:21<00:58,  1.40it/s] 25%|██▌       | 27/108 [00:21<00:57,  1.41it/s] 26%|██▌       | 28/108 [00:22<00:56,  1.41it/s] 27%|██▋       | 29/108 [00:23<00:55,  1.42it/s] 28%|██▊       | 30/108 [00:23<00:55,  1.42it/s] 29%|██▊       | 31/108 [00:24<00:54,  1.42it/s] 30%|██▉       | 32/108 [00:25<00:53,  1.42it/s] 31%|███       | 33/108 [00:25<00:52,  1.42it/s] 31%|███▏      | 34/108 [00:26<00:52,  1.42it/s] 32%|███▏      | 35/108 [00:27<00:51,  1.42it/s] 33%|███▎      | 36/108 [00:28<00:50,  1.42it/s] 34%|███▍      | 37/108 [00:28<00:50,  1.42it/s] 35%|███▌      | 38/108 [00:29<00:49,  1.42it/s] 36%|███▌      | 39/108 [00:30<00:48,  1.42it/s] 37%|███▋      | 40/108 [00:30<00:47,  1.42it/s] 38%|███▊      | 41/108 [00:31<00:47,  1.42it/s] 39%|███▉      | 42/108 [00:32<00:46,  1.42it/s] 40%|███▉      | 43/108 [00:32<00:45,  1.42it/s] 41%|████      | 44/108 [00:33<00:45,  1.42it/s] 42%|████▏     | 45/108 [00:34<00:44,  1.42it/s] 43%|████▎     | 46/108 [00:35<00:43,  1.42it/s] 44%|████▎     | 47/108 [00:35<00:42,  1.42it/s] 44%|████▍     | 48/108 [00:36<00:42,  1.42it/s] 45%|████▌     | 49/108 [00:37<00:41,  1.42it/s] 46%|████▋     | 50/108 [00:37<00:40,  1.42it/s] 47%|████▋     | 51/108 [00:38<00:40,  1.42it/s] 48%|████▊     | 52/108 [00:39<00:39,  1.42it/s] 49%|████▉     | 53/108 [00:40<00:38,  1.42it/s] 50%|█████     | 54/108 [00:40<00:38,  1.42it/s] 51%|█████     | 55/108 [00:41<00:37,  1.42it/s] 52%|█████▏    | 56/108 [00:42<00:36,  1.41it/s] 53%|█████▎    | 57/108 [00:42<00:36,  1.41it/s] 54%|█████▎    | 58/108 [00:43<00:35,  1.42it/s] 55%|█████▍    | 59/108 [00:44<00:34,  1.42it/s] 56%|█████▌    | 60/108 [00:44<00:33,  1.41it/s] 56%|█████▋    | 61/108 [00:45<00:33,  1.41it/s] 57%|█████▋    | 62/108 [00:46<00:32,  1.42it/s] 58%|█████▊    | 63/108 [00:47<00:31,  1.42it/s] 59%|█████▉    | 64/108 [00:47<00:31,  1.42it/s] 60%|██████    | 65/108 [00:48<00:30,  1.42it/s] 61%|██████    | 66/108 [00:49<00:29,  1.42it/s] 62%|██████▏   | 67/108 [00:49<00:28,  1.42it/s] 63%|██████▎   | 68/108 [00:50<00:28,  1.42it/s] 64%|██████▍   | 69/108 [00:51<00:27,  1.42it/s] 65%|██████▍   | 70/108 [00:52<00:26,  1.42it/s] 66%|██████▌   | 71/108 [00:52<00:26,  1.42it/s] 67%|██████▋   | 72/108 [00:53<00:25,  1.42it/s] 68%|██████▊   | 73/108 [00:54<00:24,  1.42it/s] 69%|██████▊   | 74/108 [00:54<00:23,  1.42it/s] 69%|██████▉   | 75/108 [00:55<00:23,  1.42it/s] 70%|███████   | 76/108 [00:56<00:22,  1.42it/s] 71%|███████▏  | 77/108 [00:56<00:21,  1.42it/s] 72%|███████▏  | 78/108 [00:57<00:21,  1.42it/s] 73%|███████▎  | 79/108 [00:58<00:20,  1.42it/s] 74%|███████▍  | 80/108 [00:59<00:19,  1.42it/s] 75%|███████▌  | 81/108 [00:59<00:19,  1.42it/s] 76%|███████▌  | 82/108 [01:00<00:18,  1.42it/s] 77%|███████▋  | 83/108 [01:01<00:17,  1.42it/s] 78%|███████▊  | 84/108 [01:01<00:16,  1.42it/s] 79%|███████▊  | 85/108 [01:02<00:16,  1.42it/s] 80%|███████▉  | 86/108 [01:03<00:15,  1.42it/s] 81%|████████  | 87/108 [01:04<00:14,  1.42it/s] 81%|████████▏ | 88/108 [01:04<00:14,  1.42it/s] 82%|████████▏ | 89/108 [01:05<00:13,  1.42it/s] 83%|████████▎ | 90/108 [01:06<00:12,  1.42it/s] 84%|████████▍ | 91/108 [01:06<00:11,  1.42it/s] 85%|████████▌ | 92/108 [01:07<00:11,  1.42it/s] 86%|████████▌ | 93/108 [01:08<00:10,  1.42it/s] 87%|████████▋ | 94/108 [01:08<00:09,  1.42it/s] 88%|████████▊ | 95/108 [01:09<00:09,  1.42it/s] 89%|████████▉ | 96/108 [01:10<00:08,  1.42it/s] 90%|████████▉ | 97/108 [01:11<00:07,  1.42it/s] 91%|█████████ | 98/108 [01:11<00:07,  1.42it/s] 92%|█████████▏| 99/108 [01:12<00:06,  1.42it/s] 93%|█████████▎| 100/108 [01:13<00:05,  1.42it/s] 94%|█████████▎| 101/108 [01:13<00:04,  1.42it/s] 94%|█████████▍| 102/108 [01:14<00:04,  1.42it/s] 95%|█████████▌| 103/108 [01:15<00:03,  1.42it/s] 96%|█████████▋| 104/108 [01:16<00:02,  1.42it/s] 97%|█████████▋| 105/108 [01:16<00:02,  1.42it/s] 98%|█████████▊| 106/108 [01:17<00:01,  1.42it/s] 99%|█████████▉| 107/108 [01:18<00:00,  1.42it/s]100%|██████████| 108/108 [01:18<00:00,  1.68it/s]100%|██████████| 108/108 [01:18<00:00,  1.37it/s]
Epoch 101/200, Train Loss: 2.4754, Valid Loss: 2.4417, save best model!
  0%|          | 0/108 [00:00<?, ?it/s]  1%|          | 1/108 [00:03<05:38,  3.16s/it]  2%|▏         | 2/108 [00:03<03:01,  1.71s/it]  3%|▎         | 3/108 [00:04<02:11,  1.25s/it]  4%|▎         | 4/108 [00:05<01:47,  1.03s/it]  5%|▍         | 5/108 [00:05<01:34,  1.09it/s]  6%|▌         | 6/108 [00:06<01:26,  1.18it/s]  6%|▋         | 7/108 [00:07<01:20,  1.25it/s]  7%|▋         | 8/108 [00:08<01:16,  1.30it/s]  8%|▊         | 9/108 [00:08<01:14,  1.34it/s]  9%|▉         | 10/108 [00:09<01:11,  1.36it/s] 10%|█         | 11/108 [00:10<01:10,  1.38it/s] 11%|█         | 12/108 [00:10<01:09,  1.39it/s] 12%|█▏        | 13/108 [00:11<01:07,  1.40it/s] 13%|█▎        | 14/108 [00:12<01:06,  1.41it/s] 14%|█▍        | 15/108 [00:13<01:05,  1.41it/s] 15%|█▍        | 16/108 [00:13<01:05,  1.41it/s] 16%|█▌        | 17/108 [00:14<01:04,  1.42it/s] 17%|█▋        | 18/108 [00:15<01:03,  1.42it/s] 18%|█▊        | 19/108 [00:15<01:02,  1.42it/s] 19%|█▊        | 20/108 [00:16<01:01,  1.42it/s] 19%|█▉        | 21/108 [00:17<01:01,  1.42it/s] 20%|██        | 22/108 [00:17<01:00,  1.42it/s] 21%|██▏       | 23/108 [00:18<00:59,  1.42it/s] 22%|██▏       | 24/108 [00:19<00:59,  1.42it/s] 23%|██▎       | 25/108 [00:20<00:58,  1.42it/s] 24%|██▍       | 26/108 [00:20<00:57,  1.42it/s] 25%|██▌       | 27/108 [00:21<00:57,  1.42it/s] 26%|██▌       | 28/108 [00:22<00:56,  1.42it/s] 27%|██▋       | 29/108 [00:22<00:55,  1.41it/s] 28%|██▊       | 30/108 [00:23<00:55,  1.42it/s] 29%|██▊       | 31/108 [00:24<00:54,  1.42it/s] 30%|██▉       | 32/108 [00:24<00:53,  1.42it/s] 31%|███       | 33/108 [00:25<00:52,  1.42it/s] 31%|███▏      | 34/108 [00:26<00:52,  1.42it/s] 32%|███▏      | 35/108 [00:27<00:51,  1.42it/s] 33%|███▎      | 36/108 [00:27<00:50,  1.42it/s] 34%|███▍      | 37/108 [00:28<00:50,  1.42it/s] 35%|███▌      | 38/108 [00:29<00:49,  1.42it/s] 36%|███▌      | 39/108 [00:29<00:48,  1.42it/s] 37%|███▋      | 40/108 [00:30<00:47,  1.42it/s] 38%|███▊      | 41/108 [00:31<00:47,  1.42it/s] 39%|███▉      | 42/108 [00:32<00:46,  1.42it/s] 40%|███▉      | 43/108 [00:32<00:45,  1.42it/s] 41%|████      | 44/108 [00:33<00:44,  1.42it/s] 42%|████▏     | 45/108 [00:34<00:44,  1.42it/s] 43%|████▎     | 46/108 [00:34<00:43,  1.42it/s] 44%|████▎     | 47/108 [00:35<00:42,  1.42it/s] 44%|████▍     | 48/108 [00:36<00:42,  1.42it/s] 45%|████▌     | 49/108 [00:36<00:41,  1.42it/s] 46%|████▋     | 50/108 [00:37<00:40,  1.42it/s] 47%|████▋     | 51/108 [00:38<00:40,  1.42it/s] 48%|████▊     | 52/108 [00:39<00:39,  1.42it/s] 49%|████▉     | 53/108 [00:39<00:38,  1.42it/s] 50%|█████     | 54/108 [00:40<00:37,  1.42it/s] 51%|█████     | 55/108 [00:41<00:37,  1.42it/s] 52%|█████▏    | 56/108 [00:41<00:36,  1.42it/s] 53%|█████▎    | 57/108 [00:42<00:35,  1.42it/s] 54%|█████▎    | 58/108 [00:43<00:35,  1.42it/s] 55%|█████▍    | 59/108 [00:43<00:34,  1.42it/s] 56%|█████▌    | 60/108 [00:44<00:33,  1.42it/s] 56%|█████▋    | 61/108 [00:45<00:33,  1.42it/s] 57%|█████▋    | 62/108 [00:46<00:32,  1.42it/s] 58%|█████▊    | 63/108 [00:46<00:31,  1.42it/s] 59%|█████▉    | 64/108 [00:47<00:30,  1.42it/s] 60%|██████    | 65/108 [00:48<00:30,  1.42it/s] 61%|██████    | 66/108 [00:48<00:29,  1.42it/s] 62%|██████▏   | 67/108 [00:49<00:28,  1.42it/s] 63%|██████▎   | 68/108 [00:50<00:28,  1.42it/s] 64%|██████▍   | 69/108 [00:51<00:27,  1.42it/s] 65%|██████▍   | 70/108 [00:51<00:26,  1.42it/s] 66%|██████▌   | 71/108 [00:52<00:26,  1.42it/s] 67%|██████▋   | 72/108 [00:53<00:25,  1.42it/s] 68%|██████▊   | 73/108 [00:53<00:24,  1.42it/s] 69%|██████▊   | 74/108 [00:54<00:23,  1.42it/s] 69%|██████▉   | 75/108 [00:55<00:23,  1.42it/s] 70%|███████   | 76/108 [00:55<00:22,  1.42it/s] 71%|███████▏  | 77/108 [00:56<00:21,  1.42it/s] 72%|███████▏  | 78/108 [00:57<00:21,  1.42it/s] 73%|███████▎  | 79/108 [00:58<00:20,  1.42it/s] 74%|███████▍  | 80/108 [00:58<00:19,  1.42it/s] 75%|███████▌  | 81/108 [00:59<00:19,  1.42it/s] 76%|███████▌  | 82/108 [01:00<00:18,  1.42it/s] 77%|███████▋  | 83/108 [01:00<00:17,  1.42it/s] 78%|███████▊  | 84/108 [01:01<00:16,  1.42it/s] 79%|███████▊  | 85/108 [01:02<00:16,  1.42it/s] 80%|███████▉  | 86/108 [01:02<00:15,  1.42it/s] 81%|████████  | 87/108 [01:03<00:14,  1.42it/s] 81%|████████▏ | 88/108 [01:04<00:14,  1.42it/s] 82%|████████▏ | 89/108 [01:05<00:13,  1.42it/s] 83%|████████▎ | 90/108 [01:05<00:12,  1.42it/s] 84%|████████▍ | 91/108 [01:06<00:11,  1.42it/s] 85%|████████▌ | 92/108 [01:07<00:11,  1.42it/s] 86%|████████▌ | 93/108 [01:07<00:10,  1.42it/s] 87%|████████▋ | 94/108 [01:08<00:09,  1.42it/s] 88%|████████▊ | 95/108 [01:09<00:09,  1.42it/s] 89%|████████▉ | 96/108 [01:10<00:08,  1.42it/s] 90%|████████▉ | 97/108 [01:10<00:07,  1.42it/s] 91%|█████████ | 98/108 [01:11<00:07,  1.42it/s] 92%|█████████▏| 99/108 [01:12<00:06,  1.42it/s] 93%|█████████▎| 100/108 [01:12<00:05,  1.42it/s] 94%|█████████▎| 101/108 [01:13<00:04,  1.42it/s] 94%|█████████▍| 102/108 [01:14<00:04,  1.42it/s] 95%|█████████▌| 103/108 [01:14<00:03,  1.42it/s] 96%|█████████▋| 104/108 [01:15<00:02,  1.42it/s] 97%|█████████▋| 105/108 [01:16<00:02,  1.42it/s] 98%|█████████▊| 106/108 [01:17<00:01,  1.42it/s] 99%|█████████▉| 107/108 [01:17<00:00,  1.42it/s]100%|██████████| 108/108 [01:18<00:00,  1.68it/s]100%|██████████| 108/108 [01:18<00:00,  1.38it/s]
Epoch 102/200, Train Loss: 2.4771, Valid Loss: 2.4582
  0%|          | 0/108 [00:00<?, ?it/s]  1%|          | 1/108 [00:02<05:12,  2.92s/it]  2%|▏         | 2/108 [00:03<02:55,  1.66s/it]  3%|▎         | 3/108 [00:04<02:08,  1.22s/it]  4%|▎         | 4/108 [00:05<01:45,  1.02s/it]  5%|▍         | 5/108 [00:05<01:32,  1.11it/s]  6%|▌         | 6/108 [00:06<01:24,  1.20it/s]  6%|▋         | 7/108 [00:07<01:19,  1.27it/s]  7%|▋         | 8/108 [00:07<01:16,  1.31it/s]  8%|▊         | 9/108 [00:08<01:13,  1.35it/s]  9%|▉         | 10/108 [00:09<01:11,  1.37it/s] 10%|█         | 11/108 [00:10<01:10,  1.38it/s] 11%|█         | 12/108 [00:10<01:08,  1.40it/s] 12%|█▏        | 13/108 [00:11<01:07,  1.41it/s] 13%|█▎        | 14/108 [00:12<01:06,  1.41it/s] 14%|█▍        | 15/108 [00:12<01:05,  1.42it/s] 15%|█▍        | 16/108 [00:13<01:04,  1.42it/s] 16%|█▌        | 17/108 [00:14<01:04,  1.42it/s] 17%|█▋        | 18/108 [00:14<01:03,  1.42it/s] 18%|█▊        | 19/108 [00:15<01:02,  1.42it/s] 19%|█▊        | 20/108 [00:16<01:01,  1.42it/s] 19%|█▉        | 21/108 [00:17<01:01,  1.43it/s] 20%|██        | 22/108 [00:17<01:00,  1.42it/s] 21%|██▏       | 23/108 [00:18<00:59,  1.43it/s] 22%|██▏       | 24/108 [00:19<00:58,  1.43it/s] 23%|██▎       | 25/108 [00:19<00:58,  1.43it/s] 24%|██▍       | 26/108 [00:20<00:57,  1.42it/s] 25%|██▌       | 27/108 [00:21<00:57,  1.42it/s] 26%|██▌       | 28/108 [00:21<00:56,  1.42it/s] 27%|██▋       | 29/108 [00:22<00:55,  1.42it/s] 28%|██▊       | 30/108 [00:23<00:54,  1.42it/s] 29%|██▊       | 31/108 [00:24<00:54,  1.42it/s] 30%|██▉       | 32/108 [00:24<00:53,  1.42it/s] 31%|███       | 33/108 [00:25<00:52,  1.42it/s] 31%|███▏      | 34/108 [00:26<00:52,  1.42it/s] 32%|███▏      | 35/108 [00:26<00:51,  1.42it/s] 33%|███▎      | 36/108 [00:27<00:50,  1.42it/s] 34%|███▍      | 37/108 [00:28<00:49,  1.42it/s] 35%|███▌      | 38/108 [00:28<00:49,  1.42it/s] 36%|███▌      | 39/108 [00:29<00:48,  1.42it/s] 37%|███▋      | 40/108 [00:30<00:47,  1.42it/s] 38%|███▊      | 41/108 [00:31<00:46,  1.43it/s] 39%|███▉      | 42/108 [00:31<00:46,  1.43it/s] 40%|███▉      | 43/108 [00:32<00:45,  1.43it/s] 41%|████      | 44/108 [00:33<00:44,  1.43it/s] 42%|████▏     | 45/108 [00:33<00:44,  1.43it/s] 43%|████▎     | 46/108 [00:34<00:43,  1.42it/s] 44%|████▎     | 47/108 [00:35<00:42,  1.42it/s] 44%|████▍     | 48/108 [00:35<00:42,  1.42it/s] 45%|████▌     | 49/108 [00:36<00:41,  1.42it/s] 46%|████▋     | 50/108 [00:37<00:40,  1.42it/s] 47%|████▋     | 51/108 [00:38<00:40,  1.42it/s] 48%|████▊     | 52/108 [00:38<00:39,  1.42it/s] 49%|████▉     | 53/108 [00:39<00:38,  1.42it/s] 50%|█████     | 54/108 [00:40<00:37,  1.42it/s] 51%|█████     | 55/108 [00:40<00:37,  1.42it/s] 52%|█████▏    | 56/108 [00:41<00:36,  1.42it/s] 53%|█████▎    | 57/108 [00:42<00:35,  1.42it/s] 54%|█████▎    | 58/108 [00:43<00:35,  1.42it/s] 55%|█████▍    | 59/108 [00:43<00:34,  1.42it/s] 56%|█████▌    | 60/108 [00:44<00:33,  1.42it/s] 56%|█████▋    | 61/108 [00:45<00:33,  1.42it/s] 57%|█████▋    | 62/108 [00:45<00:32,  1.42it/s] 58%|█████▊    | 63/108 [00:46<00:31,  1.42it/s] 59%|█████▉    | 64/108 [00:47<00:30,  1.42it/s] 60%|██████    | 65/108 [00:47<00:30,  1.42it/s] 61%|██████    | 66/108 [00:48<00:29,  1.42it/s] 62%|██████▏   | 67/108 [00:49<00:28,  1.42it/s] 63%|██████▎   | 68/108 [00:50<00:28,  1.42it/s] 64%|██████▍   | 69/108 [00:50<00:27,  1.42it/s] 65%|██████▍   | 70/108 [00:51<00:26,  1.42it/s] 66%|██████▌   | 71/108 [00:52<00:26,  1.42it/s] 67%|██████▋   | 72/108 [00:52<00:25,  1.42it/s] 68%|██████▊   | 73/108 [00:53<00:24,  1.42it/s] 69%|██████▊   | 74/108 [00:54<00:23,  1.42it/s] 69%|██████▉   | 75/108 [00:54<00:23,  1.42it/s] 70%|███████   | 76/108 [00:55<00:22,  1.42it/s] 71%|███████▏  | 77/108 [00:56<00:21,  1.42it/s] 72%|███████▏  | 78/108 [00:57<00:21,  1.42it/s] 73%|███████▎  | 79/108 [00:57<00:20,  1.42it/s] 74%|███████▍  | 80/108 [00:58<00:19,  1.42it/s] 75%|███████▌  | 81/108 [00:59<00:18,  1.42it/s] 76%|███████▌  | 82/108 [00:59<00:18,  1.42it/s] 77%|███████▋  | 83/108 [01:00<00:17,  1.42it/s] 78%|███████▊  | 84/108 [01:01<00:16,  1.42it/s] 79%|███████▊  | 85/108 [01:01<00:16,  1.42it/s] 80%|███████▉  | 86/108 [01:02<00:15,  1.42it/s] 81%|████████  | 87/108 [01:03<00:14,  1.42it/s] 81%|████████▏ | 88/108 [01:04<00:14,  1.42it/s] 82%|████████▏ | 89/108 [01:04<00:13,  1.42it/s] 83%|████████▎ | 90/108 [01:05<00:12,  1.42it/s] 84%|████████▍ | 91/108 [01:06<00:11,  1.42it/s] 85%|████████▌ | 92/108 [01:06<00:11,  1.42it/s] 86%|████████▌ | 93/108 [01:07<00:10,  1.42it/s] 87%|████████▋ | 94/108 [01:08<00:09,  1.42it/s] 88%|████████▊ | 95/108 [01:09<00:09,  1.43it/s] 89%|████████▉ | 96/108 [01:09<00:08,  1.42it/s] 90%|████████▉ | 97/108 [01:10<00:07,  1.42it/s] 91%|█████████ | 98/108 [01:11<00:07,  1.42it/s] 92%|█████████▏| 99/108 [01:11<00:06,  1.42it/s] 93%|█████████▎| 100/108 [01:12<00:05,  1.42it/s] 94%|█████████▎| 101/108 [01:13<00:04,  1.42it/s] 94%|█████████▍| 102/108 [01:13<00:04,  1.42it/s] 95%|█████████▌| 103/108 [01:14<00:03,  1.42it/s] 96%|█████████▋| 104/108 [01:15<00:02,  1.42it/s] 97%|█████████▋| 105/108 [01:16<00:02,  1.42it/s] 98%|█████████▊| 106/108 [01:16<00:01,  1.42it/s] 99%|█████████▉| 107/108 [01:17<00:00,  1.42it/s]100%|██████████| 108/108 [01:17<00:00,  1.69it/s]100%|██████████| 108/108 [01:17<00:00,  1.39it/s]
Epoch 103/200, Train Loss: 2.4713, Valid Loss: 2.4565
  0%|          | 0/108 [00:00<?, ?it/s]  1%|          | 1/108 [00:02<05:07,  2.88s/it]  2%|▏         | 2/108 [00:03<02:49,  1.60s/it]  3%|▎         | 3/108 [00:04<02:05,  1.19s/it]  4%|▎         | 4/108 [00:04<01:43,  1.00it/s]  5%|▍         | 5/108 [00:05<01:31,  1.12it/s]  6%|▌         | 6/108 [00:06<01:24,  1.20it/s]  6%|▋         | 7/108 [00:07<01:19,  1.27it/s]  7%|▋         | 8/108 [00:07<01:16,  1.31it/s]  8%|▊         | 9/108 [00:08<01:13,  1.35it/s]  9%|▉         | 10/108 [00:09<01:11,  1.37it/s] 10%|█         | 11/108 [00:09<01:10,  1.38it/s] 11%|█         | 12/108 [00:10<01:08,  1.40it/s] 12%|█▏        | 13/108 [00:11<01:07,  1.40it/s] 13%|█▎        | 14/108 [00:12<01:06,  1.41it/s] 14%|█▍        | 15/108 [00:12<01:05,  1.42it/s] 15%|█▍        | 16/108 [00:13<01:04,  1.42it/s] 16%|█▌        | 17/108 [00:14<01:04,  1.42it/s] 17%|█▋        | 18/108 [00:14<01:03,  1.42it/s] 18%|█▊        | 19/108 [00:15<01:02,  1.42it/s] 19%|█▊        | 20/108 [00:16<01:01,  1.43it/s] 19%|█▉        | 21/108 [00:16<01:01,  1.43it/s] 20%|██        | 22/108 [00:17<01:00,  1.43it/s] 21%|██▏       | 23/108 [00:18<00:59,  1.43it/s] 22%|██▏       | 24/108 [00:19<00:58,  1.43it/s] 23%|██▎       | 25/108 [00:19<00:58,  1.43it/s] 24%|██▍       | 26/108 [00:20<00:57,  1.42it/s] 25%|██▌       | 27/108 [00:21<00:57,  1.42it/s] 26%|██▌       | 28/108 [00:21<00:56,  1.42it/s] 27%|██▋       | 29/108 [00:22<00:55,  1.42it/s] 28%|██▊       | 30/108 [00:23<00:55,  1.41it/s] 29%|██▊       | 31/108 [00:23<00:54,  1.42it/s] 30%|██▉       | 32/108 [00:24<00:53,  1.42it/s] 31%|███       | 33/108 [00:25<00:52,  1.42it/s] 31%|███▏      | 34/108 [00:26<00:52,  1.42it/s] 32%|███▏      | 35/108 [00:26<00:51,  1.42it/s] 33%|███▎      | 36/108 [00:27<00:50,  1.42it/s] 34%|███▍      | 37/108 [00:28<00:49,  1.42it/s] 35%|███▌      | 38/108 [00:28<00:49,  1.42it/s] 36%|███▌      | 39/108 [00:29<00:48,  1.42it/s] 37%|███▋      | 40/108 [00:30<00:47,  1.42it/s] 38%|███▊      | 41/108 [00:31<00:47,  1.42it/s] 39%|███▉      | 42/108 [00:31<00:46,  1.42it/s] 40%|███▉      | 43/108 [00:32<00:45,  1.42it/s] 41%|████      | 44/108 [00:33<00:44,  1.42it/s] 42%|████▏     | 45/108 [00:33<00:44,  1.42it/s] 43%|████▎     | 46/108 [00:34<00:43,  1.42it/s] 44%|████▎     | 47/108 [00:35<00:42,  1.42it/s] 44%|████▍     | 48/108 [00:35<00:42,  1.42it/s] 45%|████▌     | 49/108 [00:36<00:41,  1.42it/s] 46%|████▋     | 50/108 [00:37<00:40,  1.42it/s] 47%|████▋     | 51/108 [00:38<00:40,  1.42it/s] 48%|████▊     | 52/108 [00:38<00:39,  1.42it/s] 49%|████▉     | 53/108 [00:39<00:38,  1.42it/s] 50%|█████     | 54/108 [00:40<00:38,  1.42it/s] 51%|█████     | 55/108 [00:40<00:37,  1.42it/s] 52%|█████▏    | 56/108 [00:41<00:36,  1.42it/s] 53%|█████▎    | 57/108 [00:42<00:35,  1.42it/s] 54%|█████▎    | 58/108 [00:42<00:35,  1.42it/s] 55%|█████▍    | 59/108 [00:43<00:34,  1.42it/s] 56%|█████▌    | 60/108 [00:44<00:33,  1.42it/s] 56%|█████▋    | 61/108 [00:45<00:33,  1.42it/s] 57%|█████▋    | 62/108 [00:45<00:32,  1.42it/s] 58%|█████▊    | 63/108 [00:46<00:31,  1.42it/s] 59%|█████▉    | 64/108 [00:47<00:30,  1.42it/s] 60%|██████    | 65/108 [00:47<00:30,  1.42it/s] 61%|██████    | 66/108 [00:48<00:29,  1.42it/s] 62%|██████▏   | 67/108 [00:49<00:28,  1.42it/s] 63%|██████▎   | 68/108 [00:50<00:28,  1.42it/s] 64%|██████▍   | 69/108 [00:50<00:27,  1.42it/s] 65%|██████▍   | 70/108 [00:51<00:26,  1.42it/s] 66%|██████▌   | 71/108 [00:52<00:26,  1.42it/s] 67%|██████▋   | 72/108 [00:52<00:25,  1.42it/s] 68%|██████▊   | 73/108 [00:53<00:24,  1.42it/s] 69%|██████▊   | 74/108 [00:54<00:23,  1.42it/s] 69%|██████▉   | 75/108 [00:54<00:23,  1.42it/s] 70%|███████   | 76/108 [00:55<00:22,  1.42it/s] 71%|███████▏  | 77/108 [00:56<00:21,  1.42it/s] 72%|███████▏  | 78/108 [00:57<00:21,  1.42it/s] 73%|███████▎  | 79/108 [00:57<00:20,  1.42it/s] 74%|███████▍  | 80/108 [00:58<00:19,  1.42it/s] 75%|███████▌  | 81/108 [00:59<00:19,  1.42it/s] 76%|███████▌  | 82/108 [00:59<00:18,  1.42it/s] 77%|███████▋  | 83/108 [01:00<00:17,  1.42it/s] 78%|███████▊  | 84/108 [01:01<00:16,  1.42it/s] 79%|███████▊  | 85/108 [01:01<00:16,  1.42it/s] 80%|███████▉  | 86/108 [01:02<00:15,  1.42it/s] 81%|████████  | 87/108 [01:03<00:14,  1.42it/s] 81%|████████▏ | 88/108 [01:04<00:14,  1.42it/s] 82%|████████▏ | 89/108 [01:04<00:13,  1.42it/s] 83%|████████▎ | 90/108 [01:05<00:12,  1.42it/s] 84%|████████▍ | 91/108 [01:06<00:11,  1.42it/s] 85%|████████▌ | 92/108 [01:06<00:11,  1.42it/s] 86%|████████▌ | 93/108 [01:07<00:10,  1.42it/s] 87%|████████▋ | 94/108 [01:08<00:09,  1.42it/s] 88%|████████▊ | 95/108 [01:09<00:09,  1.42it/s] 89%|████████▉ | 96/108 [01:09<00:08,  1.42it/s] 90%|████████▉ | 97/108 [01:10<00:07,  1.42it/s] 91%|█████████ | 98/108 [01:11<00:07,  1.42it/s] 92%|█████████▏| 99/108 [01:11<00:06,  1.42it/s] 93%|█████████▎| 100/108 [01:12<00:05,  1.42it/s] 94%|█████████▎| 101/108 [01:13<00:04,  1.42it/s] 94%|█████████▍| 102/108 [01:13<00:04,  1.42it/s] 95%|█████████▌| 103/108 [01:14<00:03,  1.42it/s] 96%|█████████▋| 104/108 [01:15<00:02,  1.42it/s] 97%|█████████▋| 105/108 [01:16<00:02,  1.42it/s] 98%|█████████▊| 106/108 [01:16<00:01,  1.42it/s] 99%|█████████▉| 107/108 [01:17<00:00,  1.42it/s]100%|██████████| 108/108 [01:17<00:00,  1.68it/s]100%|██████████| 108/108 [01:17<00:00,  1.39it/s]
Epoch 104/200, Train Loss: 2.4696, Valid Loss: 2.4534
  0%|          | 0/108 [00:00<?, ?it/s]  1%|          | 1/108 [00:03<05:21,  3.00s/it]  2%|▏         | 2/108 [00:03<02:54,  1.65s/it]  3%|▎         | 3/108 [00:04<02:08,  1.22s/it]  4%|▎         | 4/108 [00:05<01:46,  1.02s/it]  5%|▍         | 5/108 [00:05<01:33,  1.10it/s]  6%|▌         | 6/108 [00:06<01:25,  1.20it/s]  6%|▋         | 7/108 [00:07<01:20,  1.26it/s]  7%|▋         | 8/108 [00:07<01:16,  1.31it/s]  8%|▊         | 9/108 [00:08<01:13,  1.34it/s]  9%|▉         | 10/108 [00:09<01:11,  1.37it/s] 10%|█         | 11/108 [00:10<01:10,  1.38it/s] 11%|█         | 12/108 [00:10<01:08,  1.40it/s] 12%|█▏        | 13/108 [00:11<01:07,  1.40it/s] 13%|█▎        | 14/108 [00:12<01:06,  1.41it/s] 14%|█▍        | 15/108 [00:12<01:05,  1.41it/s] 15%|█▍        | 16/108 [00:13<01:04,  1.42it/s] 16%|█▌        | 17/108 [00:14<01:04,  1.42it/s] 17%|█▋        | 18/108 [00:14<01:03,  1.42it/s] 18%|█▊        | 19/108 [00:15<01:02,  1.42it/s] 19%|█▊        | 20/108 [00:16<01:01,  1.42it/s] 19%|█▉        | 21/108 [00:17<01:01,  1.42it/s] 20%|██        | 22/108 [00:17<01:00,  1.42it/s] 21%|██▏       | 23/108 [00:18<00:59,  1.42it/s] 22%|██▏       | 24/108 [00:19<00:59,  1.42it/s] 23%|██▎       | 25/108 [00:19<00:58,  1.42it/s] 24%|██▍       | 26/108 [00:20<00:57,  1.42it/s] 25%|██▌       | 27/108 [00:21<00:57,  1.42it/s] 26%|██▌       | 28/108 [00:22<00:56,  1.42it/s] 27%|██▋       | 29/108 [00:22<00:55,  1.42it/s] 28%|██▊       | 30/108 [00:23<00:55,  1.41it/s] 29%|██▊       | 31/108 [00:24<00:54,  1.42it/s] 30%|██▉       | 32/108 [00:24<00:53,  1.42it/s] 31%|███       | 33/108 [00:25<00:52,  1.42it/s] 31%|███▏      | 34/108 [00:26<00:52,  1.42it/s] 32%|███▏      | 35/108 [00:26<00:51,  1.42it/s] 33%|███▎      | 36/108 [00:27<00:50,  1.42it/s] 34%|███▍      | 37/108 [00:28<00:49,  1.42it/s] 35%|███▌      | 38/108 [00:29<00:49,  1.42it/s] 36%|███▌      | 39/108 [00:29<00:48,  1.42it/s] 37%|███▋      | 40/108 [00:30<00:47,  1.42it/s] 38%|███▊      | 41/108 [00:31<00:47,  1.42it/s] 39%|███▉      | 42/108 [00:31<00:46,  1.42it/s] 40%|███▉      | 43/108 [00:32<00:45,  1.42it/s] 41%|████      | 44/108 [00:33<00:45,  1.42it/s] 42%|████▏     | 45/108 [00:33<00:44,  1.42it/s] 43%|████▎     | 46/108 [00:34<00:43,  1.42it/s] 44%|████▎     | 47/108 [00:35<00:42,  1.42it/s] 44%|████▍     | 48/108 [00:36<00:42,  1.42it/s] 45%|████▌     | 49/108 [00:36<00:41,  1.42it/s] 46%|████▋     | 50/108 [00:37<00:40,  1.42it/s] 47%|████▋     | 51/108 [00:38<00:40,  1.42it/s] 48%|████▊     | 52/108 [00:38<00:39,  1.42it/s] 49%|████▉     | 53/108 [00:39<00:38,  1.42it/s] 50%|█████     | 54/108 [00:40<00:38,  1.42it/s] 51%|█████     | 55/108 [00:41<00:37,  1.42it/s] 52%|█████▏    | 56/108 [00:41<00:36,  1.41it/s] 53%|█████▎    | 57/108 [00:42<00:36,  1.42it/s] 54%|█████▎    | 58/108 [00:43<00:35,  1.42it/s] 55%|█████▍    | 59/108 [00:43<00:34,  1.42it/s] 56%|█████▌    | 60/108 [00:44<00:33,  1.41it/s] 56%|█████▋    | 61/108 [00:45<00:33,  1.42it/s] 57%|█████▋    | 62/108 [00:45<00:32,  1.42it/s] 58%|█████▊    | 63/108 [00:46<00:31,  1.42it/s] 59%|█████▉    | 64/108 [00:47<00:31,  1.42it/s] 60%|██████    | 65/108 [00:48<00:30,  1.42it/s] 61%|██████    | 66/108 [00:48<00:29,  1.42it/s] 62%|██████▏   | 67/108 [00:49<00:28,  1.42it/s] 63%|██████▎   | 68/108 [00:50<00:28,  1.42it/s] 64%|██████▍   | 69/108 [00:50<00:27,  1.42it/s] 65%|██████▍   | 70/108 [00:51<00:26,  1.42it/s] 66%|██████▌   | 71/108 [00:52<00:26,  1.42it/s] 67%|██████▋   | 72/108 [00:53<00:25,  1.42it/s] 68%|██████▊   | 73/108 [00:53<00:24,  1.42it/s] 69%|██████▊   | 74/108 [00:54<00:24,  1.42it/s] 69%|██████▉   | 75/108 [00:55<00:23,  1.42it/s] 70%|███████   | 76/108 [00:55<00:22,  1.42it/s] 71%|███████▏  | 77/108 [00:56<00:21,  1.41it/s] 72%|███████▏  | 78/108 [00:57<00:21,  1.41it/s] 73%|███████▎  | 79/108 [00:57<00:20,  1.41it/s] 74%|███████▍  | 80/108 [00:58<00:19,  1.41it/s] 75%|███████▌  | 81/108 [00:59<00:19,  1.42it/s] 76%|███████▌  | 82/108 [01:00<00:18,  1.42it/s] 77%|███████▋  | 83/108 [01:00<00:17,  1.41it/s] 78%|███████▊  | 84/108 [01:01<00:16,  1.42it/s] 79%|███████▊  | 85/108 [01:02<00:16,  1.42it/s] 80%|███████▉  | 86/108 [01:02<00:15,  1.42it/s] 81%|████████  | 87/108 [01:03<00:14,  1.42it/s] 81%|████████▏ | 88/108 [01:04<00:14,  1.42it/s] 82%|████████▏ | 89/108 [01:05<00:13,  1.42it/s] 83%|████████▎ | 90/108 [01:05<00:12,  1.42it/s] 84%|████████▍ | 91/108 [01:06<00:11,  1.42it/s] 85%|████████▌ | 92/108 [01:07<00:11,  1.42it/s] 86%|████████▌ | 93/108 [01:07<00:10,  1.42it/s] 87%|████████▋ | 94/108 [01:08<00:09,  1.42it/s] 88%|████████▊ | 95/108 [01:09<00:09,  1.42it/s] 89%|████████▉ | 96/108 [01:09<00:08,  1.42it/s] 90%|████████▉ | 97/108 [01:10<00:07,  1.42it/s] 91%|█████████ | 98/108 [01:11<00:07,  1.42it/s] 92%|█████████▏| 99/108 [01:12<00:06,  1.42it/s] 93%|█████████▎| 100/108 [01:12<00:05,  1.42it/s] 94%|█████████▎| 101/108 [01:13<00:04,  1.42it/s] 94%|█████████▍| 102/108 [01:14<00:04,  1.42it/s] 95%|█████████▌| 103/108 [01:14<00:03,  1.42it/s] 96%|█████████▋| 104/108 [01:15<00:02,  1.42it/s] 97%|█████████▋| 105/108 [01:16<00:02,  1.42it/s] 98%|█████████▊| 106/108 [01:17<00:01,  1.42it/s] 99%|█████████▉| 107/108 [01:17<00:00,  1.42it/s]100%|██████████| 108/108 [01:18<00:00,  1.68it/s]100%|██████████| 108/108 [01:18<00:00,  1.38it/s]
Epoch 105/200, Train Loss: 2.4653, Valid Loss: 2.5030
  0%|          | 0/108 [00:00<?, ?it/s]  1%|          | 1/108 [00:03<05:50,  3.27s/it]  2%|▏         | 2/108 [00:04<03:08,  1.78s/it]  3%|▎         | 3/108 [00:04<02:14,  1.29s/it]  4%|▎         | 4/108 [00:05<01:49,  1.06s/it]  5%|▍         | 5/108 [00:06<01:35,  1.08it/s]  6%|▌         | 6/108 [00:06<01:26,  1.17it/s]  6%|▋         | 7/108 [00:07<01:21,  1.25it/s]  7%|▋         | 8/108 [00:08<01:17,  1.30it/s]  8%|▊         | 9/108 [00:08<01:14,  1.33it/s]  9%|▉         | 10/108 [00:09<01:11,  1.36it/s] 10%|█         | 11/108 [00:10<01:10,  1.38it/s] 11%|█         | 12/108 [00:11<01:08,  1.39it/s] 12%|█▏        | 13/108 [00:11<01:07,  1.40it/s] 13%|█▎        | 14/108 [00:12<01:06,  1.41it/s] 14%|█▍        | 15/108 [00:13<01:05,  1.41it/s] 15%|█▍        | 16/108 [00:13<01:04,  1.42it/s] 16%|█▌        | 17/108 [00:14<01:04,  1.42it/s] 17%|█▋        | 18/108 [00:15<01:03,  1.42it/s] 18%|█▊        | 19/108 [00:15<01:02,  1.42it/s] 19%|█▊        | 20/108 [00:16<01:01,  1.42it/s] 19%|█▉        | 21/108 [00:17<01:01,  1.42it/s] 20%|██        | 22/108 [00:18<01:00,  1.42it/s] 21%|██▏       | 23/108 [00:18<00:59,  1.42it/s] 22%|██▏       | 24/108 [00:19<00:59,  1.42it/s] 23%|██▎       | 25/108 [00:20<00:58,  1.41it/s] 24%|██▍       | 26/108 [00:20<00:58,  1.41it/s] 25%|██▌       | 27/108 [00:21<00:57,  1.42it/s] 26%|██▌       | 28/108 [00:22<00:56,  1.42it/s] 27%|██▋       | 29/108 [00:23<00:55,  1.42it/s] 28%|██▊       | 30/108 [00:23<00:54,  1.42it/s] 29%|██▊       | 31/108 [00:24<00:54,  1.42it/s] 30%|██▉       | 32/108 [00:25<00:53,  1.42it/s] 31%|███       | 33/108 [00:25<00:52,  1.42it/s] 31%|███▏      | 34/108 [00:26<00:52,  1.42it/s] 32%|███▏      | 35/108 [00:27<00:51,  1.42it/s] 33%|███▎      | 36/108 [00:27<00:50,  1.42it/s] 34%|███▍      | 37/108 [00:28<00:49,  1.42it/s] 35%|███▌      | 38/108 [00:29<00:49,  1.42it/s] 36%|███▌      | 39/108 [00:30<00:48,  1.42it/s] 37%|███▋      | 40/108 [00:30<00:47,  1.42it/s] 38%|███▊      | 41/108 [00:31<00:47,  1.42it/s] 39%|███▉      | 42/108 [00:32<00:46,  1.42it/s] 40%|███▉      | 43/108 [00:32<00:45,  1.42it/s] 41%|████      | 44/108 [00:33<00:45,  1.42it/s] 42%|████▏     | 45/108 [00:34<00:44,  1.42it/s] 43%|████▎     | 46/108 [00:34<00:43,  1.42it/s] 44%|████▎     | 47/108 [00:35<00:42,  1.42it/s] 44%|████▍     | 48/108 [00:36<00:42,  1.42it/s] 45%|████▌     | 49/108 [00:37<00:41,  1.42it/s] 46%|████▋     | 50/108 [00:37<00:40,  1.42it/s] 47%|████▋     | 51/108 [00:38<00:40,  1.42it/s] 48%|████▊     | 52/108 [00:39<00:39,  1.42it/s] 49%|████▉     | 53/108 [00:39<00:38,  1.42it/s] 50%|█████     | 54/108 [00:40<00:37,  1.42it/s] 51%|█████     | 55/108 [00:41<00:37,  1.42it/s] 52%|█████▏    | 56/108 [00:41<00:36,  1.42it/s] 53%|█████▎    | 57/108 [00:42<00:35,  1.42it/s] 54%|█████▎    | 58/108 [00:43<00:35,  1.42it/s] 55%|█████▍    | 59/108 [00:44<00:34,  1.42it/s] 56%|█████▌    | 60/108 [00:44<00:33,  1.41it/s] 56%|█████▋    | 61/108 [00:45<00:33,  1.42it/s] 57%|█████▋    | 62/108 [00:46<00:32,  1.42it/s] 58%|█████▊    | 63/108 [00:46<00:31,  1.42it/s] 59%|█████▉    | 64/108 [00:47<00:31,  1.42it/s] 60%|██████    | 65/108 [00:48<00:30,  1.42it/s] 61%|██████    | 66/108 [00:49<00:29,  1.42it/s] 62%|██████▏   | 67/108 [00:49<00:28,  1.42it/s] 63%|██████▎   | 68/108 [00:50<00:28,  1.42it/s] 64%|██████▍   | 69/108 [00:51<00:27,  1.42it/s] 65%|██████▍   | 70/108 [00:51<00:26,  1.42it/s] 66%|██████▌   | 71/108 [00:52<00:26,  1.42it/s] 67%|██████▋   | 72/108 [00:53<00:25,  1.42it/s] 68%|██████▊   | 73/108 [00:53<00:24,  1.42it/s] 69%|██████▊   | 74/108 [00:54<00:23,  1.42it/s] 69%|██████▉   | 75/108 [00:55<00:23,  1.42it/s] 70%|███████   | 76/108 [00:56<00:22,  1.42it/s] 71%|███████▏  | 77/108 [00:56<00:21,  1.42it/s] 72%|███████▏  | 78/108 [00:57<00:21,  1.42it/s] 73%|███████▎  | 79/108 [00:58<00:20,  1.42it/s] 74%|███████▍  | 80/108 [00:58<00:19,  1.42it/s] 75%|███████▌  | 81/108 [00:59<00:19,  1.42it/s] 76%|███████▌  | 82/108 [01:00<00:18,  1.42it/s] 77%|███████▋  | 83/108 [01:01<00:17,  1.42it/s] 78%|███████▊  | 84/108 [01:01<00:16,  1.42it/s] 79%|███████▊  | 85/108 [01:02<00:16,  1.42it/s] 80%|███████▉  | 86/108 [01:03<00:15,  1.42it/s] 81%|████████  | 87/108 [01:03<00:14,  1.42it/s] 81%|████████▏ | 88/108 [01:04<00:14,  1.42it/s] 82%|████████▏ | 89/108 [01:05<00:13,  1.42it/s] 83%|████████▎ | 90/108 [01:05<00:12,  1.42it/s] 84%|████████▍ | 91/108 [01:06<00:11,  1.42it/s] 85%|████████▌ | 92/108 [01:07<00:11,  1.42it/s] 86%|████████▌ | 93/108 [01:08<00:10,  1.42it/s] 87%|████████▋ | 94/108 [01:08<00:09,  1.42it/s] 88%|████████▊ | 95/108 [01:09<00:09,  1.42it/s] 89%|████████▉ | 96/108 [01:10<00:08,  1.42it/s] 90%|████████▉ | 97/108 [01:10<00:07,  1.42it/s] 91%|█████████ | 98/108 [01:11<00:07,  1.42it/s] 92%|█████████▏| 99/108 [01:12<00:06,  1.42it/s] 93%|█████████▎| 100/108 [01:13<00:05,  1.42it/s] 94%|█████████▎| 101/108 [01:13<00:04,  1.42it/s] 94%|█████████▍| 102/108 [01:14<00:04,  1.42it/s] 95%|█████████▌| 103/108 [01:15<00:03,  1.42it/s] 96%|█████████▋| 104/108 [01:15<00:02,  1.42it/s] 97%|█████████▋| 105/108 [01:16<00:02,  1.42it/s] 98%|█████████▊| 106/108 [01:17<00:01,  1.42it/s] 99%|█████████▉| 107/108 [01:17<00:00,  1.42it/s]100%|██████████| 108/108 [01:18<00:00,  1.68it/s]100%|██████████| 108/108 [01:18<00:00,  1.38it/s]
Epoch 106/200, Train Loss: 2.4752, Valid Loss: 2.4336, save best model!
  0%|          | 0/108 [00:00<?, ?it/s]  1%|          | 1/108 [00:02<05:17,  2.97s/it]  2%|▏         | 2/108 [00:03<02:57,  1.68s/it]  3%|▎         | 3/108 [00:04<02:09,  1.23s/it]  4%|▎         | 4/108 [00:05<01:46,  1.02s/it]  5%|▍         | 5/108 [00:05<01:33,  1.10it/s]  6%|▌         | 6/108 [00:06<01:25,  1.19it/s]  6%|▋         | 7/108 [00:07<01:20,  1.26it/s]  7%|▋         | 8/108 [00:07<01:16,  1.31it/s]  8%|▊         | 9/108 [00:08<01:13,  1.34it/s]  9%|▉         | 10/108 [00:09<01:11,  1.37it/s] 10%|█         | 11/108 [00:10<01:10,  1.38it/s] 11%|█         | 12/108 [00:10<01:08,  1.39it/s] 12%|█▏        | 13/108 [00:11<01:07,  1.40it/s] 13%|█▎        | 14/108 [00:12<01:06,  1.41it/s] 14%|█▍        | 15/108 [00:12<01:05,  1.41it/s] 15%|█▍        | 16/108 [00:13<01:04,  1.42it/s] 16%|█▌        | 17/108 [00:14<01:04,  1.42it/s] 17%|█▋        | 18/108 [00:14<01:03,  1.42it/s] 18%|█▊        | 19/108 [00:15<01:02,  1.42it/s] 19%|█▊        | 20/108 [00:16<01:01,  1.42it/s] 19%|█▉        | 21/108 [00:17<01:01,  1.42it/s] 20%|██        | 22/108 [00:17<01:00,  1.42it/s] 21%|██▏       | 23/108 [00:18<00:59,  1.42it/s] 22%|██▏       | 24/108 [00:19<00:59,  1.42it/s] 23%|██▎       | 25/108 [00:19<00:59,  1.41it/s] 24%|██▍       | 26/108 [00:20<00:58,  1.40it/s] 25%|██▌       | 27/108 [00:21<00:57,  1.41it/s] 26%|██▌       | 28/108 [00:22<00:56,  1.41it/s] 27%|██▋       | 29/108 [00:22<00:55,  1.42it/s] 28%|██▊       | 30/108 [00:23<00:54,  1.42it/s] 29%|██▊       | 31/108 [00:24<00:54,  1.42it/s] 30%|██▉       | 32/108 [00:24<00:53,  1.42it/s] 31%|███       | 33/108 [00:25<00:52,  1.42it/s] 31%|███▏      | 34/108 [00:26<00:52,  1.42it/s] 32%|███▏      | 35/108 [00:26<00:51,  1.42it/s] 33%|███▎      | 36/108 [00:27<00:50,  1.42it/s] 34%|███▍      | 37/108 [00:28<00:49,  1.42it/s] 35%|███▌      | 38/108 [00:29<00:49,  1.42it/s] 36%|███▌      | 39/108 [00:29<00:48,  1.42it/s] 37%|███▋      | 40/108 [00:30<00:47,  1.42it/s] 38%|███▊      | 41/108 [00:31<00:47,  1.42it/s] 39%|███▉      | 42/108 [00:31<00:46,  1.42it/s] 40%|███▉      | 43/108 [00:32<00:45,  1.42it/s] 41%|████      | 44/108 [00:33<00:45,  1.42it/s] 42%|████▏     | 45/108 [00:34<00:44,  1.42it/s] 43%|████▎     | 46/108 [00:34<00:43,  1.42it/s] 44%|████▎     | 47/108 [00:35<00:42,  1.42it/s] 44%|████▍     | 48/108 [00:36<00:42,  1.42it/s] 45%|████▌     | 49/108 [00:36<00:41,  1.42it/s] 46%|████▋     | 50/108 [00:37<00:41,  1.41it/s] 47%|████▋     | 51/108 [00:38<00:40,  1.42it/s] 48%|████▊     | 52/108 [00:38<00:39,  1.42it/s] 49%|████▉     | 53/108 [00:39<00:38,  1.42it/s] 50%|█████     | 54/108 [00:40<00:38,  1.42it/s] 51%|█████     | 55/108 [00:41<00:37,  1.42it/s] 52%|█████▏    | 56/108 [00:41<00:36,  1.42it/s] 53%|█████▎    | 57/108 [00:42<00:36,  1.41it/s] 54%|█████▎    | 58/108 [00:43<00:35,  1.42it/s] 55%|█████▍    | 59/108 [00:43<00:34,  1.42it/s] 56%|█████▌    | 60/108 [00:44<00:33,  1.41it/s] 56%|█████▋    | 61/108 [00:45<00:33,  1.41it/s] 57%|█████▋    | 62/108 [00:46<00:32,  1.41it/s] 58%|█████▊    | 63/108 [00:46<00:31,  1.41it/s] 59%|█████▉    | 64/108 [00:47<00:31,  1.42it/s] 60%|██████    | 65/108 [00:48<00:30,  1.42it/s] 61%|██████    | 66/108 [00:48<00:29,  1.42it/s] 62%|██████▏   | 67/108 [00:49<00:28,  1.42it/s] 63%|██████▎   | 68/108 [00:50<00:28,  1.42it/s] 64%|██████▍   | 69/108 [00:50<00:27,  1.42it/s] 65%|██████▍   | 70/108 [00:51<00:26,  1.42it/s] 66%|██████▌   | 71/108 [00:52<00:26,  1.42it/s] 67%|██████▋   | 72/108 [00:53<00:25,  1.42it/s] 68%|██████▊   | 73/108 [00:53<00:24,  1.42it/s] 69%|██████▊   | 74/108 [00:54<00:23,  1.42it/s] 69%|██████▉   | 75/108 [00:55<00:23,  1.42it/s] 70%|███████   | 76/108 [00:55<00:22,  1.42it/s] 71%|███████▏  | 77/108 [00:56<00:21,  1.42it/s] 72%|███████▏  | 78/108 [00:57<00:21,  1.42it/s] 73%|███████▎  | 79/108 [00:58<00:20,  1.42it/s] 74%|███████▍  | 80/108 [00:58<00:19,  1.42it/s] 75%|███████▌  | 81/108 [00:59<00:19,  1.42it/s] 76%|███████▌  | 82/108 [01:00<00:18,  1.42it/s] 77%|███████▋  | 83/108 [01:00<00:17,  1.42it/s] 78%|███████▊  | 84/108 [01:01<00:16,  1.42it/s] 79%|███████▊  | 85/108 [01:02<00:16,  1.42it/s] 80%|███████▉  | 86/108 [01:02<00:15,  1.42it/s] 81%|████████  | 87/108 [01:03<00:14,  1.42it/s] 81%|████████▏ | 88/108 [01:04<00:14,  1.42it/s] 82%|████████▏ | 89/108 [01:05<00:13,  1.42it/s] 83%|████████▎ | 90/108 [01:05<00:12,  1.42it/s] 84%|████████▍ | 91/108 [01:06<00:11,  1.42it/s] 85%|████████▌ | 92/108 [01:07<00:11,  1.42it/s] 86%|████████▌ | 93/108 [01:07<00:10,  1.42it/s] 87%|████████▋ | 94/108 [01:08<00:09,  1.42it/s] 88%|████████▊ | 95/108 [01:09<00:09,  1.42it/s] 89%|████████▉ | 96/108 [01:09<00:08,  1.42it/s] 90%|████████▉ | 97/108 [01:10<00:07,  1.42it/s] 91%|█████████ | 98/108 [01:11<00:07,  1.42it/s] 92%|█████████▏| 99/108 [01:12<00:06,  1.42it/s] 93%|█████████▎| 100/108 [01:12<00:05,  1.42it/s] 94%|█████████▎| 101/108 [01:13<00:04,  1.42it/s] 94%|█████████▍| 102/108 [01:14<00:04,  1.42it/s] 95%|█████████▌| 103/108 [01:14<00:03,  1.42it/s] 96%|█████████▋| 104/108 [01:15<00:02,  1.42it/s] 97%|█████████▋| 105/108 [01:16<00:02,  1.42it/s] 98%|█████████▊| 106/108 [01:17<00:01,  1.42it/s] 99%|█████████▉| 107/108 [01:17<00:00,  1.42it/s]100%|██████████| 108/108 [01:18<00:00,  1.68it/s]100%|██████████| 108/108 [01:18<00:00,  1.38it/s]
Epoch 107/200, Train Loss: 2.4699, Valid Loss: 2.4383
  0%|          | 0/108 [00:00<?, ?it/s]  1%|          | 1/108 [00:02<05:04,  2.84s/it]  2%|▏         | 2/108 [00:03<02:47,  1.58s/it]  3%|▎         | 3/108 [00:04<02:03,  1.18s/it]  4%|▎         | 4/108 [00:04<01:43,  1.01it/s]  5%|▍         | 5/108 [00:05<01:31,  1.12it/s]  6%|▌         | 6/108 [00:06<01:24,  1.21it/s]  6%|▋         | 7/108 [00:07<01:19,  1.27it/s]  7%|▋         | 8/108 [00:07<01:15,  1.32it/s]  8%|▊         | 9/108 [00:08<01:13,  1.35it/s]  9%|▉         | 10/108 [00:09<01:11,  1.37it/s] 10%|█         | 11/108 [00:09<01:09,  1.39it/s] 11%|█         | 12/108 [00:10<01:08,  1.40it/s] 12%|█▏        | 13/108 [00:11<01:07,  1.41it/s] 13%|█▎        | 14/108 [00:11<01:06,  1.41it/s] 14%|█▍        | 15/108 [00:12<01:05,  1.42it/s] 15%|█▍        | 16/108 [00:13<01:04,  1.42it/s] 16%|█▌        | 17/108 [00:14<01:04,  1.42it/s] 17%|█▋        | 18/108 [00:14<01:03,  1.42it/s] 18%|█▊        | 19/108 [00:15<01:02,  1.42it/s] 19%|█▊        | 20/108 [00:16<01:01,  1.42it/s] 19%|█▉        | 21/108 [00:16<01:01,  1.42it/s] 20%|██        | 22/108 [00:17<01:00,  1.43it/s] 21%|██▏       | 23/108 [00:18<00:59,  1.42it/s] 22%|██▏       | 24/108 [00:18<00:58,  1.43it/s] 23%|██▎       | 25/108 [00:19<00:58,  1.42it/s] 24%|██▍       | 26/108 [00:20<00:57,  1.42it/s] 25%|██▌       | 27/108 [00:21<00:56,  1.42it/s] 26%|██▌       | 28/108 [00:21<00:56,  1.42it/s] 27%|██▋       | 29/108 [00:22<00:55,  1.41it/s] 28%|██▊       | 30/108 [00:23<00:55,  1.42it/s] 29%|██▊       | 31/108 [00:23<00:54,  1.42it/s] 30%|██▉       | 32/108 [00:24<00:53,  1.42it/s] 31%|███       | 33/108 [00:25<00:52,  1.42it/s] 31%|███▏      | 34/108 [00:26<00:51,  1.42it/s] 32%|███▏      | 35/108 [00:26<00:51,  1.42it/s] 33%|███▎      | 36/108 [00:27<00:50,  1.42it/s] 34%|███▍      | 37/108 [00:28<00:49,  1.42it/s] 35%|███▌      | 38/108 [00:28<00:49,  1.42it/s] 36%|███▌      | 39/108 [00:29<00:48,  1.42it/s] 37%|███▋      | 40/108 [00:30<00:47,  1.43it/s] 38%|███▊      | 41/108 [00:30<00:47,  1.43it/s] 39%|███▉      | 42/108 [00:31<00:46,  1.42it/s] 40%|███▉      | 43/108 [00:32<00:45,  1.42it/s] 41%|████      | 44/108 [00:33<00:44,  1.42it/s] 42%|████▏     | 45/108 [00:33<00:44,  1.42it/s] 43%|████▎     | 46/108 [00:34<00:43,  1.42it/s] 44%|████▎     | 47/108 [00:35<00:42,  1.42it/s] 44%|████▍     | 48/108 [00:35<00:42,  1.42it/s] 45%|████▌     | 49/108 [00:36<00:41,  1.42it/s] 46%|████▋     | 50/108 [00:37<00:40,  1.42it/s] 47%|████▋     | 51/108 [00:37<00:40,  1.42it/s] 48%|████▊     | 52/108 [00:38<00:39,  1.42it/s] 49%|████▉     | 53/108 [00:39<00:38,  1.42it/s] 50%|█████     | 54/108 [00:40<00:37,  1.42it/s] 51%|█████     | 55/108 [00:40<00:37,  1.42it/s] 52%|█████▏    | 56/108 [00:41<00:36,  1.42it/s] 53%|█████▎    | 57/108 [00:42<00:35,  1.42it/s] 54%|█████▎    | 58/108 [00:42<00:35,  1.42it/s] 55%|█████▍    | 59/108 [00:43<00:34,  1.42it/s] 56%|█████▌    | 60/108 [00:44<00:33,  1.42it/s] 56%|█████▋    | 61/108 [00:45<00:33,  1.42it/s] 57%|█████▋    | 62/108 [00:45<00:32,  1.42it/s] 58%|█████▊    | 63/108 [00:46<00:31,  1.42it/s] 59%|█████▉    | 64/108 [00:47<00:30,  1.42it/s] 60%|██████    | 65/108 [00:47<00:30,  1.42it/s] 61%|██████    | 66/108 [00:48<00:29,  1.42it/s] 62%|██████▏   | 67/108 [00:49<00:28,  1.42it/s] 63%|██████▎   | 68/108 [00:49<00:28,  1.42it/s] 64%|██████▍   | 69/108 [00:50<00:27,  1.42it/s] 65%|██████▍   | 70/108 [00:51<00:26,  1.42it/s] 66%|██████▌   | 71/108 [00:52<00:26,  1.42it/s] 67%|██████▋   | 72/108 [00:52<00:25,  1.42it/s] 68%|██████▊   | 73/108 [00:53<00:24,  1.42it/s] 69%|██████▊   | 74/108 [00:54<00:23,  1.42it/s] 69%|██████▉   | 75/108 [00:54<00:23,  1.42it/s] 70%|███████   | 76/108 [00:55<00:22,  1.42it/s] 71%|███████▏  | 77/108 [00:56<00:21,  1.42it/s] 72%|███████▏  | 78/108 [00:56<00:21,  1.42it/s] 73%|███████▎  | 79/108 [00:57<00:20,  1.42it/s] 74%|███████▍  | 80/108 [00:58<00:19,  1.42it/s] 75%|███████▌  | 81/108 [00:59<00:19,  1.42it/s] 76%|███████▌  | 82/108 [00:59<00:18,  1.42it/s] 77%|███████▋  | 83/108 [01:00<00:17,  1.42it/s] 78%|███████▊  | 84/108 [01:01<00:16,  1.42it/s] 79%|███████▊  | 85/108 [01:01<00:16,  1.42it/s] 80%|███████▉  | 86/108 [01:02<00:15,  1.42it/s] 81%|████████  | 87/108 [01:03<00:14,  1.42it/s] 81%|████████▏ | 88/108 [01:04<00:14,  1.42it/s] 82%|████████▏ | 89/108 [01:04<00:13,  1.42it/s] 83%|████████▎ | 90/108 [01:05<00:12,  1.42it/s] 84%|████████▍ | 91/108 [01:06<00:11,  1.42it/s] 85%|████████▌ | 92/108 [01:06<00:11,  1.42it/s] 86%|████████▌ | 93/108 [01:07<00:10,  1.42it/s] 87%|████████▋ | 94/108 [01:08<00:09,  1.42it/s] 88%|████████▊ | 95/108 [01:08<00:09,  1.42it/s] 89%|████████▉ | 96/108 [01:09<00:08,  1.42it/s] 90%|████████▉ | 97/108 [01:10<00:07,  1.42it/s] 91%|█████████ | 98/108 [01:11<00:07,  1.42it/s] 92%|█████████▏| 99/108 [01:11<00:06,  1.42it/s] 93%|█████████▎| 100/108 [01:12<00:05,  1.42it/s] 94%|█████████▎| 101/108 [01:13<00:04,  1.42it/s] 94%|█████████▍| 102/108 [01:13<00:04,  1.42it/s] 95%|█████████▌| 103/108 [01:14<00:03,  1.42it/s] 96%|█████████▋| 104/108 [01:15<00:02,  1.42it/s] 97%|█████████▋| 105/108 [01:15<00:02,  1.42it/s] 98%|█████████▊| 106/108 [01:16<00:01,  1.42it/s] 99%|█████████▉| 107/108 [01:17<00:00,  1.42it/s]100%|██████████| 108/108 [01:17<00:00,  1.68it/s]100%|██████████| 108/108 [01:17<00:00,  1.39it/s]
Epoch 108/200, Train Loss: 2.4677, Valid Loss: 2.4628
  0%|          | 0/108 [00:00<?, ?it/s]  1%|          | 1/108 [00:02<05:17,  2.96s/it]  2%|▏         | 2/108 [00:03<02:53,  1.64s/it]  3%|▎         | 3/108 [00:04<02:07,  1.21s/it]  4%|▎         | 4/108 [00:05<01:45,  1.01s/it]  5%|▍         | 5/108 [00:05<01:32,  1.11it/s]  6%|▌         | 6/108 [00:06<01:24,  1.20it/s]  6%|▋         | 7/108 [00:07<01:20,  1.26it/s]  7%|▋         | 8/108 [00:07<01:16,  1.31it/s]  8%|▊         | 9/108 [00:08<01:13,  1.34it/s]  9%|▉         | 10/108 [00:09<01:11,  1.37it/s] 10%|█         | 11/108 [00:10<01:10,  1.39it/s] 11%|█         | 12/108 [00:10<01:08,  1.40it/s] 12%|█▏        | 13/108 [00:11<01:07,  1.41it/s] 13%|█▎        | 14/108 [00:12<01:06,  1.41it/s] 14%|█▍        | 15/108 [00:12<01:05,  1.42it/s] 15%|█▍        | 16/108 [00:13<01:04,  1.42it/s] 16%|█▌        | 17/108 [00:14<01:04,  1.42it/s] 17%|█▋        | 18/108 [00:14<01:03,  1.42it/s] 18%|█▊        | 19/108 [00:15<01:02,  1.42it/s] 19%|█▊        | 20/108 [00:16<01:01,  1.42it/s] 19%|█▉        | 21/108 [00:17<01:01,  1.42it/s] 20%|██        | 22/108 [00:17<01:00,  1.42it/s] 21%|██▏       | 23/108 [00:18<00:59,  1.42it/s] 22%|██▏       | 24/108 [00:19<00:58,  1.42it/s] 23%|██▎       | 25/108 [00:19<00:58,  1.42it/s] 24%|██▍       | 26/108 [00:20<00:57,  1.42it/s] 25%|██▌       | 27/108 [00:21<00:57,  1.42it/s] 26%|██▌       | 28/108 [00:21<00:56,  1.42it/s] 27%|██▋       | 29/108 [00:22<00:55,  1.42it/s] 28%|██▊       | 30/108 [00:23<00:54,  1.42it/s] 29%|██▊       | 31/108 [00:24<00:54,  1.41it/s] 30%|██▉       | 32/108 [00:24<00:53,  1.42it/s] 31%|███       | 33/108 [00:25<00:52,  1.42it/s] 31%|███▏      | 34/108 [00:26<00:52,  1.42it/s] 32%|███▏      | 35/108 [00:26<00:51,  1.42it/s] 33%|███▎      | 36/108 [00:27<00:50,  1.42it/s] 34%|███▍      | 37/108 [00:28<00:49,  1.42it/s] 35%|███▌      | 38/108 [00:28<00:49,  1.42it/s] 36%|███▌      | 39/108 [00:29<00:48,  1.42it/s] 37%|███▋      | 40/108 [00:30<00:47,  1.42it/s] 38%|███▊      | 41/108 [00:31<00:47,  1.42it/s] 39%|███▉      | 42/108 [00:31<00:46,  1.42it/s] 40%|███▉      | 43/108 [00:32<00:45,  1.42it/s] 41%|████      | 44/108 [00:33<00:45,  1.42it/s] 42%|████▏     | 45/108 [00:33<00:44,  1.42it/s] 43%|████▎     | 46/108 [00:34<00:43,  1.42it/s] 44%|████▎     | 47/108 [00:35<00:42,  1.42it/s] 44%|████▍     | 48/108 [00:36<00:42,  1.42it/s] 45%|████▌     | 49/108 [00:36<00:41,  1.42it/s] 46%|████▋     | 50/108 [00:37<00:40,  1.42it/s] 47%|████▋     | 51/108 [00:38<00:40,  1.42it/s] 48%|████▊     | 52/108 [00:38<00:39,  1.42it/s] 49%|████▉     | 53/108 [00:39<00:38,  1.42it/s] 50%|█████     | 54/108 [00:40<00:38,  1.42it/s] 51%|█████     | 55/108 [00:40<00:37,  1.42it/s] 52%|█████▏    | 56/108 [00:41<00:36,  1.42it/s] 53%|█████▎    | 57/108 [00:42<00:35,  1.42it/s] 54%|█████▎    | 58/108 [00:43<00:35,  1.42it/s] 55%|█████▍    | 59/108 [00:43<00:34,  1.42it/s] 56%|█████▌    | 60/108 [00:44<00:33,  1.42it/s] 56%|█████▋    | 61/108 [00:45<00:33,  1.42it/s] 57%|█████▋    | 62/108 [00:45<00:32,  1.42it/s] 58%|█████▊    | 63/108 [00:46<00:31,  1.42it/s] 59%|█████▉    | 64/108 [00:47<00:30,  1.42it/s] 60%|██████    | 65/108 [00:47<00:30,  1.42it/s] 61%|██████    | 66/108 [00:48<00:29,  1.42it/s] 62%|██████▏   | 67/108 [00:49<00:28,  1.42it/s] 63%|██████▎   | 68/108 [00:50<00:28,  1.42it/s] 64%|██████▍   | 69/108 [00:50<00:27,  1.42it/s] 65%|██████▍   | 70/108 [00:51<00:26,  1.42it/s] 66%|██████▌   | 71/108 [00:52<00:26,  1.42it/s] 67%|██████▋   | 72/108 [00:52<00:25,  1.42it/s] 68%|██████▊   | 73/108 [00:53<00:24,  1.42it/s] 69%|██████▊   | 74/108 [00:54<00:23,  1.42it/s] 69%|██████▉   | 75/108 [00:55<00:23,  1.42it/s] 70%|███████   | 76/108 [00:55<00:22,  1.42it/s] 71%|███████▏  | 77/108 [00:56<00:21,  1.42it/s] 72%|███████▏  | 78/108 [00:57<00:21,  1.42it/s] 73%|███████▎  | 79/108 [00:57<00:20,  1.42it/s] 74%|███████▍  | 80/108 [00:58<00:19,  1.42it/s] 75%|███████▌  | 81/108 [00:59<00:19,  1.42it/s] 76%|███████▌  | 82/108 [00:59<00:18,  1.42it/s] 77%|███████▋  | 83/108 [01:00<00:17,  1.42it/s] 78%|███████▊  | 84/108 [01:01<00:16,  1.42it/s] 79%|███████▊  | 85/108 [01:02<00:16,  1.42it/s] 80%|███████▉  | 86/108 [01:02<00:15,  1.42it/s] 81%|████████  | 87/108 [01:03<00:14,  1.42it/s] 81%|████████▏ | 88/108 [01:04<00:14,  1.42it/s] 82%|████████▏ | 89/108 [01:04<00:13,  1.42it/s] 83%|████████▎ | 90/108 [01:05<00:12,  1.42it/s] 84%|████████▍ | 91/108 [01:06<00:11,  1.42it/s] 85%|████████▌ | 92/108 [01:07<00:11,  1.42it/s] 86%|████████▌ | 93/108 [01:07<00:10,  1.42it/s] 87%|████████▋ | 94/108 [01:08<00:09,  1.42it/s] 88%|████████▊ | 95/108 [01:09<00:09,  1.42it/s] 89%|████████▉ | 96/108 [01:09<00:08,  1.42it/s] 90%|████████▉ | 97/108 [01:10<00:07,  1.42it/s] 91%|█████████ | 98/108 [01:11<00:07,  1.42it/s] 92%|█████████▏| 99/108 [01:11<00:06,  1.42it/s] 93%|█████████▎| 100/108 [01:12<00:05,  1.42it/s] 94%|█████████▎| 101/108 [01:13<00:04,  1.42it/s] 94%|█████████▍| 102/108 [01:14<00:04,  1.42it/s] 95%|█████████▌| 103/108 [01:14<00:03,  1.42it/s] 96%|█████████▋| 104/108 [01:15<00:02,  1.42it/s] 97%|█████████▋| 105/108 [01:16<00:02,  1.42it/s] 98%|█████████▊| 106/108 [01:16<00:01,  1.42it/s] 99%|█████████▉| 107/108 [01:17<00:00,  1.42it/s]100%|██████████| 108/108 [01:17<00:00,  1.68it/s]100%|██████████| 108/108 [01:17<00:00,  1.38it/s]
Epoch 109/200, Train Loss: 2.4708, Valid Loss: 2.4532
  0%|          | 0/108 [00:00<?, ?it/s]  1%|          | 1/108 [00:03<05:32,  3.11s/it]  2%|▏         | 2/108 [00:03<02:59,  1.69s/it]  3%|▎         | 3/108 [00:04<02:10,  1.24s/it]  4%|▎         | 4/108 [00:05<01:46,  1.03s/it]  5%|▍         | 5/108 [00:05<01:33,  1.10it/s]  6%|▌         | 6/108 [00:06<01:25,  1.19it/s]  6%|▋         | 7/108 [00:07<01:20,  1.26it/s]  7%|▋         | 8/108 [00:08<01:16,  1.30it/s]  8%|▊         | 9/108 [00:08<01:13,  1.34it/s]  9%|▉         | 10/108 [00:09<01:11,  1.36it/s] 10%|█         | 11/108 [00:10<01:10,  1.38it/s] 11%|█         | 12/108 [00:10<01:08,  1.39it/s] 12%|█▏        | 13/108 [00:11<01:07,  1.40it/s] 13%|█▎        | 14/108 [00:12<01:06,  1.41it/s] 14%|█▍        | 15/108 [00:12<01:05,  1.41it/s] 15%|█▍        | 16/108 [00:13<01:05,  1.41it/s] 16%|█▌        | 17/108 [00:14<01:04,  1.42it/s] 17%|█▋        | 18/108 [00:15<01:03,  1.42it/s] 18%|█▊        | 19/108 [00:15<01:02,  1.42it/s] 19%|█▊        | 20/108 [00:16<01:01,  1.42it/s] 19%|█▉        | 21/108 [00:17<01:01,  1.42it/s] 20%|██        | 22/108 [00:17<01:00,  1.42it/s] 21%|██▏       | 23/108 [00:18<00:59,  1.42it/s] 22%|██▏       | 24/108 [00:19<00:59,  1.42it/s] 23%|██▎       | 25/108 [00:19<00:58,  1.42it/s] 24%|██▍       | 26/108 [00:20<00:57,  1.42it/s] 25%|██▌       | 27/108 [00:21<00:56,  1.42it/s] 26%|██▌       | 28/108 [00:22<00:56,  1.42it/s] 27%|██▋       | 29/108 [00:22<00:55,  1.42it/s] 28%|██▊       | 30/108 [00:23<00:54,  1.42it/s] 29%|██▊       | 31/108 [00:24<00:54,  1.42it/s] 30%|██▉       | 32/108 [00:24<00:53,  1.41it/s] 31%|███       | 33/108 [00:25<00:52,  1.42it/s] 31%|███▏      | 34/108 [00:26<00:52,  1.42it/s] 32%|███▏      | 35/108 [00:27<00:51,  1.42it/s] 33%|███▎      | 36/108 [00:27<00:50,  1.42it/s] 34%|███▍      | 37/108 [00:28<00:49,  1.42it/s] 35%|███▌      | 38/108 [00:29<00:49,  1.42it/s] 36%|███▌      | 39/108 [00:29<00:48,  1.42it/s] 37%|███▋      | 40/108 [00:30<00:47,  1.42it/s] 38%|███▊      | 41/108 [00:31<00:47,  1.42it/s] 39%|███▉      | 42/108 [00:31<00:46,  1.42it/s] 40%|███▉      | 43/108 [00:32<00:45,  1.42it/s] 41%|████      | 44/108 [00:33<00:45,  1.42it/s] 42%|████▏     | 45/108 [00:34<00:44,  1.42it/s] 43%|████▎     | 46/108 [00:34<00:43,  1.42it/s] 44%|████▎     | 47/108 [00:35<00:42,  1.42it/s] 44%|████▍     | 48/108 [00:36<00:42,  1.42it/s] 45%|████▌     | 49/108 [00:36<00:41,  1.42it/s] 46%|████▋     | 50/108 [00:37<00:40,  1.42it/s] 47%|████▋     | 51/108 [00:38<00:40,  1.42it/s] 48%|████▊     | 52/108 [00:38<00:39,  1.42it/s] 49%|████▉     | 53/108 [00:39<00:38,  1.42it/s] 50%|█████     | 54/108 [00:40<00:38,  1.42it/s] 51%|█████     | 55/108 [00:41<00:37,  1.42it/s] 52%|█████▏    | 56/108 [00:41<00:36,  1.42it/s] 53%|█████▎    | 57/108 [00:42<00:35,  1.42it/s] 54%|█████▎    | 58/108 [00:43<00:35,  1.42it/s] 55%|█████▍    | 59/108 [00:43<00:34,  1.42it/s] 56%|█████▌    | 60/108 [00:44<00:33,  1.42it/s] 56%|█████▋    | 61/108 [00:45<00:33,  1.42it/s] 57%|█████▋    | 62/108 [00:46<00:32,  1.42it/s] 58%|█████▊    | 63/108 [00:46<00:31,  1.42it/s] 59%|█████▉    | 64/108 [00:47<00:30,  1.42it/s] 60%|██████    | 65/108 [00:48<00:30,  1.42it/s] 61%|██████    | 66/108 [00:48<00:29,  1.42it/s] 62%|██████▏   | 67/108 [00:49<00:28,  1.42it/s] 63%|██████▎   | 68/108 [00:50<00:28,  1.42it/s] 64%|██████▍   | 69/108 [00:50<00:27,  1.42it/s] 65%|██████▍   | 70/108 [00:51<00:26,  1.42it/s] 66%|██████▌   | 71/108 [00:52<00:26,  1.42it/s] 67%|██████▋   | 72/108 [00:53<00:25,  1.42it/s] 68%|██████▊   | 73/108 [00:53<00:24,  1.42it/s] 69%|██████▊   | 74/108 [00:54<00:23,  1.42it/s] 69%|██████▉   | 75/108 [00:55<00:23,  1.42it/s] 70%|███████   | 76/108 [00:55<00:22,  1.42it/s] 71%|███████▏  | 77/108 [00:56<00:21,  1.42it/s] 72%|███████▏  | 78/108 [00:57<00:21,  1.42it/s] 73%|███████▎  | 79/108 [00:57<00:20,  1.42it/s] 74%|███████▍  | 80/108 [00:58<00:19,  1.42it/s] 75%|███████▌  | 81/108 [00:59<00:18,  1.42it/s] 76%|███████▌  | 82/108 [01:00<00:18,  1.42it/s] 77%|███████▋  | 83/108 [01:00<00:17,  1.42it/s] 78%|███████▊  | 84/108 [01:01<00:16,  1.42it/s] 79%|███████▊  | 85/108 [01:02<00:16,  1.42it/s] 80%|███████▉  | 86/108 [01:02<00:15,  1.42it/s] 81%|████████  | 87/108 [01:03<00:14,  1.42it/s] 81%|████████▏ | 88/108 [01:04<00:14,  1.42it/s] 82%|████████▏ | 89/108 [01:05<00:13,  1.42it/s] 83%|████████▎ | 90/108 [01:05<00:12,  1.42it/s] 84%|████████▍ | 91/108 [01:06<00:11,  1.42it/s] 85%|████████▌ | 92/108 [01:07<00:11,  1.42it/s] 86%|████████▌ | 93/108 [01:07<00:10,  1.42it/s] 87%|████████▋ | 94/108 [01:08<00:09,  1.42it/s] 88%|████████▊ | 95/108 [01:09<00:09,  1.42it/s] 89%|████████▉ | 96/108 [01:09<00:08,  1.42it/s] 90%|████████▉ | 97/108 [01:10<00:07,  1.42it/s] 91%|█████████ | 98/108 [01:11<00:07,  1.42it/s] 92%|█████████▏| 99/108 [01:12<00:06,  1.42it/s] 93%|█████████▎| 100/108 [01:12<00:05,  1.42it/s] 94%|█████████▎| 101/108 [01:13<00:04,  1.42it/s] 94%|█████████▍| 102/108 [01:14<00:04,  1.42it/s] 95%|█████████▌| 103/108 [01:14<00:03,  1.42it/s] 96%|█████████▋| 104/108 [01:15<00:02,  1.42it/s] 97%|█████████▋| 105/108 [01:16<00:02,  1.42it/s] 98%|█████████▊| 106/108 [01:16<00:01,  1.42it/s] 99%|█████████▉| 107/108 [01:17<00:00,  1.42it/s]100%|██████████| 108/108 [01:18<00:00,  1.68it/s]100%|██████████| 108/108 [01:18<00:00,  1.38it/s]
Epoch 110/200, Train Loss: 2.4852, Valid Loss: 2.4427
  0%|          | 0/108 [00:00<?, ?it/s]  1%|          | 1/108 [00:03<05:44,  3.22s/it]  2%|▏         | 2/108 [00:03<03:04,  1.74s/it]  3%|▎         | 3/108 [00:04<02:14,  1.28s/it]  4%|▎         | 4/108 [00:05<01:49,  1.05s/it]  5%|▍         | 5/108 [00:06<01:35,  1.08it/s]  6%|▌         | 6/108 [00:06<01:26,  1.17it/s]  6%|▋         | 7/108 [00:07<01:21,  1.24it/s]  7%|▋         | 8/108 [00:08<01:17,  1.30it/s]  8%|▊         | 9/108 [00:08<01:14,  1.33it/s]  9%|▉         | 10/108 [00:09<01:12,  1.36it/s] 10%|█         | 11/108 [00:10<01:10,  1.38it/s] 11%|█         | 12/108 [00:10<01:08,  1.39it/s] 12%|█▏        | 13/108 [00:11<01:07,  1.40it/s] 13%|█▎        | 14/108 [00:12<01:06,  1.41it/s] 14%|█▍        | 15/108 [00:13<01:05,  1.41it/s] 15%|█▍        | 16/108 [00:13<01:04,  1.42it/s] 16%|█▌        | 17/108 [00:14<01:04,  1.42it/s] 17%|█▋        | 18/108 [00:15<01:03,  1.42it/s] 18%|█▊        | 19/108 [00:15<01:02,  1.42it/s] 19%|█▊        | 20/108 [00:16<01:01,  1.42it/s] 19%|█▉        | 21/108 [00:17<01:01,  1.42it/s] 20%|██        | 22/108 [00:18<01:00,  1.42it/s] 21%|██▏       | 23/108 [00:18<00:59,  1.42it/s] 22%|██▏       | 24/108 [00:19<00:58,  1.42it/s] 23%|██▎       | 25/108 [00:20<00:58,  1.42it/s] 24%|██▍       | 26/108 [00:20<00:57,  1.42it/s] 25%|██▌       | 27/108 [00:21<00:57,  1.41it/s] 26%|██▌       | 28/108 [00:22<00:56,  1.41it/s] 27%|██▋       | 29/108 [00:22<00:55,  1.42it/s] 28%|██▊       | 30/108 [00:23<00:54,  1.42it/s] 29%|██▊       | 31/108 [00:24<00:54,  1.42it/s] 30%|██▉       | 32/108 [00:25<00:53,  1.42it/s] 31%|███       | 33/108 [00:25<00:52,  1.42it/s] 31%|███▏      | 34/108 [00:26<00:52,  1.42it/s] 32%|███▏      | 35/108 [00:27<00:51,  1.42it/s] 33%|███▎      | 36/108 [00:27<00:50,  1.42it/s] 34%|███▍      | 37/108 [00:28<00:49,  1.42it/s] 35%|███▌      | 38/108 [00:29<00:49,  1.42it/s] 36%|███▌      | 39/108 [00:29<00:48,  1.42it/s] 37%|███▋      | 40/108 [00:30<00:47,  1.42it/s] 38%|███▊      | 41/108 [00:31<00:47,  1.42it/s] 39%|███▉      | 42/108 [00:32<00:46,  1.42it/s] 40%|███▉      | 43/108 [00:32<00:45,  1.42it/s] 41%|████      | 44/108 [00:33<00:44,  1.42it/s] 42%|████▏     | 45/108 [00:34<00:44,  1.42it/s] 43%|████▎     | 46/108 [00:34<00:43,  1.42it/s] 44%|████▎     | 47/108 [00:35<00:42,  1.42it/s] 44%|████▍     | 48/108 [00:36<00:42,  1.42it/s] 45%|████▌     | 49/108 [00:37<00:41,  1.42it/s] 46%|████▋     | 50/108 [00:37<00:40,  1.42it/s] 47%|████▋     | 51/108 [00:38<00:40,  1.42it/s] 48%|████▊     | 52/108 [00:39<00:39,  1.42it/s] 49%|████▉     | 53/108 [00:39<00:38,  1.42it/s] 50%|█████     | 54/108 [00:40<00:38,  1.42it/s] 51%|█████     | 55/108 [00:41<00:37,  1.42it/s] 52%|█████▏    | 56/108 [00:41<00:36,  1.42it/s] 53%|█████▎    | 57/108 [00:42<00:35,  1.42it/s] 54%|█████▎    | 58/108 [00:43<00:35,  1.42it/s] 55%|█████▍    | 59/108 [00:44<00:34,  1.42it/s] 56%|█████▌    | 60/108 [00:44<00:33,  1.42it/s] 56%|█████▋    | 61/108 [00:45<00:33,  1.42it/s] 57%|█████▋    | 62/108 [00:46<00:32,  1.42it/s] 58%|█████▊    | 63/108 [00:46<00:31,  1.42it/s] 59%|█████▉    | 64/108 [00:47<00:30,  1.42it/s] 60%|██████    | 65/108 [00:48<00:30,  1.42it/s] 61%|██████    | 66/108 [00:48<00:29,  1.42it/s] 62%|██████▏   | 67/108 [00:49<00:28,  1.42it/s] 63%|██████▎   | 68/108 [00:50<00:28,  1.42it/s] 64%|██████▍   | 69/108 [00:51<00:27,  1.42it/s] 65%|██████▍   | 70/108 [00:51<00:26,  1.42it/s] 66%|██████▌   | 71/108 [00:52<00:26,  1.42it/s] 67%|██████▋   | 72/108 [00:53<00:25,  1.42it/s] 68%|██████▊   | 73/108 [00:53<00:24,  1.42it/s] 69%|██████▊   | 74/108 [00:54<00:23,  1.42it/s] 69%|██████▉   | 75/108 [00:55<00:23,  1.42it/s] 70%|███████   | 76/108 [00:56<00:22,  1.42it/s] 71%|███████▏  | 77/108 [00:56<00:21,  1.42it/s] 72%|███████▏  | 78/108 [00:57<00:21,  1.42it/s] 73%|███████▎  | 79/108 [00:58<00:20,  1.42it/s] 74%|███████▍  | 80/108 [00:58<00:19,  1.42it/s] 75%|███████▌  | 81/108 [00:59<00:19,  1.42it/s] 76%|███████▌  | 82/108 [01:00<00:18,  1.42it/s] 77%|███████▋  | 83/108 [01:00<00:17,  1.42it/s] 78%|███████▊  | 84/108 [01:01<00:16,  1.42it/s] 79%|███████▊  | 85/108 [01:02<00:16,  1.42it/s] 80%|███████▉  | 86/108 [01:03<00:15,  1.42it/s] 81%|████████  | 87/108 [01:03<00:14,  1.42it/s] 81%|████████▏ | 88/108 [01:04<00:14,  1.42it/s] 82%|████████▏ | 89/108 [01:05<00:13,  1.42it/s] 83%|████████▎ | 90/108 [01:05<00:12,  1.42it/s] 84%|████████▍ | 91/108 [01:06<00:11,  1.42it/s] 85%|████████▌ | 92/108 [01:07<00:11,  1.42it/s] 86%|████████▌ | 93/108 [01:07<00:10,  1.42it/s] 87%|████████▋ | 94/108 [01:08<00:09,  1.42it/s] 88%|████████▊ | 95/108 [01:09<00:09,  1.42it/s] 89%|████████▉ | 96/108 [01:10<00:08,  1.42it/s] 90%|████████▉ | 97/108 [01:10<00:07,  1.42it/s] 91%|█████████ | 98/108 [01:11<00:07,  1.42it/s] 92%|█████████▏| 99/108 [01:12<00:06,  1.42it/s] 93%|█████████▎| 100/108 [01:12<00:05,  1.42it/s] 94%|█████████▎| 101/108 [01:13<00:04,  1.42it/s] 94%|█████████▍| 102/108 [01:14<00:04,  1.42it/s] 95%|█████████▌| 103/108 [01:15<00:03,  1.42it/s] 96%|█████████▋| 104/108 [01:15<00:02,  1.42it/s] 97%|█████████▋| 105/108 [01:16<00:02,  1.42it/s] 98%|█████████▊| 106/108 [01:17<00:01,  1.42it/s] 99%|█████████▉| 107/108 [01:17<00:00,  1.42it/s]100%|██████████| 108/108 [01:18<00:00,  1.68it/s]100%|██████████| 108/108 [01:18<00:00,  1.38it/s]
Epoch 111/200, Train Loss: 2.4724, Valid Loss: 2.4732
  0%|          | 0/108 [00:00<?, ?it/s]  1%|          | 1/108 [00:03<05:41,  3.19s/it]  2%|▏         | 2/108 [00:03<03:03,  1.73s/it]  3%|▎         | 3/108 [00:04<02:12,  1.26s/it]  4%|▎         | 4/108 [00:05<01:49,  1.05s/it]  5%|▍         | 5/108 [00:06<01:35,  1.08it/s]  6%|▌         | 6/108 [00:06<01:26,  1.18it/s]  6%|▋         | 7/108 [00:07<01:20,  1.25it/s]  7%|▋         | 8/108 [00:08<01:16,  1.30it/s]  8%|▊         | 9/108 [00:08<01:14,  1.34it/s]  9%|▉         | 10/108 [00:09<01:11,  1.36it/s] 10%|█         | 11/108 [00:10<01:10,  1.38it/s] 11%|█         | 12/108 [00:10<01:08,  1.39it/s] 12%|█▏        | 13/108 [00:11<01:07,  1.40it/s] 13%|█▎        | 14/108 [00:12<01:06,  1.41it/s] 14%|█▍        | 15/108 [00:13<01:05,  1.42it/s] 15%|█▍        | 16/108 [00:13<01:04,  1.42it/s] 16%|█▌        | 17/108 [00:14<01:04,  1.42it/s] 17%|█▋        | 18/108 [00:15<01:03,  1.42it/s] 18%|█▊        | 19/108 [00:15<01:02,  1.42it/s] 19%|█▊        | 20/108 [00:16<01:01,  1.42it/s] 19%|█▉        | 21/108 [00:17<01:01,  1.42it/s] 20%|██        | 22/108 [00:17<01:00,  1.42it/s] 21%|██▏       | 23/108 [00:18<00:59,  1.42it/s] 22%|██▏       | 24/108 [00:19<00:58,  1.42it/s] 23%|██▎       | 25/108 [00:20<00:58,  1.42it/s] 24%|██▍       | 26/108 [00:20<00:57,  1.42it/s] 25%|██▌       | 27/108 [00:21<00:56,  1.42it/s] 26%|██▌       | 28/108 [00:22<00:56,  1.41it/s] 27%|██▋       | 29/108 [00:22<00:56,  1.41it/s] 28%|██▊       | 30/108 [00:23<00:55,  1.41it/s] 29%|██▊       | 31/108 [00:24<00:54,  1.42it/s] 30%|██▉       | 32/108 [00:25<00:53,  1.42it/s] 31%|███       | 33/108 [00:25<00:52,  1.42it/s] 31%|███▏      | 34/108 [00:26<00:52,  1.42it/s] 32%|███▏      | 35/108 [00:27<00:51,  1.42it/s] 33%|███▎      | 36/108 [00:27<00:50,  1.42it/s] 34%|███▍      | 37/108 [00:28<00:49,  1.42it/s] 35%|███▌      | 38/108 [00:29<00:49,  1.42it/s] 36%|███▌      | 39/108 [00:29<00:48,  1.42it/s] 37%|███▋      | 40/108 [00:30<00:47,  1.42it/s] 38%|███▊      | 41/108 [00:31<00:47,  1.42it/s] 39%|███▉      | 42/108 [00:32<00:46,  1.42it/s] 40%|███▉      | 43/108 [00:32<00:45,  1.42it/s] 41%|████      | 44/108 [00:33<00:44,  1.42it/s] 42%|████▏     | 45/108 [00:34<00:44,  1.42it/s] 43%|████▎     | 46/108 [00:34<00:43,  1.42it/s] 44%|████▎     | 47/108 [00:35<00:42,  1.43it/s] 44%|████▍     | 48/108 [00:36<00:42,  1.42it/s] 45%|████▌     | 49/108 [00:36<00:41,  1.42it/s] 46%|████▋     | 50/108 [00:37<00:40,  1.42it/s] 47%|████▋     | 51/108 [00:38<00:40,  1.42it/s] 48%|████▊     | 52/108 [00:39<00:39,  1.42it/s] 49%|████▉     | 53/108 [00:39<00:38,  1.42it/s] 50%|█████     | 54/108 [00:40<00:38,  1.42it/s] 51%|█████     | 55/108 [00:41<00:37,  1.42it/s] 52%|█████▏    | 56/108 [00:41<00:36,  1.42it/s] 53%|█████▎    | 57/108 [00:42<00:35,  1.42it/s] 54%|█████▎    | 58/108 [00:43<00:35,  1.42it/s] 55%|█████▍    | 59/108 [00:44<00:34,  1.42it/s] 56%|█████▌    | 60/108 [00:44<00:33,  1.41it/s] 56%|█████▋    | 61/108 [00:45<00:33,  1.42it/s] 57%|█████▋    | 62/108 [00:46<00:32,  1.42it/s] 58%|█████▊    | 63/108 [00:46<00:31,  1.42it/s] 59%|█████▉    | 64/108 [00:47<00:31,  1.42it/s] 60%|██████    | 65/108 [00:48<00:30,  1.42it/s] 61%|██████    | 66/108 [00:48<00:29,  1.42it/s] 62%|██████▏   | 67/108 [00:49<00:28,  1.42it/s] 63%|██████▎   | 68/108 [00:50<00:28,  1.42it/s] 64%|██████▍   | 69/108 [00:51<00:27,  1.42it/s] 65%|██████▍   | 70/108 [00:51<00:26,  1.42it/s] 66%|██████▌   | 71/108 [00:52<00:26,  1.42it/s] 67%|██████▋   | 72/108 [00:53<00:25,  1.42it/s] 68%|██████▊   | 73/108 [00:53<00:24,  1.42it/s] 69%|██████▊   | 74/108 [00:54<00:23,  1.42it/s] 69%|██████▉   | 75/108 [00:55<00:23,  1.42it/s] 70%|███████   | 76/108 [00:55<00:22,  1.42it/s] 71%|███████▏  | 77/108 [00:56<00:21,  1.42it/s] 72%|███████▏  | 78/108 [00:57<00:21,  1.42it/s] 73%|███████▎  | 79/108 [00:58<00:20,  1.42it/s] 74%|███████▍  | 80/108 [00:58<00:19,  1.42it/s] 75%|███████▌  | 81/108 [00:59<00:19,  1.42it/s] 76%|███████▌  | 82/108 [01:00<00:18,  1.42it/s] 77%|███████▋  | 83/108 [01:00<00:17,  1.42it/s] 78%|███████▊  | 84/108 [01:01<00:16,  1.42it/s] 79%|███████▊  | 85/108 [01:02<00:16,  1.42it/s] 80%|███████▉  | 86/108 [01:03<00:15,  1.42it/s] 81%|████████  | 87/108 [01:03<00:14,  1.42it/s] 81%|████████▏ | 88/108 [01:04<00:14,  1.42it/s] 82%|████████▏ | 89/108 [01:05<00:13,  1.42it/s] 83%|████████▎ | 90/108 [01:05<00:12,  1.42it/s] 84%|████████▍ | 91/108 [01:06<00:11,  1.42it/s] 85%|████████▌ | 92/108 [01:07<00:11,  1.42it/s] 86%|████████▌ | 93/108 [01:07<00:10,  1.42it/s] 87%|████████▋ | 94/108 [01:08<00:09,  1.42it/s] 88%|████████▊ | 95/108 [01:09<00:09,  1.42it/s] 89%|████████▉ | 96/108 [01:10<00:08,  1.42it/s] 90%|████████▉ | 97/108 [01:10<00:07,  1.42it/s] 91%|█████████ | 98/108 [01:11<00:07,  1.42it/s] 92%|█████████▏| 99/108 [01:12<00:06,  1.42it/s] 93%|█████████▎| 100/108 [01:12<00:05,  1.42it/s] 94%|█████████▎| 101/108 [01:13<00:04,  1.42it/s] 94%|█████████▍| 102/108 [01:14<00:04,  1.42it/s] 95%|█████████▌| 103/108 [01:14<00:03,  1.42it/s] 96%|█████████▋| 104/108 [01:15<00:02,  1.42it/s] 97%|█████████▋| 105/108 [01:16<00:02,  1.42it/s] 98%|█████████▊| 106/108 [01:17<00:01,  1.42it/s] 99%|█████████▉| 107/108 [01:17<00:00,  1.42it/s]100%|██████████| 108/108 [01:18<00:00,  1.68it/s]100%|██████████| 108/108 [01:18<00:00,  1.38it/s]
Epoch 112/200, Train Loss: 2.4748, Valid Loss: 2.4742
  0%|          | 0/108 [00:00<?, ?it/s]  1%|          | 1/108 [00:02<05:05,  2.85s/it]  2%|▏         | 2/108 [00:03<02:50,  1.61s/it]  3%|▎         | 3/108 [00:04<02:05,  1.20s/it]  4%|▎         | 4/108 [00:05<01:44,  1.00s/it]  5%|▍         | 5/108 [00:05<01:32,  1.12it/s]  6%|▌         | 6/108 [00:06<01:24,  1.21it/s]  6%|▋         | 7/108 [00:07<01:19,  1.27it/s]  7%|▋         | 8/108 [00:07<01:16,  1.32it/s]  8%|▊         | 9/108 [00:08<01:13,  1.34it/s]  9%|▉         | 10/108 [00:09<01:11,  1.37it/s] 10%|█         | 11/108 [00:09<01:10,  1.39it/s] 11%|█         | 12/108 [00:10<01:08,  1.40it/s] 12%|█▏        | 13/108 [00:11<01:07,  1.40it/s] 13%|█▎        | 14/108 [00:12<01:06,  1.41it/s] 14%|█▍        | 15/108 [00:12<01:05,  1.41it/s] 15%|█▍        | 16/108 [00:13<01:04,  1.42it/s] 16%|█▌        | 17/108 [00:14<01:04,  1.42it/s] 17%|█▋        | 18/108 [00:14<01:03,  1.42it/s] 18%|█▊        | 19/108 [00:15<01:02,  1.42it/s] 19%|█▊        | 20/108 [00:16<01:01,  1.42it/s] 19%|█▉        | 21/108 [00:16<01:01,  1.42it/s] 20%|██        | 22/108 [00:17<01:00,  1.42it/s] 21%|██▏       | 23/108 [00:18<00:59,  1.42it/s] 22%|██▏       | 24/108 [00:19<00:58,  1.42it/s] 23%|██▎       | 25/108 [00:19<00:58,  1.42it/s] 24%|██▍       | 26/108 [00:20<00:58,  1.41it/s] 25%|██▌       | 27/108 [00:21<00:57,  1.42it/s] 26%|██▌       | 28/108 [00:21<00:56,  1.42it/s] 27%|██▋       | 29/108 [00:22<00:55,  1.42it/s] 28%|██▊       | 30/108 [00:23<00:54,  1.42it/s] 29%|██▊       | 31/108 [00:23<00:54,  1.42it/s] 30%|██▉       | 32/108 [00:24<00:53,  1.42it/s] 31%|███       | 33/108 [00:25<00:52,  1.42it/s] 31%|███▏      | 34/108 [00:26<00:52,  1.42it/s] 32%|███▏      | 35/108 [00:26<00:51,  1.42it/s] 33%|███▎      | 36/108 [00:27<00:50,  1.42it/s] 34%|███▍      | 37/108 [00:28<00:49,  1.42it/s] 35%|███▌      | 38/108 [00:28<00:49,  1.42it/s] 36%|███▌      | 39/108 [00:29<00:48,  1.42it/s] 37%|███▋      | 40/108 [00:30<00:47,  1.42it/s] 38%|███▊      | 41/108 [00:31<00:47,  1.42it/s] 39%|███▉      | 42/108 [00:31<00:46,  1.42it/s] 40%|███▉      | 43/108 [00:32<00:45,  1.42it/s] 41%|████      | 44/108 [00:33<00:44,  1.42it/s] 42%|████▏     | 45/108 [00:33<00:44,  1.42it/s] 43%|████▎     | 46/108 [00:34<00:43,  1.42it/s] 44%|████▎     | 47/108 [00:35<00:42,  1.42it/s] 44%|████▍     | 48/108 [00:35<00:42,  1.42it/s] 45%|████▌     | 49/108 [00:36<00:41,  1.42it/s] 46%|████▋     | 50/108 [00:37<00:40,  1.42it/s] 47%|████▋     | 51/108 [00:38<00:40,  1.42it/s] 48%|████▊     | 52/108 [00:38<00:39,  1.42it/s] 49%|████▉     | 53/108 [00:39<00:38,  1.42it/s] 50%|█████     | 54/108 [00:40<00:37,  1.42it/s] 51%|█████     | 55/108 [00:40<00:37,  1.42it/s] 52%|█████▏    | 56/108 [00:41<00:36,  1.42it/s] 53%|█████▎    | 57/108 [00:42<00:35,  1.42it/s] 54%|█████▎    | 58/108 [00:42<00:35,  1.42it/s] 55%|█████▍    | 59/108 [00:43<00:34,  1.42it/s] 56%|█████▌    | 60/108 [00:44<00:33,  1.42it/s] 56%|█████▋    | 61/108 [00:45<00:33,  1.42it/s] 57%|█████▋    | 62/108 [00:45<00:32,  1.42it/s] 58%|█████▊    | 63/108 [00:46<00:31,  1.42it/s] 59%|█████▉    | 64/108 [00:47<00:31,  1.42it/s] 60%|██████    | 65/108 [00:47<00:30,  1.42it/s] 61%|██████    | 66/108 [00:48<00:29,  1.42it/s] 62%|██████▏   | 67/108 [00:49<00:28,  1.42it/s] 63%|██████▎   | 68/108 [00:50<00:28,  1.42it/s] 64%|██████▍   | 69/108 [00:50<00:27,  1.42it/s] 65%|██████▍   | 70/108 [00:51<00:26,  1.42it/s] 66%|██████▌   | 71/108 [00:52<00:26,  1.42it/s] 67%|██████▋   | 72/108 [00:52<00:25,  1.42it/s] 68%|██████▊   | 73/108 [00:53<00:24,  1.42it/s] 69%|██████▊   | 74/108 [00:54<00:23,  1.42it/s] 69%|██████▉   | 75/108 [00:54<00:23,  1.42it/s] 70%|███████   | 76/108 [00:55<00:22,  1.42it/s] 71%|███████▏  | 77/108 [00:56<00:21,  1.42it/s] 72%|███████▏  | 78/108 [00:57<00:21,  1.42it/s] 73%|███████▎  | 79/108 [00:57<00:20,  1.42it/s] 74%|███████▍  | 80/108 [00:58<00:19,  1.42it/s] 75%|███████▌  | 81/108 [00:59<00:19,  1.42it/s] 76%|███████▌  | 82/108 [00:59<00:18,  1.42it/s] 77%|███████▋  | 83/108 [01:00<00:17,  1.42it/s] 78%|███████▊  | 84/108 [01:01<00:16,  1.42it/s] 79%|███████▊  | 85/108 [01:02<00:16,  1.42it/s] 80%|███████▉  | 86/108 [01:02<00:15,  1.42it/s] 81%|████████  | 87/108 [01:03<00:14,  1.42it/s] 81%|████████▏ | 88/108 [01:04<00:14,  1.42it/s] 82%|████████▏ | 89/108 [01:04<00:13,  1.42it/s] 83%|████████▎ | 90/108 [01:05<00:12,  1.42it/s] 84%|████████▍ | 91/108 [01:06<00:11,  1.42it/s] 85%|████████▌ | 92/108 [01:06<00:11,  1.42it/s] 86%|████████▌ | 93/108 [01:07<00:10,  1.42it/s] 87%|████████▋ | 94/108 [01:08<00:09,  1.42it/s] 88%|████████▊ | 95/108 [01:09<00:09,  1.42it/s] 89%|████████▉ | 96/108 [01:09<00:08,  1.42it/s] 90%|████████▉ | 97/108 [01:10<00:07,  1.42it/s] 91%|█████████ | 98/108 [01:11<00:07,  1.42it/s] 92%|█████████▏| 99/108 [01:11<00:06,  1.42it/s] 93%|█████████▎| 100/108 [01:12<00:05,  1.42it/s] 94%|█████████▎| 101/108 [01:13<00:04,  1.42it/s] 94%|█████████▍| 102/108 [01:13<00:04,  1.42it/s] 95%|█████████▌| 103/108 [01:14<00:03,  1.42it/s] 96%|█████████▋| 104/108 [01:15<00:02,  1.42it/s] 97%|█████████▋| 105/108 [01:16<00:02,  1.42it/s] 98%|█████████▊| 106/108 [01:16<00:01,  1.42it/s] 99%|█████████▉| 107/108 [01:17<00:00,  1.42it/s]100%|██████████| 108/108 [01:17<00:00,  1.68it/s]100%|██████████| 108/108 [01:17<00:00,  1.39it/s]
Epoch 113/200, Train Loss: 2.4680, Valid Loss: 2.4423
  0%|          | 0/108 [00:00<?, ?it/s]  1%|          | 1/108 [00:03<06:06,  3.43s/it]  2%|▏         | 2/108 [00:04<03:13,  1.82s/it]  3%|▎         | 3/108 [00:04<02:17,  1.31s/it]  4%|▎         | 4/108 [00:05<01:51,  1.07s/it]  5%|▍         | 5/108 [00:06<01:36,  1.06it/s]  6%|▌         | 6/108 [00:06<01:27,  1.17it/s]  6%|▋         | 7/108 [00:07<01:21,  1.24it/s]  7%|▋         | 8/108 [00:08<01:17,  1.29it/s]  8%|▊         | 9/108 [00:09<01:14,  1.33it/s]  9%|▉         | 10/108 [00:09<01:12,  1.35it/s] 10%|█         | 11/108 [00:10<01:10,  1.38it/s] 11%|█         | 12/108 [00:11<01:09,  1.39it/s] 12%|█▏        | 13/108 [00:11<01:07,  1.40it/s] 13%|█▎        | 14/108 [00:12<01:06,  1.41it/s] 14%|█▍        | 15/108 [00:13<01:05,  1.41it/s] 15%|█▍        | 16/108 [00:13<01:04,  1.42it/s] 16%|█▌        | 17/108 [00:14<01:04,  1.42it/s] 17%|█▋        | 18/108 [00:15<01:03,  1.42it/s] 18%|█▊        | 19/108 [00:16<01:02,  1.42it/s] 19%|█▊        | 20/108 [00:16<01:01,  1.42it/s] 19%|█▉        | 21/108 [00:17<01:01,  1.42it/s] 20%|██        | 22/108 [00:18<01:00,  1.42it/s] 21%|██▏       | 23/108 [00:18<00:59,  1.43it/s] 22%|██▏       | 24/108 [00:19<00:58,  1.43it/s] 23%|██▎       | 25/108 [00:20<00:58,  1.42it/s] 24%|██▍       | 26/108 [00:20<00:57,  1.42it/s] 25%|██▌       | 27/108 [00:21<00:56,  1.42it/s] 26%|██▌       | 28/108 [00:22<00:56,  1.42it/s] 27%|██▋       | 29/108 [00:23<00:55,  1.42it/s] 28%|██▊       | 30/108 [00:23<00:54,  1.42it/s] 29%|██▊       | 31/108 [00:24<00:54,  1.42it/s] 30%|██▉       | 32/108 [00:25<00:53,  1.42it/s] 31%|███       | 33/108 [00:25<00:52,  1.42it/s] 31%|███▏      | 34/108 [00:26<00:52,  1.42it/s] 32%|███▏      | 35/108 [00:27<00:51,  1.42it/s] 33%|███▎      | 36/108 [00:28<00:50,  1.42it/s] 34%|███▍      | 37/108 [00:28<00:49,  1.42it/s] 35%|███▌      | 38/108 [00:29<00:49,  1.42it/s] 36%|███▌      | 39/108 [00:30<00:48,  1.42it/s] 37%|███▋      | 40/108 [00:30<00:47,  1.42it/s] 38%|███▊      | 41/108 [00:31<00:47,  1.42it/s] 39%|███▉      | 42/108 [00:32<00:46,  1.43it/s] 40%|███▉      | 43/108 [00:32<00:45,  1.42it/s] 41%|████      | 44/108 [00:33<00:44,  1.42it/s] 42%|████▏     | 45/108 [00:34<00:44,  1.42it/s] 43%|████▎     | 46/108 [00:35<00:43,  1.43it/s] 44%|████▎     | 47/108 [00:35<00:42,  1.42it/s] 44%|████▍     | 48/108 [00:36<00:42,  1.43it/s] 45%|████▌     | 49/108 [00:37<00:41,  1.42it/s] 46%|████▋     | 50/108 [00:37<00:40,  1.42it/s] 47%|████▋     | 51/108 [00:38<00:40,  1.42it/s] 48%|████▊     | 52/108 [00:39<00:39,  1.42it/s] 49%|████▉     | 53/108 [00:39<00:38,  1.42it/s] 50%|█████     | 54/108 [00:40<00:37,  1.42it/s] 51%|█████     | 55/108 [00:41<00:37,  1.42it/s] 52%|█████▏    | 56/108 [00:42<00:36,  1.42it/s] 53%|█████▎    | 57/108 [00:42<00:35,  1.42it/s] 54%|█████▎    | 58/108 [00:43<00:35,  1.42it/s] 55%|█████▍    | 59/108 [00:44<00:34,  1.42it/s] 56%|█████▌    | 60/108 [00:44<00:33,  1.42it/s] 56%|█████▋    | 61/108 [00:45<00:33,  1.42it/s] 57%|█████▋    | 62/108 [00:46<00:32,  1.42it/s] 58%|█████▊    | 63/108 [00:47<00:31,  1.42it/s] 59%|█████▉    | 64/108 [00:47<00:30,  1.42it/s] 60%|██████    | 65/108 [00:48<00:30,  1.42it/s] 61%|██████    | 66/108 [00:49<00:29,  1.42it/s] 62%|██████▏   | 67/108 [00:49<00:28,  1.42it/s] 63%|██████▎   | 68/108 [00:50<00:28,  1.42it/s] 64%|██████▍   | 69/108 [00:51<00:27,  1.42it/s] 65%|██████▍   | 70/108 [00:51<00:26,  1.42it/s] 66%|██████▌   | 71/108 [00:52<00:26,  1.42it/s] 67%|██████▋   | 72/108 [00:53<00:25,  1.42it/s] 68%|██████▊   | 73/108 [00:54<00:24,  1.42it/s] 69%|██████▊   | 74/108 [00:54<00:23,  1.42it/s] 69%|██████▉   | 75/108 [00:55<00:23,  1.42it/s] 70%|███████   | 76/108 [00:56<00:22,  1.42it/s] 71%|███████▏  | 77/108 [00:56<00:21,  1.42it/s] 72%|███████▏  | 78/108 [00:57<00:21,  1.42it/s] 73%|███████▎  | 79/108 [00:58<00:20,  1.42it/s] 74%|███████▍  | 80/108 [00:58<00:19,  1.42it/s] 75%|███████▌  | 81/108 [00:59<00:18,  1.42it/s] 76%|███████▌  | 82/108 [01:00<00:18,  1.42it/s] 77%|███████▋  | 83/108 [01:01<00:17,  1.42it/s] 78%|███████▊  | 84/108 [01:01<00:16,  1.42it/s] 79%|███████▊  | 85/108 [01:02<00:16,  1.42it/s] 80%|███████▉  | 86/108 [01:03<00:15,  1.42it/s] 81%|████████  | 87/108 [01:03<00:14,  1.42it/s] 81%|████████▏ | 88/108 [01:04<00:14,  1.42it/s] 82%|████████▏ | 89/108 [01:05<00:13,  1.42it/s] 83%|████████▎ | 90/108 [01:06<00:12,  1.42it/s] 84%|████████▍ | 91/108 [01:06<00:11,  1.42it/s] 85%|████████▌ | 92/108 [01:07<00:11,  1.42it/s] 86%|████████▌ | 93/108 [01:08<00:10,  1.42it/s] 87%|████████▋ | 94/108 [01:08<00:09,  1.42it/s] 88%|████████▊ | 95/108 [01:09<00:09,  1.42it/s] 89%|████████▉ | 96/108 [01:10<00:08,  1.42it/s] 90%|████████▉ | 97/108 [01:10<00:07,  1.42it/s] 91%|█████████ | 98/108 [01:11<00:07,  1.42it/s] 92%|█████████▏| 99/108 [01:12<00:06,  1.42it/s] 93%|█████████▎| 100/108 [01:13<00:05,  1.42it/s] 94%|█████████▎| 101/108 [01:13<00:04,  1.42it/s] 94%|█████████▍| 102/108 [01:14<00:04,  1.42it/s] 95%|█████████▌| 103/108 [01:15<00:03,  1.42it/s] 96%|█████████▋| 104/108 [01:15<00:02,  1.42it/s] 97%|█████████▋| 105/108 [01:16<00:02,  1.42it/s] 98%|█████████▊| 106/108 [01:17<00:01,  1.42it/s] 99%|█████████▉| 107/108 [01:17<00:00,  1.42it/s]100%|██████████| 108/108 [01:18<00:00,  1.68it/s]100%|██████████| 108/108 [01:18<00:00,  1.38it/s]
Epoch 114/200, Train Loss: 2.4720, Valid Loss: 2.4579
  0%|          | 0/108 [00:00<?, ?it/s]  1%|          | 1/108 [00:03<05:31,  3.09s/it]  2%|▏         | 2/108 [00:03<02:59,  1.69s/it]  3%|▎         | 3/108 [00:04<02:11,  1.25s/it]  4%|▎         | 4/108 [00:05<01:47,  1.03s/it]  5%|▍         | 5/108 [00:05<01:34,  1.09it/s]  6%|▌         | 6/108 [00:06<01:25,  1.19it/s]  6%|▋         | 7/108 [00:07<01:20,  1.26it/s]  7%|▋         | 8/108 [00:08<01:16,  1.31it/s]  8%|▊         | 9/108 [00:08<01:13,  1.34it/s]  9%|▉         | 10/108 [00:09<01:11,  1.37it/s] 10%|█         | 11/108 [00:10<01:09,  1.39it/s] 11%|█         | 12/108 [00:10<01:08,  1.40it/s] 12%|█▏        | 13/108 [00:11<01:07,  1.41it/s] 13%|█▎        | 14/108 [00:12<01:06,  1.41it/s] 14%|█▍        | 15/108 [00:12<01:05,  1.42it/s] 15%|█▍        | 16/108 [00:13<01:04,  1.42it/s] 16%|█▌        | 17/108 [00:14<01:04,  1.42it/s] 17%|█▋        | 18/108 [00:15<01:03,  1.42it/s] 18%|█▊        | 19/108 [00:15<01:02,  1.42it/s] 19%|█▊        | 20/108 [00:16<01:01,  1.42it/s] 19%|█▉        | 21/108 [00:17<01:01,  1.42it/s] 20%|██        | 22/108 [00:17<01:00,  1.42it/s] 21%|██▏       | 23/108 [00:18<00:59,  1.42it/s] 22%|██▏       | 24/108 [00:19<00:59,  1.42it/s] 23%|██▎       | 25/108 [00:19<00:58,  1.42it/s] 24%|██▍       | 26/108 [00:20<00:57,  1.42it/s] 25%|██▌       | 27/108 [00:21<00:57,  1.42it/s] 26%|██▌       | 28/108 [00:22<00:56,  1.42it/s] 27%|██▋       | 29/108 [00:22<00:55,  1.42it/s] 28%|██▊       | 30/108 [00:23<00:54,  1.42it/s] 29%|██▊       | 31/108 [00:24<00:54,  1.42it/s] 30%|██▉       | 32/108 [00:24<00:53,  1.42it/s] 31%|███       | 33/108 [00:25<00:52,  1.42it/s] 31%|███▏      | 34/108 [00:26<00:51,  1.42it/s] 32%|███▏      | 35/108 [00:27<00:51,  1.42it/s] 33%|███▎      | 36/108 [00:27<00:50,  1.42it/s] 34%|███▍      | 37/108 [00:28<00:49,  1.42it/s] 35%|███▌      | 38/108 [00:29<00:49,  1.42it/s] 36%|███▌      | 39/108 [00:29<00:48,  1.42it/s] 37%|███▋      | 40/108 [00:30<00:47,  1.42it/s] 38%|███▊      | 41/108 [00:31<00:47,  1.42it/s] 39%|███▉      | 42/108 [00:31<00:46,  1.42it/s] 40%|███▉      | 43/108 [00:32<00:45,  1.42it/s] 41%|████      | 44/108 [00:33<00:44,  1.42it/s] 42%|████▏     | 45/108 [00:34<00:44,  1.42it/s] 43%|████▎     | 46/108 [00:34<00:43,  1.42it/s] 44%|████▎     | 47/108 [00:35<00:42,  1.42it/s] 44%|████▍     | 48/108 [00:36<00:42,  1.42it/s] 45%|████▌     | 49/108 [00:36<00:41,  1.42it/s] 46%|████▋     | 50/108 [00:37<00:40,  1.42it/s] 47%|████▋     | 51/108 [00:38<00:40,  1.42it/s] 48%|████▊     | 52/108 [00:38<00:39,  1.42it/s] 49%|████▉     | 53/108 [00:39<00:38,  1.42it/s] 50%|█████     | 54/108 [00:40<00:38,  1.42it/s] 51%|█████     | 55/108 [00:41<00:37,  1.42it/s] 52%|█████▏    | 56/108 [00:41<00:36,  1.42it/s] 53%|█████▎    | 57/108 [00:42<00:35,  1.42it/s] 54%|█████▎    | 58/108 [00:43<00:35,  1.42it/s] 55%|█████▍    | 59/108 [00:43<00:34,  1.42it/s] 56%|█████▌    | 60/108 [00:44<00:33,  1.42it/s] 56%|█████▋    | 61/108 [00:45<00:33,  1.42it/s] 57%|█████▋    | 62/108 [00:46<00:32,  1.42it/s] 58%|█████▊    | 63/108 [00:46<00:31,  1.42it/s] 59%|█████▉    | 64/108 [00:47<00:30,  1.42it/s] 60%|██████    | 65/108 [00:48<00:30,  1.42it/s] 61%|██████    | 66/108 [00:48<00:29,  1.42it/s] 62%|██████▏   | 67/108 [00:49<00:28,  1.42it/s] 63%|██████▎   | 68/108 [00:50<00:28,  1.42it/s] 64%|██████▍   | 69/108 [00:50<00:27,  1.42it/s] 65%|██████▍   | 70/108 [00:51<00:26,  1.42it/s] 66%|██████▌   | 71/108 [00:52<00:26,  1.42it/s] 67%|██████▋   | 72/108 [00:53<00:25,  1.42it/s] 68%|██████▊   | 73/108 [00:53<00:24,  1.42it/s] 69%|██████▊   | 74/108 [00:54<00:23,  1.42it/s] 69%|██████▉   | 75/108 [00:55<00:23,  1.42it/s] 70%|███████   | 76/108 [00:55<00:22,  1.42it/s] 71%|███████▏  | 77/108 [00:56<00:21,  1.42it/s] 72%|███████▏  | 78/108 [00:57<00:21,  1.42it/s] 73%|███████▎  | 79/108 [00:57<00:20,  1.42it/s] 74%|███████▍  | 80/108 [00:58<00:19,  1.42it/s] 75%|███████▌  | 81/108 [00:59<00:19,  1.42it/s] 76%|███████▌  | 82/108 [01:00<00:18,  1.42it/s] 77%|███████▋  | 83/108 [01:00<00:17,  1.42it/s] 78%|███████▊  | 84/108 [01:01<00:16,  1.42it/s] 79%|███████▊  | 85/108 [01:02<00:16,  1.42it/s] 80%|███████▉  | 86/108 [01:02<00:15,  1.42it/s] 81%|████████  | 87/108 [01:03<00:14,  1.42it/s] 81%|████████▏ | 88/108 [01:04<00:14,  1.42it/s] 82%|████████▏ | 89/108 [01:05<00:13,  1.42it/s] 83%|████████▎ | 90/108 [01:05<00:12,  1.42it/s] 84%|████████▍ | 91/108 [01:06<00:11,  1.42it/s] 85%|████████▌ | 92/108 [01:07<00:11,  1.42it/s] 86%|████████▌ | 93/108 [01:07<00:10,  1.42it/s] 87%|████████▋ | 94/108 [01:08<00:09,  1.42it/s] 88%|████████▊ | 95/108 [01:09<00:09,  1.42it/s] 89%|████████▉ | 96/108 [01:09<00:08,  1.42it/s] 90%|████████▉ | 97/108 [01:10<00:07,  1.42it/s] 91%|█████████ | 98/108 [01:11<00:07,  1.42it/s] 92%|█████████▏| 99/108 [01:12<00:06,  1.42it/s] 93%|█████████▎| 100/108 [01:12<00:05,  1.42it/s] 94%|█████████▎| 101/108 [01:13<00:04,  1.42it/s] 94%|█████████▍| 102/108 [01:14<00:04,  1.42it/s] 95%|█████████▌| 103/108 [01:14<00:03,  1.42it/s] 96%|█████████▋| 104/108 [01:15<00:02,  1.42it/s] 97%|█████████▋| 105/108 [01:16<00:02,  1.42it/s] 98%|█████████▊| 106/108 [01:16<00:01,  1.42it/s] 99%|█████████▉| 107/108 [01:17<00:00,  1.42it/s]100%|██████████| 108/108 [01:18<00:00,  1.68it/s]100%|██████████| 108/108 [01:18<00:00,  1.38it/s]
Epoch 115/200, Train Loss: 2.4729, Valid Loss: 2.4294, save best model!
  0%|          | 0/108 [00:00<?, ?it/s]  1%|          | 1/108 [00:02<05:20,  2.99s/it]  2%|▏         | 2/108 [00:03<02:54,  1.64s/it]  3%|▎         | 3/108 [00:04<02:08,  1.22s/it]  4%|▎         | 4/108 [00:05<01:46,  1.02s/it]  5%|▍         | 5/108 [00:05<01:33,  1.10it/s]  6%|▌         | 6/108 [00:06<01:25,  1.19it/s]  6%|▋         | 7/108 [00:07<01:20,  1.26it/s]  7%|▋         | 8/108 [00:07<01:16,  1.31it/s]  8%|▊         | 9/108 [00:08<01:13,  1.34it/s]  9%|▉         | 10/108 [00:09<01:11,  1.37it/s] 10%|█         | 11/108 [00:10<01:10,  1.39it/s] 11%|█         | 12/108 [00:10<01:08,  1.40it/s] 12%|█▏        | 13/108 [00:11<01:07,  1.40it/s] 13%|█▎        | 14/108 [00:12<01:06,  1.41it/s] 14%|█▍        | 15/108 [00:12<01:05,  1.42it/s] 15%|█▍        | 16/108 [00:13<01:04,  1.42it/s] 16%|█▌        | 17/108 [00:14<01:04,  1.42it/s] 17%|█▋        | 18/108 [00:14<01:03,  1.42it/s] 18%|█▊        | 19/108 [00:15<01:02,  1.42it/s] 19%|█▊        | 20/108 [00:16<01:01,  1.42it/s] 19%|█▉        | 21/108 [00:17<01:01,  1.43it/s] 20%|██        | 22/108 [00:17<01:00,  1.43it/s] 21%|██▏       | 23/108 [00:18<00:59,  1.43it/s] 22%|██▏       | 24/108 [00:19<00:58,  1.43it/s] 23%|██▎       | 25/108 [00:19<00:58,  1.43it/s] 24%|██▍       | 26/108 [00:20<00:57,  1.42it/s] 25%|██▌       | 27/108 [00:21<00:56,  1.42it/s] 26%|██▌       | 28/108 [00:21<00:56,  1.41it/s] 27%|██▋       | 29/108 [00:22<00:55,  1.42it/s] 28%|██▊       | 30/108 [00:23<00:54,  1.42it/s] 29%|██▊       | 31/108 [00:24<00:54,  1.42it/s] 30%|██▉       | 32/108 [00:24<00:53,  1.42it/s] 31%|███       | 33/108 [00:25<00:52,  1.42it/s] 31%|███▏      | 34/108 [00:26<00:52,  1.42it/s] 32%|███▏      | 35/108 [00:26<00:51,  1.42it/s] 33%|███▎      | 36/108 [00:27<00:50,  1.42it/s] 34%|███▍      | 37/108 [00:28<00:49,  1.42it/s] 35%|███▌      | 38/108 [00:29<00:49,  1.42it/s] 36%|███▌      | 39/108 [00:29<00:48,  1.42it/s] 37%|███▋      | 40/108 [00:30<00:47,  1.42it/s] 38%|███▊      | 41/108 [00:31<00:47,  1.42it/s] 39%|███▉      | 42/108 [00:31<00:46,  1.42it/s] 40%|███▉      | 43/108 [00:32<00:45,  1.42it/s] 41%|████      | 44/108 [00:33<00:44,  1.42it/s] 42%|████▏     | 45/108 [00:33<00:44,  1.42it/s] 43%|████▎     | 46/108 [00:34<00:43,  1.42it/s] 44%|████▎     | 47/108 [00:35<00:42,  1.42it/s] 44%|████▍     | 48/108 [00:36<00:42,  1.42it/s] 45%|████▌     | 49/108 [00:36<00:41,  1.42it/s] 46%|████▋     | 50/108 [00:37<00:40,  1.42it/s] 47%|████▋     | 51/108 [00:38<00:40,  1.42it/s] 48%|████▊     | 52/108 [00:38<00:39,  1.42it/s] 49%|████▉     | 53/108 [00:39<00:38,  1.42it/s] 50%|█████     | 54/108 [00:40<00:38,  1.42it/s] 51%|█████     | 55/108 [00:40<00:37,  1.42it/s] 52%|█████▏    | 56/108 [00:41<00:36,  1.42it/s] 53%|█████▎    | 57/108 [00:42<00:35,  1.42it/s] 54%|█████▎    | 58/108 [00:43<00:35,  1.42it/s] 55%|█████▍    | 59/108 [00:43<00:34,  1.42it/s] 56%|█████▌    | 60/108 [00:44<00:33,  1.42it/s] 56%|█████▋    | 61/108 [00:45<00:33,  1.42it/s] 57%|█████▋    | 62/108 [00:45<00:32,  1.42it/s] 58%|█████▊    | 63/108 [00:46<00:31,  1.42it/s] 59%|█████▉    | 64/108 [00:47<00:30,  1.42it/s] 60%|██████    | 65/108 [00:48<00:30,  1.42it/s] 61%|██████    | 66/108 [00:48<00:29,  1.42it/s] 62%|██████▏   | 67/108 [00:49<00:28,  1.42it/s] 63%|██████▎   | 68/108 [00:50<00:28,  1.42it/s] 64%|██████▍   | 69/108 [00:50<00:27,  1.42it/s] 65%|██████▍   | 70/108 [00:51<00:26,  1.42it/s] 66%|██████▌   | 71/108 [00:52<00:26,  1.42it/s] 67%|██████▋   | 72/108 [00:52<00:25,  1.42it/s] 68%|██████▊   | 73/108 [00:53<00:24,  1.42it/s] 69%|██████▊   | 74/108 [00:54<00:23,  1.42it/s] 69%|██████▉   | 75/108 [00:55<00:23,  1.42it/s] 70%|███████   | 76/108 [00:55<00:22,  1.42it/s] 71%|███████▏  | 77/108 [00:56<00:21,  1.42it/s] 72%|███████▏  | 78/108 [00:57<00:21,  1.42it/s] 73%|███████▎  | 79/108 [00:57<00:20,  1.42it/s] 74%|███████▍  | 80/108 [00:58<00:19,  1.42it/s] 75%|███████▌  | 81/108 [00:59<00:19,  1.42it/s] 76%|███████▌  | 82/108 [00:59<00:18,  1.42it/s] 77%|███████▋  | 83/108 [01:00<00:17,  1.42it/s] 78%|███████▊  | 84/108 [01:01<00:16,  1.42it/s] 79%|███████▊  | 85/108 [01:02<00:16,  1.42it/s] 80%|███████▉  | 86/108 [01:02<00:15,  1.42it/s] 81%|████████  | 87/108 [01:03<00:14,  1.42it/s] 81%|████████▏ | 88/108 [01:04<00:14,  1.42it/s] 82%|████████▏ | 89/108 [01:04<00:13,  1.42it/s] 83%|████████▎ | 90/108 [01:05<00:12,  1.42it/s] 84%|████████▍ | 91/108 [01:06<00:11,  1.42it/s] 85%|████████▌ | 92/108 [01:07<00:11,  1.42it/s] 86%|████████▌ | 93/108 [01:07<00:10,  1.42it/s] 87%|████████▋ | 94/108 [01:08<00:09,  1.42it/s] 88%|████████▊ | 95/108 [01:09<00:09,  1.42it/s] 89%|████████▉ | 96/108 [01:09<00:08,  1.42it/s] 90%|████████▉ | 97/108 [01:10<00:07,  1.42it/s] 91%|█████████ | 98/108 [01:11<00:07,  1.42it/s] 92%|█████████▏| 99/108 [01:11<00:06,  1.42it/s] 93%|█████████▎| 100/108 [01:12<00:05,  1.42it/s] 94%|█████████▎| 101/108 [01:13<00:04,  1.42it/s] 94%|█████████▍| 102/108 [01:14<00:04,  1.42it/s] 95%|█████████▌| 103/108 [01:14<00:03,  1.42it/s] 96%|█████████▋| 104/108 [01:15<00:02,  1.42it/s] 97%|█████████▋| 105/108 [01:16<00:02,  1.42it/s] 98%|█████████▊| 106/108 [01:16<00:01,  1.42it/s] 99%|█████████▉| 107/108 [01:17<00:00,  1.42it/s]100%|██████████| 108/108 [01:17<00:00,  1.68it/s]100%|██████████| 108/108 [01:18<00:00,  1.38it/s]
Epoch 116/200, Train Loss: 2.4723, Valid Loss: 2.4544
  0%|          | 0/108 [00:00<?, ?it/s]  1%|          | 1/108 [00:02<05:14,  2.94s/it]  2%|▏         | 2/108 [00:03<02:51,  1.62s/it]  3%|▎         | 3/108 [00:04<02:06,  1.20s/it]  4%|▎         | 4/108 [00:05<01:46,  1.02s/it]  5%|▍         | 5/108 [00:05<01:33,  1.10it/s]  6%|▌         | 6/108 [00:06<01:25,  1.20it/s]  6%|▋         | 7/108 [00:07<01:19,  1.26it/s]  7%|▋         | 8/108 [00:07<01:16,  1.31it/s]  8%|▊         | 9/108 [00:08<01:13,  1.34it/s]  9%|▉         | 10/108 [00:09<01:11,  1.37it/s] 10%|█         | 11/108 [00:09<01:10,  1.38it/s] 11%|█         | 12/108 [00:10<01:08,  1.40it/s] 12%|█▏        | 13/108 [00:11<01:07,  1.41it/s] 13%|█▎        | 14/108 [00:12<01:06,  1.41it/s] 14%|█▍        | 15/108 [00:12<01:05,  1.41it/s] 15%|█▍        | 16/108 [00:13<01:04,  1.42it/s] 16%|█▌        | 17/108 [00:14<01:04,  1.42it/s] 17%|█▋        | 18/108 [00:14<01:03,  1.42it/s] 18%|█▊        | 19/108 [00:15<01:02,  1.42it/s] 19%|█▊        | 20/108 [00:16<01:01,  1.42it/s] 19%|█▉        | 21/108 [00:17<01:01,  1.42it/s] 20%|██        | 22/108 [00:17<01:00,  1.42it/s] 21%|██▏       | 23/108 [00:18<00:59,  1.42it/s] 22%|██▏       | 24/108 [00:19<00:58,  1.42it/s] 23%|██▎       | 25/108 [00:19<00:58,  1.42it/s] 24%|██▍       | 26/108 [00:20<00:57,  1.42it/s] 25%|██▌       | 27/108 [00:21<00:56,  1.42it/s] 26%|██▌       | 28/108 [00:21<00:56,  1.41it/s] 27%|██▋       | 29/108 [00:22<00:55,  1.41it/s] 28%|██▊       | 30/108 [00:23<00:55,  1.42it/s] 29%|██▊       | 31/108 [00:24<00:54,  1.42it/s] 30%|██▉       | 32/108 [00:24<00:53,  1.42it/s] 31%|███       | 33/108 [00:25<00:52,  1.42it/s] 31%|███▏      | 34/108 [00:26<00:52,  1.42it/s] 32%|███▏      | 35/108 [00:26<00:51,  1.42it/s] 33%|███▎      | 36/108 [00:27<00:50,  1.42it/s] 34%|███▍      | 37/108 [00:28<00:49,  1.42it/s] 35%|███▌      | 38/108 [00:28<00:49,  1.42it/s] 36%|███▌      | 39/108 [00:29<00:48,  1.42it/s] 37%|███▋      | 40/108 [00:30<00:47,  1.43it/s] 38%|███▊      | 41/108 [00:31<00:47,  1.42it/s] 39%|███▉      | 42/108 [00:31<00:46,  1.42it/s] 40%|███▉      | 43/108 [00:32<00:45,  1.42it/s] 41%|████      | 44/108 [00:33<00:44,  1.43it/s] 42%|████▏     | 45/108 [00:33<00:44,  1.42it/s] 43%|████▎     | 46/108 [00:34<00:43,  1.42it/s] 44%|████▎     | 47/108 [00:35<00:42,  1.42it/s] 44%|████▍     | 48/108 [00:35<00:42,  1.42it/s] 45%|████▌     | 49/108 [00:36<00:41,  1.42it/s] 46%|████▋     | 50/108 [00:37<00:40,  1.42it/s] 47%|████▋     | 51/108 [00:38<00:40,  1.42it/s] 48%|████▊     | 52/108 [00:38<00:39,  1.42it/s] 49%|████▉     | 53/108 [00:39<00:38,  1.42it/s] 50%|█████     | 54/108 [00:40<00:38,  1.42it/s] 51%|█████     | 55/108 [00:40<00:37,  1.42it/s] 52%|█████▏    | 56/108 [00:41<00:36,  1.42it/s] 53%|█████▎    | 57/108 [00:42<00:35,  1.42it/s] 54%|█████▎    | 58/108 [00:43<00:35,  1.42it/s] 55%|█████▍    | 59/108 [00:43<00:34,  1.42it/s] 56%|█████▌    | 60/108 [00:44<00:33,  1.42it/s] 56%|█████▋    | 61/108 [00:45<00:33,  1.42it/s] 57%|█████▋    | 62/108 [00:45<00:32,  1.42it/s] 58%|█████▊    | 63/108 [00:46<00:31,  1.42it/s] 59%|█████▉    | 64/108 [00:47<00:31,  1.42it/s] 60%|██████    | 65/108 [00:47<00:30,  1.42it/s] 61%|██████    | 66/108 [00:48<00:29,  1.42it/s] 62%|██████▏   | 67/108 [00:49<00:28,  1.42it/s] 63%|██████▎   | 68/108 [00:50<00:28,  1.42it/s] 64%|██████▍   | 69/108 [00:50<00:27,  1.42it/s] 65%|██████▍   | 70/108 [00:51<00:26,  1.42it/s] 66%|██████▌   | 71/108 [00:52<00:26,  1.42it/s] 67%|██████▋   | 72/108 [00:52<00:25,  1.42it/s] 68%|██████▊   | 73/108 [00:53<00:24,  1.42it/s] 69%|██████▊   | 74/108 [00:54<00:23,  1.42it/s] 69%|██████▉   | 75/108 [00:55<00:23,  1.42it/s] 70%|███████   | 76/108 [00:55<00:22,  1.42it/s] 71%|███████▏  | 77/108 [00:56<00:21,  1.42it/s] 72%|███████▏  | 78/108 [00:57<00:21,  1.42it/s] 73%|███████▎  | 79/108 [00:57<00:20,  1.42it/s] 74%|███████▍  | 80/108 [00:58<00:19,  1.42it/s] 75%|███████▌  | 81/108 [00:59<00:19,  1.42it/s] 76%|███████▌  | 82/108 [00:59<00:18,  1.42it/s] 77%|███████▋  | 83/108 [01:00<00:17,  1.42it/s] 78%|███████▊  | 84/108 [01:01<00:16,  1.42it/s] 79%|███████▊  | 85/108 [01:02<00:16,  1.42it/s] 80%|███████▉  | 86/108 [01:02<00:15,  1.42it/s] 81%|████████  | 87/108 [01:03<00:14,  1.42it/s] 81%|████████▏ | 88/108 [01:04<00:14,  1.42it/s] 82%|████████▏ | 89/108 [01:04<00:13,  1.42it/s] 83%|████████▎ | 90/108 [01:05<00:12,  1.42it/s] 84%|████████▍ | 91/108 [01:06<00:11,  1.42it/s] 85%|████████▌ | 92/108 [01:06<00:11,  1.42it/s] 86%|████████▌ | 93/108 [01:07<00:10,  1.42it/s] 87%|████████▋ | 94/108 [01:08<00:09,  1.42it/s] 88%|████████▊ | 95/108 [01:09<00:09,  1.42it/s] 89%|████████▉ | 96/108 [01:09<00:08,  1.42it/s] 90%|████████▉ | 97/108 [01:10<00:07,  1.42it/s] 91%|█████████ | 98/108 [01:11<00:07,  1.42it/s] 92%|█████████▏| 99/108 [01:11<00:06,  1.42it/s] 93%|█████████▎| 100/108 [01:12<00:05,  1.42it/s] 94%|█████████▎| 101/108 [01:13<00:04,  1.42it/s] 94%|█████████▍| 102/108 [01:14<00:04,  1.42it/s] 95%|█████████▌| 103/108 [01:14<00:03,  1.42it/s] 96%|█████████▋| 104/108 [01:15<00:02,  1.42it/s] 97%|█████████▋| 105/108 [01:16<00:02,  1.42it/s] 98%|█████████▊| 106/108 [01:16<00:01,  1.42it/s] 99%|█████████▉| 107/108 [01:17<00:00,  1.42it/s]100%|██████████| 108/108 [01:17<00:00,  1.68it/s]100%|██████████| 108/108 [01:17<00:00,  1.39it/s]
Epoch 117/200, Train Loss: 2.4697, Valid Loss: 2.5547
  0%|          | 0/108 [00:00<?, ?it/s]  1%|          | 1/108 [00:02<05:11,  2.91s/it]  2%|▏         | 2/108 [00:03<02:51,  1.62s/it]  3%|▎         | 3/108 [00:04<02:06,  1.21s/it]  4%|▎         | 4/108 [00:05<01:44,  1.01s/it]  5%|▍         | 5/108 [00:05<01:32,  1.11it/s]  6%|▌         | 6/108 [00:06<01:25,  1.19it/s]  6%|▋         | 7/108 [00:07<01:20,  1.26it/s]  7%|▋         | 8/108 [00:07<01:16,  1.31it/s]  8%|▊         | 9/108 [00:08<01:13,  1.34it/s]  9%|▉         | 10/108 [00:09<01:11,  1.37it/s] 10%|█         | 11/108 [00:09<01:09,  1.39it/s] 11%|█         | 12/108 [00:10<01:08,  1.40it/s] 12%|█▏        | 13/108 [00:11<01:07,  1.41it/s] 13%|█▎        | 14/108 [00:12<01:06,  1.41it/s] 14%|█▍        | 15/108 [00:12<01:05,  1.42it/s] 15%|█▍        | 16/108 [00:13<01:04,  1.42it/s] 16%|█▌        | 17/108 [00:14<01:04,  1.42it/s] 17%|█▋        | 18/108 [00:14<01:03,  1.42it/s] 18%|█▊        | 19/108 [00:15<01:02,  1.42it/s] 19%|█▊        | 20/108 [00:16<01:01,  1.42it/s] 19%|█▉        | 21/108 [00:16<01:01,  1.42it/s] 20%|██        | 22/108 [00:17<01:00,  1.42it/s] 21%|██▏       | 23/108 [00:18<00:59,  1.42it/s] 22%|██▏       | 24/108 [00:19<00:58,  1.42it/s] 23%|██▎       | 25/108 [00:19<00:58,  1.42it/s] 24%|██▍       | 26/108 [00:20<00:57,  1.42it/s] 25%|██▌       | 27/108 [00:21<00:57,  1.42it/s] 26%|██▌       | 28/108 [00:21<00:56,  1.42it/s] 27%|██▋       | 29/108 [00:22<00:55,  1.41it/s] 28%|██▊       | 30/108 [00:23<00:55,  1.41it/s] 29%|██▊       | 31/108 [00:24<00:54,  1.41it/s] 30%|██▉       | 32/108 [00:24<00:53,  1.42it/s] 31%|███       | 33/108 [00:25<00:52,  1.42it/s] 31%|███▏      | 34/108 [00:26<00:52,  1.42it/s] 32%|███▏      | 35/108 [00:26<00:51,  1.42it/s] 33%|███▎      | 36/108 [00:27<00:50,  1.42it/s] 34%|███▍      | 37/108 [00:28<00:49,  1.42it/s] 35%|███▌      | 38/108 [00:28<00:49,  1.42it/s] 36%|███▌      | 39/108 [00:29<00:48,  1.42it/s] 37%|███▋      | 40/108 [00:30<00:47,  1.43it/s] 38%|███▊      | 41/108 [00:31<00:47,  1.42it/s] 39%|███▉      | 42/108 [00:31<00:46,  1.42it/s] 40%|███▉      | 43/108 [00:32<00:45,  1.42it/s] 41%|████      | 44/108 [00:33<00:44,  1.42it/s] 42%|████▏     | 45/108 [00:33<00:44,  1.43it/s] 43%|████▎     | 46/108 [00:34<00:43,  1.43it/s] 44%|████▎     | 47/108 [00:35<00:42,  1.42it/s] 44%|████▍     | 48/108 [00:35<00:42,  1.43it/s] 45%|████▌     | 49/108 [00:36<00:41,  1.42it/s] 46%|████▋     | 50/108 [00:37<00:40,  1.42it/s] 47%|████▋     | 51/108 [00:38<00:40,  1.42it/s] 48%|████▊     | 52/108 [00:38<00:39,  1.42it/s] 49%|████▉     | 53/108 [00:39<00:38,  1.42it/s] 50%|█████     | 54/108 [00:40<00:37,  1.42it/s] 51%|█████     | 55/108 [00:40<00:37,  1.42it/s] 52%|█████▏    | 56/108 [00:41<00:36,  1.42it/s] 53%|█████▎    | 57/108 [00:42<00:35,  1.42it/s] 54%|█████▎    | 58/108 [00:43<00:35,  1.42it/s] 55%|█████▍    | 59/108 [00:43<00:34,  1.42it/s] 56%|█████▌    | 60/108 [00:44<00:33,  1.42it/s] 56%|█████▋    | 61/108 [00:45<00:33,  1.42it/s] 57%|█████▋    | 62/108 [00:45<00:32,  1.42it/s] 58%|█████▊    | 63/108 [00:46<00:31,  1.42it/s] 59%|█████▉    | 64/108 [00:47<00:30,  1.42it/s] 60%|██████    | 65/108 [00:47<00:30,  1.42it/s] 61%|██████    | 66/108 [00:48<00:29,  1.42it/s] 62%|██████▏   | 67/108 [00:49<00:28,  1.42it/s] 63%|██████▎   | 68/108 [00:50<00:28,  1.42it/s] 64%|██████▍   | 69/108 [00:50<00:27,  1.42it/s] 65%|██████▍   | 70/108 [00:51<00:26,  1.42it/s] 66%|██████▌   | 71/108 [00:52<00:26,  1.42it/s] 67%|██████▋   | 72/108 [00:52<00:25,  1.42it/s] 68%|██████▊   | 73/108 [00:53<00:24,  1.42it/s] 69%|██████▊   | 74/108 [00:54<00:23,  1.42it/s] 69%|██████▉   | 75/108 [00:54<00:23,  1.42it/s] 70%|███████   | 76/108 [00:55<00:22,  1.42it/s] 71%|███████▏  | 77/108 [00:56<00:21,  1.42it/s] 72%|███████▏  | 78/108 [00:57<00:21,  1.42it/s] 73%|███████▎  | 79/108 [00:57<00:20,  1.42it/s] 74%|███████▍  | 80/108 [00:58<00:19,  1.42it/s] 75%|███████▌  | 81/108 [00:59<00:19,  1.42it/s] 76%|███████▌  | 82/108 [00:59<00:18,  1.42it/s] 77%|███████▋  | 83/108 [01:00<00:17,  1.42it/s] 78%|███████▊  | 84/108 [01:01<00:16,  1.42it/s] 79%|███████▊  | 85/108 [01:02<00:16,  1.42it/s] 80%|███████▉  | 86/108 [01:02<00:15,  1.42it/s] 81%|████████  | 87/108 [01:03<00:14,  1.42it/s] 81%|████████▏ | 88/108 [01:04<00:14,  1.42it/s] 82%|████████▏ | 89/108 [01:04<00:13,  1.42it/s] 83%|████████▎ | 90/108 [01:05<00:12,  1.42it/s] 84%|████████▍ | 91/108 [01:06<00:11,  1.42it/s] 85%|████████▌ | 92/108 [01:06<00:11,  1.42it/s] 86%|████████▌ | 93/108 [01:07<00:10,  1.42it/s] 87%|████████▋ | 94/108 [01:08<00:09,  1.42it/s] 88%|████████▊ | 95/108 [01:09<00:09,  1.42it/s] 89%|████████▉ | 96/108 [01:09<00:08,  1.42it/s] 90%|████████▉ | 97/108 [01:10<00:07,  1.42it/s] 91%|█████████ | 98/108 [01:11<00:07,  1.42it/s] 92%|█████████▏| 99/108 [01:11<00:06,  1.42it/s] 93%|█████████▎| 100/108 [01:12<00:05,  1.42it/s] 94%|█████████▎| 101/108 [01:13<00:04,  1.42it/s] 94%|█████████▍| 102/108 [01:13<00:04,  1.42it/s] 95%|█████████▌| 103/108 [01:14<00:03,  1.42it/s] 96%|█████████▋| 104/108 [01:15<00:02,  1.42it/s] 97%|█████████▋| 105/108 [01:16<00:02,  1.42it/s] 98%|█████████▊| 106/108 [01:16<00:01,  1.42it/s] 99%|█████████▉| 107/108 [01:17<00:00,  1.42it/s]100%|██████████| 108/108 [01:17<00:00,  1.68it/s]100%|██████████| 108/108 [01:17<00:00,  1.39it/s]
Epoch 118/200, Train Loss: 2.4663, Valid Loss: 2.4436
  0%|          | 0/108 [00:00<?, ?it/s]  1%|          | 1/108 [00:03<06:27,  3.62s/it]  2%|▏         | 2/108 [00:04<03:21,  1.90s/it]  3%|▎         | 3/108 [00:05<02:22,  1.35s/it]  4%|▎         | 4/108 [00:05<01:54,  1.10s/it]  5%|▍         | 5/108 [00:06<01:38,  1.05it/s]  6%|▌         | 6/108 [00:07<01:28,  1.15it/s]  6%|▋         | 7/108 [00:07<01:22,  1.23it/s]  7%|▋         | 8/108 [00:08<01:17,  1.29it/s]  8%|▊         | 9/108 [00:09<01:14,  1.32it/s]  9%|▉         | 10/108 [00:09<01:12,  1.35it/s] 10%|█         | 11/108 [00:10<01:10,  1.37it/s] 11%|█         | 12/108 [00:11<01:09,  1.39it/s] 12%|█▏        | 13/108 [00:12<01:07,  1.40it/s] 13%|█▎        | 14/108 [00:12<01:06,  1.41it/s] 14%|█▍        | 15/108 [00:13<01:05,  1.41it/s] 15%|█▍        | 16/108 [00:14<01:05,  1.41it/s] 16%|█▌        | 17/108 [00:14<01:04,  1.42it/s] 17%|█▋        | 18/108 [00:15<01:03,  1.42it/s] 18%|█▊        | 19/108 [00:16<01:02,  1.42it/s] 19%|█▊        | 20/108 [00:16<01:01,  1.42it/s] 19%|█▉        | 21/108 [00:17<01:01,  1.42it/s] 20%|██        | 22/108 [00:18<01:00,  1.42it/s] 21%|██▏       | 23/108 [00:19<00:59,  1.42it/s] 22%|██▏       | 24/108 [00:19<00:58,  1.43it/s] 23%|██▎       | 25/108 [00:20<00:58,  1.42it/s] 24%|██▍       | 26/108 [00:21<00:57,  1.42it/s] 25%|██▌       | 27/108 [00:21<00:57,  1.42it/s] 26%|██▌       | 28/108 [00:22<00:56,  1.42it/s] 27%|██▋       | 29/108 [00:23<00:55,  1.42it/s] 28%|██▊       | 30/108 [00:23<00:54,  1.42it/s] 29%|██▊       | 31/108 [00:24<00:54,  1.42it/s] 30%|██▉       | 32/108 [00:25<00:53,  1.42it/s] 31%|███       | 33/108 [00:26<00:52,  1.42it/s] 31%|███▏      | 34/108 [00:26<00:51,  1.42it/s] 32%|███▏      | 35/108 [00:27<00:51,  1.42it/s] 33%|███▎      | 36/108 [00:28<00:50,  1.42it/s] 34%|███▍      | 37/108 [00:28<00:50,  1.42it/s] 35%|███▌      | 38/108 [00:29<00:49,  1.42it/s] 36%|███▌      | 39/108 [00:30<00:48,  1.42it/s] 37%|███▋      | 40/108 [00:31<00:47,  1.42it/s] 38%|███▊      | 41/108 [00:31<00:47,  1.42it/s] 39%|███▉      | 42/108 [00:32<00:46,  1.42it/s] 40%|███▉      | 43/108 [00:33<00:45,  1.42it/s] 41%|████      | 44/108 [00:33<00:44,  1.42it/s] 42%|████▏     | 45/108 [00:34<00:44,  1.42it/s] 43%|████▎     | 46/108 [00:35<00:43,  1.42it/s] 44%|████▎     | 47/108 [00:35<00:42,  1.43it/s] 44%|████▍     | 48/108 [00:36<00:42,  1.42it/s] 45%|████▌     | 49/108 [00:37<00:41,  1.42it/s] 46%|████▋     | 50/108 [00:38<00:40,  1.42it/s] 47%|████▋     | 51/108 [00:38<00:40,  1.42it/s] 48%|████▊     | 52/108 [00:39<00:39,  1.42it/s] 49%|████▉     | 53/108 [00:40<00:38,  1.42it/s] 50%|█████     | 54/108 [00:40<00:38,  1.42it/s] 51%|█████     | 55/108 [00:41<00:37,  1.42it/s] 52%|█████▏    | 56/108 [00:42<00:36,  1.42it/s] 53%|█████▎    | 57/108 [00:42<00:35,  1.42it/s] 54%|█████▎    | 58/108 [00:43<00:35,  1.42it/s] 55%|█████▍    | 59/108 [00:44<00:34,  1.42it/s] 56%|█████▌    | 60/108 [00:45<00:33,  1.41it/s] 56%|█████▋    | 61/108 [00:45<00:33,  1.42it/s] 57%|█████▋    | 62/108 [00:46<00:32,  1.42it/s] 58%|█████▊    | 63/108 [00:47<00:31,  1.42it/s] 59%|█████▉    | 64/108 [00:47<00:30,  1.42it/s] 60%|██████    | 65/108 [00:48<00:30,  1.42it/s] 61%|██████    | 66/108 [00:49<00:29,  1.42it/s] 62%|██████▏   | 67/108 [00:50<00:28,  1.42it/s] 63%|██████▎   | 68/108 [00:50<00:28,  1.42it/s] 64%|██████▍   | 69/108 [00:51<00:27,  1.42it/s] 65%|██████▍   | 70/108 [00:52<00:26,  1.42it/s] 66%|██████▌   | 71/108 [00:52<00:26,  1.42it/s] 67%|██████▋   | 72/108 [00:53<00:25,  1.42it/s] 68%|██████▊   | 73/108 [00:54<00:24,  1.42it/s] 69%|██████▊   | 74/108 [00:54<00:23,  1.42it/s] 69%|██████▉   | 75/108 [00:55<00:23,  1.42it/s] 70%|███████   | 76/108 [00:56<00:22,  1.42it/s] 71%|███████▏  | 77/108 [00:57<00:21,  1.42it/s] 72%|███████▏  | 78/108 [00:57<00:21,  1.42it/s] 73%|███████▎  | 79/108 [00:58<00:20,  1.42it/s] 74%|███████▍  | 80/108 [00:59<00:19,  1.42it/s] 75%|███████▌  | 81/108 [00:59<00:19,  1.42it/s] 76%|███████▌  | 82/108 [01:00<00:18,  1.42it/s] 77%|███████▋  | 83/108 [01:01<00:17,  1.42it/s] 78%|███████▊  | 84/108 [01:02<00:16,  1.42it/s] 79%|███████▊  | 85/108 [01:02<00:16,  1.42it/s] 80%|███████▉  | 86/108 [01:03<00:15,  1.42it/s] 81%|████████  | 87/108 [01:04<00:14,  1.42it/s] 81%|████████▏ | 88/108 [01:04<00:14,  1.42it/s] 82%|████████▏ | 89/108 [01:05<00:13,  1.42it/s] 83%|████████▎ | 90/108 [01:06<00:12,  1.42it/s] 84%|████████▍ | 91/108 [01:06<00:11,  1.42it/s] 85%|████████▌ | 92/108 [01:07<00:11,  1.42it/s] 86%|████████▌ | 93/108 [01:08<00:10,  1.42it/s] 87%|████████▋ | 94/108 [01:09<00:09,  1.42it/s] 88%|████████▊ | 95/108 [01:09<00:09,  1.42it/s] 89%|████████▉ | 96/108 [01:10<00:08,  1.42it/s] 90%|████████▉ | 97/108 [01:11<00:07,  1.42it/s] 91%|█████████ | 98/108 [01:11<00:07,  1.42it/s] 92%|█████████▏| 99/108 [01:12<00:06,  1.42it/s] 93%|█████████▎| 100/108 [01:13<00:05,  1.42it/s] 94%|█████████▎| 101/108 [01:13<00:04,  1.42it/s] 94%|█████████▍| 102/108 [01:14<00:04,  1.42it/s] 95%|█████████▌| 103/108 [01:15<00:03,  1.42it/s] 96%|█████████▋| 104/108 [01:16<00:02,  1.42it/s] 97%|█████████▋| 105/108 [01:16<00:02,  1.42it/s] 98%|█████████▊| 106/108 [01:17<00:01,  1.42it/s] 99%|█████████▉| 107/108 [01:18<00:00,  1.42it/s]100%|██████████| 108/108 [01:18<00:00,  1.68it/s]100%|██████████| 108/108 [01:18<00:00,  1.37it/s]
Epoch 119/200, Train Loss: 2.4764, Valid Loss: 2.4484
  0%|          | 0/108 [00:00<?, ?it/s]  1%|          | 1/108 [00:02<05:15,  2.95s/it]  2%|▏         | 2/108 [00:03<02:54,  1.65s/it]  3%|▎         | 3/108 [00:04<02:08,  1.22s/it]  4%|▎         | 4/108 [00:05<01:45,  1.02s/it]  5%|▍         | 5/108 [00:05<01:32,  1.11it/s]  6%|▌         | 6/108 [00:06<01:25,  1.20it/s]  6%|▋         | 7/108 [00:07<01:19,  1.26it/s]  7%|▋         | 8/108 [00:07<01:16,  1.31it/s]  8%|▊         | 9/108 [00:08<01:13,  1.34it/s]  9%|▉         | 10/108 [00:09<01:11,  1.36it/s] 10%|█         | 11/108 [00:10<01:10,  1.38it/s] 11%|█         | 12/108 [00:10<01:08,  1.39it/s] 12%|█▏        | 13/108 [00:11<01:07,  1.40it/s] 13%|█▎        | 14/108 [00:12<01:06,  1.41it/s] 14%|█▍        | 15/108 [00:12<01:05,  1.41it/s] 15%|█▍        | 16/108 [00:13<01:04,  1.42it/s] 16%|█▌        | 17/108 [00:14<01:04,  1.42it/s] 17%|█▋        | 18/108 [00:14<01:03,  1.42it/s] 18%|█▊        | 19/108 [00:15<01:02,  1.42it/s] 19%|█▊        | 20/108 [00:16<01:01,  1.42it/s] 19%|█▉        | 21/108 [00:17<01:01,  1.42it/s] 20%|██        | 22/108 [00:17<01:00,  1.42it/s] 21%|██▏       | 23/108 [00:18<00:59,  1.43it/s] 22%|██▏       | 24/108 [00:19<00:58,  1.43it/s] 23%|██▎       | 25/108 [00:19<00:58,  1.42it/s] 24%|██▍       | 26/108 [00:20<00:57,  1.42it/s] 25%|██▌       | 27/108 [00:21<00:57,  1.42it/s] 26%|██▌       | 28/108 [00:21<00:56,  1.42it/s] 27%|██▋       | 29/108 [00:22<00:55,  1.42it/s] 28%|██▊       | 30/108 [00:23<00:54,  1.42it/s] 29%|██▊       | 31/108 [00:24<00:54,  1.42it/s] 30%|██▉       | 32/108 [00:24<00:53,  1.42it/s] 31%|███       | 33/108 [00:25<00:52,  1.42it/s] 31%|███▏      | 34/108 [00:26<00:52,  1.42it/s] 32%|███▏      | 35/108 [00:26<00:51,  1.42it/s] 33%|███▎      | 36/108 [00:27<00:50,  1.42it/s] 34%|███▍      | 37/108 [00:28<00:49,  1.42it/s] 35%|███▌      | 38/108 [00:29<00:49,  1.42it/s] 36%|███▌      | 39/108 [00:29<00:48,  1.42it/s] 37%|███▋      | 40/108 [00:30<00:47,  1.42it/s] 38%|███▊      | 41/108 [00:31<00:47,  1.42it/s] 39%|███▉      | 42/108 [00:31<00:46,  1.42it/s] 40%|███▉      | 43/108 [00:32<00:45,  1.42it/s] 41%|████      | 44/108 [00:33<00:44,  1.42it/s] 42%|████▏     | 45/108 [00:33<00:44,  1.42it/s] 43%|████▎     | 46/108 [00:34<00:43,  1.42it/s] 44%|████▎     | 47/108 [00:35<00:42,  1.42it/s] 44%|████▍     | 48/108 [00:36<00:42,  1.42it/s] 45%|████▌     | 49/108 [00:36<00:41,  1.42it/s] 46%|████▋     | 50/108 [00:37<00:40,  1.42it/s] 47%|████▋     | 51/108 [00:38<00:40,  1.42it/s] 48%|████▊     | 52/108 [00:38<00:39,  1.42it/s] 49%|████▉     | 53/108 [00:39<00:38,  1.42it/s] 50%|█████     | 54/108 [00:40<00:38,  1.42it/s] 51%|█████     | 55/108 [00:40<00:37,  1.42it/s] 52%|█████▏    | 56/108 [00:41<00:36,  1.42it/s] 53%|█████▎    | 57/108 [00:42<00:35,  1.42it/s] 54%|█████▎    | 58/108 [00:43<00:35,  1.42it/s] 55%|█████▍    | 59/108 [00:43<00:34,  1.42it/s] 56%|█████▌    | 60/108 [00:44<00:33,  1.42it/s] 56%|█████▋    | 61/108 [00:45<00:33,  1.42it/s] 57%|█████▋    | 62/108 [00:45<00:32,  1.42it/s] 58%|█████▊    | 63/108 [00:46<00:31,  1.42it/s] 59%|█████▉    | 64/108 [00:47<00:30,  1.42it/s] 60%|██████    | 65/108 [00:48<00:30,  1.42it/s] 61%|██████    | 66/108 [00:48<00:29,  1.42it/s] 62%|██████▏   | 67/108 [00:49<00:28,  1.42it/s] 63%|██████▎   | 68/108 [00:50<00:28,  1.42it/s] 64%|██████▍   | 69/108 [00:50<00:27,  1.42it/s] 65%|██████▍   | 70/108 [00:51<00:26,  1.42it/s] 66%|██████▌   | 71/108 [00:52<00:26,  1.42it/s] 67%|██████▋   | 72/108 [00:52<00:25,  1.42it/s] 68%|██████▊   | 73/108 [00:53<00:24,  1.42it/s] 69%|██████▊   | 74/108 [00:54<00:23,  1.42it/s] 69%|██████▉   | 75/108 [00:55<00:23,  1.42it/s] 70%|███████   | 76/108 [00:55<00:22,  1.42it/s] 71%|███████▏  | 77/108 [00:56<00:21,  1.42it/s] 72%|███████▏  | 78/108 [00:57<00:21,  1.42it/s] 73%|███████▎  | 79/108 [00:57<00:20,  1.42it/s] 74%|███████▍  | 80/108 [00:58<00:19,  1.42it/s] 75%|███████▌  | 81/108 [00:59<00:19,  1.42it/s] 76%|███████▌  | 82/108 [00:59<00:18,  1.42it/s] 77%|███████▋  | 83/108 [01:00<00:17,  1.42it/s] 78%|███████▊  | 84/108 [01:01<00:16,  1.42it/s] 79%|███████▊  | 85/108 [01:02<00:16,  1.42it/s] 80%|███████▉  | 86/108 [01:02<00:15,  1.42it/s] 81%|████████  | 87/108 [01:03<00:14,  1.42it/s] 81%|████████▏ | 88/108 [01:04<00:14,  1.42it/s] 82%|████████▏ | 89/108 [01:04<00:13,  1.42it/s] 83%|████████▎ | 90/108 [01:05<00:12,  1.42it/s] 84%|████████▍ | 91/108 [01:06<00:11,  1.42it/s] 85%|████████▌ | 92/108 [01:06<00:11,  1.42it/s] 86%|████████▌ | 93/108 [01:07<00:10,  1.42it/s] 87%|████████▋ | 94/108 [01:08<00:09,  1.42it/s] 88%|████████▊ | 95/108 [01:09<00:09,  1.42it/s] 89%|████████▉ | 96/108 [01:09<00:08,  1.42it/s] 90%|████████▉ | 97/108 [01:10<00:07,  1.42it/s] 91%|█████████ | 98/108 [01:11<00:07,  1.42it/s] 92%|█████████▏| 99/108 [01:11<00:06,  1.42it/s] 93%|█████████▎| 100/108 [01:12<00:05,  1.42it/s] 94%|█████████▎| 101/108 [01:13<00:04,  1.42it/s] 94%|█████████▍| 102/108 [01:14<00:04,  1.42it/s] 95%|█████████▌| 103/108 [01:14<00:03,  1.42it/s] 96%|█████████▋| 104/108 [01:15<00:02,  1.42it/s] 97%|█████████▋| 105/108 [01:16<00:02,  1.42it/s] 98%|█████████▊| 106/108 [01:16<00:01,  1.42it/s] 99%|█████████▉| 107/108 [01:17<00:00,  1.42it/s]100%|██████████| 108/108 [01:17<00:00,  1.68it/s]100%|██████████| 108/108 [01:17<00:00,  1.38it/s]
Epoch 120/200, Train Loss: 2.4626, Valid Loss: 2.4593
  0%|          | 0/108 [00:00<?, ?it/s]  1%|          | 1/108 [00:02<05:20,  3.00s/it]  2%|▏         | 2/108 [00:03<02:57,  1.68s/it]  3%|▎         | 3/108 [00:04<02:09,  1.23s/it]  4%|▎         | 4/108 [00:05<01:47,  1.03s/it]  5%|▍         | 5/108 [00:05<01:33,  1.10it/s]  6%|▌         | 6/108 [00:06<01:25,  1.19it/s]  6%|▋         | 7/108 [00:07<01:20,  1.26it/s]  7%|▋         | 8/108 [00:07<01:16,  1.31it/s]  8%|▊         | 9/108 [00:08<01:13,  1.34it/s]  9%|▉         | 10/108 [00:09<01:11,  1.37it/s] 10%|█         | 11/108 [00:10<01:10,  1.38it/s] 11%|█         | 12/108 [00:10<01:08,  1.40it/s] 12%|█▏        | 13/108 [00:11<01:07,  1.40it/s] 13%|█▎        | 14/108 [00:12<01:06,  1.41it/s] 14%|█▍        | 15/108 [00:12<01:05,  1.42it/s] 15%|█▍        | 16/108 [00:13<01:04,  1.42it/s] 16%|█▌        | 17/108 [00:14<01:04,  1.42it/s] 17%|█▋        | 18/108 [00:14<01:03,  1.42it/s] 18%|█▊        | 19/108 [00:15<01:02,  1.42it/s] 19%|█▊        | 20/108 [00:16<01:01,  1.42it/s] 19%|█▉        | 21/108 [00:17<01:01,  1.43it/s] 20%|██        | 22/108 [00:17<01:00,  1.43it/s] 21%|██▏       | 23/108 [00:18<00:59,  1.43it/s] 22%|██▏       | 24/108 [00:19<00:58,  1.42it/s] 23%|██▎       | 25/108 [00:19<00:58,  1.42it/s] 24%|██▍       | 26/108 [00:20<00:57,  1.42it/s] 25%|██▌       | 27/108 [00:21<00:57,  1.41it/s] 26%|██▌       | 28/108 [00:22<00:56,  1.41it/s] 27%|██▋       | 29/108 [00:22<00:55,  1.42it/s] 28%|██▊       | 30/108 [00:23<00:54,  1.42it/s] 29%|██▊       | 31/108 [00:24<00:54,  1.42it/s] 30%|██▉       | 32/108 [00:24<00:53,  1.42it/s] 31%|███       | 33/108 [00:25<00:52,  1.42it/s] 31%|███▏      | 34/108 [00:26<00:51,  1.42it/s] 32%|███▏      | 35/108 [00:26<00:51,  1.42it/s] 33%|███▎      | 36/108 [00:27<00:50,  1.42it/s] 34%|███▍      | 37/108 [00:28<00:49,  1.42it/s] 35%|███▌      | 38/108 [00:29<00:49,  1.42it/s] 36%|███▌      | 39/108 [00:29<00:48,  1.42it/s] 37%|███▋      | 40/108 [00:30<00:47,  1.42it/s] 38%|███▊      | 41/108 [00:31<00:47,  1.42it/s] 39%|███▉      | 42/108 [00:31<00:46,  1.43it/s] 40%|███▉      | 43/108 [00:32<00:45,  1.42it/s] 41%|████      | 44/108 [00:33<00:44,  1.43it/s] 42%|████▏     | 45/108 [00:33<00:44,  1.43it/s] 43%|████▎     | 46/108 [00:34<00:43,  1.43it/s] 44%|████▎     | 47/108 [00:35<00:42,  1.43it/s] 44%|████▍     | 48/108 [00:36<00:42,  1.43it/s] 45%|████▌     | 49/108 [00:36<00:41,  1.42it/s] 46%|████▋     | 50/108 [00:37<00:40,  1.42it/s] 47%|████▋     | 51/108 [00:38<00:40,  1.42it/s] 48%|████▊     | 52/108 [00:38<00:39,  1.42it/s] 49%|████▉     | 53/108 [00:39<00:38,  1.42it/s] 50%|█████     | 54/108 [00:40<00:38,  1.42it/s] 51%|█████     | 55/108 [00:41<00:37,  1.42it/s] 52%|█████▏    | 56/108 [00:41<00:36,  1.42it/s] 53%|█████▎    | 57/108 [00:42<00:35,  1.42it/s] 54%|█████▎    | 58/108 [00:43<00:35,  1.42it/s] 55%|█████▍    | 59/108 [00:43<00:34,  1.42it/s] 56%|█████▌    | 60/108 [00:44<00:33,  1.42it/s] 56%|█████▋    | 61/108 [00:45<00:33,  1.42it/s] 57%|█████▋    | 62/108 [00:45<00:32,  1.42it/s] 58%|█████▊    | 63/108 [00:46<00:31,  1.42it/s] 59%|█████▉    | 64/108 [00:47<00:30,  1.42it/s] 60%|██████    | 65/108 [00:48<00:30,  1.42it/s] 61%|██████    | 66/108 [00:48<00:29,  1.42it/s] 62%|██████▏   | 67/108 [00:49<00:28,  1.42it/s] 63%|██████▎   | 68/108 [00:50<00:28,  1.42it/s] 64%|██████▍   | 69/108 [00:50<00:27,  1.42it/s] 65%|██████▍   | 70/108 [00:51<00:26,  1.42it/s] 66%|██████▌   | 71/108 [00:52<00:26,  1.42it/s] 67%|██████▋   | 72/108 [00:52<00:25,  1.42it/s] 68%|██████▊   | 73/108 [00:53<00:24,  1.42it/s] 69%|██████▊   | 74/108 [00:54<00:23,  1.42it/s] 69%|██████▉   | 75/108 [00:55<00:23,  1.42it/s] 70%|███████   | 76/108 [00:55<00:22,  1.42it/s] 71%|███████▏  | 77/108 [00:56<00:21,  1.42it/s] 72%|███████▏  | 78/108 [00:57<00:21,  1.42it/s] 73%|███████▎  | 79/108 [00:57<00:20,  1.42it/s] 74%|███████▍  | 80/108 [00:58<00:19,  1.42it/s] 75%|███████▌  | 81/108 [00:59<00:19,  1.42it/s] 76%|███████▌  | 82/108 [01:00<00:18,  1.42it/s] 77%|███████▋  | 83/108 [01:00<00:17,  1.42it/s] 78%|███████▊  | 84/108 [01:01<00:16,  1.42it/s] 79%|███████▊  | 85/108 [01:02<00:16,  1.42it/s] 80%|███████▉  | 86/108 [01:02<00:15,  1.42it/s] 81%|████████  | 87/108 [01:03<00:14,  1.42it/s] 81%|████████▏ | 88/108 [01:04<00:14,  1.42it/s] 82%|████████▏ | 89/108 [01:04<00:13,  1.42it/s] 83%|████████▎ | 90/108 [01:05<00:12,  1.42it/s] 84%|████████▍ | 91/108 [01:06<00:11,  1.42it/s] 85%|████████▌ | 92/108 [01:07<00:11,  1.42it/s] 86%|████████▌ | 93/108 [01:07<00:10,  1.42it/s] 87%|████████▋ | 94/108 [01:08<00:09,  1.42it/s] 88%|████████▊ | 95/108 [01:09<00:09,  1.42it/s] 89%|████████▉ | 96/108 [01:09<00:08,  1.42it/s] 90%|████████▉ | 97/108 [01:10<00:07,  1.42it/s] 91%|█████████ | 98/108 [01:11<00:07,  1.42it/s] 92%|█████████▏| 99/108 [01:11<00:06,  1.42it/s] 93%|█████████▎| 100/108 [01:12<00:05,  1.42it/s] 94%|█████████▎| 101/108 [01:13<00:04,  1.42it/s] 94%|█████████▍| 102/108 [01:14<00:04,  1.42it/s] 95%|█████████▌| 103/108 [01:14<00:03,  1.42it/s] 96%|█████████▋| 104/108 [01:15<00:02,  1.42it/s] 97%|█████████▋| 105/108 [01:16<00:02,  1.42it/s] 98%|█████████▊| 106/108 [01:16<00:01,  1.42it/s] 99%|█████████▉| 107/108 [01:17<00:00,  1.42it/s]100%|██████████| 108/108 [01:17<00:00,  1.68it/s]100%|██████████| 108/108 [01:18<00:00,  1.38it/s]
Epoch 121/200, Train Loss: 2.4663, Valid Loss: 2.4787
  0%|          | 0/108 [00:00<?, ?it/s]  1%|          | 1/108 [00:03<06:04,  3.40s/it]  2%|▏         | 2/108 [00:04<03:12,  1.81s/it]  3%|▎         | 3/108 [00:04<02:17,  1.31s/it]  4%|▎         | 4/108 [00:05<01:50,  1.07s/it]  5%|▍         | 5/108 [00:06<01:36,  1.07it/s]  6%|▌         | 6/108 [00:06<01:27,  1.17it/s]  6%|▋         | 7/108 [00:07<01:21,  1.23it/s]  7%|▋         | 8/108 [00:08<01:17,  1.29it/s]  8%|▊         | 9/108 [00:09<01:14,  1.33it/s]  9%|▉         | 10/108 [00:09<01:12,  1.36it/s] 10%|█         | 11/108 [00:10<01:10,  1.38it/s] 11%|█         | 12/108 [00:11<01:08,  1.39it/s] 12%|█▏        | 13/108 [00:11<01:07,  1.40it/s] 13%|█▎        | 14/108 [00:12<01:06,  1.41it/s] 14%|█▍        | 15/108 [00:13<01:05,  1.41it/s] 15%|█▍        | 16/108 [00:13<01:04,  1.42it/s] 16%|█▌        | 17/108 [00:14<01:04,  1.42it/s] 17%|█▋        | 18/108 [00:15<01:03,  1.42it/s] 18%|█▊        | 19/108 [00:16<01:02,  1.42it/s] 19%|█▊        | 20/108 [00:16<01:01,  1.42it/s] 19%|█▉        | 21/108 [00:17<01:01,  1.42it/s] 20%|██        | 22/108 [00:18<01:00,  1.42it/s] 21%|██▏       | 23/108 [00:18<00:59,  1.42it/s] 22%|██▏       | 24/108 [00:19<00:58,  1.42it/s] 23%|██▎       | 25/108 [00:20<00:58,  1.42it/s] 24%|██▍       | 26/108 [00:20<00:57,  1.42it/s] 25%|██▌       | 27/108 [00:21<00:56,  1.42it/s] 26%|██▌       | 28/108 [00:22<00:56,  1.42it/s] 27%|██▋       | 29/108 [00:23<00:55,  1.42it/s] 28%|██▊       | 30/108 [00:23<00:54,  1.42it/s] 29%|██▊       | 31/108 [00:24<00:54,  1.42it/s] 30%|██▉       | 32/108 [00:25<00:53,  1.41it/s] 31%|███       | 33/108 [00:25<00:52,  1.42it/s] 31%|███▏      | 34/108 [00:26<00:52,  1.42it/s] 32%|███▏      | 35/108 [00:27<00:51,  1.42it/s] 33%|███▎      | 36/108 [00:28<00:50,  1.42it/s] 34%|███▍      | 37/108 [00:28<00:49,  1.42it/s] 35%|███▌      | 38/108 [00:29<00:49,  1.42it/s] 36%|███▌      | 39/108 [00:30<00:48,  1.42it/s] 37%|███▋      | 40/108 [00:30<00:47,  1.42it/s] 38%|███▊      | 41/108 [00:31<00:47,  1.42it/s] 39%|███▉      | 42/108 [00:32<00:46,  1.42it/s] 40%|███▉      | 43/108 [00:32<00:45,  1.42it/s] 41%|████      | 44/108 [00:33<00:44,  1.43it/s] 42%|████▏     | 45/108 [00:34<00:44,  1.43it/s] 43%|████▎     | 46/108 [00:35<00:43,  1.43it/s] 44%|████▎     | 47/108 [00:35<00:42,  1.43it/s] 44%|████▍     | 48/108 [00:36<00:42,  1.42it/s] 45%|████▌     | 49/108 [00:37<00:41,  1.42it/s] 46%|████▋     | 50/108 [00:37<00:40,  1.42it/s] 47%|████▋     | 51/108 [00:38<00:40,  1.42it/s] 48%|████▊     | 52/108 [00:39<00:39,  1.42it/s] 49%|████▉     | 53/108 [00:39<00:38,  1.42it/s] 50%|█████     | 54/108 [00:40<00:37,  1.42it/s] 51%|█████     | 55/108 [00:41<00:37,  1.42it/s] 52%|█████▏    | 56/108 [00:42<00:36,  1.42it/s] 53%|█████▎    | 57/108 [00:42<00:35,  1.42it/s] 54%|█████▎    | 58/108 [00:43<00:35,  1.42it/s] 55%|█████▍    | 59/108 [00:44<00:34,  1.42it/s] 56%|█████▌    | 60/108 [00:44<00:33,  1.42it/s] 56%|█████▋    | 61/108 [00:45<00:33,  1.42it/s] 57%|█████▋    | 62/108 [00:46<00:32,  1.42it/s] 58%|█████▊    | 63/108 [00:46<00:31,  1.42it/s] 59%|█████▉    | 64/108 [00:47<00:30,  1.42it/s] 60%|██████    | 65/108 [00:48<00:30,  1.42it/s] 61%|██████    | 66/108 [00:49<00:29,  1.42it/s] 62%|██████▏   | 67/108 [00:49<00:28,  1.42it/s] 63%|██████▎   | 68/108 [00:50<00:28,  1.42it/s] 64%|██████▍   | 69/108 [00:51<00:27,  1.42it/s] 65%|██████▍   | 70/108 [00:51<00:26,  1.42it/s] 66%|██████▌   | 71/108 [00:52<00:26,  1.42it/s] 67%|██████▋   | 72/108 [00:53<00:25,  1.42it/s] 68%|██████▊   | 73/108 [00:54<00:24,  1.42it/s] 69%|██████▊   | 74/108 [00:54<00:23,  1.42it/s] 69%|██████▉   | 75/108 [00:55<00:23,  1.42it/s] 70%|███████   | 76/108 [00:56<00:22,  1.42it/s] 71%|███████▏  | 77/108 [00:56<00:21,  1.42it/s] 72%|███████▏  | 78/108 [00:57<00:21,  1.42it/s] 73%|███████▎  | 79/108 [00:58<00:20,  1.42it/s] 74%|███████▍  | 80/108 [00:58<00:19,  1.42it/s] 75%|███████▌  | 81/108 [00:59<00:19,  1.42it/s] 76%|███████▌  | 82/108 [01:00<00:18,  1.42it/s] 77%|███████▋  | 83/108 [01:01<00:17,  1.42it/s] 78%|███████▊  | 84/108 [01:01<00:16,  1.42it/s] 79%|███████▊  | 85/108 [01:02<00:16,  1.42it/s] 80%|███████▉  | 86/108 [01:03<00:15,  1.42it/s] 81%|████████  | 87/108 [01:03<00:14,  1.42it/s] 81%|████████▏ | 88/108 [01:04<00:14,  1.42it/s] 82%|████████▏ | 89/108 [01:05<00:13,  1.42it/s] 83%|████████▎ | 90/108 [01:05<00:12,  1.42it/s] 84%|████████▍ | 91/108 [01:06<00:11,  1.42it/s] 85%|████████▌ | 92/108 [01:07<00:11,  1.42it/s] 86%|████████▌ | 93/108 [01:08<00:10,  1.42it/s] 87%|████████▋ | 94/108 [01:08<00:09,  1.42it/s] 88%|████████▊ | 95/108 [01:09<00:09,  1.42it/s] 89%|████████▉ | 96/108 [01:10<00:08,  1.42it/s] 90%|████████▉ | 97/108 [01:10<00:07,  1.42it/s] 91%|█████████ | 98/108 [01:11<00:07,  1.42it/s] 92%|█████████▏| 99/108 [01:12<00:06,  1.42it/s] 93%|█████████▎| 100/108 [01:13<00:05,  1.42it/s] 94%|█████████▎| 101/108 [01:13<00:04,  1.42it/s] 94%|█████████▍| 102/108 [01:14<00:04,  1.42it/s] 95%|█████████▌| 103/108 [01:15<00:03,  1.42it/s] 96%|█████████▋| 104/108 [01:15<00:02,  1.42it/s] 97%|█████████▋| 105/108 [01:16<00:02,  1.42it/s] 98%|█████████▊| 106/108 [01:17<00:01,  1.42it/s] 99%|█████████▉| 107/108 [01:17<00:00,  1.42it/s]100%|██████████| 108/108 [01:18<00:00,  1.68it/s]100%|██████████| 108/108 [01:18<00:00,  1.38it/s]
Epoch 122/200, Train Loss: 2.4664, Valid Loss: 2.4594
  0%|          | 0/108 [00:00<?, ?it/s]  1%|          | 1/108 [00:02<05:06,  2.87s/it]  2%|▏         | 2/108 [00:03<02:49,  1.60s/it]  3%|▎         | 3/108 [00:04<02:04,  1.19s/it]  4%|▎         | 4/108 [00:04<01:43,  1.00it/s]  5%|▍         | 5/108 [00:05<01:31,  1.12it/s]  6%|▌         | 6/108 [00:06<01:24,  1.21it/s]  6%|▋         | 7/108 [00:07<01:19,  1.27it/s]  7%|▋         | 8/108 [00:07<01:15,  1.32it/s]  8%|▊         | 9/108 [00:08<01:13,  1.35it/s]  9%|▉         | 10/108 [00:09<01:11,  1.37it/s] 10%|█         | 11/108 [00:09<01:09,  1.39it/s] 11%|█         | 12/108 [00:10<01:08,  1.40it/s] 12%|█▏        | 13/108 [00:11<01:07,  1.41it/s] 13%|█▎        | 14/108 [00:12<01:06,  1.41it/s] 14%|█▍        | 15/108 [00:12<01:05,  1.41it/s] 15%|█▍        | 16/108 [00:13<01:04,  1.42it/s] 16%|█▌        | 17/108 [00:14<01:04,  1.42it/s] 17%|█▋        | 18/108 [00:14<01:03,  1.42it/s] 18%|█▊        | 19/108 [00:15<01:02,  1.42it/s] 19%|█▊        | 20/108 [00:16<01:01,  1.42it/s] 19%|█▉        | 21/108 [00:16<01:01,  1.42it/s] 20%|██        | 22/108 [00:17<01:00,  1.42it/s] 21%|██▏       | 23/108 [00:18<00:59,  1.43it/s] 22%|██▏       | 24/108 [00:19<00:58,  1.43it/s] 23%|██▎       | 25/108 [00:19<00:58,  1.42it/s] 24%|██▍       | 26/108 [00:20<00:57,  1.42it/s] 25%|██▌       | 27/108 [00:21<00:56,  1.42it/s] 26%|██▌       | 28/108 [00:21<00:56,  1.42it/s] 27%|██▋       | 29/108 [00:22<00:55,  1.42it/s] 28%|██▊       | 30/108 [00:23<00:54,  1.42it/s] 29%|██▊       | 31/108 [00:23<00:54,  1.42it/s] 30%|██▉       | 32/108 [00:24<00:53,  1.42it/s] 31%|███       | 33/108 [00:25<00:52,  1.42it/s] 31%|███▏      | 34/108 [00:26<00:52,  1.42it/s] 32%|███▏      | 35/108 [00:26<00:51,  1.42it/s] 33%|███▎      | 36/108 [00:27<00:50,  1.42it/s] 34%|███▍      | 37/108 [00:28<00:49,  1.42it/s] 35%|███▌      | 38/108 [00:28<00:49,  1.42it/s] 36%|███▌      | 39/108 [00:29<00:48,  1.42it/s] 37%|███▋      | 40/108 [00:30<00:47,  1.42it/s] 38%|███▊      | 41/108 [00:30<00:47,  1.42it/s] 39%|███▉      | 42/108 [00:31<00:46,  1.42it/s] 40%|███▉      | 43/108 [00:32<00:45,  1.42it/s] 41%|████      | 44/108 [00:33<00:44,  1.42it/s] 42%|████▏     | 45/108 [00:33<00:44,  1.42it/s] 43%|████▎     | 46/108 [00:34<00:43,  1.42it/s] 44%|████▎     | 47/108 [00:35<00:42,  1.42it/s] 44%|████▍     | 48/108 [00:35<00:42,  1.42it/s] 45%|████▌     | 49/108 [00:36<00:41,  1.42it/s] 46%|████▋     | 50/108 [00:37<00:40,  1.42it/s] 47%|████▋     | 51/108 [00:38<00:40,  1.42it/s] 48%|████▊     | 52/108 [00:38<00:39,  1.42it/s] 49%|████▉     | 53/108 [00:39<00:38,  1.42it/s] 50%|█████     | 54/108 [00:40<00:38,  1.42it/s] 51%|█████     | 55/108 [00:40<00:37,  1.42it/s] 52%|█████▏    | 56/108 [00:41<00:36,  1.42it/s] 53%|█████▎    | 57/108 [00:42<00:35,  1.42it/s] 54%|█████▎    | 58/108 [00:42<00:35,  1.42it/s] 55%|█████▍    | 59/108 [00:43<00:34,  1.42it/s] 56%|█████▌    | 60/108 [00:44<00:33,  1.42it/s] 56%|█████▋    | 61/108 [00:45<00:33,  1.42it/s] 57%|█████▋    | 62/108 [00:45<00:32,  1.42it/s] 58%|█████▊    | 63/108 [00:46<00:31,  1.42it/s] 59%|█████▉    | 64/108 [00:47<00:30,  1.42it/s] 60%|██████    | 65/108 [00:47<00:30,  1.42it/s] 61%|██████    | 66/108 [00:48<00:29,  1.42it/s] 62%|██████▏   | 67/108 [00:49<00:28,  1.42it/s] 63%|██████▎   | 68/108 [00:49<00:28,  1.42it/s] 64%|██████▍   | 69/108 [00:50<00:27,  1.42it/s] 65%|██████▍   | 70/108 [00:51<00:26,  1.42it/s] 66%|██████▌   | 71/108 [00:52<00:25,  1.42it/s] 67%|██████▋   | 72/108 [00:52<00:25,  1.42it/s] 68%|██████▊   | 73/108 [00:53<00:24,  1.42it/s] 69%|██████▊   | 74/108 [00:54<00:23,  1.42it/s] 69%|██████▉   | 75/108 [00:54<00:23,  1.42it/s] 70%|███████   | 76/108 [00:55<00:22,  1.42it/s] 71%|███████▏  | 77/108 [00:56<00:21,  1.42it/s] 72%|███████▏  | 78/108 [00:57<00:21,  1.42it/s] 73%|███████▎  | 79/108 [00:57<00:20,  1.42it/s] 74%|███████▍  | 80/108 [00:58<00:19,  1.42it/s] 75%|███████▌  | 81/108 [00:59<00:19,  1.42it/s] 76%|███████▌  | 82/108 [00:59<00:18,  1.42it/s] 77%|███████▋  | 83/108 [01:00<00:17,  1.42it/s] 78%|███████▊  | 84/108 [01:01<00:16,  1.42it/s] 79%|███████▊  | 85/108 [01:01<00:16,  1.42it/s] 80%|███████▉  | 86/108 [01:02<00:15,  1.42it/s] 81%|████████  | 87/108 [01:03<00:14,  1.42it/s] 81%|████████▏ | 88/108 [01:04<00:14,  1.42it/s] 82%|████████▏ | 89/108 [01:04<00:13,  1.42it/s] 83%|████████▎ | 90/108 [01:05<00:12,  1.42it/s] 84%|████████▍ | 91/108 [01:06<00:11,  1.42it/s] 85%|████████▌ | 92/108 [01:06<00:11,  1.42it/s] 86%|████████▌ | 93/108 [01:07<00:10,  1.42it/s] 87%|████████▋ | 94/108 [01:08<00:09,  1.42it/s] 88%|████████▊ | 95/108 [01:08<00:09,  1.42it/s] 89%|████████▉ | 96/108 [01:09<00:08,  1.42it/s] 90%|████████▉ | 97/108 [01:10<00:07,  1.42it/s] 91%|█████████ | 98/108 [01:11<00:07,  1.42it/s] 92%|█████████▏| 99/108 [01:11<00:06,  1.42it/s] 93%|█████████▎| 100/108 [01:12<00:05,  1.42it/s] 94%|█████████▎| 101/108 [01:13<00:04,  1.42it/s] 94%|█████████▍| 102/108 [01:13<00:04,  1.42it/s] 95%|█████████▌| 103/108 [01:14<00:03,  1.42it/s] 96%|█████████▋| 104/108 [01:15<00:02,  1.42it/s] 97%|█████████▋| 105/108 [01:15<00:02,  1.42it/s] 98%|█████████▊| 106/108 [01:16<00:01,  1.42it/s] 99%|█████████▉| 107/108 [01:17<00:00,  1.42it/s]100%|██████████| 108/108 [01:17<00:00,  1.68it/s]100%|██████████| 108/108 [01:17<00:00,  1.39it/s]
Epoch 123/200, Train Loss: 2.4707, Valid Loss: 2.4340
  0%|          | 0/108 [00:00<?, ?it/s]  1%|          | 1/108 [00:02<05:18,  2.97s/it]  2%|▏         | 2/108 [00:03<02:53,  1.64s/it]  3%|▎         | 3/108 [00:04<02:06,  1.21s/it]  4%|▎         | 4/108 [00:05<01:44,  1.01s/it]  5%|▍         | 5/108 [00:05<01:32,  1.11it/s]  6%|▌         | 6/108 [00:06<01:24,  1.20it/s]  6%|▋         | 7/108 [00:07<01:20,  1.26it/s]  7%|▋         | 8/108 [00:07<01:16,  1.31it/s]  8%|▊         | 9/108 [00:08<01:13,  1.34it/s]  9%|▉         | 10/108 [00:09<01:11,  1.37it/s] 10%|█         | 11/108 [00:10<01:10,  1.38it/s] 11%|█         | 12/108 [00:10<01:08,  1.40it/s] 12%|█▏        | 13/108 [00:11<01:07,  1.41it/s] 13%|█▎        | 14/108 [00:12<01:06,  1.41it/s] 14%|█▍        | 15/108 [00:12<01:05,  1.42it/s] 15%|█▍        | 16/108 [00:13<01:04,  1.42it/s] 16%|█▌        | 17/108 [00:14<01:04,  1.42it/s] 17%|█▋        | 18/108 [00:14<01:03,  1.42it/s] 18%|█▊        | 19/108 [00:15<01:02,  1.42it/s] 19%|█▊        | 20/108 [00:16<01:01,  1.42it/s] 19%|█▉        | 21/108 [00:17<01:01,  1.42it/s] 20%|██        | 22/108 [00:17<01:00,  1.42it/s] 21%|██▏       | 23/108 [00:18<00:59,  1.42it/s] 22%|██▏       | 24/108 [00:19<00:59,  1.42it/s] 23%|██▎       | 25/108 [00:19<00:58,  1.42it/s] 24%|██▍       | 26/108 [00:20<00:57,  1.42it/s] 25%|██▌       | 27/108 [00:21<00:56,  1.42it/s] 26%|██▌       | 28/108 [00:21<00:56,  1.42it/s] 27%|██▋       | 29/108 [00:22<00:55,  1.42it/s] 28%|██▊       | 30/108 [00:23<00:54,  1.42it/s] 29%|██▊       | 31/108 [00:24<00:54,  1.42it/s] 30%|██▉       | 32/108 [00:24<00:53,  1.42it/s] 31%|███       | 33/108 [00:25<00:52,  1.42it/s] 31%|███▏      | 34/108 [00:26<00:52,  1.42it/s] 32%|███▏      | 35/108 [00:26<00:51,  1.42it/s] 33%|███▎      | 36/108 [00:27<00:50,  1.42it/s] 34%|███▍      | 37/108 [00:28<00:50,  1.42it/s] 35%|███▌      | 38/108 [00:28<00:49,  1.42it/s] 36%|███▌      | 39/108 [00:29<00:48,  1.42it/s] 37%|███▋      | 40/108 [00:30<00:47,  1.42it/s] 38%|███▊      | 41/108 [00:31<00:47,  1.42it/s] 39%|███▉      | 42/108 [00:31<00:46,  1.42it/s] 40%|███▉      | 43/108 [00:32<00:45,  1.42it/s] 41%|████      | 44/108 [00:33<00:45,  1.42it/s] 42%|████▏     | 45/108 [00:33<00:44,  1.42it/s] 43%|████▎     | 46/108 [00:34<00:43,  1.42it/s] 44%|████▎     | 47/108 [00:35<00:42,  1.42it/s] 44%|████▍     | 48/108 [00:36<00:42,  1.42it/s] 45%|████▌     | 49/108 [00:36<00:41,  1.42it/s] 46%|████▋     | 50/108 [00:37<00:40,  1.42it/s] 47%|████▋     | 51/108 [00:38<00:40,  1.42it/s] 48%|████▊     | 52/108 [00:38<00:39,  1.42it/s] 49%|████▉     | 53/108 [00:39<00:38,  1.42it/s] 50%|█████     | 54/108 [00:40<00:38,  1.42it/s] 51%|█████     | 55/108 [00:40<00:37,  1.42it/s] 52%|█████▏    | 56/108 [00:41<00:36,  1.42it/s] 53%|█████▎    | 57/108 [00:42<00:35,  1.42it/s] 54%|█████▎    | 58/108 [00:43<00:35,  1.42it/s] 55%|█████▍    | 59/108 [00:43<00:34,  1.42it/s] 56%|█████▌    | 60/108 [00:44<00:33,  1.41it/s] 56%|█████▋    | 61/108 [00:45<00:33,  1.42it/s] 57%|█████▋    | 62/108 [00:45<00:32,  1.42it/s] 58%|█████▊    | 63/108 [00:46<00:31,  1.42it/s] 59%|█████▉    | 64/108 [00:47<00:30,  1.42it/s] 60%|██████    | 65/108 [00:47<00:30,  1.42it/s] 61%|██████    | 66/108 [00:48<00:29,  1.42it/s] 62%|██████▏   | 67/108 [00:49<00:28,  1.42it/s] 63%|██████▎   | 68/108 [00:50<00:28,  1.42it/s]